Thu Jan  1 01:06:28 AM UTC 1970
Linux ATK-DLRK3588 5.10.209 #4 SMP Sat Aug 8 20:22:47 CST 2026 aarch64 GNU/Linux
cmdline: storagemedia=emmc androidboot.storagemedia=emmc androidboot.mode=normal  rootwait rw earlycon=uart8250,mmio32,0xfeb50000 console=ttyFIQ0 irqchip.gicv3_pseudo_nmi=0 rcupdate.rcu_expedited=1 rcu_nocbs=all root=/dev/nfs nfsroot=192.168.5.11:/home/zzh/workspace/myproject/nfs_rootfs/atk_dlrk3588,v3,tcp ip=192.168.5.20:192.168.5.11::255.255.255.0:atk-dlrk3588:eth0:off androidboot.fwver=ddr-v1.17-3488111f83,spl-v1.13,bl31-v1.46,bl32-v1.16,uboot-23c0020-di-07/31/2026
root: 192.168.5.11:/home/zzh/workspace/myproject/nfs_rootfs/atk_dlrk3588 / nfs rw,relatime,vers=3,rsize=4096,wsize=4096,namlen=255,hard,nolock,proto=tcp,timeo=600,retrans=2,sec=sys,mountaddr=192.168.5.11,mountvers=3,mountproto=tcp,local_lock=all,addr=192.168.5.11 0 0
rootfs-source: NFS rootfs (192.168.5.11:/home/zzh/workspace/myproject/nfs_rootfs/atk_dlrk3588)
exported from buildroot/output/alientek_rk3588/images/rootfs.ext2
connman disabled: etc/init.d/S45connman -> K45connman
3: eth0: <BROADCAST,MULTICAST,UP,LOWER_UP> mtu 1500 qdisc mq state UP group default qlen 1000
    link/ether d6:71:fa:13:da:dd brd ff:ff:ff:ff:ff:ff
    inet 192.168.5.20/24 brd 192.168.5.255 scope global eth0
       valid_lft forever preferred_lft forever
    inet6 fe80::d471:faff:fe13:dadd/64 scope link 
       valid_lft forever preferred_lft forever
runtime-compatible: zzh,imx415
vendor-status: disabled
i2c-driver: zzh_imx415
sensor-subdev: zzh_imx415 3-001a
Media controller API version 5.10.209

Media device information
------------------------
driver          rkcif
model           rkcif-mipi-lvds2
serial          
bus info        
hw revision     0x0
driver version  5.10.209

Device topology
- entity 1: stream_cif_mipi_id0 (1 pad, 11 links)
            type Node subtype V4L flags 0
            device node name /dev/video22
	pad0: Sink
		<- "rockchip-mipi-csi2":1 [ENABLED]
		<- "rockchip-mipi-csi2":2 []
		<- "rockchip-mipi-csi2":3 []
		<- "rockchip-mipi-csi2":4 []
		<- "rockchip-mipi-csi2":5 []
		<- "rockchip-mipi-csi2":6 []
		<- "rockchip-mipi-csi2":7 []
		<- "rockchip-mipi-csi2":8 []
		<- "rockchip-mipi-csi2":9 []
		<- "rockchip-mipi-csi2":10 []
		<- "rockchip-mipi-csi2":11 []

- entity 5: stream_cif_mipi_id1 (1 pad, 11 links)
            type Node subtype V4L flags 0
            device node name /dev/video23
	pad0: Sink
		<- "rockchip-mipi-csi2":1 []
		<- "rockchip-mipi-csi2":2 [ENABLED]
		<- "rockchip-mipi-csi2":3 []
		<- "rockchip-mipi-csi2":4 []
		<- "rockchip-mipi-csi2":5 []
		<- "rockchip-mipi-csi2":6 []
		<- "rockchip-mipi-csi2":7 []
		<- "rockchip-mipi-csi2":8 []
		<- "rockchip-mipi-csi2":9 []
		<- "rockchip-mipi-csi2":10 []
		<- "rockchip-mipi-csi2":11 []

- entity 9: stream_cif_mipi_id2 (1 pad, 11 links)
            type Node subtype V4L flags 0
            device node name /dev/video24
	pad0: Sink
		<- "rockchip-mipi-csi2":1 []
		<- "rockchip-mipi-csi2":2 []
		<- "rockchip-mipi-csi2":3 [ENABLED]
		<- "rockchip-mipi-csi2":4 []
		<- "rockchip-mipi-csi2":5 []
		<- "rockchip-mipi-csi2":6 []
		<- "rockchip-mipi-csi2":7 []
		<- "rockchip-mipi-csi2":8 []
		<- "rockchip-mipi-csi2":9 []
		<- "rockchip-mipi-csi2":10 []
		<- "rockchip-mipi-csi2":11 []

- entity 13: stream_cif_mipi_id3 (1 pad, 11 links)
             type Node subtype V4L flags 0
             device node name /dev/video25
	pad0: Sink
		<- "rockchip-mipi-csi2":1 []
		<- "rockchip-mipi-csi2":2 []
		<- "rockchip-mipi-csi2":3 []
		<- "rockchip-mipi-csi2":4 [ENABLED]
		<- "rockchip-mipi-csi2":5 []
		<- "rockchip-mipi-csi2":6 []
		<- "rockchip-mipi-csi2":7 []
		<- "rockchip-mipi-csi2":8 []
		<- "rockchip-mipi-csi2":9 []
		<- "rockchip-mipi-csi2":10 []
		<- "rockchip-mipi-csi2":11 []

- entity 17: rkcif_scale_ch0 (1 pad, 11 links)
             type Node subtype V4L flags 0
             device node name /dev/video26
	pad0: Sink
		<- "rockchip-mipi-csi2":1 []
		<- "rockchip-mipi-csi2":2 []
		<- "rockchip-mipi-csi2":3 []
		<- "rockchip-mipi-csi2":4 []
		<- "rockchip-mipi-csi2":5 [ENABLED]
		<- "rockchip-mipi-csi2":6 []
		<- "rockchip-mipi-csi2":7 []
		<- "rockchip-mipi-csi2":8 []
		<- "rockchip-mipi-csi2":9 []
		<- "rockchip-mipi-csi2":10 []
		<- "rockchip-mipi-csi2":11 []

- entity 21: rkcif_scale_ch1 (1 pad, 11 links)
             type Node subtype V4L flags 0
             device node name /dev/video27
	pad0: Sink
		<- "rockchip-mipi-csi2":1 []
		<- "rockchip-mipi-csi2":2 []
		<- "rockchip-mipi-csi2":3 []
		<- "rockchip-mipi-csi2":4 []
		<- "rockchip-mipi-csi2":5 []
		<- "rockchip-mipi-csi2":6 [ENABLED]
		<- "rockchip-mipi-csi2":7 []
		<- "rockchip-mipi-csi2":8 []
		<- "rockchip-mipi-csi2":9 []
		<- "rockchip-mipi-csi2":10 []
		<- "rockchip-mipi-csi2":11 []

- entity 25: rkcif_scale_ch2 (1 pad, 11 links)
             type Node subtype V4L flags 0
             device node name /dev/video28
	pad0: Sink
		<- "rockchip-mipi-csi2":1 []
		<- "rockchip-mipi-csi2":2 []
		<- "rockchip-mipi-csi2":3 []
		<- "rockchip-mipi-csi2":4 []
		<- "rockchip-mipi-csi2":5 []
		<- "rockchip-mipi-csi2":6 []
		<- "rockchip-mipi-csi2":7 [ENABLED]
		<- "rockchip-mipi-csi2":8 []
		<- "rockchip-mipi-csi2":9 []
		<- "rockchip-mipi-csi2":10 []
		<- "rockchip-mipi-csi2":11 []

- entity 29: rkcif_scale_ch3 (1 pad, 11 links)
             type Node subtype V4L flags 0
             device node name /dev/video29
	pad0: Sink
		<- "rockchip-mipi-csi2":1 []
		<- "rockchip-mipi-csi2":2 []
		<- "rockchip-mipi-csi2":3 []
		<- "rockchip-mipi-csi2":4 []
		<- "rockchip-mipi-csi2":5 []
		<- "rockchip-mipi-csi2":6 []
		<- "rockchip-mipi-csi2":7 []
		<- "rockchip-mipi-csi2":8 [ENABLED]
		<- "rockchip-mipi-csi2":9 []
		<- "rockchip-mipi-csi2":10 []
		<- "rockchip-mipi-csi2":11 []

- entity 33: rkcif_tools_id0 (1 pad, 11 links)
             type Node subtype V4L flags 0
             device node name /dev/video30
	pad0: Sink
		<- "rockchip-mipi-csi2":1 []
		<- "rockchip-mipi-csi2":2 []
		<- "rockchip-mipi-csi2":3 []
		<- "rockchip-mipi-csi2":4 []
		<- "rockchip-mipi-csi2":5 []
		<- "rockchip-mipi-csi2":6 []
		<- "rockchip-mipi-csi2":7 []
		<- "rockchip-mipi-csi2":8 []
		<- "rockchip-mipi-csi2":9 [ENABLED]
		<- "rockchip-mipi-csi2":10 []
		<- "rockchip-mipi-csi2":11 []

- entity 37: rkcif_tools_id1 (1 pad, 11 links)
             type Node subtype V4L flags 0
             device node name /dev/video31
	pad0: Sink
		<- "rockchip-mipi-csi2":1 []
		<- "rockchip-mipi-csi2":2 []
		<- "rockchip-mipi-csi2":3 []
		<- "rockchip-mipi-csi2":4 []
		<- "rockchip-mipi-csi2":5 []
		<- "rockchip-mipi-csi2":6 []
		<- "rockchip-mipi-csi2":7 []
		<- "rockchip-mipi-csi2":8 []
		<- "rockchip-mipi-csi2":9 []
		<- "rockchip-mipi-csi2":10 [ENABLED]
		<- "rockchip-mipi-csi2":11 []

- entity 41: rkcif_tools_id2 (1 pad, 11 links)
             type Node subtype V4L flags 0
             device node name /dev/video32
	pad0: Sink
		<- "rockchip-mipi-csi2":1 []
		<- "rockchip-mipi-csi2":2 []
		<- "rockchip-mipi-csi2":3 []
		<- "rockchip-mipi-csi2":4 []
		<- "rockchip-mipi-csi2":5 []
		<- "rockchip-mipi-csi2":6 []
		<- "rockchip-mipi-csi2":7 []
		<- "rockchip-mipi-csi2":8 []
		<- "rockchip-mipi-csi2":9 []
		<- "rockchip-mipi-csi2":10 []
		<- "rockchip-mipi-csi2":11 [ENABLED]

- entity 45: rockchip-mipi-csi2 (12 pads, 122 links)
             type V4L2 subdev subtype Unknown flags 0
             device node name /dev/v4l-subdev0
	pad0: Sink
		[fmt:SGBRG10_1X10/3864x2192 field:none colorspace:raw xfer:none quantization:full-range
		 crop.bounds:(12,16)/3840x2160
		 crop:(12,16)/3840x2160]
		<- "rockchip-csi2-dphy0":1 [ENABLED]
	pad1: Source
		-> "stream_cif_mipi_id0":0 [ENABLED]
		-> "stream_cif_mipi_id1":0 []
		-> "stream_cif_mipi_id2":0 []
		-> "stream_cif_mipi_id3":0 []
		-> "rkcif_scale_ch0":0 []
		-> "rkcif_scale_ch1":0 []
		-> "rkcif_scale_ch2":0 []
		-> "rkcif_scale_ch3":0 []
		-> "rkcif_tools_id0":0 []
		-> "rkcif_tools_id1":0 []
		-> "rkcif_tools_id2":0 []
	pad2: Source
		-> "stream_cif_mipi_id0":0 []
		-> "stream_cif_mipi_id1":0 [ENABLED]
		-> "stream_cif_mipi_id2":0 []
		-> "stream_cif_mipi_id3":0 []
		-> "rkcif_scale_ch0":0 []
		-> "rkcif_scale_ch1":0 []
		-> "rkcif_scale_ch2":0 []
		-> "rkcif_scale_ch3":0 []
		-> "rkcif_tools_id0":0 []
		-> "rkcif_tools_id1":0 []
		-> "rkcif_tools_id2":0 []
	pad3: Source
		-> "stream_cif_mipi_id0":0 []
		-> "stream_cif_mipi_id1":0 []
		-> "stream_cif_mipi_id2":0 [ENABLED]
		-> "stream_cif_mipi_id3":0 []
		-> "rkcif_scale_ch0":0 []
		-> "rkcif_scale_ch1":0 []
		-> "rkcif_scale_ch2":0 []
		-> "rkcif_scale_ch3":0 []
		-> "rkcif_tools_id0":0 []
		-> "rkcif_tools_id1":0 []
		-> "rkcif_tools_id2":0 []
	pad4: Source
		-> "stream_cif_mipi_id0":0 []
		-> "stream_cif_mipi_id1":0 []
		-> "stream_cif_mipi_id2":0 []
		-> "stream_cif_mipi_id3":0 [ENABLED]
		-> "rkcif_scale_ch0":0 []
		-> "rkcif_scale_ch1":0 []
		-> "rkcif_scale_ch2":0 []
		-> "rkcif_scale_ch3":0 []
		-> "rkcif_tools_id0":0 []
		-> "rkcif_tools_id1":0 []
		-> "rkcif_tools_id2":0 []
	pad5: Source
		-> "stream_cif_mipi_id0":0 []
		-> "stream_cif_mipi_id1":0 []
		-> "stream_cif_mipi_id2":0 []
		-> "stream_cif_mipi_id3":0 []
		-> "rkcif_scale_ch0":0 [ENABLED]
		-> "rkcif_scale_ch1":0 []
		-> "rkcif_scale_ch2":0 []
		-> "rkcif_scale_ch3":0 []
		-> "rkcif_tools_id0":0 []
		-> "rkcif_tools_id1":0 []
		-> "rkcif_tools_id2":0 []
	pad6: Source
		-> "stream_cif_mipi_id0":0 []
		-> "stream_cif_mipi_id1":0 []
		-> "stream_cif_mipi_id2":0 []
		-> "stream_cif_mipi_id3":0 []
		-> "rkcif_scale_ch0":0 []
		-> "rkcif_scale_ch1":0 [ENABLED]
		-> "rkcif_scale_ch2":0 []
		-> "rkcif_scale_ch3":0 []
		-> "rkcif_tools_id0":0 []
		-> "rkcif_tools_id1":0 []
		-> "rkcif_tools_id2":0 []
	pad7: Source
		-> "stream_cif_mipi_id0":0 []
		-> "stream_cif_mipi_id1":0 []
		-> "stream_cif_mipi_id2":0 []
		-> "stream_cif_mipi_id3":0 []
		-> "rkcif_scale_ch0":0 []
		-> "rkcif_scale_ch1":0 []
		-> "rkcif_scale_ch2":0 [ENABLED]
		-> "rkcif_scale_ch3":0 []
		-> "rkcif_tools_id0":0 []
		-> "rkcif_tools_id1":0 []
		-> "rkcif_tools_id2":0 []
	pad8: Source
		-> "stream_cif_mipi_id0":0 []
		-> "stream_cif_mipi_id1":0 []
		-> "stream_cif_mipi_id2":0 []
		-> "stream_cif_mipi_id3":0 []
		-> "rkcif_scale_ch0":0 []
		-> "rkcif_scale_ch1":0 []
		-> "rkcif_scale_ch2":0 []
		-> "rkcif_scale_ch3":0 [ENABLED]
		-> "rkcif_tools_id0":0 []
		-> "rkcif_tools_id1":0 []
		-> "rkcif_tools_id2":0 []
	pad9: Source
		-> "stream_cif_mipi_id0":0 []
		-> "stream_cif_mipi_id1":0 []
		-> "stream_cif_mipi_id2":0 []
		-> "stream_cif_mipi_id3":0 []
		-> "rkcif_scale_ch0":0 []
		-> "rkcif_scale_ch1":0 []
		-> "rkcif_scale_ch2":0 []
		-> "rkcif_scale_ch3":0 []
		-> "rkcif_tools_id0":0 [ENABLED]
		-> "rkcif_tools_id1":0 []
		-> "rkcif_tools_id2":0 []
	pad10: Source
		-> "stream_cif_mipi_id0":0 []
		-> "stream_cif_mipi_id1":0 []
		-> "stream_cif_mipi_id2":0 []
		-> "stream_cif_mipi_id3":0 []
		-> "rkcif_scale_ch0":0 []
		-> "rkcif_scale_ch1":0 []
		-> "rkcif_scale_ch2":0 []
		-> "rkcif_scale_ch3":0 []
		-> "rkcif_tools_id0":0 []
		-> "rkcif_tools_id1":0 [ENABLED]
		-> "rkcif_tools_id2":0 []
	pad11: Source
		-> "stream_cif_mipi_id0":0 []
		-> "stream_cif_mipi_id1":0 []
		-> "stream_cif_mipi_id2":0 []
		-> "stream_cif_mipi_id3":0 []
		-> "rkcif_scale_ch0":0 []
		-> "rkcif_scale_ch1":0 []
		-> "rkcif_scale_ch2":0 []
		-> "rkcif_scale_ch3":0 []
		-> "rkcif_tools_id0":0 []
		-> "rkcif_tools_id1":0 []
		-> "rkcif_tools_id2":0 [ENABLED]

- entity 58: rockchip-csi2-dphy0 (2 pads, 2 links)
             type V4L2 subdev subtype Unknown flags 0
             device node name /dev/v4l-subdev1
	pad0: Sink
		[fmt:SGBRG10_1X10/3864x2192@2250/67500 field:none colorspace:raw xfer:none quantization:full-range
		 crop.bounds:(12,16)/3840x2160
		 crop:(12,16)/3840x2160]
		<- "zzh_imx415 3-001a":0 [ENABLED]
	pad1: Source
		-> "rockchip-mipi-csi2":0 [ENABLED]

- entity 63: zzh_imx415 3-001a (1 pad, 1 link)
             type V4L2 subdev subtype Sensor flags 0
             device node name /dev/v4l-subdev2
	pad0: Source
		[fmt:SGBRG10_1X10/3864x2192@2250/67500 field:none colorspace:raw xfer:none quantization:full-range
		 crop.bounds:(12,16)/3840x2160
		 crop:(12,16)/3840x2160]
		-> "rockchip-csi2-dphy0":0 [ENABLED]

Media controller API version 5.10.209

Media device information
------------------------
driver          rkisp0-vir0
model           rkisp0
serial          
bus info        
hw revision     0x0
driver version  5.10.209

Device topology
- entity 1: rkisp-isp-subdev (4 pads, 10 links)
            type V4L2 subdev subtype Unknown flags 0
            device node name /dev/v4l-subdev3
	pad0: Sink
		[fmt:SGBRG10_1X10/3840x2160 field:none colorspace:raw xfer:none quantization:full-range
		 crop.bounds:(0,0)/3840x2160
		 crop:(0,0)/3840x2160]
		<- "rkisp_rawrd0_m":0 []
		<- "rkisp_rawrd2_s":0 []
		<- "rkisp_rawrd1_l":0 []
		<- "rkcif-mipi-lvds2":0 [ENABLED]
	pad1: Sink
		<- "rkisp-input-params":0 [ENABLED]
	pad2: Source
		[fmt:YUYV8_2X8/3840x2160 field:none colorspace:smpte170m quantization:full-range
		 crop.bounds:(0,0)/3840x2160
		 crop:(0,0)/3840x2160]
		-> "rkisp_mainpath":0 [ENABLED]
		-> "rkisp_selfpath":0 [ENABLED]
		-> "rkisp_fbcpath":0 [ENABLED]
		-> "rkisp_iqtool":0 [ENABLED]
	pad3: Source
		-> "rkisp-statistics":0 [ENABLED]

- entity 6: rkisp_mainpath (1 pad, 1 link)
            type Node subtype V4L flags 0
            device node name /dev/video44
	pad0: Sink
		<- "rkisp-isp-subdev":2 [ENABLED]

- entity 12: rkisp_selfpath (1 pad, 1 link)
             type Node subtype V4L flags 0
             device node name /dev/video45
	pad0: Sink
		<- "rkisp-isp-subdev":2 [ENABLED]

- entity 18: rkisp_fbcpath (1 pad, 1 link)
             type Node subtype V4L flags 0
             device node name /dev/video46
	pad0: Sink
		<- "rkisp-isp-subdev":2 [ENABLED]

- entity 24: rkisp_iqtool (1 pad, 1 link)
             type Node subtype V4L flags 0
             device node name /dev/video47
	pad0: Sink
		<- "rkisp-isp-subdev":2 [ENABLED]

- entity 30: rkisp_rawrd0_m (1 pad, 1 link)
             type Node subtype V4L flags 0
             device node name /dev/video48
	pad0: Source
		-> "rkisp-isp-subdev":0 []

- entity 36: rkisp_rawrd2_s (1 pad, 1 link)
             type Node subtype V4L flags 0
             device node name /dev/video49
	pad0: Source
		-> "rkisp-isp-subdev":0 []

- entity 42: rkisp_rawrd1_l (1 pad, 1 link)
             type Node subtype V4L flags 0
             device node name /dev/video50
	pad0: Source
		-> "rkisp-isp-subdev":0 []

- entity 48: rkisp-statistics (1 pad, 1 link)
             type Node subtype V4L flags 0
             device node name /dev/video51
	pad0: Sink
		<- "rkisp-isp-subdev":3 [ENABLED]

- entity 54: rkisp-input-params (1 pad, 1 link)
             type Node subtype V4L flags 0
             device node name /dev/video52
	pad0: Source
		-> "rkisp-isp-subdev":1 [ENABLED]

- entity 60: rkcif-mipi-lvds2 (1 pad, 1 link)
             type V4L2 subdev subtype Unknown flags 0
             device node name /dev/v4l-subdev4
	pad0: Source
		[fmt:SGBRG10_1X10/3840x2160@2250/67500 field:none colorspace:raw xfer:none quantization:full-range]
		-> "rkisp-isp-subdev":0 [ENABLED]

Format Video Capture Multiplanar:
	Width/Height      : 3840/2160
	Pixel Format      : 'GB10' (10-bit Bayer GBGB/RGRG)
	Field             : None
	Number of planes  : 1
	Flags             : 
	Colorspace        : Unknown (0x0dcb3b38)
	Transfer Function : Default
	YCbCr/HSV Encoding: Default
	Quantization      : Default
	Plane 0           :
	   Bytes per Line : 4864
	   Size Image     : 10506240
Format Video Capture Multiplanar:
	Width/Height      : 3840/2160
	Pixel Format      : 'NV12' (Y/CbCr 4:2:0)
	Field             : None
	Number of planes  : 1
	Flags             : 
	Colorspace        : Default
	Transfer Function : Default
	YCbCr/HSV Encoding: Default
	Quantization      : Full Range
	Plane 0           :
	   Bytes per Line : 3840
	   Size Image     : 12441600

User Controls

                       exposure 0x00980911 (int)    : min=4 max=2242 step=1 default=2242 value=2242

Image Source Controls

              vertical_blanking 0x009e0901 (int)    : min=58 max=30575 step=1 default=58 value=58
            horizontal_blanking 0x009e0902 (int)    : min=1416 max=1416 step=1 default=1416 value=1416 flags=read-only
                  analogue_gain 0x009e0903 (int)    : min=0 max=240 step=1 default=0 value=0

Image Processing Controls

                 link_frequency 0x009f0901 (intmenu): min=0 max=0 default=0 value=0 (445500000 0x1a8dca60) flags=read-only
                     pixel_rate 0x009f0902 (int64)  : min=356400000 max=356400000 step=1 default=356400000 value=356400000 flags=read-only
rkisp0-vir0 ISP:0x60 Version:v02.05.01
clk_isp_core 300000000
aclk_isp   750000000
hclk_isp   198000000
clk_isp_core_marvin 300000000
clk_isp_core_vicap 300000000
Interrupt  Cnt:40 ErrCnt:0
Input      rkcif-mipi-lvds2 Format:SGBRG10_1X10 Size:3840x2160@30fps Offset(0,0) Inp:0x100
runtime-status: suspended
[   55.584137] OF: reserved mem: initialized node cma, compatible id shared-dma-pool
[   55.697315]   DMA      [mem 0x0000000000200000-0x00000000ffffffff]
[   55.697881]   DMA32    empty
[   55.702353]   DMA zone: 15288 pages used for memmap
[   55.702356]   DMA zone: 0 pages reserved
[   55.702359]   DMA zone: 978432 pages, LIFO batch:63
[   56.086334] DMA: preallocated 1024 KiB GFP_KERNEL pool for atomic allocations
[   56.087071] DMA: preallocated 1024 KiB GFP_KERNEL|GFP_DMA pool for atomic allocations
[   56.094041] ramoops: dmesg-0	0x18000@0x0000000000110000
[   56.094524] ramoops: dmesg-1	0x18000@0x0000000000128000
[   56.095155] ramoops: console	0x80000@0x0000000000140000
[   56.095637] ramoops: pmsg	0x30000@0x00000000001c0000
[   56.096279] printk: console [ramoops-1] enabled
[   56.096693] pstore: Registered ramoops as persistent store backend
[   56.097258] ramoops: using 0xe0000@0x110000, ecc: 0
[   56.140944] fiq_debugger fiq_debugger.0: IRQ fiq not found
[   56.141450] fiq_debugger fiq_debugger.0: IRQ wakeup not found
[   56.141982] fiq_debugger_probe: could not install nmi irq handler
[   56.143855] Registered fiq debugger ttyFIQ0
[   56.144788] iommu: Default domain type: Translated 
[   56.364596] SGI XFS with security attributes, no debug enabled
[   56.403864] mpp_vdpu1 fdb51000.avsd-plus: Adding to iommu group 1
[   56.404511] mpp_vdpu2 fdb50400.vdpu: Adding to iommu group 1
[   56.404897] mpp_vepu2 fdb50000.vepu: Adding to iommu group 1
[   56.405092] mpp_vepu2 fdba0000.jpege-core: Adding to iommu group 5
[   56.405347] mpp_vepu2 fdba4000.jpege-core: Adding to iommu group 6
[   56.405584] mpp_vepu2 fdba8000.jpege-core: Adding to iommu group 7
[   56.405812] mpp_vepu2 fdbac000.jpege-core: Adding to iommu group 8
[   56.406213] mpp-iep2 fdbb0000.iep: Adding to iommu group 9
[   56.406563] mpp_jpgdec fdb90000.jpegd: Adding to iommu group 4
[   56.407290] mpp_rkvdec2 fdc38100.rkvdec-core: Adding to iommu group 12
[   56.418952] mpp_rkvdec2 fdc48100.rkvdec-core: Adding to iommu group 13
[   56.420449] mpp_av1dec av1d-master: av1_iommu_of_xlate,784
[   56.420468] av1_iommu_probe_device,736, consumer : av1d-master, supplier : fdca0000.iommu
[   56.420499] mpp_av1dec av1d-master: Adding to iommu group 18
[   56.429788] dma-pl330 fea10000.dma-controller: Loaded driver for PL330 DMAC-241330
[   56.429796] dma-pl330 fea10000.dma-controller: 	DBUFF-128x8bytes Num_Chans-8 Num_Peri-32 Num_Events-16
[   56.430544] dma-pl330 fea30000.dma-controller: Loaded driver for PL330 DMAC-241330
[   56.430551] dma-pl330 fea30000.dma-controller: 	DBUFF-128x8bytes Num_Chans-8 Num_Peri-32 Num_Events-16
[   56.431301] dma-pl330 fed10000.dma-controller: Loaded driver for PL330 DMAC-241330
[   56.431307] dma-pl330 fed10000.dma-controller: 	DBUFF-128x8bytes Num_Chans-8 Num_Peri-32 Num_Events-16
[   56.455441] lkdtm: No crash points registered, enable through debugfs
[   56.457563] ata1: SATA max UDMA/133 mmio [mem 0xfe210000-0xfe210fff] port 0x100 irq 100
[   56.476878] rk_gmac-dwmac fe1b0000.ethernet: DMA HW capability register supported
[   56.476939] rk_gmac-dwmac fe1b0000.ethernet: Using 32 bits DMA width
[   56.611716] rk_gmac-dwmac fe1c0000.ethernet: DMA HW capability register supported
[   56.611775] rk_gmac-dwmac fe1c0000.ethernet: Using 32 bits DMA width
[   57.592306] rtc-pcf8563 5-0051: pcf8563_probe: write error
[   57.592359] rtc-pcf8563: probe of 5-0051 failed with error -5
[   57.901263] zzh_imx415 2-001a: endpoint must contain only link-frequencies = <445500000>
[   57.901279] zzh_imx415: probe of 2-001a failed with error -22
[   57.901386] zzh_imx415 3-001a: using module-local 3.3V-to-AVDD/DOVDD/DVDD LDOs
[   57.903830] zzh_imx415 3-001a: reference register 0x311a = 0xe0
[   57.903836] zzh_imx415 3-001a: vendor reference signature matched (not an official unique Chip ID)
[   57.903866] zzh_imx415 3-001a: registered independent 3864x2192 RAW10 30 fps Sensor subdev
[   57.903999] zzh_imx415 4-001a: endpoint must contain only link-frequencies = <445500000>
[   57.904009] zzh_imx415: probe of 4-001a failed with error -22
[   57.904079] zzh_imx415 7-001a: endpoint must contain only link-frequencies = <445500000>
[   57.904087] zzh_imx415: probe of 7-001a failed with error -22
[   57.904538] rkcifhw fdce0000.rkcif: Adding to iommu group 16
[   57.905332] rkcif rkcif-mipi-lvds: Adding to iommu group 16
[   57.906828] rkcif rkcif-mipi-lvds1: Adding to iommu group 16
[   57.908427] rkcif rkcif-mipi-lvds2: Adding to iommu group 16
[   57.908453] rkcif rkcif-mipi-lvds2: rkcif driver version: v00.02.00
[   57.908530] rkcif rkcif-mipi-lvds2: attach to cif hw node
[   57.908540] rkcif rkcif-mipi-lvds2: rkcif wait line 0
[   57.908548] rkcif rkcif-mipi-lvds2: rkcif fastboot reserve bufs num 3
[   57.909865] rkcif rkcif-mipi-lvds2: No memory-region-thunderboot specified
[   57.910119] rkcif rkcif-mipi-lvds4: Adding to iommu group 16
[   57.913478] rkcif rkcif-mipi-lvds2: Entity type for entity rockchip-mipi-csi2 was not initialized!
[   57.913487] rockchip-mipi-csi2: probe success, v4l2_dev:rkcif-mipi-lvds2!
[   57.914716] rkisp_hw fdcb0000.rkisp: Adding to iommu group 14
[   57.915050] rkisp_hw fdcc0000.rkisp: Adding to iommu group 15
[   57.915582] rkisp rkisp0-vir0: rkisp driver version: v02.05.01
[   57.915656] rkisp rkisp0-vir0: No memory-region-thunderboot specified
[   57.915729] rkisp rkisp0-vir0: Entity type for entity rkisp-isp-subdev was not initialized!
[   57.974811] dwmmc_rockchip fe2c0000.mmc: IDMAC supports 32-bit address mode.
[   57.974840] dwmmc_rockchip fe2c0000.mmc: Using internal DMA controller.
[   58.006735] mmc0: SDHCI controller on fe2e0000.mmc [fe2e0000.mmc] using ADMA
[   58.014850] debugfs: File 'Capture' in directory 'dapm' already present!
[   58.028336] ES8323 7-0011: ASoC: error at soc_component_write_no_lock on ES8323.7-0011: -5
[   58.302339] rga3 fdb60000.rga: Adding to iommu group 2
[   58.302896] rga3 fdb70000.rga: Adding to iommu group 3
[   58.304112] rga_iommu: IOMMU binding successfully, default mapping core[0x1]
[   58.334099] debugfs: Directory 'fb000000.gpu-mali' with parent 'vdd_gpu_s0' already present!
[   58.367070] mpp_rkvenc2 fdbd0000.rkvenc-core: Adding to iommu group 10
[   58.387710] mpp_rkvenc2 fdbe0000.rkvenc-core: Adding to iommu group 11
[   58.399058] rockchip-vop2 fdd90000.vop: Adding to iommu group 17
[   58.452935] rockchip-csi2-dphy csi2-dphy0: dphy0 matches zzh_imx415 3-001a:bus type 5
[   58.453406] rkcif-mipi-lvds2: Async subdev notifier completed
[   58.453813] rkisp0-vir0: Async subdev notifier completed
[   58.741258] rkcif rkcif-mipi-lvds2: clear unready subdev num: 0
[   58.742485] RKNPU fdab0000.npu: Adding to iommu group 0
[   58.742604] RKNPU fdab0000.npu: RKNPU: rknpu iommu is enabled, using iommu mode
[   58.750752] debugfs: Directory 'fdab0000.npu-rknpu' with parent 'vdd_npu_s0' already present!
[   61.863381] platform regulatory.0: Direct firmware load for regulatory.db failed with error -2
[   61.866703] rkisp rkisp0-vir0: clear unready subdev num: 0
[   68.899150] hdmi-audio-codec hdmi-audio-codec.4.auto: ASoC: error at snd_soc_dai_startup on i2s-hifi: -19
[   68.910640] hdmi-audio-codec hdmi-audio-codec.4.auto: ASoC: error at snd_soc_dai_startup on i2s-hifi: -19
[   68.922239] hdmi-audio-codec hdmi-audio-codec.4.auto: ASoC: error at snd_soc_dai_startup on i2s-hifi: -19
[   70.483466] EXT4-fs error (device mmcblk0p8): ext4_validate_block_bitmap:420: comm fstrim: bg 97: bad block bitmap checksum
[  369.673188] EXT4-fs (mmcblk0p8): error count since last fsck: 7
[  369.673215] EXT4-fs (mmcblk0p8): initial error at time 4: ext4_validate_block_bitmap:420
[  369.673223] EXT4-fs (mmcblk0p8): last error at time 14: ext4_validate_block_bitmap:420
[ 1732.247691] rkcif-mipi-lvds2: stream[0] start streaming
[ 1732.250376] rkcif-mipi-lvds2: Allocate dummy buffer, size: 0x01028000
[ 1732.307730] zzh_imx415 3-001a: stream on: 3864x2192 SGBRG10, 4 lanes, 891 Mbps/lane
[ 1742.622787] rkcif-mipi-lvds2: stream[0] start stopping, total mode 0x1, cur 0x1
[ 1742.657335] rkcif-mipi-lvds2: stream[0] stopping finished, dma_en 0x0
[ 1781.799895] rkcif-mipi-lvds2: stream[0] start streaming
[ 1781.802445] rkcif-mipi-lvds2: Allocate dummy buffer, size: 0x01028000
[ 1781.858782] zzh_imx415 3-001a: stream on: 3864x2192 SGBRG10, 4 lanes, 891 Mbps/lane
[ 1792.173830] rkcif-mipi-lvds2: stream[0] start stopping, total mode 0x1, cur 0x1
[ 1792.207985] rkcif-mipi-lvds2: stream[0] stopping finished, dma_en 0x0
[ 1945.635111] rkcif-mipi-lvds2: stream[0] start streaming
[ 1945.637687] rkcif-mipi-lvds2: Allocate dummy buffer, size: 0x01028000
[ 1945.695946] zzh_imx415 3-001a: stream on: 3864x2192 SGBRG10, 4 lanes, 891 Mbps/lane
[ 2046.010938] rkcif-mipi-lvds2: stream[0] start stopping, total mode 0x1, cur 0x1
[ 2046.045165] rkcif-mipi-lvds2: stream[0] stopping finished, dma_en 0x0
[ 2108.068015] rkcif-mipi-lvds2: stream[0] start streaming
[ 2108.070851] rkcif-mipi-lvds2: Allocate dummy buffer, size: 0x01028000
[ 2108.128625] zzh_imx415 3-001a: stream on: 3864x2192 SGBRG10, 4 lanes, 891 Mbps/lane
[ 2108.485751] rkcif-mipi-lvds2: stream[0] start stopping, total mode 0x1, cur 0x1
[ 2108.511141] rkcif-mipi-lvds2: stream[0] stopping finished, dma_en 0x0
[ 3163.464201] rkcif-mipi-lvds2: stream[0] start streaming
[ 3163.520837] zzh_imx415 3-001a: stream on: 3864x2192 SGBRG10, 4 lanes, 891 Mbps/lane
[ 3163.901401] rkcif-mipi-lvds2: stream[0] start stopping, total mode 0x2, cur 0x2
[ 3163.935050] rkcif-mipi-lvds2: stream[0] stopping finished, dma_en 0x0
[ 3206.970948] rkcif-mipi-lvds2: stream[0] start streaming
[ 3207.028657] zzh_imx415 3-001a: stream on: 3864x2192 SGBRG10, 4 lanes, 891 Mbps/lane
[ 3217.375621] rkcif-mipi-lvds2: stream[0] start stopping, total mode 0x2, cur 0x2
[ 3217.410039] rkcif-mipi-lvds2: stream[0] stopping finished, dma_en 0x0
[ 3304.195658] rkcif-mipi-lvds2: stream[0] start streaming
[ 3304.253141] zzh_imx415 3-001a: stream on: 3864x2192 SGBRG10, 4 lanes, 891 Mbps/lane
[ 3404.600152] rkcif-mipi-lvds2: stream[0] start stopping, total mode 0x2, cur 0x2
[ 3404.634019] rkcif-mipi-lvds2: stream[0] stopping finished, dma_en 0x0
[ 3476.409938] rkcif-mipi-lvds2: stream[0] start streaming
[ 3476.469013] zzh_imx415 3-001a: stream on: 3864x2192 SGBRG10, 4 lanes, 891 Mbps/lane
[ 3476.849420] rkcif-mipi-lvds2: stream[0] start stopping, total mode 0x2, cur 0x2
[ 3476.883281] rkcif-mipi-lvds2: stream[0] stopping finished, dma_en 0x0
[ 3477.013301] rkcif-mipi-lvds2: stream[0] start streaming
[ 3477.072161] zzh_imx415 3-001a: stream on: 3864x2192 SGBRG10, 4 lanes, 891 Mbps/lane
[ 3477.452703] rkcif-mipi-lvds2: stream[0] start stopping, total mode 0x2, cur 0x2
[ 3477.486329] rkcif-mipi-lvds2: stream[0] stopping finished, dma_en 0x0
[ 3477.608460] rkcif-mipi-lvds2: stream[0] start streaming
[ 3477.666030] zzh_imx415 3-001a: stream on: 3864x2192 SGBRG10, 4 lanes, 891 Mbps/lane
[ 3478.046300] rkcif-mipi-lvds2: stream[0] start stopping, total mode 0x2, cur 0x2
[ 3478.080662] rkcif-mipi-lvds2: stream[0] stopping finished, dma_en 0x0
[ 3812.573228] rkcif-mipi-lvds2: stream[0] start streaming
[ 3812.631410] zzh_imx415 3-001a: stream on: 3864x2192 SGBRG10, 4 lanes, 891 Mbps/lane
[ 3815.278526] rkcif-mipi-lvds2: stream[0] start stopping, total mode 0x2, cur 0x2
[ 3815.346128] rkcif-mipi-lvds2: stream[0] stopping finished, dma_en 0x0
[ 3870.360625] rkcif-mipi-lvds2: stream[0] start streaming
[ 3870.419315] zzh_imx415 3-001a: stream on: 3864x2192 SGBRG10, 4 lanes, 891 Mbps/lane
[ 3871.099721] rkcif-mipi-lvds2: stream[0] start stopping, total mode 0x2, cur 0x2
[ 3871.133866] rkcif-mipi-lvds2: stream[0] stopping finished, dma_en 0x0
