DEVICE=/dev/video81
META_SIZE=3400
PAIRS_PER_CYCLE=12
CYCLES=1
HOLD_MS=500
CYCLE=0 PAIR=0 BUFFER=0 SUBPAGES=1/0 GAP_MS=63.088 HASH=6a12ea6bd2730b53
CYCLE=0 PAIR=1 BUFFER=1 SUBPAGES=1/0 GAP_MS=62.818 HASH=9dc1d41e23e57309
CYCLE=0 PAIR=2 BUFFER=2 SUBPAGES=1/0 GAP_MS=63.818 HASH=90ce3720b57ff434
CYCLE=0 PAIR=3 BUFFER=3 SUBPAGES=1/0 GAP_MS=64.664 HASH=c8a7a8e8c9b1e2a2
CYCLE=0 PAIR=4 BUFFER=0 SUBPAGES=1/0 GAP_MS=63.641 HASH=e048623a646f259d
CYCLE=0 PAIR=5 BUFFER=1 SUBPAGES=1/0 GAP_MS=64.366 HASH=593ddba2129fb149
CYCLE=0 PAIR=6 BUFFER=2 SUBPAGES=1/0 GAP_MS=63.204 HASH=abb948c36b54f8d3
CYCLE=0 PAIR=7 BUFFER=3 SUBPAGES=1/0 GAP_MS=64.790 HASH=4907c719a7d715ef
CYCLE=0 PAIR=8 BUFFER=0 SUBPAGES=1/0 GAP_MS=64.315 HASH=c5b1d855cf15b9f7
CYCLE=0 PAIR=9 BUFFER=1 SUBPAGES=1/0 GAP_MS=62.725 HASH=e0d6979398e7601b
CYCLE=0 PAIR=10 BUFFER=2 SUBPAGES=1/0 GAP_MS=64.682 HASH=a59fb3a258c62d2b
CYCLE=0 PAIR=11 BUFFER=3 SUBPAGES=1/0 GAP_MS=64.854 HASH=4d2b1f66a6ce9b77
TOTAL_PAIRS=12
ELAPSED_SECONDS=6.744
STAGE5_RUNTIME_CHECK=PASS
