DEVICE=/dev/video81
META_SIZE=3400
PAIRS_PER_CYCLE=1
CYCLES=100
HOLD_MS=0
CYCLE=0 PAIR=0 BUFFER=0 SUBPAGES=0/1 GAP_MS=62.977 HASH=7668c1bd3a14d89b
CYCLE=1 PAIR=0 BUFFER=0 SUBPAGES=0/1 GAP_MS=62.612 HASH=81dfde70996de908
CYCLE=2 PAIR=0 BUFFER=0 SUBPAGES=0/1 GAP_MS=64.200 HASH=6b3a1eb141477364
CYCLE=3 PAIR=0 BUFFER=0 SUBPAGES=0/1 GAP_MS=63.103 HASH=8c351527d2848cab
CYCLE=4 PAIR=0 BUFFER=0 SUBPAGES=0/1 GAP_MS=62.977 HASH=e7b6e64ad4d47731
CYCLE=5 PAIR=0 BUFFER=0 SUBPAGES=0/1 GAP_MS=63.716 HASH=203bc95c61486f64
CYCLE=6 PAIR=0 BUFFER=0 SUBPAGES=0/1 GAP_MS=64.133 HASH=1918e8ddff705a16
CYCLE=7 PAIR=0 BUFFER=0 SUBPAGES=0/1 GAP_MS=62.436 HASH=fda65411c3a6345d
CYCLE=8 PAIR=0 BUFFER=0 SUBPAGES=0/1 GAP_MS=64.034 HASH=ad720488e088eed3
CYCLE=9 PAIR=0 BUFFER=0 SUBPAGES=0/1 GAP_MS=63.501 HASH=6d415353b8ce3a15
CYCLE=10 PAIR=0 BUFFER=0 SUBPAGES=0/1 GAP_MS=65.009 HASH=d011bac5f87d29fd
CYCLE=11 PAIR=0 BUFFER=0 SUBPAGES=0/1 GAP_MS=64.090 HASH=c33d41f2f69936db
CYCLE=12 PAIR=0 BUFFER=0 SUBPAGES=0/1 GAP_MS=63.560 HASH=32af2ef853e2f4aa
CYCLE=13 PAIR=0 BUFFER=0 SUBPAGES=0/1 GAP_MS=63.561 HASH=c4fcb3cad743a4d2
CYCLE=14 PAIR=0 BUFFER=0 SUBPAGES=0/1 GAP_MS=64.215 HASH=db5ca76cdd2d6f48
CYCLE=15 PAIR=0 BUFFER=0 SUBPAGES=0/1 GAP_MS=64.299 HASH=1b4a14d601a41cdd
CYCLE=16 PAIR=0 BUFFER=0 SUBPAGES=0/1 GAP_MS=62.888 HASH=360944d9071b23d0
CYCLE=17 PAIR=0 BUFFER=0 SUBPAGES=0/1 GAP_MS=64.333 HASH=6a71446d0f2703c3
CYCLE=18 PAIR=0 BUFFER=0 SUBPAGES=0/1 GAP_MS=64.341 HASH=d9360e95f8d445cf
CYCLE=19 PAIR=0 BUFFER=0 SUBPAGES=0/1 GAP_MS=64.531 HASH=f888ff0030a3007f
CYCLE=20 PAIR=0 BUFFER=0 SUBPAGES=0/1 GAP_MS=63.499 HASH=f76159b76d80d170
CYCLE=21 PAIR=0 BUFFER=0 SUBPAGES=0/1 GAP_MS=63.211 HASH=11ee55e6753c7ecf
CYCLE=22 PAIR=0 BUFFER=0 SUBPAGES=0/1 GAP_MS=65.173 HASH=ca77600114a61abd
CYCLE=23 PAIR=0 BUFFER=0 SUBPAGES=0/1 GAP_MS=62.511 HASH=54e22e72bddc83b8
CYCLE=24 PAIR=0 BUFFER=0 SUBPAGES=0/1 GAP_MS=64.255 HASH=470e776c040dbbce
CYCLE=25 PAIR=0 BUFFER=0 SUBPAGES=0/1 GAP_MS=62.785 HASH=565e86201e161333
CYCLE=26 PAIR=0 BUFFER=0 SUBPAGES=1/0 GAP_MS=65.292 HASH=de8cb29605bb19ce
CYCLE=27 PAIR=0 BUFFER=0 SUBPAGES=1/0 GAP_MS=64.478 HASH=164f7161e7142f53
CYCLE=28 PAIR=0 BUFFER=0 SUBPAGES=1/0 GAP_MS=63.453 HASH=37ed624ac30bc7fe
CYCLE=29 PAIR=0 BUFFER=0 SUBPAGES=1/0 GAP_MS=63.411 HASH=695e8f2dab54a601
CYCLE=30 PAIR=0 BUFFER=0 SUBPAGES=1/0 GAP_MS=63.611 HASH=610f06150b09160b
CYCLE=31 PAIR=0 BUFFER=0 SUBPAGES=1/0 GAP_MS=62.836 HASH=ac775734e33fd84b
CYCLE=32 PAIR=0 BUFFER=0 SUBPAGES=1/0 GAP_MS=64.961 HASH=cc7b808b1c72f58b
CYCLE=33 PAIR=0 BUFFER=0 SUBPAGES=1/0 GAP_MS=63.515 HASH=82ca37d063e24e83
CYCLE=34 PAIR=0 BUFFER=0 SUBPAGES=1/0 GAP_MS=64.321 HASH=fdb46b7c98fd9678
CYCLE=35 PAIR=0 BUFFER=0 SUBPAGES=1/0 GAP_MS=65.437 HASH=e6cf6f482c149149
CYCLE=36 PAIR=0 BUFFER=0 SUBPAGES=1/0 GAP_MS=64.741 HASH=57df60a07c1c8500
CYCLE=37 PAIR=0 BUFFER=0 SUBPAGES=1/0 GAP_MS=63.170 HASH=3360deb0cfe7be70
CYCLE=38 PAIR=0 BUFFER=0 SUBPAGES=1/0 GAP_MS=62.837 HASH=e49f3e753c18c527
CYCLE=39 PAIR=0 BUFFER=0 SUBPAGES=1/0 GAP_MS=64.684 HASH=32478cf90ab12a5d
CYCLE=40 PAIR=0 BUFFER=0 SUBPAGES=1/0 GAP_MS=63.941 HASH=aa166ebcb0ce7d5b
CYCLE=41 PAIR=0 BUFFER=0 SUBPAGES=1/0 GAP_MS=63.249 HASH=ab82da2541510f9d
CYCLE=42 PAIR=0 BUFFER=0 SUBPAGES=1/0 GAP_MS=65.137 HASH=ba55fd4b0975af60
CYCLE=43 PAIR=0 BUFFER=0 SUBPAGES=1/0 GAP_MS=64.173 HASH=3875b325943fe2d8
CYCLE=44 PAIR=0 BUFFER=0 SUBPAGES=1/0 GAP_MS=64.200 HASH=5da17749b3862c07
CYCLE=45 PAIR=0 BUFFER=0 SUBPAGES=1/0 GAP_MS=64.640 HASH=cca099ac3e8fe89e
CYCLE=46 PAIR=0 BUFFER=0 SUBPAGES=1/0 GAP_MS=65.099 HASH=d722cc01662ba91e
CYCLE=47 PAIR=0 BUFFER=0 SUBPAGES=1/0 GAP_MS=64.736 HASH=aea690d6ef5efb9d
CYCLE=48 PAIR=0 BUFFER=0 SUBPAGES=1/0 GAP_MS=63.689 HASH=7d8dfc50f707693b
CYCLE=49 PAIR=0 BUFFER=0 SUBPAGES=1/0 GAP_MS=63.198 HASH=033f5982b0b7e923
CYCLE=50 PAIR=0 BUFFER=0 SUBPAGES=1/0 GAP_MS=63.623 HASH=309b45f42a7168d0
CYCLE=51 PAIR=0 BUFFER=0 SUBPAGES=1/0 GAP_MS=64.033 HASH=a962ee0912c742bd
CYCLE=52 PAIR=0 BUFFER=0 SUBPAGES=1/0 GAP_MS=63.983 HASH=084563f11a21f4f2
CYCLE=53 PAIR=0 BUFFER=0 SUBPAGES=1/0 GAP_MS=63.335 HASH=598cdbaff7f8126d
CYCLE=54 PAIR=0 BUFFER=0 SUBPAGES=1/0 GAP_MS=63.751 HASH=a715fa575614e2db
CYCLE=55 PAIR=0 BUFFER=0 SUBPAGES=1/0 GAP_MS=65.473 HASH=88ce21bee9d04e9e
CYCLE=56 PAIR=0 BUFFER=0 SUBPAGES=1/0 GAP_MS=63.957 HASH=d5553e21433973b5
CYCLE=57 PAIR=0 BUFFER=0 SUBPAGES=1/0 GAP_MS=63.936 HASH=76bd864f18565bd0
CYCLE=58 PAIR=0 BUFFER=0 SUBPAGES=1/0 GAP_MS=64.251 HASH=8b3038123ab7a0a1
CYCLE=59 PAIR=0 BUFFER=0 SUBPAGES=1/0 GAP_MS=63.838 HASH=9c9af17f31f1eb80
CYCLE=60 PAIR=0 BUFFER=0 SUBPAGES=1/0 GAP_MS=64.640 HASH=3ca1ff9625aa8854
CYCLE=61 PAIR=0 BUFFER=0 SUBPAGES=1/0 GAP_MS=63.068 HASH=edc0afc65e5118b2
CYCLE=62 PAIR=0 BUFFER=0 SUBPAGES=1/0 GAP_MS=63.895 HASH=a61e1d3bba4f1649
CYCLE=63 PAIR=0 BUFFER=0 SUBPAGES=1/0 GAP_MS=65.664 HASH=eea981a9002a2997
CYCLE=64 PAIR=0 BUFFER=0 SUBPAGES=1/0 GAP_MS=63.592 HASH=019a1316e33b2390
CYCLE=65 PAIR=0 BUFFER=0 SUBPAGES=0/1 GAP_MS=64.694 HASH=55220c1beb3e4f87
CYCLE=66 PAIR=0 BUFFER=0 SUBPAGES=0/1 GAP_MS=63.715 HASH=342365c31fe21692
CYCLE=67 PAIR=0 BUFFER=0 SUBPAGES=0/1 GAP_MS=62.527 HASH=72891654c0a30c21
CYCLE=68 PAIR=0 BUFFER=0 SUBPAGES=0/1 GAP_MS=64.186 HASH=1518a656693b41f3
CYCLE=69 PAIR=0 BUFFER=0 SUBPAGES=0/1 GAP_MS=62.930 HASH=5abb490523b4ebdf
CYCLE=70 PAIR=0 BUFFER=0 SUBPAGES=0/1 GAP_MS=64.338 HASH=cbef776272cd8668
CYCLE=71 PAIR=0 BUFFER=0 SUBPAGES=0/1 GAP_MS=63.994 HASH=2a6f9fa4b4f2d579
CYCLE=72 PAIR=0 BUFFER=0 SUBPAGES=0/1 GAP_MS=62.649 HASH=aad5ba4594618a08
CYCLE=73 PAIR=0 BUFFER=0 SUBPAGES=0/1 GAP_MS=64.385 HASH=28ca518bc4e5cd6c
CYCLE=74 PAIR=0 BUFFER=0 SUBPAGES=0/1 GAP_MS=63.559 HASH=15ded5de80d83f4f
CYCLE=75 PAIR=0 BUFFER=0 SUBPAGES=0/1 GAP_MS=63.529 HASH=f13dff7ed9da2989
CYCLE=76 PAIR=0 BUFFER=0 SUBPAGES=0/1 GAP_MS=63.948 HASH=7435c13d5c66d6b7
CYCLE=77 PAIR=0 BUFFER=0 SUBPAGES=0/1 GAP_MS=63.321 HASH=08d4ef0e587adf4a
CYCLE=78 PAIR=0 BUFFER=0 SUBPAGES=0/1 GAP_MS=64.446 HASH=fdb56c97ee4f3647
CYCLE=79 PAIR=0 BUFFER=0 SUBPAGES=0/1 GAP_MS=64.763 HASH=7ff9758b5c58774e
CYCLE=80 PAIR=0 BUFFER=0 SUBPAGES=0/1 GAP_MS=65.625 HASH=01da392684af848a
CYCLE=81 PAIR=0 BUFFER=0 SUBPAGES=0/1 GAP_MS=64.082 HASH=ede29607d8fb5251
CYCLE=82 PAIR=0 BUFFER=0 SUBPAGES=0/1 GAP_MS=63.427 HASH=b2be4613ca6ece4f
CYCLE=83 PAIR=0 BUFFER=0 SUBPAGES=0/1 GAP_MS=64.244 HASH=fc8b88bcfe57a091
CYCLE=84 PAIR=0 BUFFER=0 SUBPAGES=0/1 GAP_MS=64.655 HASH=ed805446e616fcb4
CYCLE=85 PAIR=0 BUFFER=0 SUBPAGES=0/1 GAP_MS=65.426 HASH=a89730a7189f85ef
CYCLE=86 PAIR=0 BUFFER=0 SUBPAGES=0/1 GAP_MS=63.109 HASH=e0f64e1a9b4938c5
CYCLE=87 PAIR=0 BUFFER=0 SUBPAGES=0/1 GAP_MS=64.285 HASH=ca053bb192efe03f
CYCLE=88 PAIR=0 BUFFER=0 SUBPAGES=0/1 GAP_MS=64.217 HASH=ebc750f85ce6f9f4
CYCLE=89 PAIR=0 BUFFER=0 SUBPAGES=0/1 GAP_MS=63.254 HASH=4e089a49c3aa8de7
CYCLE=90 PAIR=0 BUFFER=0 SUBPAGES=0/1 GAP_MS=64.158 HASH=49311ab440d46842
CYCLE=91 PAIR=0 BUFFER=0 SUBPAGES=0/1 GAP_MS=64.420 HASH=e10d3e8d1806be36
CYCLE=92 PAIR=0 BUFFER=0 SUBPAGES=1/0 GAP_MS=64.985 HASH=b36b2b1d58577c8d
CYCLE=93 PAIR=0 BUFFER=0 SUBPAGES=1/0 GAP_MS=64.098 HASH=55bddfae90e5f18e
CYCLE=94 PAIR=0 BUFFER=0 SUBPAGES=1/0 GAP_MS=64.247 HASH=c1dfd5c6d16004c1
CYCLE=95 PAIR=0 BUFFER=0 SUBPAGES=1/0 GAP_MS=63.159 HASH=a6736b55c83316b3
CYCLE=96 PAIR=0 BUFFER=0 SUBPAGES=1/0 GAP_MS=63.832 HASH=21988bb93f413a24
CYCLE=97 PAIR=0 BUFFER=0 SUBPAGES=1/0 GAP_MS=62.551 HASH=94f961f63ddd51ec
CYCLE=98 PAIR=0 BUFFER=0 SUBPAGES=1/0 GAP_MS=63.498 HASH=7824ad7348e881bf
CYCLE=99 PAIR=0 BUFFER=0 SUBPAGES=1/0 GAP_MS=63.922 HASH=d8e64ce52b11740b
TOTAL_PAIRS=100
ELAPSED_SECONDS=26.032
STAGE5_RUNTIME_CHECK=PASS
