DEVICE=/dev/video81
META_SIZE=3400
PAIRS_PER_CYCLE=20
CYCLES=10
HOLD_MS=0
CYCLE=0 PAIR=0 BUFFER=0 SUBPAGES=0/1 GAP_MS=63.563 HASH=6c60317818633895
CYCLE=0 PAIR=1 BUFFER=1 SUBPAGES=0/1 GAP_MS=64.415 HASH=803155a21dbea34b
CYCLE=0 PAIR=2 BUFFER=2 SUBPAGES=0/1 GAP_MS=63.986 HASH=af83e3873179b3a4
CYCLE=0 PAIR=3 BUFFER=3 SUBPAGES=0/1 GAP_MS=63.931 HASH=aeeabbe5ad8a7e72
CYCLE=0 PAIR=4 BUFFER=0 SUBPAGES=0/1 GAP_MS=63.253 HASH=1e8371e012d7cefc
CYCLE=0 PAIR=5 BUFFER=1 SUBPAGES=0/1 GAP_MS=63.330 HASH=39a2e8cf229323fe
CYCLE=0 PAIR=6 BUFFER=2 SUBPAGES=0/1 GAP_MS=63.081 HASH=6efcfe2e2fee4f32
CYCLE=0 PAIR=7 BUFFER=3 SUBPAGES=0/1 GAP_MS=64.876 HASH=2a24282749530ae7
CYCLE=0 PAIR=8 BUFFER=0 SUBPAGES=0/1 GAP_MS=63.602 HASH=8795e3cc3b65dd51
CYCLE=0 PAIR=9 BUFFER=1 SUBPAGES=0/1 GAP_MS=63.260 HASH=5a5bf21afe11a449
CYCLE=0 PAIR=10 BUFFER=2 SUBPAGES=0/1 GAP_MS=63.433 HASH=3fcbdb3debb19f0d
CYCLE=0 PAIR=11 BUFFER=3 SUBPAGES=0/1 GAP_MS=64.397 HASH=ba292fd91f58f28a
CYCLE=0 PAIR=12 BUFFER=0 SUBPAGES=0/1 GAP_MS=63.681 HASH=52b1bad7e365800c
CYCLE=0 PAIR=13 BUFFER=1 SUBPAGES=0/1 GAP_MS=62.620 HASH=24adfc67e3d479a2
CYCLE=0 PAIR=14 BUFFER=2 SUBPAGES=0/1 GAP_MS=62.393 HASH=52c7b847e188330e
CYCLE=0 PAIR=15 BUFFER=3 SUBPAGES=0/1 GAP_MS=64.641 HASH=647060e0e85c5f38
CYCLE=0 PAIR=16 BUFFER=0 SUBPAGES=0/1 GAP_MS=63.401 HASH=d0f68ea7b48a7005
CYCLE=0 PAIR=17 BUFFER=1 SUBPAGES=0/1 GAP_MS=65.144 HASH=e64641a76524c8cd
CYCLE=0 PAIR=18 BUFFER=2 SUBPAGES=0/1 GAP_MS=64.324 HASH=2a13c5d9e008b93a
CYCLE=0 PAIR=19 BUFFER=3 SUBPAGES=0/1 GAP_MS=63.852 HASH=35a3a1e5bda90810
CYCLE=1 PAIR=0 BUFFER=0 SUBPAGES=0/1 GAP_MS=64.120 HASH=d44b3875c5e51fb9
CYCLE=1 PAIR=1 BUFFER=1 SUBPAGES=0/1 GAP_MS=63.755 HASH=b4d17784e49fa05f
CYCLE=1 PAIR=2 BUFFER=2 SUBPAGES=0/1 GAP_MS=63.242 HASH=b205fa0c8f307794
CYCLE=1 PAIR=3 BUFFER=3 SUBPAGES=0/1 GAP_MS=64.099 HASH=c5174f04b30c6692
CYCLE=1 PAIR=4 BUFFER=0 SUBPAGES=0/1 GAP_MS=63.716 HASH=a55aca89fc5b16b7
CYCLE=1 PAIR=5 BUFFER=1 SUBPAGES=0/1 GAP_MS=63.736 HASH=ea63651da455f151
CYCLE=1 PAIR=6 BUFFER=2 SUBPAGES=0/1 GAP_MS=63.925 HASH=d6df665e4cef6587
CYCLE=1 PAIR=7 BUFFER=3 SUBPAGES=0/1 GAP_MS=64.449 HASH=b752d228837a0f2f
CYCLE=1 PAIR=8 BUFFER=0 SUBPAGES=0/1 GAP_MS=64.687 HASH=a158733100da8b75
CYCLE=1 PAIR=9 BUFFER=1 SUBPAGES=0/1 GAP_MS=62.202 HASH=83203f9860087c46
CYCLE=1 PAIR=10 BUFFER=2 SUBPAGES=0/1 GAP_MS=64.613 HASH=afd6bb63370943f9
CYCLE=1 PAIR=11 BUFFER=3 SUBPAGES=0/1 GAP_MS=63.151 HASH=fbb2108c73612928
CYCLE=1 PAIR=12 BUFFER=0 SUBPAGES=0/1 GAP_MS=63.444 HASH=47245054a215034b
CYCLE=1 PAIR=13 BUFFER=1 SUBPAGES=0/1 GAP_MS=63.276 HASH=b66ad96561b0b68d
CYCLE=1 PAIR=14 BUFFER=2 SUBPAGES=0/1 GAP_MS=63.025 HASH=f6f76024f355b9f4
CYCLE=1 PAIR=15 BUFFER=3 SUBPAGES=0/1 GAP_MS=64.719 HASH=30475e2f7eabd0e6
CYCLE=1 PAIR=16 BUFFER=0 SUBPAGES=0/1 GAP_MS=62.911 HASH=377a92d5a78e42f0
CYCLE=1 PAIR=17 BUFFER=1 SUBPAGES=0/1 GAP_MS=64.868 HASH=ddf9617048adcb82
CYCLE=1 PAIR=18 BUFFER=2 SUBPAGES=0/1 GAP_MS=62.805 HASH=d1c2b2e26f56c650
CYCLE=1 PAIR=19 BUFFER=3 SUBPAGES=0/1 GAP_MS=62.789 HASH=52e21192dd84f210
CYCLE=2 PAIR=0 BUFFER=0 SUBPAGES=0/1 GAP_MS=63.785 HASH=67cdb85ef942e38f
CYCLE=2 PAIR=1 BUFFER=1 SUBPAGES=0/1 GAP_MS=63.492 HASH=38b890f410b7adf9
CYCLE=2 PAIR=2 BUFFER=2 SUBPAGES=0/1 GAP_MS=64.865 HASH=1253f42dbcf9c6d9
CYCLE=2 PAIR=3 BUFFER=3 SUBPAGES=0/1 GAP_MS=63.477 HASH=2dad7bfcfa0777ef
CYCLE=2 PAIR=4 BUFFER=0 SUBPAGES=0/1 GAP_MS=62.852 HASH=6541e1714e18a737
CYCLE=2 PAIR=5 BUFFER=1 SUBPAGES=0/1 GAP_MS=65.386 HASH=c0583087a58c05ed
CYCLE=2 PAIR=6 BUFFER=2 SUBPAGES=0/1 GAP_MS=64.246 HASH=ff7a480a3e7a4f11
CYCLE=2 PAIR=7 BUFFER=3 SUBPAGES=0/1 GAP_MS=63.541 HASH=265af572a8559d61
CYCLE=2 PAIR=8 BUFFER=0 SUBPAGES=0/1 GAP_MS=64.954 HASH=736440fb34a4623e
CYCLE=2 PAIR=9 BUFFER=1 SUBPAGES=0/1 GAP_MS=63.039 HASH=27566477ed8a1f4b
CYCLE=2 PAIR=10 BUFFER=2 SUBPAGES=0/1 GAP_MS=64.330 HASH=7e9d5f538a192e53
CYCLE=2 PAIR=11 BUFFER=3 SUBPAGES=0/1 GAP_MS=64.364 HASH=74917131a1e3602e
CYCLE=2 PAIR=12 BUFFER=0 SUBPAGES=0/1 GAP_MS=64.178 HASH=182f12753799ca2e
CYCLE=2 PAIR=13 BUFFER=1 SUBPAGES=0/1 GAP_MS=64.225 HASH=eb796f9e0a12a3ca
CYCLE=2 PAIR=14 BUFFER=2 SUBPAGES=0/1 GAP_MS=64.581 HASH=b01784140e9f24fc
CYCLE=2 PAIR=15 BUFFER=3 SUBPAGES=0/1 GAP_MS=63.694 HASH=bc35992fb7c7b32c
CYCLE=2 PAIR=16 BUFFER=0 SUBPAGES=0/1 GAP_MS=64.721 HASH=152102cbd6724f65
CYCLE=2 PAIR=17 BUFFER=1 SUBPAGES=0/1 GAP_MS=64.177 HASH=295c2be16e73fe76
CYCLE=2 PAIR=18 BUFFER=2 SUBPAGES=0/1 GAP_MS=64.616 HASH=51db410c9b4b304c
CYCLE=2 PAIR=19 BUFFER=3 SUBPAGES=0/1 GAP_MS=62.956 HASH=99e0a36e8bdc5bce
CYCLE=3 PAIR=0 BUFFER=0 SUBPAGES=0/1 GAP_MS=62.720 HASH=9e7f4a36f66faa3b
CYCLE=3 PAIR=1 BUFFER=1 SUBPAGES=0/1 GAP_MS=63.333 HASH=ecfb3a975c8cb9a7
CYCLE=3 PAIR=2 BUFFER=2 SUBPAGES=0/1 GAP_MS=63.165 HASH=24ba148728ea9d77
CYCLE=3 PAIR=3 BUFFER=3 SUBPAGES=0/1 GAP_MS=63.267 HASH=201b54463024e05c
CYCLE=3 PAIR=4 BUFFER=0 SUBPAGES=0/1 GAP_MS=63.167 HASH=6287687f5294daf1
CYCLE=3 PAIR=5 BUFFER=1 SUBPAGES=0/1 GAP_MS=63.052 HASH=a8e1dfa2fb1b99df
CYCLE=3 PAIR=6 BUFFER=2 SUBPAGES=0/1 GAP_MS=64.999 HASH=2476bc16c7645491
CYCLE=3 PAIR=7 BUFFER=3 SUBPAGES=0/1 GAP_MS=63.288 HASH=5191dd40a5fb1185
CYCLE=3 PAIR=8 BUFFER=0 SUBPAGES=0/1 GAP_MS=63.873 HASH=015129ed9e29c548
CYCLE=3 PAIR=9 BUFFER=1 SUBPAGES=0/1 GAP_MS=62.914 HASH=26a57a1923f871f3
CYCLE=3 PAIR=10 BUFFER=2 SUBPAGES=0/1 GAP_MS=63.888 HASH=c37830c0fa817815
CYCLE=3 PAIR=11 BUFFER=3 SUBPAGES=0/1 GAP_MS=65.278 HASH=b343348a5f064692
CYCLE=3 PAIR=12 BUFFER=0 SUBPAGES=0/1 GAP_MS=64.509 HASH=d4c2136ffd847739
CYCLE=3 PAIR=13 BUFFER=1 SUBPAGES=0/1 GAP_MS=64.756 HASH=57959dede07c061c
CYCLE=3 PAIR=14 BUFFER=2 SUBPAGES=0/1 GAP_MS=64.954 HASH=71b640f3abb4342b
CYCLE=3 PAIR=15 BUFFER=3 SUBPAGES=0/1 GAP_MS=63.523 HASH=4190256f30987d8d
CYCLE=3 PAIR=16 BUFFER=0 SUBPAGES=0/1 GAP_MS=64.863 HASH=bb5febf604d9f253
CYCLE=3 PAIR=17 BUFFER=1 SUBPAGES=0/1 GAP_MS=63.018 HASH=94118d8eba4da9f2
CYCLE=3 PAIR=18 BUFFER=2 SUBPAGES=0/1 GAP_MS=63.129 HASH=7c6eb75527e6cd6c
CYCLE=3 PAIR=19 BUFFER=3 SUBPAGES=0/1 GAP_MS=65.081 HASH=ab88ab81dc06bea8
CYCLE=4 PAIR=0 BUFFER=0 SUBPAGES=0/1 GAP_MS=64.056 HASH=a17e3e8d0175aa80
CYCLE=4 PAIR=1 BUFFER=1 SUBPAGES=0/1 GAP_MS=63.646 HASH=b8623146623fd52f
CYCLE=4 PAIR=2 BUFFER=2 SUBPAGES=0/1 GAP_MS=65.493 HASH=9f98c2c39fe63ad9
CYCLE=4 PAIR=3 BUFFER=3 SUBPAGES=0/1 GAP_MS=64.602 HASH=4b8a5ea74ea397c5
CYCLE=4 PAIR=4 BUFFER=0 SUBPAGES=0/1 GAP_MS=63.184 HASH=a90e98ba4ef50f9c
CYCLE=4 PAIR=5 BUFFER=1 SUBPAGES=0/1 GAP_MS=64.058 HASH=ba78b10f894b58a0
CYCLE=4 PAIR=6 BUFFER=2 SUBPAGES=0/1 GAP_MS=65.114 HASH=d6bb64f31aeb038c
CYCLE=4 PAIR=7 BUFFER=3 SUBPAGES=0/1 GAP_MS=62.907 HASH=cbbb0f7a7071b3b8
CYCLE=4 PAIR=8 BUFFER=0 SUBPAGES=0/1 GAP_MS=63.599 HASH=3ea1abcae2bfefdd
CYCLE=4 PAIR=9 BUFFER=1 SUBPAGES=0/1 GAP_MS=63.874 HASH=ac0ef0d64b202f37
CYCLE=4 PAIR=10 BUFFER=2 SUBPAGES=0/1 GAP_MS=64.223 HASH=b485c82e72bdad21
CYCLE=4 PAIR=11 BUFFER=3 SUBPAGES=0/1 GAP_MS=64.758 HASH=fcca2b7b6b93fcf0
CYCLE=4 PAIR=12 BUFFER=0 SUBPAGES=0/1 GAP_MS=64.878 HASH=9704315d937c0077
CYCLE=4 PAIR=13 BUFFER=1 SUBPAGES=0/1 GAP_MS=63.841 HASH=65c684050a4e7fa6
CYCLE=4 PAIR=14 BUFFER=2 SUBPAGES=0/1 GAP_MS=63.036 HASH=7edbfb5f0bd9244f
CYCLE=4 PAIR=15 BUFFER=3 SUBPAGES=0/1 GAP_MS=63.623 HASH=112f01261de97eba
CYCLE=4 PAIR=16 BUFFER=0 SUBPAGES=0/1 GAP_MS=63.303 HASH=3604d218333a502b
CYCLE=4 PAIR=17 BUFFER=1 SUBPAGES=0/1 GAP_MS=63.418 HASH=90cff2900ce108e0
CYCLE=4 PAIR=18 BUFFER=2 SUBPAGES=0/1 GAP_MS=64.555 HASH=fdb78d4e2d0985d7
CYCLE=4 PAIR=19 BUFFER=3 SUBPAGES=0/1 GAP_MS=65.119 HASH=d8f366f7cd06a0f9
CYCLE=5 PAIR=0 BUFFER=0 SUBPAGES=0/1 GAP_MS=62.428 HASH=7c3e1e84046dcbfa
CYCLE=5 PAIR=1 BUFFER=1 SUBPAGES=0/1 GAP_MS=64.005 HASH=a10cffa24f3e6006
CYCLE=5 PAIR=2 BUFFER=2 SUBPAGES=0/1 GAP_MS=64.626 HASH=d0dc13eb3891e22f
CYCLE=5 PAIR=3 BUFFER=3 SUBPAGES=0/1 GAP_MS=61.964 HASH=8744ae171fa71187
CYCLE=5 PAIR=4 BUFFER=0 SUBPAGES=0/1 GAP_MS=64.880 HASH=71eeb0184aa925e5
CYCLE=5 PAIR=5 BUFFER=1 SUBPAGES=0/1 GAP_MS=65.484 HASH=ca8168cacbc4a799
CYCLE=5 PAIR=6 BUFFER=2 SUBPAGES=0/1 GAP_MS=65.504 HASH=2e1d996e548246cc
CYCLE=5 PAIR=7 BUFFER=3 SUBPAGES=0/1 GAP_MS=64.356 HASH=158f938979200402
CYCLE=5 PAIR=8 BUFFER=0 SUBPAGES=0/1 GAP_MS=64.553 HASH=1ee7d445e6efa7ea
CYCLE=5 PAIR=9 BUFFER=1 SUBPAGES=0/1 GAP_MS=63.524 HASH=caa103f10029c203
CYCLE=5 PAIR=10 BUFFER=2 SUBPAGES=0/1 GAP_MS=63.125 HASH=dba7ab3c819483b9
CYCLE=5 PAIR=11 BUFFER=3 SUBPAGES=0/1 GAP_MS=62.938 HASH=54940ed8a139e744
CYCLE=5 PAIR=12 BUFFER=0 SUBPAGES=0/1 GAP_MS=63.924 HASH=edbda3f47f9c064b
CYCLE=5 PAIR=13 BUFFER=1 SUBPAGES=0/1 GAP_MS=64.672 HASH=9bcdd332eafdc327
CYCLE=5 PAIR=14 BUFFER=2 SUBPAGES=0/1 GAP_MS=63.260 HASH=0a6f6d96226efa0b
CYCLE=5 PAIR=15 BUFFER=3 SUBPAGES=0/1 GAP_MS=64.077 HASH=6117c069aacbefb0
CYCLE=5 PAIR=16 BUFFER=0 SUBPAGES=0/1 GAP_MS=64.716 HASH=5e2fea1c3412dfae
CYCLE=5 PAIR=17 BUFFER=1 SUBPAGES=0/1 GAP_MS=63.688 HASH=6fb7260f25058877
CYCLE=5 PAIR=18 BUFFER=2 SUBPAGES=0/1 GAP_MS=64.080 HASH=7038e79213fea7e4
CYCLE=5 PAIR=19 BUFFER=3 SUBPAGES=0/1 GAP_MS=63.540 HASH=6a9964c2aa67ea1c
CYCLE=6 PAIR=0 BUFFER=0 SUBPAGES=0/1 GAP_MS=64.541 HASH=6392070efd7521db
CYCLE=6 PAIR=1 BUFFER=1 SUBPAGES=0/1 GAP_MS=64.096 HASH=9b7fbe97a2694254
CYCLE=6 PAIR=2 BUFFER=2 SUBPAGES=0/1 GAP_MS=64.079 HASH=b6ae6191cfbce7b7
CYCLE=6 PAIR=3 BUFFER=3 SUBPAGES=0/1 GAP_MS=64.705 HASH=dae68a2410dce978
CYCLE=6 PAIR=4 BUFFER=0 SUBPAGES=0/1 GAP_MS=64.384 HASH=af4042feb091edd2
CYCLE=6 PAIR=5 BUFFER=1 SUBPAGES=0/1 GAP_MS=63.744 HASH=d456f9cd53a742bd
CYCLE=6 PAIR=6 BUFFER=2 SUBPAGES=0/1 GAP_MS=63.239 HASH=9bb08c98640a7acd
CYCLE=6 PAIR=7 BUFFER=3 SUBPAGES=0/1 GAP_MS=63.983 HASH=6ad35abe96301443
CYCLE=6 PAIR=8 BUFFER=0 SUBPAGES=0/1 GAP_MS=64.285 HASH=a3e33449283cfefd
CYCLE=6 PAIR=9 BUFFER=1 SUBPAGES=0/1 GAP_MS=64.458 HASH=441ce5e341ea3b91
CYCLE=6 PAIR=10 BUFFER=2 SUBPAGES=0/1 GAP_MS=65.173 HASH=53a02fd1de4178cb
CYCLE=6 PAIR=11 BUFFER=3 SUBPAGES=0/1 GAP_MS=65.501 HASH=c78c13f3c916be98
CYCLE=6 PAIR=12 BUFFER=0 SUBPAGES=0/1 GAP_MS=63.910 HASH=4157b6bac16f064f
CYCLE=6 PAIR=13 BUFFER=1 SUBPAGES=0/1 GAP_MS=64.186 HASH=ffa34d0eef3766ae
CYCLE=6 PAIR=14 BUFFER=2 SUBPAGES=0/1 GAP_MS=62.509 HASH=9636485c9a483d67
CYCLE=6 PAIR=15 BUFFER=3 SUBPAGES=0/1 GAP_MS=65.134 HASH=21f8a025d6284dae
CYCLE=6 PAIR=16 BUFFER=0 SUBPAGES=0/1 GAP_MS=63.229 HASH=af26fc2cdd94372d
CYCLE=6 PAIR=17 BUFFER=1 SUBPAGES=0/1 GAP_MS=63.673 HASH=ced50d4c21d25b62
CYCLE=6 PAIR=18 BUFFER=2 SUBPAGES=0/1 GAP_MS=64.628 HASH=e53136fa8d27d596
CYCLE=6 PAIR=19 BUFFER=3 SUBPAGES=0/1 GAP_MS=62.776 HASH=d009428c127736b4
CYCLE=7 PAIR=0 BUFFER=0 SUBPAGES=0/1 GAP_MS=64.972 HASH=5b88b6ec2b3cbecf
CYCLE=7 PAIR=1 BUFFER=1 SUBPAGES=0/1 GAP_MS=63.390 HASH=73f7560b3e11e7f8
CYCLE=7 PAIR=2 BUFFER=2 SUBPAGES=0/1 GAP_MS=64.491 HASH=28e8f9f67c0587e2
CYCLE=7 PAIR=3 BUFFER=3 SUBPAGES=0/1 GAP_MS=64.133 HASH=c221608f2ff86a02
CYCLE=7 PAIR=4 BUFFER=0 SUBPAGES=0/1 GAP_MS=63.958 HASH=19f5fcadaae74d3f
CYCLE=7 PAIR=5 BUFFER=1 SUBPAGES=0/1 GAP_MS=64.845 HASH=8ee821b3f334f293
CYCLE=7 PAIR=6 BUFFER=2 SUBPAGES=0/1 GAP_MS=65.329 HASH=4f90d4525a99c034
CYCLE=7 PAIR=7 BUFFER=3 SUBPAGES=0/1 GAP_MS=64.223 HASH=8d266872d6584efd
CYCLE=7 PAIR=8 BUFFER=0 SUBPAGES=0/1 GAP_MS=63.810 HASH=a1e4bdea2ee93f08
CYCLE=7 PAIR=9 BUFFER=1 SUBPAGES=0/1 GAP_MS=63.346 HASH=2ce86503e0b1744e
CYCLE=7 PAIR=10 BUFFER=2 SUBPAGES=0/1 GAP_MS=64.831 HASH=362787921c1414a1
CYCLE=7 PAIR=11 BUFFER=3 SUBPAGES=0/1 GAP_MS=64.509 HASH=30f5b0f66fd2406c
CYCLE=7 PAIR=12 BUFFER=0 SUBPAGES=0/1 GAP_MS=64.350 HASH=1c115aa882c32c01
CYCLE=7 PAIR=13 BUFFER=1 SUBPAGES=0/1 GAP_MS=61.998 HASH=43b29c896981dc4f
CYCLE=7 PAIR=14 BUFFER=2 SUBPAGES=0/1 GAP_MS=62.628 HASH=fedbe8b2fd1d48b0
CYCLE=7 PAIR=15 BUFFER=3 SUBPAGES=0/1 GAP_MS=65.010 HASH=eb98304f8fd94168
CYCLE=7 PAIR=16 BUFFER=0 SUBPAGES=0/1 GAP_MS=63.198 HASH=d328f17ffb28d704
CYCLE=7 PAIR=17 BUFFER=1 SUBPAGES=0/1 GAP_MS=63.130 HASH=353eb2d1c379c38a
CYCLE=7 PAIR=18 BUFFER=2 SUBPAGES=0/1 GAP_MS=65.248 HASH=89c40dd12c4a5fe2
CYCLE=7 PAIR=19 BUFFER=3 SUBPAGES=0/1 GAP_MS=63.360 HASH=c5ebbe4aaae414d2
CYCLE=8 PAIR=0 BUFFER=0 SUBPAGES=0/1 GAP_MS=64.175 HASH=161b36290c1b44fa
CYCLE=8 PAIR=1 BUFFER=1 SUBPAGES=0/1 GAP_MS=65.388 HASH=0c2264bfc9606ab1
CYCLE=8 PAIR=2 BUFFER=2 SUBPAGES=0/1 GAP_MS=63.194 HASH=bf173a7358fbb41e
CYCLE=8 PAIR=3 BUFFER=3 SUBPAGES=0/1 GAP_MS=63.857 HASH=f295f7367154a7d6
CYCLE=8 PAIR=4 BUFFER=0 SUBPAGES=0/1 GAP_MS=64.171 HASH=b28999b0239e896a
CYCLE=8 PAIR=5 BUFFER=1 SUBPAGES=0/1 GAP_MS=64.980 HASH=7643c657f7e2ab96
CYCLE=8 PAIR=6 BUFFER=2 SUBPAGES=0/1 GAP_MS=63.437 HASH=86ca34ff73d34a14
CYCLE=8 PAIR=7 BUFFER=3 SUBPAGES=0/1 GAP_MS=64.236 HASH=f61524e8048f30fd
CYCLE=8 PAIR=8 BUFFER=0 SUBPAGES=0/1 GAP_MS=62.987 HASH=f5b79987f796c4e1
CYCLE=8 PAIR=9 BUFFER=1 SUBPAGES=0/1 GAP_MS=64.224 HASH=44cc142a38fcc80c
CYCLE=8 PAIR=10 BUFFER=2 SUBPAGES=0/1 GAP_MS=63.769 HASH=ea6a1ffe51bed7fd
CYCLE=8 PAIR=11 BUFFER=3 SUBPAGES=0/1 GAP_MS=63.542 HASH=0a02cc05d1a35486
CYCLE=8 PAIR=12 BUFFER=0 SUBPAGES=0/1 GAP_MS=63.618 HASH=f6a59cac8a5572f1
CYCLE=8 PAIR=13 BUFFER=1 SUBPAGES=0/1 GAP_MS=64.110 HASH=ef9f20d5c9dca0d4
CYCLE=8 PAIR=14 BUFFER=2 SUBPAGES=0/1 GAP_MS=64.488 HASH=651a6a6e8147ffbc
CYCLE=8 PAIR=15 BUFFER=3 SUBPAGES=0/1 GAP_MS=63.713 HASH=6b23ffac9d6dea09
CYCLE=8 PAIR=16 BUFFER=0 SUBPAGES=0/1 GAP_MS=63.910 HASH=0dabbbecdd6d4581
CYCLE=8 PAIR=17 BUFFER=1 SUBPAGES=0/1 GAP_MS=63.837 HASH=df7d0960878f274f
CYCLE=8 PAIR=18 BUFFER=2 SUBPAGES=0/1 GAP_MS=63.743 HASH=118d75c4f22e2621
CYCLE=8 PAIR=19 BUFFER=3 SUBPAGES=0/1 GAP_MS=64.432 HASH=e991b342394c72aa
CYCLE=9 PAIR=0 BUFFER=0 SUBPAGES=0/1 GAP_MS=63.250 HASH=9fb5cb246d5330e1
CYCLE=9 PAIR=1 BUFFER=1 SUBPAGES=0/1 GAP_MS=64.840 HASH=2367cab9200064aa
CYCLE=9 PAIR=2 BUFFER=2 SUBPAGES=0/1 GAP_MS=65.143 HASH=1569e40b46b98374
CYCLE=9 PAIR=3 BUFFER=3 SUBPAGES=0/1 GAP_MS=64.582 HASH=dbfa07febc7c4b4f
CYCLE=9 PAIR=4 BUFFER=0 SUBPAGES=0/1 GAP_MS=63.940 HASH=d64f564482cab5f2
CYCLE=9 PAIR=5 BUFFER=1 SUBPAGES=0/1 GAP_MS=62.955 HASH=a72a947c2eb6ce1e
CYCLE=9 PAIR=6 BUFFER=2 SUBPAGES=0/1 GAP_MS=64.865 HASH=7b2d9dbd18812508
CYCLE=9 PAIR=7 BUFFER=3 SUBPAGES=0/1 GAP_MS=64.367 HASH=568ce678ba41361c
CYCLE=9 PAIR=8 BUFFER=0 SUBPAGES=0/1 GAP_MS=64.272 HASH=b26c7029cfed8ab8
CYCLE=9 PAIR=9 BUFFER=1 SUBPAGES=0/1 GAP_MS=64.145 HASH=19961a908330aafa
CYCLE=9 PAIR=10 BUFFER=2 SUBPAGES=0/1 GAP_MS=64.097 HASH=abcc5b92a4b00492
CYCLE=9 PAIR=11 BUFFER=3 SUBPAGES=0/1 GAP_MS=64.054 HASH=b77d4dcba919e31a
CYCLE=9 PAIR=12 BUFFER=0 SUBPAGES=0/1 GAP_MS=64.974 HASH=6a104337a0761fac
CYCLE=9 PAIR=13 BUFFER=1 SUBPAGES=0/1 GAP_MS=64.546 HASH=6c5a61ef6d18c1bc
CYCLE=9 PAIR=14 BUFFER=2 SUBPAGES=0/1 GAP_MS=62.771 HASH=b7b77491be22dfa8
CYCLE=9 PAIR=15 BUFFER=3 SUBPAGES=0/1 GAP_MS=64.435 HASH=bae221e6df91c9ac
CYCLE=9 PAIR=16 BUFFER=0 SUBPAGES=0/1 GAP_MS=63.298 HASH=1433806300db38b9
CYCLE=9 PAIR=17 BUFFER=1 SUBPAGES=0/1 GAP_MS=63.083 HASH=2e0a4dca39858e0e
CYCLE=9 PAIR=18 BUFFER=2 SUBPAGES=0/1 GAP_MS=65.608 HASH=b61127ae5e3cea43
CYCLE=9 PAIR=19 BUFFER=3 SUBPAGES=0/1 GAP_MS=64.007 HASH=97f370107a25162c
TOTAL_PAIRS=200
ELAPSED_SECONDS=26.928
STAGE5_RUNTIME_CHECK=PASS
