I2C_DEVICE=/dev/i2c-5
I2C_ADDRESS=0x33
STATUS=0x0008
CONTROL=0x1901
ID=0x131a-0x4948-0x0190
EEPROM_WORDS=832
EEPROM_CHUNK_WORDS=32
EEPROM_FIRST_SECONDS=0.054984
EEPROM_SECOND_SECONDS=0.053889
EEPROM_MATCH=1
EEPROM_FILE=/tmp/mlx90640-eeprom-400k-be.bin
cc4628409b57ca3137065b10fd40c684fcef9d16ab493ace882710ad490185b2  /tmp/mlx90640-eeprom-400k-be.bin
I2C_DEVICE=/dev/i2c-5
I2C_ADDRESS=0x33
STATUS=0x0009
CONTROL=0x1901
ID=0x131a-0x4948-0x0190
EEPROM_WORDS=832
EEPROM_CHUNK_WORDS=32
EEPROM_FIRST_SECONDS=0.051716
EEPROM_SECOND_SECONDS=0.054059
EEPROM_MATCH=1
EEPROM_FILE=/tmp/mlx90640-eeprom-400k-be.bin
cc4628409b57ca3137065b10fd40c684fcef9d16ab493ace882710ad490185b2  /tmp/mlx90640-eeprom-400k-be.bin
I2C_DEVICE=/dev/i2c-5
I2C_ADDRESS=0x33
STATUS=0x0009
CONTROL=0x1901
ID=0x131a-0x4948-0x0190
EEPROM_WORDS=832
EEPROM_CHUNK_WORDS=32
EEPROM_FIRST_SECONDS=0.054752
EEPROM_SECOND_SECONDS=0.057259
EEPROM_MATCH=1
EEPROM_FILE=/tmp/mlx90640-eeprom-400k-be.bin
cc4628409b57ca3137065b10fd40c684fcef9d16ab493ace882710ad490185b2  /tmp/mlx90640-eeprom-400k-be.bin
I2C_DEVICE=/dev/i2c-5
I2C_ADDRESS=0x33
STATUS=0x0009
CONTROL=0x1901
ID=0x131a-0x4948-0x0190
EEPROM_WORDS=832
EEPROM_CHUNK_WORDS=32
EEPROM_FIRST_SECONDS=0.055349
EEPROM_SECOND_SECONDS=0.052221
EEPROM_MATCH=1
EEPROM_FILE=/tmp/mlx90640-eeprom-400k-be.bin
cc4628409b57ca3137065b10fd40c684fcef9d16ab493ace882710ad490185b2  /tmp/mlx90640-eeprom-400k-be.bin
I2C_DEVICE=/dev/i2c-5
I2C_ADDRESS=0x33
STATUS=0x0009
CONTROL=0x1901
ID=0x131a-0x4948-0x0190
EEPROM_WORDS=832
EEPROM_CHUNK_WORDS=32
EEPROM_FIRST_SECONDS=0.055677
EEPROM_SECOND_SECONDS=0.048521
EEPROM_MATCH=1
EEPROM_FILE=/tmp/mlx90640-eeprom-400k-be.bin
cc4628409b57ca3137065b10fd40c684fcef9d16ab493ace882710ad490185b2  /tmp/mlx90640-eeprom-400k-be.bin
I2C_DEVICE=/dev/i2c-5
I2C_ADDRESS=0x33
STATUS=0x0009
CONTROL=0x1901
ID=0x131a-0x4948-0x0190
EEPROM_WORDS=832
EEPROM_CHUNK_WORDS=32
EEPROM_FIRST_SECONDS=0.050165
EEPROM_SECOND_SECONDS=0.055057
EEPROM_MATCH=1
EEPROM_FILE=/tmp/mlx90640-eeprom-400k-be.bin
cc4628409b57ca3137065b10fd40c684fcef9d16ab493ace882710ad490185b2  /tmp/mlx90640-eeprom-400k-be.bin
I2C_DEVICE=/dev/i2c-5
I2C_ADDRESS=0x33
STATUS=0x0008
CONTROL=0x1901
ID=0x131a-0x4948-0x0190
EEPROM_WORDS=832
EEPROM_CHUNK_WORDS=32
EEPROM_FIRST_SECONDS=0.051077
EEPROM_SECOND_SECONDS=0.055470
EEPROM_MATCH=1
EEPROM_FILE=/tmp/mlx90640-eeprom-400k-be.bin
cc4628409b57ca3137065b10fd40c684fcef9d16ab493ace882710ad490185b2  /tmp/mlx90640-eeprom-400k-be.bin
I2C_DEVICE=/dev/i2c-5
I2C_ADDRESS=0x33
STATUS=0x0008
CONTROL=0x1901
ID=0x131a-0x4948-0x0190
EEPROM_WORDS=832
EEPROM_CHUNK_WORDS=32
EEPROM_FIRST_SECONDS=0.052979
EEPROM_SECOND_SECONDS=0.047983
EEPROM_MATCH=1
EEPROM_FILE=/tmp/mlx90640-eeprom-400k-be.bin
cc4628409b57ca3137065b10fd40c684fcef9d16ab493ace882710ad490185b2  /tmp/mlx90640-eeprom-400k-be.bin
I2C_DEVICE=/dev/i2c-5
I2C_ADDRESS=0x33
STATUS=0x0008
CONTROL=0x1901
ID=0x131a-0x4948-0x0190
EEPROM_WORDS=832
EEPROM_CHUNK_WORDS=32
EEPROM_FIRST_SECONDS=0.053443
EEPROM_SECOND_SECONDS=0.051101
EEPROM_MATCH=1
EEPROM_FILE=/tmp/mlx90640-eeprom-400k-be.bin
cc4628409b57ca3137065b10fd40c684fcef9d16ab493ace882710ad490185b2  /tmp/mlx90640-eeprom-400k-be.bin
I2C_DEVICE=/dev/i2c-5
I2C_ADDRESS=0x33
STATUS=0x0008
CONTROL=0x1901
ID=0x131a-0x4948-0x0190
EEPROM_WORDS=832
EEPROM_CHUNK_WORDS=32
EEPROM_FIRST_SECONDS=0.053795
EEPROM_SECOND_SECONDS=0.052199
EEPROM_MATCH=1
EEPROM_FILE=/tmp/mlx90640-eeprom-400k-be.bin
cc4628409b57ca3137065b10fd40c684fcef9d16ab493ace882710ad490185b2  /tmp/mlx90640-eeprom-400k-be.bin
I2C_DEVICE=/dev/i2c-5
I2C_ADDRESS=0x33
STATUS=0x0009
CONTROL=0x1901
ID=0x131a-0x4948-0x0190
EEPROM_WORDS=832
EEPROM_CHUNK_WORDS=32
EEPROM_FIRST_SECONDS=0.054298
EEPROM_SECOND_SECONDS=0.047172
EEPROM_MATCH=1
EEPROM_FILE=/tmp/mlx90640-eeprom-400k-be.bin
cc4628409b57ca3137065b10fd40c684fcef9d16ab493ace882710ad490185b2  /tmp/mlx90640-eeprom-400k-be.bin
I2C_DEVICE=/dev/i2c-5
I2C_ADDRESS=0x33
STATUS=0x0009
CONTROL=0x1901
ID=0x131a-0x4948-0x0190
EEPROM_WORDS=832
EEPROM_CHUNK_WORDS=32
EEPROM_FIRST_SECONDS=0.055017
EEPROM_SECOND_SECONDS=0.049619
EEPROM_MATCH=1
EEPROM_FILE=/tmp/mlx90640-eeprom-400k-be.bin
cc4628409b57ca3137065b10fd40c684fcef9d16ab493ace882710ad490185b2  /tmp/mlx90640-eeprom-400k-be.bin
I2C_DEVICE=/dev/i2c-5
I2C_ADDRESS=0x33
STATUS=0x0009
CONTROL=0x1901
ID=0x131a-0x4948-0x0190
EEPROM_WORDS=832
EEPROM_CHUNK_WORDS=32
EEPROM_FIRST_SECONDS=0.054693
EEPROM_SECOND_SECONDS=0.052030
EEPROM_MATCH=1
EEPROM_FILE=/tmp/mlx90640-eeprom-400k-be.bin
cc4628409b57ca3137065b10fd40c684fcef9d16ab493ace882710ad490185b2  /tmp/mlx90640-eeprom-400k-be.bin
I2C_DEVICE=/dev/i2c-5
I2C_ADDRESS=0x33
STATUS=0x0009
CONTROL=0x1901
ID=0x131a-0x4948-0x0190
EEPROM_WORDS=832
EEPROM_CHUNK_WORDS=32
EEPROM_FIRST_SECONDS=0.052286
EEPROM_SECOND_SECONDS=0.056225
EEPROM_MATCH=1
EEPROM_FILE=/tmp/mlx90640-eeprom-400k-be.bin
cc4628409b57ca3137065b10fd40c684fcef9d16ab493ace882710ad490185b2  /tmp/mlx90640-eeprom-400k-be.bin
I2C_DEVICE=/dev/i2c-5
I2C_ADDRESS=0x33
STATUS=0x0008
CONTROL=0x1901
ID=0x131a-0x4948-0x0190
EEPROM_WORDS=832
EEPROM_CHUNK_WORDS=32
EEPROM_FIRST_SECONDS=0.055172
EEPROM_SECOND_SECONDS=0.053875
EEPROM_MATCH=1
EEPROM_FILE=/tmp/mlx90640-eeprom-400k-be.bin
cc4628409b57ca3137065b10fd40c684fcef9d16ab493ace882710ad490185b2  /tmp/mlx90640-eeprom-400k-be.bin
I2C_DEVICE=/dev/i2c-5
I2C_ADDRESS=0x33
STATUS=0x0008
CONTROL=0x1901
ID=0x131a-0x4948-0x0190
EEPROM_WORDS=832
EEPROM_CHUNK_WORDS=32
EEPROM_FIRST_SECONDS=0.057135
EEPROM_SECOND_SECONDS=0.052662
EEPROM_MATCH=1
EEPROM_FILE=/tmp/mlx90640-eeprom-400k-be.bin
cc4628409b57ca3137065b10fd40c684fcef9d16ab493ace882710ad490185b2  /tmp/mlx90640-eeprom-400k-be.bin
I2C_DEVICE=/dev/i2c-5
I2C_ADDRESS=0x33
STATUS=0x0008
CONTROL=0x1901
ID=0x131a-0x4948-0x0190
EEPROM_WORDS=832
EEPROM_CHUNK_WORDS=32
EEPROM_FIRST_SECONDS=0.051934
EEPROM_SECOND_SECONDS=0.050196
EEPROM_MATCH=1
EEPROM_FILE=/tmp/mlx90640-eeprom-400k-be.bin
cc4628409b57ca3137065b10fd40c684fcef9d16ab493ace882710ad490185b2  /tmp/mlx90640-eeprom-400k-be.bin
I2C_DEVICE=/dev/i2c-5
I2C_ADDRESS=0x33
STATUS=0x0008
CONTROL=0x1901
ID=0x131a-0x4948-0x0190
EEPROM_WORDS=832
EEPROM_CHUNK_WORDS=32
EEPROM_FIRST_SECONDS=0.052613
EEPROM_SECOND_SECONDS=0.055258
EEPROM_MATCH=1
EEPROM_FILE=/tmp/mlx90640-eeprom-400k-be.bin
cc4628409b57ca3137065b10fd40c684fcef9d16ab493ace882710ad490185b2  /tmp/mlx90640-eeprom-400k-be.bin
I2C_DEVICE=/dev/i2c-5
I2C_ADDRESS=0x33
STATUS=0x0009
CONTROL=0x1901
ID=0x131a-0x4948-0x0190
EEPROM_WORDS=832
EEPROM_CHUNK_WORDS=32
EEPROM_FIRST_SECONDS=0.047378
EEPROM_SECOND_SECONDS=0.055471
EEPROM_MATCH=1
EEPROM_FILE=/tmp/mlx90640-eeprom-400k-be.bin
cc4628409b57ca3137065b10fd40c684fcef9d16ab493ace882710ad490185b2  /tmp/mlx90640-eeprom-400k-be.bin
I2C_DEVICE=/dev/i2c-5
I2C_ADDRESS=0x33
STATUS=0x0009
CONTROL=0x1901
ID=0x131a-0x4948-0x0190
EEPROM_WORDS=832
EEPROM_CHUNK_WORDS=32
EEPROM_FIRST_SECONDS=0.051342
EEPROM_SECOND_SECONDS=0.056641
EEPROM_MATCH=1
EEPROM_FILE=/tmp/mlx90640-eeprom-400k-be.bin
cc4628409b57ca3137065b10fd40c684fcef9d16ab493ace882710ad490185b2  /tmp/mlx90640-eeprom-400k-be.bin
