I2C_DEVICE=/dev/i2c-5
I2C_ADDRESS=0x33
ORIGINAL_CONTROL=0x1901
ACTIVE_CONTROL=0x1a81
MODE=CHESS
REFRESH_HZ=16.0
EXPECTED_SUBPAGE_PERIOD_MS=62.500
WARMUP_FRAME=0 SUBPAGE=0 STATUS=0x0008 READY_NS=445050249619 READ_MS=55.595 VALID=0
WARMUP_FRAME=1 SUBPAGE=1 STATUS=0x0009 READY_NS=445115439167 READ_MS=55.423 VALID=0
FRAME=0 SUBPAGE=0 STATUS=0x0008 READY_NS=445178838465 GAP_MS=0.000 READ_MS=54.172 VALID=1 HASH=0bcafa8ec09abd7a
FRAME=1 SUBPAGE=1 STATUS=0x0009 READY_NS=445242596221 GAP_MS=63.758 READ_MS=51.599 VALID=1 HASH=b579ec3cf074a025
FRAME=2 SUBPAGE=0 STATUS=0x0008 READY_NS=445305868353 GAP_MS=63.272 READ_MS=55.139 VALID=1 HASH=b20544ee52665062
FRAME=3 SUBPAGE=1 STATUS=0x0009 READY_NS=445370994609 GAP_MS=65.126 READ_MS=49.258 VALID=1 HASH=37938cfbaaa2292f
FRAME=4 SUBPAGE=0 STATUS=0x0008 READY_NS=445433917615 GAP_MS=62.923 READ_MS=49.205 VALID=1 HASH=c06f1f34f88df32a
FRAME=5 SUBPAGE=1 STATUS=0x0009 READY_NS=445498301872 GAP_MS=64.384 READ_MS=54.236 VALID=1 HASH=6522266ce33f0592
FRAME=6 SUBPAGE=0 STATUS=0x0008 READY_NS=445561987295 GAP_MS=63.685 READ_MS=52.028 VALID=1 HASH=a60fe2c1e1cb9b1a
FRAME=7 SUBPAGE=1 STATUS=0x0009 READY_NS=445625685260 GAP_MS=63.698 READ_MS=56.030 VALID=1 HASH=721d261dcf2ce943
FRAME=8 SUBPAGE=0 STATUS=0x0008 READY_NS=445689893058 GAP_MS=64.208 READ_MS=54.518 VALID=1 HASH=5f0b080ac6f20606
FRAME=9 SUBPAGE=1 STATUS=0x0009 READY_NS=445753504689 GAP_MS=63.612 READ_MS=53.447 VALID=1 HASH=681da2c261eebab9
FRAME=10 SUBPAGE=0 STATUS=0x0008 READY_NS=445817487612 GAP_MS=63.983 READ_MS=51.336 VALID=1 HASH=0bdbbf6126dbfd42
FRAME=11 SUBPAGE=1 STATUS=0x0009 READY_NS=445882680369 GAP_MS=65.193 READ_MS=51.493 VALID=1 HASH=c9f94f099a159dcd
FRAME=12 SUBPAGE=0 STATUS=0x0008 READY_NS=445945032292 GAP_MS=62.352 READ_MS=51.667 VALID=1 HASH=db948804935aa162
FRAME=13 SUBPAGE=1 STATUS=0x0009 READY_NS=446009964298 GAP_MS=64.932 READ_MS=54.723 VALID=1 HASH=c204793155774226
FRAME=14 SUBPAGE=0 STATUS=0x0008 READY_NS=446073001638 GAP_MS=63.037 READ_MS=54.493 VALID=1 HASH=4ca1b45abb298b79
FRAME=15 SUBPAGE=1 STATUS=0x0009 READY_NS=446137224603 GAP_MS=64.223 READ_MS=53.721 VALID=1 HASH=064fcd296dc4c5fd
FRAME=16 SUBPAGE=0 STATUS=0x0008 READY_NS=446201297359 GAP_MS=64.073 READ_MS=52.531 VALID=1 HASH=4aa49c62443f68cc
FRAME=17 SUBPAGE=1 STATUS=0x0009 READY_NS=446265095074 GAP_MS=63.798 READ_MS=56.018 VALID=1 HASH=3b0cf97bf892f772
FRAME=18 SUBPAGE=0 STATUS=0x0008 READY_NS=446329746497 GAP_MS=64.651 READ_MS=54.801 VALID=1 HASH=de2e6b8b8dea9c13
FRAME=19 SUBPAGE=1 STATUS=0x0009 READY_NS=446392787920 GAP_MS=63.041 READ_MS=52.963 VALID=1 HASH=eafa64616caea6b5
FRAMES=20
PAIRS=10
ALTERNATION_ERRORS=0
GAP_ERRORS=0
VALIDATION_ERRORS=0
MAX_GAP_MS=65.193
RESTORED_CONTROL=0x1901
