I2C_DEVICE=/dev/i2c-5
I2C_ADDRESS=0x33
ORIGINAL_CONTROL=0x1901
ACTIVE_CONTROL=0x1a01
MODE=CHESS
REFRESH_HZ=8.0
EXPECTED_SUBPAGE_PERIOD_MS=125.000
WARMUP_FRAME=0 SUBPAGE=0 STATUS=0x0008 READY_NS=442241325253 READ_MS=53.439 VALID=0
WARMUP_FRAME=1 SUBPAGE=1 STATUS=0x0009 READY_NS=442368578849 READ_MS=53.899 VALID=0
FRAME=0 SUBPAGE=0 STATUS=0x0008 READY_NS=442496348695 GAP_MS=0.000 READ_MS=52.759 VALID=1 HASH=601af88444cb210d
FRAME=1 SUBPAGE=1 STATUS=0x0009 READY_NS=442624455125 GAP_MS=128.106 READ_MS=52.584 VALID=1 HASH=3682f5d668c67484
FRAME=2 SUBPAGE=0 STATUS=0x0008 READY_NS=442751907638 GAP_MS=127.453 READ_MS=47.804 VALID=1 HASH=b9976ca73e8ed4b7
FRAME=3 SUBPAGE=1 STATUS=0x0009 READY_NS=442880119942 GAP_MS=128.212 READ_MS=57.445 VALID=1 HASH=70cda1c674597af3
FRAME=4 SUBPAGE=0 STATUS=0x0008 READY_NS=443008019288 GAP_MS=127.899 READ_MS=52.441 VALID=1 HASH=a5bdca1710ed266a
FRAME=5 SUBPAGE=1 STATUS=0x0009 READY_NS=443135454593 GAP_MS=127.435 READ_MS=50.036 VALID=1 HASH=3e6dd70d045174e3
FRAME=6 SUBPAGE=0 STATUS=0x0008 READY_NS=443263381647 GAP_MS=127.927 READ_MS=53.759 VALID=1 HASH=a646987a06dff942
FRAME=7 SUBPAGE=1 STATUS=0x0009 READY_NS=443391178035 GAP_MS=127.796 READ_MS=53.387 VALID=1 HASH=9a6216d659642a5e
FRAME=8 SUBPAGE=0 STATUS=0x0008 READY_NS=443517696340 GAP_MS=126.518 READ_MS=54.222 VALID=1 HASH=c77594ee311e3d9c
FRAME=9 SUBPAGE=1 STATUS=0x0009 READY_NS=443646637519 GAP_MS=128.941 READ_MS=52.213 VALID=1 HASH=1f77c617a50d5310
FRAME=10 SUBPAGE=0 STATUS=0x0008 READY_NS=443774219532 GAP_MS=127.582 READ_MS=54.465 VALID=1 HASH=aebfe7ff3032c611
FRAME=11 SUBPAGE=1 STATUS=0x0009 READY_NS=443900850128 GAP_MS=126.631 READ_MS=55.384 VALID=1 HASH=5908ec84cd9c87e6
FRAME=12 SUBPAGE=0 STATUS=0x0008 READY_NS=444029764183 GAP_MS=128.914 READ_MS=54.991 VALID=1 HASH=4110e6e921ae8a95
FRAME=13 SUBPAGE=1 STATUS=0x0009 READY_NS=444156299695 GAP_MS=126.536 READ_MS=52.503 VALID=1 HASH=5700d3443efd28c2
FRAME=14 SUBPAGE=0 STATUS=0x0008 READY_NS=444284035417 GAP_MS=127.736 READ_MS=49.800 VALID=1 HASH=529edf642910c5ca
FRAME=15 SUBPAGE=1 STATUS=0x0009 READY_NS=444411912304 GAP_MS=127.877 READ_MS=53.642 VALID=1 HASH=60c8655b88df1e5c
FRAME=16 SUBPAGE=0 STATUS=0x0008 READY_NS=444540653984 GAP_MS=128.742 READ_MS=52.926 VALID=1 HASH=03324d5a90a9587c
FRAME=17 SUBPAGE=1 STATUS=0x0009 READY_NS=444667213705 GAP_MS=126.560 READ_MS=52.561 VALID=1 HASH=a840622611982aaf
FRAME=18 SUBPAGE=0 STATUS=0x0008 READY_NS=444795939926 GAP_MS=128.726 READ_MS=51.658 VALID=1 HASH=839f9d0ecca2882a
FRAME=19 SUBPAGE=1 STATUS=0x0009 READY_NS=444923193814 GAP_MS=127.254 READ_MS=48.366 VALID=1 HASH=c382891af9b50160
FRAMES=20
PAIRS=10
ALTERNATION_ERRORS=0
GAP_ERRORS=0
VALIDATION_ERRORS=0
MAX_GAP_MS=128.941
RESTORED_CONTROL=0x1901
