DEVICE=/dev/video0
META_SIZE=3400
PAIRS_PER_CYCLE=800
CYCLES=1
HOLD_MS=0
CYCLE=0 PAIR=0 BUFFER=0 SUBPAGES=1/0 GAP_MS=63.677 HASH=7319e3bd42a647da
CYCLE=0 PAIR=1 BUFFER=1 SUBPAGES=1/0 GAP_MS=63.896 HASH=83e0beba47c32149
CYCLE=0 PAIR=2 BUFFER=2 SUBPAGES=1/0 GAP_MS=63.765 HASH=1b9c4e1dd7b98e53
CYCLE=0 PAIR=3 BUFFER=3 SUBPAGES=1/0 GAP_MS=63.941 HASH=4bdb448458fff314
CYCLE=0 PAIR=4 BUFFER=0 SUBPAGES=1/0 GAP_MS=64.649 HASH=07668d3ea6d66fc0
CYCLE=0 PAIR=5 BUFFER=1 SUBPAGES=1/0 GAP_MS=63.962 HASH=4a86c5e1cd258819
CYCLE=0 PAIR=6 BUFFER=2 SUBPAGES=1/0 GAP_MS=65.135 HASH=49ca152bf465a963
CYCLE=0 PAIR=7 BUFFER=3 SUBPAGES=1/0 GAP_MS=64.289 HASH=76d0f0758f99e0cd
CYCLE=0 PAIR=8 BUFFER=0 SUBPAGES=1/0 GAP_MS=63.129 HASH=147ef8b7d6f0f7ba
CYCLE=0 PAIR=9 BUFFER=1 SUBPAGES=1/0 GAP_MS=63.220 HASH=5a7ee4ae9daf37d4
CYCLE=0 PAIR=10 BUFFER=2 SUBPAGES=1/0 GAP_MS=63.684 HASH=df6e8ba629be75ff
CYCLE=0 PAIR=11 BUFFER=3 SUBPAGES=1/0 GAP_MS=62.985 HASH=649974a5dc4f9e94
CYCLE=0 PAIR=12 BUFFER=0 SUBPAGES=1/0 GAP_MS=64.465 HASH=8fc524dddda92a84
CYCLE=0 PAIR=13 BUFFER=1 SUBPAGES=1/0 GAP_MS=64.384 HASH=f165c6b92864702e
CYCLE=0 PAIR=14 BUFFER=2 SUBPAGES=1/0 GAP_MS=62.700 HASH=e1530ca1d858f6d3
CYCLE=0 PAIR=15 BUFFER=3 SUBPAGES=1/0 GAP_MS=63.287 HASH=da42a3edfb5abf1d
CYCLE=0 PAIR=16 BUFFER=0 SUBPAGES=1/0 GAP_MS=62.676 HASH=e15337b8cb965a2b
CYCLE=0 PAIR=17 BUFFER=1 SUBPAGES=1/0 GAP_MS=63.651 HASH=ef1d29771506bd49
CYCLE=0 PAIR=18 BUFFER=2 SUBPAGES=1/0 GAP_MS=64.129 HASH=768a418712dd5be0
CYCLE=0 PAIR=19 BUFFER=3 SUBPAGES=1/0 GAP_MS=63.088 HASH=72f5052f730f404b
CYCLE=0 PAIR=20 BUFFER=0 SUBPAGES=1/0 GAP_MS=64.425 HASH=00788c8955aa5c37
CYCLE=0 PAIR=21 BUFFER=1 SUBPAGES=1/0 GAP_MS=62.966 HASH=bb798618d1da4f78
CYCLE=0 PAIR=22 BUFFER=2 SUBPAGES=1/0 GAP_MS=62.923 HASH=887fe0eecf632cdd
CYCLE=0 PAIR=23 BUFFER=3 SUBPAGES=1/0 GAP_MS=63.799 HASH=9955f078068af882
CYCLE=0 PAIR=24 BUFFER=0 SUBPAGES=1/0 GAP_MS=60.687 HASH=ab49877b9a991d68
CYCLE=0 PAIR=25 BUFFER=1 SUBPAGES=1/0 GAP_MS=63.644 HASH=2e01e5e35e483048
CYCLE=0 PAIR=26 BUFFER=2 SUBPAGES=1/0 GAP_MS=63.459 HASH=14e87b30ea877401
CYCLE=0 PAIR=27 BUFFER=3 SUBPAGES=1/0 GAP_MS=63.884 HASH=04750b3763448ce8
CYCLE=0 PAIR=28 BUFFER=0 SUBPAGES=1/0 GAP_MS=63.014 HASH=1d9e46410e5be2bc
CYCLE=0 PAIR=29 BUFFER=1 SUBPAGES=1/0 GAP_MS=63.225 HASH=111eb45949847182
CYCLE=0 PAIR=30 BUFFER=2 SUBPAGES=1/0 GAP_MS=62.220 HASH=f29bd0cea0bbbbd7
CYCLE=0 PAIR=31 BUFFER=3 SUBPAGES=1/0 GAP_MS=64.366 HASH=6c43a6ec2eef84a0
CYCLE=0 PAIR=32 BUFFER=0 SUBPAGES=1/0 GAP_MS=64.834 HASH=66d275fe06762ad3
CYCLE=0 PAIR=33 BUFFER=1 SUBPAGES=1/0 GAP_MS=63.451 HASH=ca4c859bbccfbdfa
CYCLE=0 PAIR=34 BUFFER=2 SUBPAGES=1/0 GAP_MS=63.508 HASH=1f38456f64e0197b
CYCLE=0 PAIR=35 BUFFER=3 SUBPAGES=1/0 GAP_MS=62.752 HASH=77df11810a40b75e
CYCLE=0 PAIR=36 BUFFER=0 SUBPAGES=1/0 GAP_MS=63.700 HASH=69ab167f60c02449
CYCLE=0 PAIR=37 BUFFER=1 SUBPAGES=1/0 GAP_MS=63.755 HASH=cd4c3aa486f39cf4
CYCLE=0 PAIR=38 BUFFER=2 SUBPAGES=1/0 GAP_MS=62.879 HASH=0ba714ea72e6f001
CYCLE=0 PAIR=39 BUFFER=3 SUBPAGES=1/0 GAP_MS=63.258 HASH=ba9012d6dccfc351
CYCLE=0 PAIR=40 BUFFER=0 SUBPAGES=1/0 GAP_MS=62.933 HASH=0d4dbda633ebde9c
CYCLE=0 PAIR=41 BUFFER=1 SUBPAGES=1/0 GAP_MS=63.528 HASH=b1d741c5270fd1e1
CYCLE=0 PAIR=42 BUFFER=2 SUBPAGES=1/0 GAP_MS=64.705 HASH=6e40ab3b968cd790
CYCLE=0 PAIR=43 BUFFER=3 SUBPAGES=1/0 GAP_MS=64.497 HASH=2b0e6ff115eac30e
CYCLE=0 PAIR=44 BUFFER=0 SUBPAGES=1/0 GAP_MS=63.385 HASH=563f3778ebb8a0fb
CYCLE=0 PAIR=45 BUFFER=1 SUBPAGES=1/0 GAP_MS=63.509 HASH=571be00e8c438f92
CYCLE=0 PAIR=46 BUFFER=2 SUBPAGES=1/0 GAP_MS=64.467 HASH=07fa417b4c37c6bf
CYCLE=0 PAIR=47 BUFFER=3 SUBPAGES=1/0 GAP_MS=65.476 HASH=58acf9df36c9364c
CYCLE=0 PAIR=48 BUFFER=0 SUBPAGES=1/0 GAP_MS=62.849 HASH=a6613f9d51c34571
CYCLE=0 PAIR=49 BUFFER=1 SUBPAGES=1/0 GAP_MS=64.913 HASH=e77353d09f8fc620
CYCLE=0 PAIR=50 BUFFER=2 SUBPAGES=1/0 GAP_MS=62.770 HASH=e950e39623ca4c96
CYCLE=0 PAIR=51 BUFFER=3 SUBPAGES=1/0 GAP_MS=64.645 HASH=85cfb53241f74f57
CYCLE=0 PAIR=52 BUFFER=0 SUBPAGES=1/0 GAP_MS=63.322 HASH=96086dd12da34432
CYCLE=0 PAIR=53 BUFFER=1 SUBPAGES=1/0 GAP_MS=63.636 HASH=9e6743f71d593eda
CYCLE=0 PAIR=54 BUFFER=2 SUBPAGES=1/0 GAP_MS=63.144 HASH=50c90a51568764a2
CYCLE=0 PAIR=55 BUFFER=3 SUBPAGES=1/0 GAP_MS=65.413 HASH=6088a0c9cac6ce37
CYCLE=0 PAIR=56 BUFFER=0 SUBPAGES=1/0 GAP_MS=64.474 HASH=02b3b993a3525889
CYCLE=0 PAIR=57 BUFFER=1 SUBPAGES=1/0 GAP_MS=63.386 HASH=7368fc8234c72013
CYCLE=0 PAIR=58 BUFFER=2 SUBPAGES=1/0 GAP_MS=64.526 HASH=ddefa0f19c9ce229
CYCLE=0 PAIR=59 BUFFER=3 SUBPAGES=1/0 GAP_MS=64.443 HASH=cf9e37817b8b1b13
CYCLE=0 PAIR=60 BUFFER=0 SUBPAGES=1/0 GAP_MS=64.094 HASH=09e081f71c3681e7
CYCLE=0 PAIR=61 BUFFER=1 SUBPAGES=1/0 GAP_MS=62.775 HASH=80091e48544d2f93
CYCLE=0 PAIR=62 BUFFER=2 SUBPAGES=1/0 GAP_MS=63.443 HASH=20cb9ffc946b9a66
CYCLE=0 PAIR=63 BUFFER=3 SUBPAGES=1/0 GAP_MS=63.856 HASH=e86ca8118047bded
CYCLE=0 PAIR=64 BUFFER=0 SUBPAGES=1/0 GAP_MS=65.185 HASH=026e96a4534dfffd
CYCLE=0 PAIR=65 BUFFER=1 SUBPAGES=1/0 GAP_MS=64.513 HASH=f8664a6f967696d8
CYCLE=0 PAIR=66 BUFFER=2 SUBPAGES=1/0 GAP_MS=65.110 HASH=ee858d9a50973d64
CYCLE=0 PAIR=67 BUFFER=3 SUBPAGES=1/0 GAP_MS=63.953 HASH=d11b4b4be7d3e00a
CYCLE=0 PAIR=68 BUFFER=0 SUBPAGES=1/0 GAP_MS=62.663 HASH=3158bd54bc336e2b
CYCLE=0 PAIR=69 BUFFER=1 SUBPAGES=1/0 GAP_MS=63.658 HASH=29e4adf78cc3aca8
CYCLE=0 PAIR=70 BUFFER=2 SUBPAGES=1/0 GAP_MS=62.982 HASH=89b7fe41942e7057
CYCLE=0 PAIR=71 BUFFER=3 SUBPAGES=1/0 GAP_MS=63.547 HASH=6218091aba7bdbc5
CYCLE=0 PAIR=72 BUFFER=0 SUBPAGES=1/0 GAP_MS=63.170 HASH=6450bba5b3b9a2bb
CYCLE=0 PAIR=73 BUFFER=1 SUBPAGES=1/0 GAP_MS=65.040 HASH=ef5cc7fc4fa5f719
CYCLE=0 PAIR=74 BUFFER=2 SUBPAGES=1/0 GAP_MS=63.492 HASH=4cddf06ff0be4c35
CYCLE=0 PAIR=75 BUFFER=3 SUBPAGES=1/0 GAP_MS=63.617 HASH=511aa31a4aedfd9a
CYCLE=0 PAIR=76 BUFFER=0 SUBPAGES=1/0 GAP_MS=65.671 HASH=4d86dd424720a12b
CYCLE=0 PAIR=77 BUFFER=1 SUBPAGES=1/0 GAP_MS=65.517 HASH=a0e87070e0db1570
CYCLE=0 PAIR=78 BUFFER=2 SUBPAGES=1/0 GAP_MS=63.800 HASH=b638820cd2c9b8a6
CYCLE=0 PAIR=79 BUFFER=3 SUBPAGES=1/0 GAP_MS=63.481 HASH=93ffe0d942e8d1c7
CYCLE=0 PAIR=80 BUFFER=0 SUBPAGES=1/0 GAP_MS=65.142 HASH=ec91d62ee6097525
CYCLE=0 PAIR=81 BUFFER=1 SUBPAGES=1/0 GAP_MS=64.330 HASH=98c779af0dde0bff
CYCLE=0 PAIR=82 BUFFER=2 SUBPAGES=1/0 GAP_MS=63.968 HASH=8ea31340e918188c
CYCLE=0 PAIR=83 BUFFER=3 SUBPAGES=1/0 GAP_MS=64.541 HASH=743b478768d9c8b7
CYCLE=0 PAIR=84 BUFFER=0 SUBPAGES=1/0 GAP_MS=64.147 HASH=069b7a07487bb149
CYCLE=0 PAIR=85 BUFFER=1 SUBPAGES=1/0 GAP_MS=64.010 HASH=63e1fab839696488
CYCLE=0 PAIR=86 BUFFER=2 SUBPAGES=1/0 GAP_MS=64.486 HASH=3217d58eb1d88f5a
CYCLE=0 PAIR=87 BUFFER=3 SUBPAGES=1/0 GAP_MS=62.854 HASH=026db70d398ecae0
CYCLE=0 PAIR=88 BUFFER=0 SUBPAGES=1/0 GAP_MS=63.806 HASH=8e5eb78f370619f8
CYCLE=0 PAIR=89 BUFFER=1 SUBPAGES=1/0 GAP_MS=64.679 HASH=897d687c8ce093ab
CYCLE=0 PAIR=90 BUFFER=2 SUBPAGES=1/0 GAP_MS=64.486 HASH=f66bf320d28eca04
CYCLE=0 PAIR=91 BUFFER=3 SUBPAGES=1/0 GAP_MS=62.271 HASH=1b755bbf7ae22e6f
CYCLE=0 PAIR=92 BUFFER=0 SUBPAGES=1/0 GAP_MS=64.687 HASH=241b4de1ebb78e96
CYCLE=0 PAIR=93 BUFFER=1 SUBPAGES=1/0 GAP_MS=64.107 HASH=2a57202c48a720e9
CYCLE=0 PAIR=94 BUFFER=2 SUBPAGES=1/0 GAP_MS=63.114 HASH=7a6b1bf8fbc97ced
CYCLE=0 PAIR=95 BUFFER=3 SUBPAGES=1/0 GAP_MS=64.938 HASH=a2181b84591328b2
CYCLE=0 PAIR=96 BUFFER=0 SUBPAGES=1/0 GAP_MS=63.750 HASH=b5229247b90f6226
CYCLE=0 PAIR=97 BUFFER=1 SUBPAGES=1/0 GAP_MS=64.649 HASH=66fc7c71ac0f0034
CYCLE=0 PAIR=98 BUFFER=2 SUBPAGES=1/0 GAP_MS=64.873 HASH=4c50014deb5a4763
CYCLE=0 PAIR=99 BUFFER=3 SUBPAGES=1/0 GAP_MS=65.636 HASH=b54845d13640658e
CYCLE=0 PAIR=100 BUFFER=0 SUBPAGES=1/0 GAP_MS=63.601 HASH=86860b7719279a23
CYCLE=0 PAIR=101 BUFFER=1 SUBPAGES=1/0 GAP_MS=62.906 HASH=755d53e8e08cf07e
CYCLE=0 PAIR=102 BUFFER=2 SUBPAGES=1/0 GAP_MS=64.719 HASH=a0da50ccd92a27eb
CYCLE=0 PAIR=103 BUFFER=3 SUBPAGES=1/0 GAP_MS=64.108 HASH=ec98a6d4da9f3289
CYCLE=0 PAIR=104 BUFFER=0 SUBPAGES=1/0 GAP_MS=63.453 HASH=ca7aa40d233e3259
CYCLE=0 PAIR=105 BUFFER=1 SUBPAGES=1/0 GAP_MS=64.245 HASH=f25a816ba8e082b1
CYCLE=0 PAIR=106 BUFFER=2 SUBPAGES=1/0 GAP_MS=64.881 HASH=7ca3e81154839157
CYCLE=0 PAIR=107 BUFFER=3 SUBPAGES=1/0 GAP_MS=63.159 HASH=e692b60253107c33
CYCLE=0 PAIR=108 BUFFER=0 SUBPAGES=1/0 GAP_MS=64.028 HASH=f30b712c9aafe4ca
CYCLE=0 PAIR=109 BUFFER=1 SUBPAGES=1/0 GAP_MS=64.856 HASH=aa806f6c839af039
CYCLE=0 PAIR=110 BUFFER=2 SUBPAGES=1/0 GAP_MS=65.293 HASH=4df300c39938e694
CYCLE=0 PAIR=111 BUFFER=3 SUBPAGES=1/0 GAP_MS=62.616 HASH=7515f44f319313dc
CYCLE=0 PAIR=112 BUFFER=0 SUBPAGES=1/0 GAP_MS=65.248 HASH=6e2d6635f0c60cb1
CYCLE=0 PAIR=113 BUFFER=1 SUBPAGES=1/0 GAP_MS=63.106 HASH=a05e7605298f81dc
CYCLE=0 PAIR=114 BUFFER=2 SUBPAGES=1/0 GAP_MS=64.021 HASH=349a8da22265f348
CYCLE=0 PAIR=115 BUFFER=3 SUBPAGES=1/0 GAP_MS=65.175 HASH=186d238c82c5bb92
CYCLE=0 PAIR=116 BUFFER=0 SUBPAGES=1/0 GAP_MS=64.111 HASH=7c58a4ecea65f88a
CYCLE=0 PAIR=117 BUFFER=1 SUBPAGES=1/0 GAP_MS=62.509 HASH=982d6ea0971973d5
CYCLE=0 PAIR=118 BUFFER=2 SUBPAGES=1/0 GAP_MS=63.249 HASH=10818651dc820609
CYCLE=0 PAIR=119 BUFFER=3 SUBPAGES=1/0 GAP_MS=64.633 HASH=7841328470d82d87
CYCLE=0 PAIR=120 BUFFER=0 SUBPAGES=1/0 GAP_MS=64.556 HASH=d2cebc476da00d40
CYCLE=0 PAIR=121 BUFFER=1 SUBPAGES=1/0 GAP_MS=64.453 HASH=0384eef5e8924b7d
CYCLE=0 PAIR=122 BUFFER=2 SUBPAGES=1/0 GAP_MS=64.175 HASH=0d8e7c908e9c125a
CYCLE=0 PAIR=123 BUFFER=3 SUBPAGES=1/0 GAP_MS=63.157 HASH=ebb22a2e6d0d3ed8
CYCLE=0 PAIR=124 BUFFER=0 SUBPAGES=1/0 GAP_MS=63.700 HASH=eec16fd64c8fe3fd
CYCLE=0 PAIR=125 BUFFER=1 SUBPAGES=1/0 GAP_MS=63.789 HASH=8def54ddaf263509
CYCLE=0 PAIR=126 BUFFER=2 SUBPAGES=1/0 GAP_MS=63.900 HASH=a9a15f8c07b1ea5f
CYCLE=0 PAIR=127 BUFFER=3 SUBPAGES=1/0 GAP_MS=64.840 HASH=6cb0869c62717876
CYCLE=0 PAIR=128 BUFFER=0 SUBPAGES=1/0 GAP_MS=63.523 HASH=0bfbdad5dbce9ed1
CYCLE=0 PAIR=129 BUFFER=1 SUBPAGES=1/0 GAP_MS=65.000 HASH=e7b41f63046ffd52
CYCLE=0 PAIR=130 BUFFER=2 SUBPAGES=1/0 GAP_MS=64.904 HASH=f62587a1fa51edb5
CYCLE=0 PAIR=131 BUFFER=3 SUBPAGES=1/0 GAP_MS=64.157 HASH=b9254e1cb9268b8e
CYCLE=0 PAIR=132 BUFFER=0 SUBPAGES=1/0 GAP_MS=64.267 HASH=78c26ec3d042b3f7
CYCLE=0 PAIR=133 BUFFER=1 SUBPAGES=1/0 GAP_MS=64.174 HASH=0f50d985c1386448
CYCLE=0 PAIR=134 BUFFER=2 SUBPAGES=1/0 GAP_MS=64.009 HASH=1964e62e241719da
CYCLE=0 PAIR=135 BUFFER=3 SUBPAGES=1/0 GAP_MS=63.812 HASH=ec260ba7a46eb4b4
CYCLE=0 PAIR=136 BUFFER=0 SUBPAGES=1/0 GAP_MS=63.061 HASH=f4cffc24e44f5791
CYCLE=0 PAIR=137 BUFFER=1 SUBPAGES=1/0 GAP_MS=62.820 HASH=abceb3640cb350ff
CYCLE=0 PAIR=138 BUFFER=2 SUBPAGES=1/0 GAP_MS=63.510 HASH=936028c4fb84bfa2
CYCLE=0 PAIR=139 BUFFER=3 SUBPAGES=1/0 GAP_MS=64.078 HASH=94495e6c5d5b70b3
CYCLE=0 PAIR=140 BUFFER=0 SUBPAGES=1/0 GAP_MS=65.024 HASH=10612a7f324b8067
CYCLE=0 PAIR=141 BUFFER=1 SUBPAGES=1/0 GAP_MS=62.492 HASH=536c764d01899258
CYCLE=0 PAIR=142 BUFFER=2 SUBPAGES=1/0 GAP_MS=64.641 HASH=e5e89f43c81617d2
CYCLE=0 PAIR=143 BUFFER=3 SUBPAGES=1/0 GAP_MS=65.141 HASH=6d5bf6c2998424d9
CYCLE=0 PAIR=144 BUFFER=0 SUBPAGES=1/0 GAP_MS=64.800 HASH=6d8dcc4f7adec205
CYCLE=0 PAIR=145 BUFFER=1 SUBPAGES=1/0 GAP_MS=64.967 HASH=b2b777e19a5c8df5
CYCLE=0 PAIR=146 BUFFER=2 SUBPAGES=1/0 GAP_MS=64.293 HASH=b668f4153f4ba8b5
CYCLE=0 PAIR=147 BUFFER=3 SUBPAGES=1/0 GAP_MS=65.879 HASH=c6347361e4dd94cf
CYCLE=0 PAIR=148 BUFFER=0 SUBPAGES=1/0 GAP_MS=65.174 HASH=cd6a17aa53d35b4b
CYCLE=0 PAIR=149 BUFFER=1 SUBPAGES=1/0 GAP_MS=63.816 HASH=1e1976bdb4f4b751
CYCLE=0 PAIR=150 BUFFER=2 SUBPAGES=1/0 GAP_MS=61.910 HASH=d371a27ac409c479
CYCLE=0 PAIR=151 BUFFER=3 SUBPAGES=1/0 GAP_MS=64.625 HASH=b65a04bbd5b29a65
CYCLE=0 PAIR=152 BUFFER=0 SUBPAGES=1/0 GAP_MS=64.884 HASH=6a3792c87662f496
CYCLE=0 PAIR=153 BUFFER=1 SUBPAGES=1/0 GAP_MS=65.684 HASH=9b7bad05d4af9b45
CYCLE=0 PAIR=154 BUFFER=2 SUBPAGES=1/0 GAP_MS=63.397 HASH=a6e9f83e2efbe986
CYCLE=0 PAIR=155 BUFFER=3 SUBPAGES=1/0 GAP_MS=64.206 HASH=2d4096cd5629c494
CYCLE=0 PAIR=156 BUFFER=0 SUBPAGES=1/0 GAP_MS=63.395 HASH=4c8cdf7e6813478b
CYCLE=0 PAIR=157 BUFFER=1 SUBPAGES=1/0 GAP_MS=64.158 HASH=b2e3a542f5636f7f
CYCLE=0 PAIR=158 BUFFER=2 SUBPAGES=1/0 GAP_MS=63.865 HASH=d76b86811debde48
CYCLE=0 PAIR=159 BUFFER=3 SUBPAGES=1/0 GAP_MS=64.087 HASH=64aa7bb2d3cb38bd
CYCLE=0 PAIR=160 BUFFER=0 SUBPAGES=1/0 GAP_MS=63.231 HASH=3bd129b123d519c4
CYCLE=0 PAIR=161 BUFFER=1 SUBPAGES=1/0 GAP_MS=64.774 HASH=48c41947277a226e
CYCLE=0 PAIR=162 BUFFER=2 SUBPAGES=1/0 GAP_MS=65.350 HASH=058c595ff5c6d22b
CYCLE=0 PAIR=163 BUFFER=3 SUBPAGES=1/0 GAP_MS=63.945 HASH=e551875b09c46b99
CYCLE=0 PAIR=164 BUFFER=0 SUBPAGES=1/0 GAP_MS=63.834 HASH=a8c196a65e915373
CYCLE=0 PAIR=165 BUFFER=1 SUBPAGES=1/0 GAP_MS=63.832 HASH=dba4f785cd174f6d
CYCLE=0 PAIR=166 BUFFER=2 SUBPAGES=1/0 GAP_MS=64.875 HASH=49833492254ef722
CYCLE=0 PAIR=167 BUFFER=3 SUBPAGES=1/0 GAP_MS=64.119 HASH=119df6fe466a8206
CYCLE=0 PAIR=168 BUFFER=0 SUBPAGES=1/0 GAP_MS=63.895 HASH=f63b236c9b2cc759
CYCLE=0 PAIR=169 BUFFER=1 SUBPAGES=1/0 GAP_MS=64.845 HASH=9f9b3d2d50abbb5d
CYCLE=0 PAIR=170 BUFFER=2 SUBPAGES=1/0 GAP_MS=63.285 HASH=16a965fc2e138161
CYCLE=0 PAIR=171 BUFFER=3 SUBPAGES=1/0 GAP_MS=63.130 HASH=113fefea5d5081f9
CYCLE=0 PAIR=172 BUFFER=0 SUBPAGES=1/0 GAP_MS=64.488 HASH=2b4196e6d5d51c12
CYCLE=0 PAIR=173 BUFFER=1 SUBPAGES=1/0 GAP_MS=64.103 HASH=22769b90b3907ed0
CYCLE=0 PAIR=174 BUFFER=2 SUBPAGES=1/0 GAP_MS=63.428 HASH=a99f0780e839f38e
CYCLE=0 PAIR=175 BUFFER=3 SUBPAGES=1/0 GAP_MS=64.360 HASH=d538af7da2490756
CYCLE=0 PAIR=176 BUFFER=0 SUBPAGES=1/0 GAP_MS=64.591 HASH=5be4d6f8ee796ebe
CYCLE=0 PAIR=177 BUFFER=1 SUBPAGES=1/0 GAP_MS=65.266 HASH=eb5cde9d7deb6d9b
CYCLE=0 PAIR=178 BUFFER=2 SUBPAGES=1/0 GAP_MS=65.374 HASH=115f2055ff30e3ac
CYCLE=0 PAIR=179 BUFFER=3 SUBPAGES=1/0 GAP_MS=63.165 HASH=d34af4866dc5d468
CYCLE=0 PAIR=180 BUFFER=0 SUBPAGES=1/0 GAP_MS=62.720 HASH=3007cced7f3fdc7a
CYCLE=0 PAIR=181 BUFFER=1 SUBPAGES=1/0 GAP_MS=65.258 HASH=ea01ae49c1771055
CYCLE=0 PAIR=182 BUFFER=2 SUBPAGES=1/0 GAP_MS=65.641 HASH=626be14ca5fcbd1e
CYCLE=0 PAIR=183 BUFFER=3 SUBPAGES=1/0 GAP_MS=63.510 HASH=e1a77f4066d9e8ac
CYCLE=0 PAIR=184 BUFFER=0 SUBPAGES=1/0 GAP_MS=65.826 HASH=2a3570b3262320f7
CYCLE=0 PAIR=185 BUFFER=1 SUBPAGES=1/0 GAP_MS=61.872 HASH=09d7505646755dbe
CYCLE=0 PAIR=186 BUFFER=2 SUBPAGES=1/0 GAP_MS=64.324 HASH=b2f1d90f231e9715
CYCLE=0 PAIR=187 BUFFER=3 SUBPAGES=1/0 GAP_MS=63.535 HASH=eba16c3de5e93e07
CYCLE=0 PAIR=188 BUFFER=0 SUBPAGES=1/0 GAP_MS=62.931 HASH=cb9360f13aa5aab3
CYCLE=0 PAIR=189 BUFFER=1 SUBPAGES=1/0 GAP_MS=63.396 HASH=d2b96433bcba0103
CYCLE=0 PAIR=190 BUFFER=2 SUBPAGES=1/0 GAP_MS=62.761 HASH=cd33ee8e980ecdde
CYCLE=0 PAIR=191 BUFFER=3 SUBPAGES=1/0 GAP_MS=64.357 HASH=7375f4a7c82962da
CYCLE=0 PAIR=192 BUFFER=0 SUBPAGES=1/0 GAP_MS=65.199 HASH=ce5a03e2193a3c59
CYCLE=0 PAIR=193 BUFFER=1 SUBPAGES=1/0 GAP_MS=64.869 HASH=1c7f7a5149373c9d
CYCLE=0 PAIR=194 BUFFER=2 SUBPAGES=1/0 GAP_MS=64.127 HASH=6eebfe227fcc503b
CYCLE=0 PAIR=195 BUFFER=3 SUBPAGES=1/0 GAP_MS=63.399 HASH=6222b2d6d546748c
CYCLE=0 PAIR=196 BUFFER=0 SUBPAGES=1/0 GAP_MS=65.361 HASH=827b3cf6454d29c8
CYCLE=0 PAIR=197 BUFFER=1 SUBPAGES=1/0 GAP_MS=63.764 HASH=86f5b77c10d03075
CYCLE=0 PAIR=198 BUFFER=2 SUBPAGES=1/0 GAP_MS=63.735 HASH=1172a6a7e2caae09
CYCLE=0 PAIR=199 BUFFER=3 SUBPAGES=1/0 GAP_MS=65.816 HASH=4c1e32c76b7d93d9
CYCLE=0 PAIR=200 BUFFER=0 SUBPAGES=1/0 GAP_MS=64.471 HASH=8e3d16988d4863ee
CYCLE=0 PAIR=201 BUFFER=1 SUBPAGES=1/0 GAP_MS=63.922 HASH=76c0f04e80fe10a1
CYCLE=0 PAIR=202 BUFFER=2 SUBPAGES=1/0 GAP_MS=64.756 HASH=6b902e9673f3ca57
CYCLE=0 PAIR=203 BUFFER=3 SUBPAGES=1/0 GAP_MS=64.505 HASH=d086cdea3a6e37f8
CYCLE=0 PAIR=204 BUFFER=0 SUBPAGES=1/0 GAP_MS=62.937 HASH=d0ca224fa3c733be
CYCLE=0 PAIR=205 BUFFER=1 SUBPAGES=1/0 GAP_MS=64.494 HASH=a18b20d700aa8d2c
CYCLE=0 PAIR=206 BUFFER=2 SUBPAGES=1/0 GAP_MS=63.999 HASH=15e049107eec8d9e
CYCLE=0 PAIR=207 BUFFER=3 SUBPAGES=1/0 GAP_MS=63.931 HASH=fd44ff6e418a8448
CYCLE=0 PAIR=208 BUFFER=0 SUBPAGES=1/0 GAP_MS=65.643 HASH=ab00cdaa0513cbeb
CYCLE=0 PAIR=209 BUFFER=1 SUBPAGES=1/0 GAP_MS=64.561 HASH=114d2aaf2b2e66d5
CYCLE=0 PAIR=210 BUFFER=2 SUBPAGES=1/0 GAP_MS=63.753 HASH=57c6f4f168763401
CYCLE=0 PAIR=211 BUFFER=3 SUBPAGES=1/0 GAP_MS=64.592 HASH=b9dd115c696ed68b
CYCLE=0 PAIR=212 BUFFER=0 SUBPAGES=1/0 GAP_MS=64.388 HASH=dfb044ebadd7cfec
CYCLE=0 PAIR=213 BUFFER=1 SUBPAGES=1/0 GAP_MS=63.988 HASH=0fa0363cf39706fb
CYCLE=0 PAIR=214 BUFFER=2 SUBPAGES=1/0 GAP_MS=64.027 HASH=ec390d4f42b416f9
CYCLE=0 PAIR=215 BUFFER=3 SUBPAGES=1/0 GAP_MS=62.656 HASH=2c1a0ed133d270c9
CYCLE=0 PAIR=216 BUFFER=0 SUBPAGES=1/0 GAP_MS=63.131 HASH=0bc5b727ff637f40
CYCLE=0 PAIR=217 BUFFER=1 SUBPAGES=1/0 GAP_MS=62.808 HASH=0e50378a457a25f5
CYCLE=0 PAIR=218 BUFFER=2 SUBPAGES=1/0 GAP_MS=64.172 HASH=71427baee280bfa4
CYCLE=0 PAIR=219 BUFFER=3 SUBPAGES=1/0 GAP_MS=64.467 HASH=c3ba74f087f6b271
CYCLE=0 PAIR=220 BUFFER=0 SUBPAGES=1/0 GAP_MS=63.244 HASH=e3bf1d060f127f66
CYCLE=0 PAIR=221 BUFFER=1 SUBPAGES=1/0 GAP_MS=64.413 HASH=c74350f2ae1f7e92
CYCLE=0 PAIR=222 BUFFER=2 SUBPAGES=1/0 GAP_MS=63.326 HASH=06a7e7e9660ed88b
CYCLE=0 PAIR=223 BUFFER=3 SUBPAGES=1/0 GAP_MS=64.497 HASH=18d935478a6eb999
CYCLE=0 PAIR=224 BUFFER=0 SUBPAGES=1/0 GAP_MS=64.725 HASH=f93a1c727d6fd52a
CYCLE=0 PAIR=225 BUFFER=1 SUBPAGES=1/0 GAP_MS=63.555 HASH=1f28382fbad89150
CYCLE=0 PAIR=226 BUFFER=2 SUBPAGES=1/0 GAP_MS=65.099 HASH=a258ad832ea17db9
CYCLE=0 PAIR=227 BUFFER=3 SUBPAGES=1/0 GAP_MS=63.868 HASH=a97143c203dc5a97
CYCLE=0 PAIR=228 BUFFER=0 SUBPAGES=1/0 GAP_MS=65.667 HASH=cd550f1a5859b280
CYCLE=0 PAIR=229 BUFFER=1 SUBPAGES=1/0 GAP_MS=65.293 HASH=a9dcbbd96b35167c
CYCLE=0 PAIR=230 BUFFER=2 SUBPAGES=1/0 GAP_MS=64.111 HASH=5e6eb3835f026278
CYCLE=0 PAIR=231 BUFFER=3 SUBPAGES=1/0 GAP_MS=63.218 HASH=0e2ac3c83252cf17
CYCLE=0 PAIR=232 BUFFER=0 SUBPAGES=1/0 GAP_MS=63.113 HASH=538820b12401344a
CYCLE=0 PAIR=233 BUFFER=1 SUBPAGES=1/0 GAP_MS=62.678 HASH=c8e8c1288f918298
CYCLE=0 PAIR=234 BUFFER=2 SUBPAGES=1/0 GAP_MS=65.081 HASH=53bced69569c5395
CYCLE=0 PAIR=235 BUFFER=3 SUBPAGES=1/0 GAP_MS=62.876 HASH=2562cddc232c303a
CYCLE=0 PAIR=236 BUFFER=0 SUBPAGES=1/0 GAP_MS=63.617 HASH=53ff7373b6a84657
CYCLE=0 PAIR=237 BUFFER=1 SUBPAGES=1/0 GAP_MS=64.042 HASH=693dc1e07ea31145
CYCLE=0 PAIR=238 BUFFER=2 SUBPAGES=1/0 GAP_MS=64.217 HASH=f1e6bd9808495aa5
CYCLE=0 PAIR=239 BUFFER=3 SUBPAGES=1/0 GAP_MS=65.280 HASH=7eda4ae553de6b8b
CYCLE=0 PAIR=240 BUFFER=0 SUBPAGES=1/0 GAP_MS=65.209 HASH=62e97892e6bfdb8a
CYCLE=0 PAIR=241 BUFFER=1 SUBPAGES=1/0 GAP_MS=63.274 HASH=8ab0e984addd02c6
CYCLE=0 PAIR=242 BUFFER=2 SUBPAGES=1/0 GAP_MS=65.202 HASH=ee8dc075b1001b5b
CYCLE=0 PAIR=243 BUFFER=3 SUBPAGES=1/0 GAP_MS=62.581 HASH=e3036bf322fe7766
CYCLE=0 PAIR=244 BUFFER=0 SUBPAGES=1/0 GAP_MS=63.587 HASH=757c185c74ea1485
CYCLE=0 PAIR=245 BUFFER=1 SUBPAGES=1/0 GAP_MS=65.335 HASH=90ee858cd4618112
CYCLE=0 PAIR=246 BUFFER=2 SUBPAGES=1/0 GAP_MS=64.498 HASH=29734de946c8ea4b
CYCLE=0 PAIR=247 BUFFER=3 SUBPAGES=1/0 GAP_MS=60.187 HASH=6fc26d00d2d5b25d
CYCLE=0 PAIR=248 BUFFER=0 SUBPAGES=1/0 GAP_MS=64.618 HASH=942c1ffa5968d9e4
CYCLE=0 PAIR=249 BUFFER=1 SUBPAGES=1/0 GAP_MS=63.773 HASH=7c926e0529bd59f8
CYCLE=0 PAIR=250 BUFFER=2 SUBPAGES=1/0 GAP_MS=63.855 HASH=f2570ba486c7fb7e
CYCLE=0 PAIR=251 BUFFER=3 SUBPAGES=1/0 GAP_MS=64.041 HASH=d05a6c8df8e7d1dc
CYCLE=0 PAIR=252 BUFFER=0 SUBPAGES=1/0 GAP_MS=64.814 HASH=8ae3e7cab3c4c92d
CYCLE=0 PAIR=253 BUFFER=1 SUBPAGES=1/0 GAP_MS=61.611 HASH=70d10abe10ca3474
CYCLE=0 PAIR=254 BUFFER=2 SUBPAGES=1/0 GAP_MS=64.277 HASH=cacc4d244ed7f925
CYCLE=0 PAIR=255 BUFFER=3 SUBPAGES=1/0 GAP_MS=64.632 HASH=9d90c7b78b2e3979
CYCLE=0 PAIR=256 BUFFER=0 SUBPAGES=1/0 GAP_MS=64.727 HASH=1d88fef944885b3a
CYCLE=0 PAIR=257 BUFFER=1 SUBPAGES=1/0 GAP_MS=63.849 HASH=271b76c4dabc29b0
CYCLE=0 PAIR=258 BUFFER=2 SUBPAGES=1/0 GAP_MS=64.606 HASH=a67eca8d1535fd98
CYCLE=0 PAIR=259 BUFFER=3 SUBPAGES=1/0 GAP_MS=64.016 HASH=b4a7ff13bb2cb894
CYCLE=0 PAIR=260 BUFFER=0 SUBPAGES=1/0 GAP_MS=64.399 HASH=08206c347a2be514
CYCLE=0 PAIR=261 BUFFER=1 SUBPAGES=1/0 GAP_MS=65.523 HASH=2f5dde68b103c68b
CYCLE=0 PAIR=262 BUFFER=2 SUBPAGES=1/0 GAP_MS=63.780 HASH=861361db8209467a
CYCLE=0 PAIR=263 BUFFER=3 SUBPAGES=1/0 GAP_MS=62.969 HASH=4678cc2d4f4171dc
CYCLE=0 PAIR=264 BUFFER=0 SUBPAGES=1/0 GAP_MS=64.618 HASH=68a0ca4ae8af06d1
CYCLE=0 PAIR=265 BUFFER=1 SUBPAGES=1/0 GAP_MS=64.756 HASH=7dc71c14134a2353
CYCLE=0 PAIR=266 BUFFER=2 SUBPAGES=1/0 GAP_MS=64.511 HASH=2577fae53ae4f572
CYCLE=0 PAIR=267 BUFFER=3 SUBPAGES=1/0 GAP_MS=63.032 HASH=550bf8e3e6006a0c
CYCLE=0 PAIR=268 BUFFER=0 SUBPAGES=1/0 GAP_MS=63.652 HASH=e99ac9119035bc57
CYCLE=0 PAIR=269 BUFFER=1 SUBPAGES=1/0 GAP_MS=63.529 HASH=ea02ab34d7282cfa
CYCLE=0 PAIR=270 BUFFER=2 SUBPAGES=1/0 GAP_MS=64.769 HASH=f97b424f2bc47a42
CYCLE=0 PAIR=271 BUFFER=3 SUBPAGES=1/0 GAP_MS=63.099 HASH=4dee137818fa3861
CYCLE=0 PAIR=272 BUFFER=0 SUBPAGES=1/0 GAP_MS=65.477 HASH=daba96610583eaaa
CYCLE=0 PAIR=273 BUFFER=1 SUBPAGES=1/0 GAP_MS=65.781 HASH=886c7334ff681c4a
CYCLE=0 PAIR=274 BUFFER=2 SUBPAGES=1/0 GAP_MS=64.619 HASH=80beccfa89776bc2
CYCLE=0 PAIR=275 BUFFER=3 SUBPAGES=1/0 GAP_MS=64.519 HASH=5c9a8c8da7965324
CYCLE=0 PAIR=276 BUFFER=0 SUBPAGES=1/0 GAP_MS=65.509 HASH=94c0ee99328cf084
CYCLE=0 PAIR=277 BUFFER=1 SUBPAGES=1/0 GAP_MS=64.058 HASH=4eddce1147e27ec7
CYCLE=0 PAIR=278 BUFFER=2 SUBPAGES=1/0 GAP_MS=63.798 HASH=bea25873523b0cf3
CYCLE=0 PAIR=279 BUFFER=3 SUBPAGES=1/0 GAP_MS=63.738 HASH=628f9640405dd291
CYCLE=0 PAIR=280 BUFFER=0 SUBPAGES=1/0 GAP_MS=63.189 HASH=b4ccb9eddeab261d
CYCLE=0 PAIR=281 BUFFER=1 SUBPAGES=1/0 GAP_MS=65.445 HASH=5477c1c94d3bc3b5
CYCLE=0 PAIR=282 BUFFER=2 SUBPAGES=1/0 GAP_MS=63.622 HASH=b74a187c6cca4501
CYCLE=0 PAIR=283 BUFFER=3 SUBPAGES=1/0 GAP_MS=64.782 HASH=de8bdc953b82cc33
CYCLE=0 PAIR=284 BUFFER=0 SUBPAGES=1/0 GAP_MS=63.382 HASH=5636a492a3b44988
CYCLE=0 PAIR=285 BUFFER=1 SUBPAGES=1/0 GAP_MS=63.886 HASH=a2f401b5d7ac6a57
CYCLE=0 PAIR=286 BUFFER=2 SUBPAGES=1/0 GAP_MS=65.306 HASH=09b94914d1bdcf48
CYCLE=0 PAIR=287 BUFFER=3 SUBPAGES=1/0 GAP_MS=65.176 HASH=c501584bf8eb6302
CYCLE=0 PAIR=288 BUFFER=0 SUBPAGES=1/0 GAP_MS=64.044 HASH=d9b116ad5bab8d77
CYCLE=0 PAIR=289 BUFFER=1 SUBPAGES=1/0 GAP_MS=63.068 HASH=c1a91f629f5cf8d7
CYCLE=0 PAIR=290 BUFFER=2 SUBPAGES=1/0 GAP_MS=64.775 HASH=0f433562835a0bc5
CYCLE=0 PAIR=291 BUFFER=3 SUBPAGES=1/0 GAP_MS=64.015 HASH=3903a02d2a19cd3c
CYCLE=0 PAIR=292 BUFFER=0 SUBPAGES=1/0 GAP_MS=63.701 HASH=44292ba047c60c77
CYCLE=0 PAIR=293 BUFFER=1 SUBPAGES=1/0 GAP_MS=65.041 HASH=e5a6fde49b3b32c3
CYCLE=0 PAIR=294 BUFFER=2 SUBPAGES=1/0 GAP_MS=64.566 HASH=ab9313d2b3f297ae
CYCLE=0 PAIR=295 BUFFER=3 SUBPAGES=1/0 GAP_MS=63.444 HASH=9d558d5639fe3bbd
CYCLE=0 PAIR=296 BUFFER=0 SUBPAGES=1/0 GAP_MS=63.740 HASH=7f54dd7f65fbb76e
CYCLE=0 PAIR=297 BUFFER=1 SUBPAGES=1/0 GAP_MS=64.302 HASH=0b6fbe88021cca79
CYCLE=0 PAIR=298 BUFFER=2 SUBPAGES=1/0 GAP_MS=62.514 HASH=c4c650f59ba5258c
CYCLE=0 PAIR=299 BUFFER=3 SUBPAGES=1/0 GAP_MS=63.370 HASH=6e649fcb55d06614
CYCLE=0 PAIR=300 BUFFER=0 SUBPAGES=1/0 GAP_MS=63.069 HASH=f70ca40320e1d274
CYCLE=0 PAIR=301 BUFFER=1 SUBPAGES=1/0 GAP_MS=64.790 HASH=ddb2fadbcf2bea96
CYCLE=0 PAIR=302 BUFFER=2 SUBPAGES=1/0 GAP_MS=63.359 HASH=a7c068e46a977caa
CYCLE=0 PAIR=303 BUFFER=3 SUBPAGES=1/0 GAP_MS=63.364 HASH=c1790080e1afdfb6
CYCLE=0 PAIR=304 BUFFER=0 SUBPAGES=1/0 GAP_MS=64.517 HASH=a99375bf162b772a
CYCLE=0 PAIR=305 BUFFER=1 SUBPAGES=1/0 GAP_MS=63.775 HASH=40eb35b974df5c4f
CYCLE=0 PAIR=306 BUFFER=2 SUBPAGES=1/0 GAP_MS=64.742 HASH=baf324763b0762c0
CYCLE=0 PAIR=307 BUFFER=3 SUBPAGES=1/0 GAP_MS=63.133 HASH=fa9eb1a619d9ca6d
CYCLE=0 PAIR=308 BUFFER=0 SUBPAGES=1/0 GAP_MS=63.981 HASH=55e4729d78fd667a
CYCLE=0 PAIR=309 BUFFER=1 SUBPAGES=1/0 GAP_MS=64.327 HASH=f4aafe89e320055c
CYCLE=0 PAIR=310 BUFFER=2 SUBPAGES=1/0 GAP_MS=63.906 HASH=b4c2581ed04455c2
CYCLE=0 PAIR=311 BUFFER=3 SUBPAGES=1/0 GAP_MS=64.945 HASH=a9d4f07c999b5011
CYCLE=0 PAIR=312 BUFFER=0 SUBPAGES=1/0 GAP_MS=63.293 HASH=37bd8aebe3ff37db
CYCLE=0 PAIR=313 BUFFER=1 SUBPAGES=1/0 GAP_MS=63.092 HASH=f1aea205d25826f2
CYCLE=0 PAIR=314 BUFFER=2 SUBPAGES=1/0 GAP_MS=63.838 HASH=36c3e63e9cc85bb0
CYCLE=0 PAIR=315 BUFFER=3 SUBPAGES=1/0 GAP_MS=63.119 HASH=3d2d98a86f713e39
CYCLE=0 PAIR=316 BUFFER=0 SUBPAGES=1/0 GAP_MS=63.149 HASH=4bf937d143c18ec7
CYCLE=0 PAIR=317 BUFFER=1 SUBPAGES=1/0 GAP_MS=65.642 HASH=4b86c39627ecde07
CYCLE=0 PAIR=318 BUFFER=2 SUBPAGES=1/0 GAP_MS=64.197 HASH=f69146616fda8d3f
CYCLE=0 PAIR=319 BUFFER=3 SUBPAGES=1/0 GAP_MS=63.986 HASH=62194564ebb39c61
CYCLE=0 PAIR=320 BUFFER=0 SUBPAGES=1/0 GAP_MS=64.926 HASH=1c493e655bce9711
CYCLE=0 PAIR=321 BUFFER=1 SUBPAGES=1/0 GAP_MS=64.130 HASH=edc249a07076a409
CYCLE=0 PAIR=322 BUFFER=2 SUBPAGES=1/0 GAP_MS=64.196 HASH=abb73680b2c6ef26
CYCLE=0 PAIR=323 BUFFER=3 SUBPAGES=1/0 GAP_MS=65.151 HASH=dfe23e05f6cf4a68
CYCLE=0 PAIR=324 BUFFER=0 SUBPAGES=1/0 GAP_MS=63.258 HASH=259c9fa300f2a229
CYCLE=0 PAIR=325 BUFFER=1 SUBPAGES=1/0 GAP_MS=64.266 HASH=168ce6e060c9903b
CYCLE=0 PAIR=326 BUFFER=2 SUBPAGES=1/0 GAP_MS=63.090 HASH=3baf8c2a6efcd9a1
CYCLE=0 PAIR=327 BUFFER=3 SUBPAGES=1/0 GAP_MS=64.251 HASH=9e5cfc8c8e97eb12
CYCLE=0 PAIR=328 BUFFER=0 SUBPAGES=1/0 GAP_MS=64.129 HASH=34cb6da0486fa116
CYCLE=0 PAIR=329 BUFFER=1 SUBPAGES=1/0 GAP_MS=64.805 HASH=6bd5e8aef180eaa6
CYCLE=0 PAIR=330 BUFFER=2 SUBPAGES=1/0 GAP_MS=65.497 HASH=144d7a9c9321f615
CYCLE=0 PAIR=331 BUFFER=3 SUBPAGES=1/0 GAP_MS=62.743 HASH=7ec4214b1b510288
CYCLE=0 PAIR=332 BUFFER=0 SUBPAGES=1/0 GAP_MS=63.403 HASH=6d1b5e81f665c338
CYCLE=0 PAIR=333 BUFFER=1 SUBPAGES=1/0 GAP_MS=64.843 HASH=03df1cff4f89f787
CYCLE=0 PAIR=334 BUFFER=2 SUBPAGES=1/0 GAP_MS=63.607 HASH=7bd63c6b8046ffb0
CYCLE=0 PAIR=335 BUFFER=3 SUBPAGES=1/0 GAP_MS=62.808 HASH=0183122779590e54
CYCLE=0 PAIR=336 BUFFER=0 SUBPAGES=1/0 GAP_MS=64.129 HASH=f9f9698bb50a9aee
CYCLE=0 PAIR=337 BUFFER=1 SUBPAGES=1/0 GAP_MS=62.728 HASH=1cf4fd0841f86617
CYCLE=0 PAIR=338 BUFFER=2 SUBPAGES=1/0 GAP_MS=65.263 HASH=b0c10a2915101ddb
CYCLE=0 PAIR=339 BUFFER=3 SUBPAGES=1/0 GAP_MS=64.486 HASH=96ee1c0106d2f672
CYCLE=0 PAIR=340 BUFFER=0 SUBPAGES=1/0 GAP_MS=61.307 HASH=c05e36807a570753
CYCLE=0 PAIR=341 BUFFER=1 SUBPAGES=1/0 GAP_MS=63.024 HASH=0992fa7bff8b1195
CYCLE=0 PAIR=342 BUFFER=2 SUBPAGES=1/0 GAP_MS=65.054 HASH=90122e14448563cf
CYCLE=0 PAIR=343 BUFFER=3 SUBPAGES=1/0 GAP_MS=63.650 HASH=bb99eb1a2ae238fb
CYCLE=0 PAIR=344 BUFFER=0 SUBPAGES=1/0 GAP_MS=64.240 HASH=29857c0f437d8a09
CYCLE=0 PAIR=345 BUFFER=1 SUBPAGES=1/0 GAP_MS=64.846 HASH=f1ae386450d63953
CYCLE=0 PAIR=346 BUFFER=2 SUBPAGES=1/0 GAP_MS=64.707 HASH=ccdd7917d1468128
CYCLE=0 PAIR=347 BUFFER=3 SUBPAGES=1/0 GAP_MS=63.222 HASH=224c4d4c0c15527a
CYCLE=0 PAIR=348 BUFFER=0 SUBPAGES=1/0 GAP_MS=62.893 HASH=c1548526dd4cc272
CYCLE=0 PAIR=349 BUFFER=1 SUBPAGES=1/0 GAP_MS=63.256 HASH=3ac97fe2ae689e9c
CYCLE=0 PAIR=350 BUFFER=2 SUBPAGES=1/0 GAP_MS=63.398 HASH=07fab99a61c7670e
CYCLE=0 PAIR=351 BUFFER=3 SUBPAGES=1/0 GAP_MS=63.773 HASH=8ae702ecf2aa4fb1
CYCLE=0 PAIR=352 BUFFER=0 SUBPAGES=1/0 GAP_MS=65.056 HASH=0c7babfaac38ac1b
CYCLE=0 PAIR=353 BUFFER=1 SUBPAGES=1/0 GAP_MS=64.704 HASH=0ffbe023aaaae7e0
CYCLE=0 PAIR=354 BUFFER=2 SUBPAGES=1/0 GAP_MS=63.344 HASH=fd2be519f67c25f3
CYCLE=0 PAIR=355 BUFFER=3 SUBPAGES=1/0 GAP_MS=63.918 HASH=268bcd6b23ba79b7
CYCLE=0 PAIR=356 BUFFER=0 SUBPAGES=1/0 GAP_MS=62.630 HASH=73f5c4ea411631d9
CYCLE=0 PAIR=357 BUFFER=1 SUBPAGES=1/0 GAP_MS=64.406 HASH=b0478a6e8a0aa8c7
CYCLE=0 PAIR=358 BUFFER=2 SUBPAGES=1/0 GAP_MS=62.675 HASH=5cecf3830906f8d4
CYCLE=0 PAIR=359 BUFFER=3 SUBPAGES=1/0 GAP_MS=63.368 HASH=592d4a2cca344571
CYCLE=0 PAIR=360 BUFFER=0 SUBPAGES=1/0 GAP_MS=64.235 HASH=47534e469bdb0e3c
CYCLE=0 PAIR=361 BUFFER=1 SUBPAGES=1/0 GAP_MS=64.326 HASH=6b8ceca29a3344c5
CYCLE=0 PAIR=362 BUFFER=2 SUBPAGES=1/0 GAP_MS=64.934 HASH=b3b2ae98783c3962
CYCLE=0 PAIR=363 BUFFER=3 SUBPAGES=1/0 GAP_MS=63.995 HASH=de4da7a28e97bdc1
CYCLE=0 PAIR=364 BUFFER=0 SUBPAGES=1/0 GAP_MS=64.122 HASH=4e82bf2a77cc86b1
CYCLE=0 PAIR=365 BUFFER=1 SUBPAGES=1/0 GAP_MS=64.940 HASH=8bf726c240bacd08
CYCLE=0 PAIR=366 BUFFER=2 SUBPAGES=1/0 GAP_MS=62.922 HASH=5a0347b0a12733e4
CYCLE=0 PAIR=367 BUFFER=3 SUBPAGES=1/0 GAP_MS=65.081 HASH=67f9e6c3895562a1
CYCLE=0 PAIR=368 BUFFER=0 SUBPAGES=1/0 GAP_MS=63.033 HASH=697d3085b08d428b
CYCLE=0 PAIR=369 BUFFER=1 SUBPAGES=1/0 GAP_MS=62.315 HASH=14fac8522fffdddb
CYCLE=0 PAIR=370 BUFFER=2 SUBPAGES=1/0 GAP_MS=63.751 HASH=9e966bdba0e49a12
CYCLE=0 PAIR=371 BUFFER=3 SUBPAGES=1/0 GAP_MS=64.450 HASH=5ccc1b67ec0ed3fb
CYCLE=0 PAIR=372 BUFFER=0 SUBPAGES=1/0 GAP_MS=64.707 HASH=23175aeabdc9e839
CYCLE=0 PAIR=373 BUFFER=1 SUBPAGES=1/0 GAP_MS=62.692 HASH=84d42a4a349287c5
CYCLE=0 PAIR=374 BUFFER=2 SUBPAGES=1/0 GAP_MS=65.118 HASH=80ce0d5376ed2d68
CYCLE=0 PAIR=375 BUFFER=3 SUBPAGES=1/0 GAP_MS=62.794 HASH=f5a5d56469ff2f80
CYCLE=0 PAIR=376 BUFFER=0 SUBPAGES=1/0 GAP_MS=64.348 HASH=25bddc706942fe9f
CYCLE=0 PAIR=377 BUFFER=1 SUBPAGES=1/0 GAP_MS=64.105 HASH=ea883b05cf547bfe
CYCLE=0 PAIR=378 BUFFER=2 SUBPAGES=1/0 GAP_MS=63.968 HASH=1f982919212511a5
CYCLE=0 PAIR=379 BUFFER=3 SUBPAGES=1/0 GAP_MS=63.831 HASH=a70f3a3e0f9adbd1
CYCLE=0 PAIR=380 BUFFER=0 SUBPAGES=1/0 GAP_MS=63.289 HASH=fd109acd6564aab9
CYCLE=0 PAIR=381 BUFFER=1 SUBPAGES=1/0 GAP_MS=63.871 HASH=120ec5d786d20792
CYCLE=0 PAIR=382 BUFFER=2 SUBPAGES=1/0 GAP_MS=65.146 HASH=eff2da61eddaae8f
CYCLE=0 PAIR=383 BUFFER=3 SUBPAGES=1/0 GAP_MS=62.593 HASH=4be7774fe463827a
CYCLE=0 PAIR=384 BUFFER=0 SUBPAGES=1/0 GAP_MS=62.712 HASH=93475abee1fbf274
CYCLE=0 PAIR=385 BUFFER=1 SUBPAGES=1/0 GAP_MS=64.408 HASH=34b356bea62fa47a
CYCLE=0 PAIR=386 BUFFER=2 SUBPAGES=1/0 GAP_MS=64.426 HASH=176a00989ecb52a2
CYCLE=0 PAIR=387 BUFFER=3 SUBPAGES=1/0 GAP_MS=64.004 HASH=827309c087564fb0
CYCLE=0 PAIR=388 BUFFER=0 SUBPAGES=1/0 GAP_MS=65.130 HASH=4b8a1ed489d0ff22
CYCLE=0 PAIR=389 BUFFER=1 SUBPAGES=1/0 GAP_MS=65.305 HASH=a660fc069a86bb7c
CYCLE=0 PAIR=390 BUFFER=2 SUBPAGES=1/0 GAP_MS=64.282 HASH=2f282203dcb4f418
CYCLE=0 PAIR=391 BUFFER=3 SUBPAGES=1/0 GAP_MS=64.309 HASH=dabfbfc2069b67f5
CYCLE=0 PAIR=392 BUFFER=0 SUBPAGES=1/0 GAP_MS=64.092 HASH=08012074d11ce630
CYCLE=0 PAIR=393 BUFFER=1 SUBPAGES=1/0 GAP_MS=65.274 HASH=437a763cb91c6295
CYCLE=0 PAIR=394 BUFFER=2 SUBPAGES=1/0 GAP_MS=62.822 HASH=c95f2d3e42823221
CYCLE=0 PAIR=395 BUFFER=3 SUBPAGES=1/0 GAP_MS=63.601 HASH=0a405317a5c21a16
CYCLE=0 PAIR=396 BUFFER=0 SUBPAGES=1/0 GAP_MS=62.503 HASH=7fb88a2586ecf4e2
CYCLE=0 PAIR=397 BUFFER=1 SUBPAGES=1/0 GAP_MS=63.928 HASH=003de64e9dff4325
CYCLE=0 PAIR=398 BUFFER=2 SUBPAGES=1/0 GAP_MS=63.658 HASH=b1f210b99ab43299
CYCLE=0 PAIR=399 BUFFER=3 SUBPAGES=1/0 GAP_MS=63.631 HASH=3fa4af825a6112af
CYCLE=0 PAIR=400 BUFFER=0 SUBPAGES=1/0 GAP_MS=63.211 HASH=3d78a6704abdffa0
CYCLE=0 PAIR=401 BUFFER=1 SUBPAGES=1/0 GAP_MS=64.056 HASH=171f6601b125a5db
CYCLE=0 PAIR=402 BUFFER=2 SUBPAGES=1/0 GAP_MS=63.661 HASH=9d2435460d101e7b
CYCLE=0 PAIR=403 BUFFER=3 SUBPAGES=1/0 GAP_MS=65.517 HASH=f85a3ccdadf58393
CYCLE=0 PAIR=404 BUFFER=0 SUBPAGES=1/0 GAP_MS=63.188 HASH=d66ee623ff44c9c4
CYCLE=0 PAIR=405 BUFFER=1 SUBPAGES=1/0 GAP_MS=64.226 HASH=3f0e6485fb392a93
CYCLE=0 PAIR=406 BUFFER=2 SUBPAGES=1/0 GAP_MS=64.583 HASH=3c14bdc6fe9a3f98
CYCLE=0 PAIR=407 BUFFER=3 SUBPAGES=1/0 GAP_MS=62.931 HASH=bfc7f0476fb41dc9
CYCLE=0 PAIR=408 BUFFER=0 SUBPAGES=1/0 GAP_MS=64.667 HASH=395212f310330abe
CYCLE=0 PAIR=409 BUFFER=1 SUBPAGES=1/0 GAP_MS=64.233 HASH=cca507edeff4ab19
CYCLE=0 PAIR=410 BUFFER=2 SUBPAGES=1/0 GAP_MS=64.651 HASH=e310fb06978375dc
CYCLE=0 PAIR=411 BUFFER=3 SUBPAGES=1/0 GAP_MS=63.249 HASH=f352a8fc0278f7cb
CYCLE=0 PAIR=412 BUFFER=0 SUBPAGES=1/0 GAP_MS=63.111 HASH=4c4238b9c50ca3f1
CYCLE=0 PAIR=413 BUFFER=1 SUBPAGES=1/0 GAP_MS=64.030 HASH=efd51946ad074c02
CYCLE=0 PAIR=414 BUFFER=2 SUBPAGES=1/0 GAP_MS=62.574 HASH=f58476092705abec
CYCLE=0 PAIR=415 BUFFER=3 SUBPAGES=1/0 GAP_MS=63.594 HASH=9b8e1f8fe9ab7b3e
CYCLE=0 PAIR=416 BUFFER=0 SUBPAGES=1/0 GAP_MS=62.775 HASH=4e3bdcc7fd63ce64
CYCLE=0 PAIR=417 BUFFER=1 SUBPAGES=1/0 GAP_MS=63.300 HASH=0afd0677440ab997
CYCLE=0 PAIR=418 BUFFER=2 SUBPAGES=1/0 GAP_MS=64.027 HASH=fa126c609478bfb1
CYCLE=0 PAIR=419 BUFFER=3 SUBPAGES=1/0 GAP_MS=64.167 HASH=3a966e133a3e209d
CYCLE=0 PAIR=420 BUFFER=0 SUBPAGES=1/0 GAP_MS=63.642 HASH=3db3cb0a6e756d26
CYCLE=0 PAIR=421 BUFFER=1 SUBPAGES=1/0 GAP_MS=63.757 HASH=6057c6ad4dc9fcee
CYCLE=0 PAIR=422 BUFFER=2 SUBPAGES=1/0 GAP_MS=63.945 HASH=125eb3f1e6e881df
CYCLE=0 PAIR=423 BUFFER=3 SUBPAGES=1/0 GAP_MS=64.530 HASH=eefa313ddd7cdb71
CYCLE=0 PAIR=424 BUFFER=0 SUBPAGES=1/0 GAP_MS=65.097 HASH=a400d60349a35c0d
CYCLE=0 PAIR=425 BUFFER=1 SUBPAGES=1/0 GAP_MS=64.336 HASH=18ce86db295015e2
CYCLE=0 PAIR=426 BUFFER=2 SUBPAGES=1/0 GAP_MS=64.892 HASH=359eedb856c71fbd
CYCLE=0 PAIR=427 BUFFER=3 SUBPAGES=1/0 GAP_MS=64.950 HASH=9e1b96a4c511b5b1
CYCLE=0 PAIR=428 BUFFER=0 SUBPAGES=1/0 GAP_MS=64.161 HASH=83ae87c763f78e77
CYCLE=0 PAIR=429 BUFFER=1 SUBPAGES=1/0 GAP_MS=63.283 HASH=3ff0af201894cbee
CYCLE=0 PAIR=430 BUFFER=2 SUBPAGES=1/0 GAP_MS=64.175 HASH=3ff1dd7f5ff346cb
CYCLE=0 PAIR=431 BUFFER=3 SUBPAGES=1/0 GAP_MS=65.360 HASH=38b428dc2b79957d
CYCLE=0 PAIR=432 BUFFER=0 SUBPAGES=1/0 GAP_MS=64.366 HASH=234b4aecf3986df6
CYCLE=0 PAIR=433 BUFFER=1 SUBPAGES=1/0 GAP_MS=64.600 HASH=2ff638ce3f670c70
CYCLE=0 PAIR=434 BUFFER=2 SUBPAGES=1/0 GAP_MS=69.683 HASH=3f5a4f95e6c34bfe
CYCLE=0 PAIR=435 BUFFER=3 SUBPAGES=1/0 GAP_MS=62.996 HASH=bb2604d18601d962
CYCLE=0 PAIR=436 BUFFER=0 SUBPAGES=1/0 GAP_MS=65.145 HASH=b4fd5f3dc50818b2
CYCLE=0 PAIR=437 BUFFER=1 SUBPAGES=1/0 GAP_MS=64.080 HASH=d73d056af1e065a5
CYCLE=0 PAIR=438 BUFFER=2 SUBPAGES=1/0 GAP_MS=63.766 HASH=6cffc462cefe7f0f
CYCLE=0 PAIR=439 BUFFER=3 SUBPAGES=1/0 GAP_MS=63.338 HASH=8b19890fb8256384
CYCLE=0 PAIR=440 BUFFER=0 SUBPAGES=1/0 GAP_MS=63.199 HASH=e6530733b00804a1
CYCLE=0 PAIR=441 BUFFER=1 SUBPAGES=1/0 GAP_MS=63.515 HASH=40343364a25149a5
CYCLE=0 PAIR=442 BUFFER=2 SUBPAGES=1/0 GAP_MS=63.046 HASH=3d53193f77bbb29c
CYCLE=0 PAIR=443 BUFFER=3 SUBPAGES=1/0 GAP_MS=64.360 HASH=f04d003bce96ffff
CYCLE=0 PAIR=444 BUFFER=0 SUBPAGES=1/0 GAP_MS=63.079 HASH=9c444605afaaf273
CYCLE=0 PAIR=445 BUFFER=1 SUBPAGES=1/0 GAP_MS=62.509 HASH=a25d620e2086d6fe
CYCLE=0 PAIR=446 BUFFER=2 SUBPAGES=1/0 GAP_MS=64.698 HASH=9fb80b4d47ed62bc
CYCLE=0 PAIR=447 BUFFER=3 SUBPAGES=1/0 GAP_MS=63.904 HASH=e6d1ea976bd3bcee
CYCLE=0 PAIR=448 BUFFER=0 SUBPAGES=1/0 GAP_MS=64.950 HASH=1bca689180f000f8
CYCLE=0 PAIR=449 BUFFER=1 SUBPAGES=1/0 GAP_MS=63.983 HASH=f47f45ee0edbba66
CYCLE=0 PAIR=450 BUFFER=2 SUBPAGES=1/0 GAP_MS=64.222 HASH=55f44c00fb94622f
CYCLE=0 PAIR=451 BUFFER=3 SUBPAGES=1/0 GAP_MS=63.482 HASH=a5cd6abc5ba91dd0
CYCLE=0 PAIR=452 BUFFER=0 SUBPAGES=1/0 GAP_MS=64.138 HASH=d8df9682803e67c9
CYCLE=0 PAIR=453 BUFFER=1 SUBPAGES=1/0 GAP_MS=63.847 HASH=f9135818452b001c
CYCLE=0 PAIR=454 BUFFER=2 SUBPAGES=1/0 GAP_MS=63.623 HASH=430f8c5173a3d1d3
CYCLE=0 PAIR=455 BUFFER=3 SUBPAGES=1/0 GAP_MS=64.295 HASH=0c2f2cf216fa7e12
CYCLE=0 PAIR=456 BUFFER=0 SUBPAGES=1/0 GAP_MS=62.487 HASH=0cc9f41d0a4f85b2
CYCLE=0 PAIR=457 BUFFER=1 SUBPAGES=1/0 GAP_MS=65.072 HASH=cafff66b49eecacd
CYCLE=0 PAIR=458 BUFFER=2 SUBPAGES=1/0 GAP_MS=64.121 HASH=f79e789a1698e72f
CYCLE=0 PAIR=459 BUFFER=3 SUBPAGES=1/0 GAP_MS=63.993 HASH=7745caca5fd6a4c8
CYCLE=0 PAIR=460 BUFFER=0 SUBPAGES=1/0 GAP_MS=63.972 HASH=8af1ce92e2767d36
CYCLE=0 PAIR=461 BUFFER=1 SUBPAGES=1/0 GAP_MS=64.701 HASH=4b6bf9269bd40f3a
CYCLE=0 PAIR=462 BUFFER=2 SUBPAGES=1/0 GAP_MS=64.666 HASH=2bb4b9bfac374fdb
CYCLE=0 PAIR=463 BUFFER=3 SUBPAGES=1/0 GAP_MS=63.205 HASH=51247570e19e47c1
CYCLE=0 PAIR=464 BUFFER=0 SUBPAGES=1/0 GAP_MS=65.026 HASH=0c98457dc241b08d
CYCLE=0 PAIR=465 BUFFER=1 SUBPAGES=1/0 GAP_MS=64.209 HASH=731305f6e45f1921
CYCLE=0 PAIR=466 BUFFER=2 SUBPAGES=1/0 GAP_MS=62.865 HASH=d54500be36d3c136
CYCLE=0 PAIR=467 BUFFER=3 SUBPAGES=1/0 GAP_MS=62.304 HASH=598367d46899f45b
CYCLE=0 PAIR=468 BUFFER=0 SUBPAGES=1/0 GAP_MS=63.705 HASH=bdccbf7bd853f679
CYCLE=0 PAIR=469 BUFFER=1 SUBPAGES=1/0 GAP_MS=65.195 HASH=6763141eb8ddf9f3
CYCLE=0 PAIR=470 BUFFER=2 SUBPAGES=1/0 GAP_MS=63.860 HASH=e3fc264be8d3541a
CYCLE=0 PAIR=471 BUFFER=3 SUBPAGES=1/0 GAP_MS=63.975 HASH=c1f2dccd8e0ed97d
CYCLE=0 PAIR=472 BUFFER=0 SUBPAGES=1/0 GAP_MS=63.959 HASH=bc06fad0d75b9650
CYCLE=0 PAIR=473 BUFFER=1 SUBPAGES=1/0 GAP_MS=64.064 HASH=71f928c8bdaa8b08
CYCLE=0 PAIR=474 BUFFER=2 SUBPAGES=1/0 GAP_MS=63.567 HASH=dc44a0395f4a3e9a
CYCLE=0 PAIR=475 BUFFER=3 SUBPAGES=1/0 GAP_MS=63.827 HASH=40334f0a22f82cd6
CYCLE=0 PAIR=476 BUFFER=0 SUBPAGES=1/0 GAP_MS=64.279 HASH=39e325470d165bdb
CYCLE=0 PAIR=477 BUFFER=1 SUBPAGES=1/0 GAP_MS=63.778 HASH=b3cb69a4d657adf9
CYCLE=0 PAIR=478 BUFFER=2 SUBPAGES=1/0 GAP_MS=64.466 HASH=2860694eafb656f2
CYCLE=0 PAIR=479 BUFFER=3 SUBPAGES=1/0 GAP_MS=64.344 HASH=360857f6513cc311
CYCLE=0 PAIR=480 BUFFER=0 SUBPAGES=1/0 GAP_MS=64.533 HASH=17d1bf503c7e6390
CYCLE=0 PAIR=481 BUFFER=1 SUBPAGES=1/0 GAP_MS=63.950 HASH=74650710957ad67d
CYCLE=0 PAIR=482 BUFFER=2 SUBPAGES=1/0 GAP_MS=63.449 HASH=54555e7c22770ad9
CYCLE=0 PAIR=483 BUFFER=3 SUBPAGES=1/0 GAP_MS=64.825 HASH=585f995d25b77ee2
CYCLE=0 PAIR=484 BUFFER=0 SUBPAGES=1/0 GAP_MS=64.011 HASH=931d1f645e2c74da
CYCLE=0 PAIR=485 BUFFER=1 SUBPAGES=1/0 GAP_MS=63.563 HASH=2546bec7cd4eca5d
CYCLE=0 PAIR=486 BUFFER=2 SUBPAGES=1/0 GAP_MS=64.015 HASH=cc3fac5199d2e3d3
CYCLE=0 PAIR=487 BUFFER=3 SUBPAGES=1/0 GAP_MS=63.156 HASH=baff4aabaf0cbbdd
CYCLE=0 PAIR=488 BUFFER=0 SUBPAGES=1/0 GAP_MS=63.292 HASH=49c7a896b8646dbf
CYCLE=0 PAIR=489 BUFFER=1 SUBPAGES=1/0 GAP_MS=63.867 HASH=6343578372a1d82d
CYCLE=0 PAIR=490 BUFFER=2 SUBPAGES=1/0 GAP_MS=64.770 HASH=177e2531ee8fef8f
CYCLE=0 PAIR=491 BUFFER=3 SUBPAGES=1/0 GAP_MS=64.741 HASH=2eb346117207832a
CYCLE=0 PAIR=492 BUFFER=0 SUBPAGES=1/0 GAP_MS=63.782 HASH=9e2c2692a7beed36
CYCLE=0 PAIR=493 BUFFER=1 SUBPAGES=1/0 GAP_MS=62.974 HASH=93873df6bb027d88
CYCLE=0 PAIR=494 BUFFER=2 SUBPAGES=1/0 GAP_MS=64.159 HASH=cb4fabfa7d638165
CYCLE=0 PAIR=495 BUFFER=3 SUBPAGES=1/0 GAP_MS=63.392 HASH=4f12bff6b963950a
CYCLE=0 PAIR=496 BUFFER=0 SUBPAGES=1/0 GAP_MS=64.208 HASH=6b38ba07b2ac0aa6
CYCLE=0 PAIR=497 BUFFER=1 SUBPAGES=1/0 GAP_MS=62.791 HASH=eaa25290f58e3743
CYCLE=0 PAIR=498 BUFFER=2 SUBPAGES=1/0 GAP_MS=63.907 HASH=95ff87ecdbb0ca0c
CYCLE=0 PAIR=499 BUFFER=3 SUBPAGES=1/0 GAP_MS=64.759 HASH=95d3fe96ab39f930
CYCLE=0 PAIR=500 BUFFER=0 SUBPAGES=1/0 GAP_MS=63.131 HASH=4998fd5108e8ed39
CYCLE=0 PAIR=501 BUFFER=1 SUBPAGES=1/0 GAP_MS=64.057 HASH=0988ce45334eff79
CYCLE=0 PAIR=502 BUFFER=2 SUBPAGES=1/0 GAP_MS=63.583 HASH=8c3b7278fd41a46c
CYCLE=0 PAIR=503 BUFFER=3 SUBPAGES=1/0 GAP_MS=65.320 HASH=a28e54f4500f7359
CYCLE=0 PAIR=504 BUFFER=0 SUBPAGES=1/0 GAP_MS=62.695 HASH=ac2d2ac9e119d2fe
CYCLE=0 PAIR=505 BUFFER=1 SUBPAGES=1/0 GAP_MS=62.702 HASH=cca275870ec0cff7
CYCLE=0 PAIR=506 BUFFER=2 SUBPAGES=1/0 GAP_MS=62.733 HASH=5e484a5ee8ce8535
CYCLE=0 PAIR=507 BUFFER=3 SUBPAGES=1/0 GAP_MS=63.055 HASH=c95045208b04c9fb
CYCLE=0 PAIR=508 BUFFER=0 SUBPAGES=1/0 GAP_MS=63.970 HASH=86ff6f4052b00b8e
CYCLE=0 PAIR=509 BUFFER=1 SUBPAGES=1/0 GAP_MS=63.418 HASH=135dc97843d1117a
CYCLE=0 PAIR=510 BUFFER=2 SUBPAGES=1/0 GAP_MS=65.568 HASH=14fb36eabfd175c4
CYCLE=0 PAIR=511 BUFFER=3 SUBPAGES=1/0 GAP_MS=64.815 HASH=a36f0b5941095e6c
CYCLE=0 PAIR=512 BUFFER=0 SUBPAGES=1/0 GAP_MS=64.649 HASH=aa2554fef89d8732
CYCLE=0 PAIR=513 BUFFER=1 SUBPAGES=1/0 GAP_MS=66.058 HASH=03cdfd82591f526e
CYCLE=0 PAIR=514 BUFFER=2 SUBPAGES=1/0 GAP_MS=64.531 HASH=e5fba2d6fc93114a
CYCLE=0 PAIR=515 BUFFER=3 SUBPAGES=1/0 GAP_MS=63.053 HASH=e9c5f09c0a415e19
CYCLE=0 PAIR=516 BUFFER=0 SUBPAGES=1/0 GAP_MS=62.614 HASH=92268108bb4eef27
CYCLE=0 PAIR=517 BUFFER=1 SUBPAGES=1/0 GAP_MS=64.399 HASH=f5fbb08c51c3e954
CYCLE=0 PAIR=518 BUFFER=2 SUBPAGES=1/0 GAP_MS=65.124 HASH=57d9b4bdf55b96f7
CYCLE=0 PAIR=519 BUFFER=3 SUBPAGES=1/0 GAP_MS=63.367 HASH=5f65152430d84ef1
CYCLE=0 PAIR=520 BUFFER=0 SUBPAGES=1/0 GAP_MS=62.724 HASH=049bba80bc95841d
CYCLE=0 PAIR=521 BUFFER=1 SUBPAGES=1/0 GAP_MS=64.461 HASH=010b9b897bc0410a
CYCLE=0 PAIR=522 BUFFER=2 SUBPAGES=1/0 GAP_MS=65.172 HASH=4966f7e32479f918
CYCLE=0 PAIR=523 BUFFER=3 SUBPAGES=1/0 GAP_MS=64.599 HASH=566977248baf9291
CYCLE=0 PAIR=524 BUFFER=0 SUBPAGES=1/0 GAP_MS=62.991 HASH=602d11a8d62b856b
CYCLE=0 PAIR=525 BUFFER=1 SUBPAGES=1/0 GAP_MS=63.872 HASH=8d40833846660e88
CYCLE=0 PAIR=526 BUFFER=2 SUBPAGES=1/0 GAP_MS=63.064 HASH=ed3d0cead590aab6
CYCLE=0 PAIR=527 BUFFER=3 SUBPAGES=1/0 GAP_MS=63.497 HASH=4f1d83aa826c7dfb
CYCLE=0 PAIR=528 BUFFER=0 SUBPAGES=1/0 GAP_MS=64.618 HASH=71c39d872f64d263
CYCLE=0 PAIR=529 BUFFER=1 SUBPAGES=1/0 GAP_MS=65.551 HASH=bb22b475fe98caab
CYCLE=0 PAIR=530 BUFFER=2 SUBPAGES=1/0 GAP_MS=64.728 HASH=c2c67a8160d78986
CYCLE=0 PAIR=531 BUFFER=3 SUBPAGES=1/0 GAP_MS=64.957 HASH=ee01ef0f5d536642
CYCLE=0 PAIR=532 BUFFER=0 SUBPAGES=1/0 GAP_MS=64.632 HASH=b4e419baa14d590e
CYCLE=0 PAIR=533 BUFFER=1 SUBPAGES=1/0 GAP_MS=63.656 HASH=0d70018ab2e8e4a2
CYCLE=0 PAIR=534 BUFFER=2 SUBPAGES=1/0 GAP_MS=64.483 HASH=63adf333fd9fa442
CYCLE=0 PAIR=535 BUFFER=3 SUBPAGES=1/0 GAP_MS=63.535 HASH=260cd08c3cc5a604
CYCLE=0 PAIR=536 BUFFER=0 SUBPAGES=1/0 GAP_MS=64.296 HASH=d80d7cba4b6f7b02
CYCLE=0 PAIR=537 BUFFER=1 SUBPAGES=1/0 GAP_MS=63.826 HASH=94256e4abcd968fa
CYCLE=0 PAIR=538 BUFFER=2 SUBPAGES=1/0 GAP_MS=63.685 HASH=a8fc88941f7b7624
CYCLE=0 PAIR=539 BUFFER=3 SUBPAGES=1/0 GAP_MS=64.260 HASH=c4100e399d7c1f44
CYCLE=0 PAIR=540 BUFFER=0 SUBPAGES=1/0 GAP_MS=64.834 HASH=edb93a52a21b8b3b
CYCLE=0 PAIR=541 BUFFER=1 SUBPAGES=1/0 GAP_MS=64.079 HASH=5b1c401c7aed4f0f
CYCLE=0 PAIR=542 BUFFER=2 SUBPAGES=1/0 GAP_MS=63.892 HASH=0ea923a4b488d414
CYCLE=0 PAIR=543 BUFFER=3 SUBPAGES=1/0 GAP_MS=63.993 HASH=6044647c1d5fddd5
CYCLE=0 PAIR=544 BUFFER=0 SUBPAGES=1/0 GAP_MS=64.233 HASH=e8a7d23ee18a9efd
CYCLE=0 PAIR=545 BUFFER=1 SUBPAGES=1/0 GAP_MS=64.557 HASH=ee601cc38e26618c
CYCLE=0 PAIR=546 BUFFER=2 SUBPAGES=1/0 GAP_MS=64.410 HASH=e170ae5e5573a9be
CYCLE=0 PAIR=547 BUFFER=3 SUBPAGES=1/0 GAP_MS=66.634 HASH=a84a6b23309122b9
CYCLE=0 PAIR=548 BUFFER=0 SUBPAGES=1/0 GAP_MS=63.653 HASH=a1dd9638975b6c93
CYCLE=0 PAIR=549 BUFFER=1 SUBPAGES=1/0 GAP_MS=63.113 HASH=955c66606788e813
CYCLE=0 PAIR=550 BUFFER=2 SUBPAGES=1/0 GAP_MS=64.948 HASH=3047d5ee1f45b91f
CYCLE=0 PAIR=551 BUFFER=3 SUBPAGES=1/0 GAP_MS=63.524 HASH=09b47eb5dfff18f0
CYCLE=0 PAIR=552 BUFFER=0 SUBPAGES=1/0 GAP_MS=60.884 HASH=a6ad605113826580
CYCLE=0 PAIR=553 BUFFER=1 SUBPAGES=1/0 GAP_MS=64.588 HASH=625adfc7ad7797a8
CYCLE=0 PAIR=554 BUFFER=2 SUBPAGES=1/0 GAP_MS=62.397 HASH=aa1dead7429b9faf
CYCLE=0 PAIR=555 BUFFER=3 SUBPAGES=1/0 GAP_MS=63.865 HASH=aa8bdf163b461011
CYCLE=0 PAIR=556 BUFFER=0 SUBPAGES=1/0 GAP_MS=62.542 HASH=e9c9a9fcce2b0639
CYCLE=0 PAIR=557 BUFFER=1 SUBPAGES=1/0 GAP_MS=63.683 HASH=a88bfbb412cfef34
CYCLE=0 PAIR=558 BUFFER=2 SUBPAGES=1/0 GAP_MS=62.184 HASH=878885e8d373a9a0
CYCLE=0 PAIR=559 BUFFER=3 SUBPAGES=1/0 GAP_MS=63.106 HASH=54b732e13ccd1466
CYCLE=0 PAIR=560 BUFFER=0 SUBPAGES=1/0 GAP_MS=65.045 HASH=ab4e7eae9eafd970
CYCLE=0 PAIR=561 BUFFER=1 SUBPAGES=1/0 GAP_MS=63.346 HASH=0c6bd2192693039e
CYCLE=0 PAIR=562 BUFFER=2 SUBPAGES=1/0 GAP_MS=64.866 HASH=6e88ea74a87b8354
CYCLE=0 PAIR=563 BUFFER=3 SUBPAGES=1/0 GAP_MS=63.438 HASH=3b09009ed436e51a
CYCLE=0 PAIR=564 BUFFER=0 SUBPAGES=1/0 GAP_MS=63.812 HASH=e95b9d59a6190d4e
CYCLE=0 PAIR=565 BUFFER=1 SUBPAGES=1/0 GAP_MS=65.172 HASH=0e6da15d6c1d5e53
CYCLE=0 PAIR=566 BUFFER=2 SUBPAGES=1/0 GAP_MS=63.338 HASH=3900bacdf0b20260
CYCLE=0 PAIR=567 BUFFER=3 SUBPAGES=1/0 GAP_MS=63.013 HASH=901e7991e9fc4cc4
CYCLE=0 PAIR=568 BUFFER=0 SUBPAGES=1/0 GAP_MS=64.509 HASH=3554ada286f2511f
CYCLE=0 PAIR=569 BUFFER=1 SUBPAGES=1/0 GAP_MS=64.637 HASH=a16895e6a68b55b7
CYCLE=0 PAIR=570 BUFFER=2 SUBPAGES=1/0 GAP_MS=63.461 HASH=0aca1042227791d2
CYCLE=0 PAIR=571 BUFFER=3 SUBPAGES=1/0 GAP_MS=64.604 HASH=a5b0a511011bfe70
CYCLE=0 PAIR=572 BUFFER=0 SUBPAGES=1/0 GAP_MS=63.161 HASH=c88bab594815884e
CYCLE=0 PAIR=573 BUFFER=1 SUBPAGES=1/0 GAP_MS=62.832 HASH=678f462638d31007
CYCLE=0 PAIR=574 BUFFER=2 SUBPAGES=1/0 GAP_MS=62.843 HASH=093563b57a9ce186
CYCLE=0 PAIR=575 BUFFER=3 SUBPAGES=1/0 GAP_MS=63.360 HASH=43863c48be2ca67c
CYCLE=0 PAIR=576 BUFFER=0 SUBPAGES=1/0 GAP_MS=63.316 HASH=cafec1ded828096d
CYCLE=0 PAIR=577 BUFFER=1 SUBPAGES=1/0 GAP_MS=64.221 HASH=e632cb3da1842c2b
CYCLE=0 PAIR=578 BUFFER=2 SUBPAGES=1/0 GAP_MS=63.404 HASH=581cb1d6f0e0a5f9
CYCLE=0 PAIR=579 BUFFER=3 SUBPAGES=1/0 GAP_MS=63.029 HASH=b46c77cfd0241de1
CYCLE=0 PAIR=580 BUFFER=0 SUBPAGES=1/0 GAP_MS=64.819 HASH=b40b51dfedfce763
CYCLE=0 PAIR=581 BUFFER=1 SUBPAGES=1/0 GAP_MS=64.040 HASH=760bcc856c8a47c9
CYCLE=0 PAIR=582 BUFFER=2 SUBPAGES=1/0 GAP_MS=64.431 HASH=40306a24d9f04218
CYCLE=0 PAIR=583 BUFFER=3 SUBPAGES=1/0 GAP_MS=63.977 HASH=e66168321df9f429
CYCLE=0 PAIR=584 BUFFER=0 SUBPAGES=1/0 GAP_MS=64.606 HASH=ea23e79a32d00bdd
CYCLE=0 PAIR=585 BUFFER=1 SUBPAGES=1/0 GAP_MS=64.405 HASH=36a277d1d2c6333e
CYCLE=0 PAIR=586 BUFFER=2 SUBPAGES=1/0 GAP_MS=64.540 HASH=40f0ffaaabb7fd7f
CYCLE=0 PAIR=587 BUFFER=3 SUBPAGES=1/0 GAP_MS=63.180 HASH=af06ac7ff70a6cc7
CYCLE=0 PAIR=588 BUFFER=0 SUBPAGES=1/0 GAP_MS=63.662 HASH=9d18654c176bbc63
CYCLE=0 PAIR=589 BUFFER=1 SUBPAGES=1/0 GAP_MS=64.085 HASH=1c134aff99135a18
CYCLE=0 PAIR=590 BUFFER=2 SUBPAGES=1/0 GAP_MS=63.724 HASH=636d7d7407078b3d
CYCLE=0 PAIR=591 BUFFER=3 SUBPAGES=1/0 GAP_MS=62.731 HASH=28280684fbb21f47
CYCLE=0 PAIR=592 BUFFER=0 SUBPAGES=1/0 GAP_MS=64.112 HASH=1674469f7208f59a
CYCLE=0 PAIR=593 BUFFER=1 SUBPAGES=1/0 GAP_MS=65.098 HASH=fc10c2f2b21f6e38
CYCLE=0 PAIR=594 BUFFER=2 SUBPAGES=1/0 GAP_MS=64.404 HASH=63329789360d0bde
CYCLE=0 PAIR=595 BUFFER=3 SUBPAGES=1/0 GAP_MS=64.172 HASH=e2eff1ab4311ee24
CYCLE=0 PAIR=596 BUFFER=0 SUBPAGES=1/0 GAP_MS=63.066 HASH=0495c539ee791251
CYCLE=0 PAIR=597 BUFFER=1 SUBPAGES=1/0 GAP_MS=63.953 HASH=515ec9e7f44f9864
CYCLE=0 PAIR=598 BUFFER=2 SUBPAGES=1/0 GAP_MS=62.948 HASH=d374d7a54557634d
CYCLE=0 PAIR=599 BUFFER=3 SUBPAGES=1/0 GAP_MS=63.765 HASH=0b4ae9df12fbb83d
CYCLE=0 PAIR=600 BUFFER=0 SUBPAGES=1/0 GAP_MS=67.204 HASH=d7f66874be9980ee
CYCLE=0 PAIR=601 BUFFER=1 SUBPAGES=1/0 GAP_MS=64.625 HASH=f5b0e175e31b4c4f
CYCLE=0 PAIR=602 BUFFER=2 SUBPAGES=1/0 GAP_MS=62.629 HASH=b034abd2fd544823
CYCLE=0 PAIR=603 BUFFER=3 SUBPAGES=1/0 GAP_MS=63.243 HASH=c3789ebee43526e3
CYCLE=0 PAIR=604 BUFFER=0 SUBPAGES=1/0 GAP_MS=64.564 HASH=33adb169a84d4a90
CYCLE=0 PAIR=605 BUFFER=1 SUBPAGES=1/0 GAP_MS=63.667 HASH=297bbc1ea07d509b
CYCLE=0 PAIR=606 BUFFER=2 SUBPAGES=1/0 GAP_MS=63.062 HASH=7a88c9af99e0bd4d
CYCLE=0 PAIR=607 BUFFER=3 SUBPAGES=1/0 GAP_MS=64.693 HASH=2d0b01ab037f734a
CYCLE=0 PAIR=608 BUFFER=0 SUBPAGES=1/0 GAP_MS=64.656 HASH=a31d52535c13e0cf
CYCLE=0 PAIR=609 BUFFER=1 SUBPAGES=1/0 GAP_MS=63.455 HASH=8f1f87799427027b
CYCLE=0 PAIR=610 BUFFER=2 SUBPAGES=1/0 GAP_MS=64.147 HASH=b45f2d9a8597e140
CYCLE=0 PAIR=611 BUFFER=3 SUBPAGES=1/0 GAP_MS=64.079 HASH=e419eebcd059dad9
CYCLE=0 PAIR=612 BUFFER=0 SUBPAGES=1/0 GAP_MS=62.611 HASH=e29166ff582a3166
CYCLE=0 PAIR=613 BUFFER=1 SUBPAGES=1/0 GAP_MS=64.243 HASH=eddb2038bc582146
CYCLE=0 PAIR=614 BUFFER=2 SUBPAGES=1/0 GAP_MS=65.069 HASH=5a63e604013fc035
CYCLE=0 PAIR=615 BUFFER=3 SUBPAGES=1/0 GAP_MS=63.482 HASH=0659b44abaa962c5
CYCLE=0 PAIR=616 BUFFER=0 SUBPAGES=1/0 GAP_MS=64.344 HASH=06f9f480623c2930
CYCLE=0 PAIR=617 BUFFER=1 SUBPAGES=1/0 GAP_MS=63.307 HASH=76c669a3952c6740
CYCLE=0 PAIR=618 BUFFER=2 SUBPAGES=1/0 GAP_MS=64.460 HASH=0414b54043755caa
CYCLE=0 PAIR=619 BUFFER=3 SUBPAGES=1/0 GAP_MS=65.015 HASH=6cd099e9c1f8bb39
CYCLE=0 PAIR=620 BUFFER=0 SUBPAGES=1/0 GAP_MS=64.480 HASH=967dd1e87b3b1882
CYCLE=0 PAIR=621 BUFFER=1 SUBPAGES=1/0 GAP_MS=63.521 HASH=4e2fb7b23fbcc473
CYCLE=0 PAIR=622 BUFFER=2 SUBPAGES=1/0 GAP_MS=63.370 HASH=af43c76aec97cba0
CYCLE=0 PAIR=623 BUFFER=3 SUBPAGES=1/0 GAP_MS=64.681 HASH=12690a0e7ddcf183
CYCLE=0 PAIR=624 BUFFER=0 SUBPAGES=1/0 GAP_MS=64.963 HASH=ec2c7ad882991f69
CYCLE=0 PAIR=625 BUFFER=1 SUBPAGES=1/0 GAP_MS=64.010 HASH=d42257138edeb706
CYCLE=0 PAIR=626 BUFFER=2 SUBPAGES=1/0 GAP_MS=64.327 HASH=9c15364aa3444456
CYCLE=0 PAIR=627 BUFFER=3 SUBPAGES=1/0 GAP_MS=65.902 HASH=e905a8cac4a71836
CYCLE=0 PAIR=628 BUFFER=0 SUBPAGES=1/0 GAP_MS=62.657 HASH=f420c1834f249428
CYCLE=0 PAIR=629 BUFFER=1 SUBPAGES=1/0 GAP_MS=63.705 HASH=b6ae7970686e3b50
CYCLE=0 PAIR=630 BUFFER=2 SUBPAGES=1/0 GAP_MS=63.713 HASH=c9b33e846489a68b
CYCLE=0 PAIR=631 BUFFER=3 SUBPAGES=1/0 GAP_MS=65.016 HASH=922ab52fc317d6f1
CYCLE=0 PAIR=632 BUFFER=0 SUBPAGES=1/0 GAP_MS=63.081 HASH=94db3e71cbb5937f
CYCLE=0 PAIR=633 BUFFER=1 SUBPAGES=1/0 GAP_MS=63.445 HASH=76582fee3641d98d
CYCLE=0 PAIR=634 BUFFER=2 SUBPAGES=1/0 GAP_MS=62.657 HASH=1541ac38dc316ed0
CYCLE=0 PAIR=635 BUFFER=3 SUBPAGES=1/0 GAP_MS=64.569 HASH=b845bb3ee68e5898
CYCLE=0 PAIR=636 BUFFER=0 SUBPAGES=1/0 GAP_MS=63.317 HASH=3d75f4f1f8f00702
CYCLE=0 PAIR=637 BUFFER=1 SUBPAGES=1/0 GAP_MS=63.844 HASH=5eb16c985f5ae16b
CYCLE=0 PAIR=638 BUFFER=2 SUBPAGES=1/0 GAP_MS=64.078 HASH=d856af9e58bec42c
CYCLE=0 PAIR=639 BUFFER=3 SUBPAGES=1/0 GAP_MS=63.949 HASH=cdfdc25bdb95b001
CYCLE=0 PAIR=640 BUFFER=0 SUBPAGES=1/0 GAP_MS=64.250 HASH=bf6d8e3e237caeab
CYCLE=0 PAIR=641 BUFFER=1 SUBPAGES=1/0 GAP_MS=63.041 HASH=08e15ac9fb0d68bb
CYCLE=0 PAIR=642 BUFFER=2 SUBPAGES=1/0 GAP_MS=64.285 HASH=b0dd88e355c615e5
CYCLE=0 PAIR=643 BUFFER=3 SUBPAGES=1/0 GAP_MS=64.760 HASH=a99b36f320ced79e
CYCLE=0 PAIR=644 BUFFER=0 SUBPAGES=1/0 GAP_MS=64.443 HASH=175d8ef1fcece526
CYCLE=0 PAIR=645 BUFFER=1 SUBPAGES=1/0 GAP_MS=64.180 HASH=c692ebfc1457db83
CYCLE=0 PAIR=646 BUFFER=2 SUBPAGES=1/0 GAP_MS=63.552 HASH=dfd2facc0ac4aa20
CYCLE=0 PAIR=647 BUFFER=3 SUBPAGES=1/0 GAP_MS=63.482 HASH=ec2f13d4ae8200e8
CYCLE=0 PAIR=648 BUFFER=0 SUBPAGES=1/0 GAP_MS=65.336 HASH=617063459b6f9391
CYCLE=0 PAIR=649 BUFFER=1 SUBPAGES=1/0 GAP_MS=63.395 HASH=2b292600a4324852
CYCLE=0 PAIR=650 BUFFER=2 SUBPAGES=1/0 GAP_MS=63.927 HASH=d19a8020372c91ab
CYCLE=0 PAIR=651 BUFFER=3 SUBPAGES=1/0 GAP_MS=63.121 HASH=6268f1c85dd0b816
CYCLE=0 PAIR=652 BUFFER=0 SUBPAGES=1/0 GAP_MS=64.414 HASH=427a2ede5e130a8d
CYCLE=0 PAIR=653 BUFFER=1 SUBPAGES=1/0 GAP_MS=63.987 HASH=2974f72493ec8f08
CYCLE=0 PAIR=654 BUFFER=2 SUBPAGES=1/0 GAP_MS=63.083 HASH=8379e1350ad5d765
CYCLE=0 PAIR=655 BUFFER=3 SUBPAGES=1/0 GAP_MS=63.015 HASH=206745a8d7efd04d
CYCLE=0 PAIR=656 BUFFER=0 SUBPAGES=1/0 GAP_MS=64.285 HASH=755d57f5fefa0425
CYCLE=0 PAIR=657 BUFFER=1 SUBPAGES=1/0 GAP_MS=63.337 HASH=8f6f09f4144d3129
CYCLE=0 PAIR=658 BUFFER=2 SUBPAGES=1/0 GAP_MS=62.808 HASH=594f59f2054ee692
CYCLE=0 PAIR=659 BUFFER=3 SUBPAGES=1/0 GAP_MS=63.981 HASH=dd1d8394ef91713f
CYCLE=0 PAIR=660 BUFFER=0 SUBPAGES=1/0 GAP_MS=64.285 HASH=71fd22e9aa46e2f5
CYCLE=0 PAIR=661 BUFFER=1 SUBPAGES=1/0 GAP_MS=62.965 HASH=5d9c482781f1b734
CYCLE=0 PAIR=662 BUFFER=2 SUBPAGES=1/0 GAP_MS=64.312 HASH=61059e6d5bfe70a2
CYCLE=0 PAIR=663 BUFFER=3 SUBPAGES=1/0 GAP_MS=64.043 HASH=0039a79bb3e6d5aa
CYCLE=0 PAIR=664 BUFFER=0 SUBPAGES=1/0 GAP_MS=63.160 HASH=7ce41d1c0ded2418
CYCLE=0 PAIR=665 BUFFER=1 SUBPAGES=1/0 GAP_MS=62.959 HASH=d5e283f02d0b85fb
CYCLE=0 PAIR=666 BUFFER=2 SUBPAGES=1/0 GAP_MS=65.033 HASH=9b5fb03f0f59a904
CYCLE=0 PAIR=667 BUFFER=3 SUBPAGES=1/0 GAP_MS=64.158 HASH=634a3b21850ed8c9
CYCLE=0 PAIR=668 BUFFER=0 SUBPAGES=1/0 GAP_MS=63.837 HASH=eb0395155aa79f1a
CYCLE=0 PAIR=669 BUFFER=1 SUBPAGES=1/0 GAP_MS=63.252 HASH=c36376e4bc83b1ba
CYCLE=0 PAIR=670 BUFFER=2 SUBPAGES=1/0 GAP_MS=64.246 HASH=d67f809a30fe2bbf
CYCLE=0 PAIR=671 BUFFER=3 SUBPAGES=1/0 GAP_MS=63.267 HASH=352d1391ca2614e0
CYCLE=0 PAIR=672 BUFFER=0 SUBPAGES=1/0 GAP_MS=64.785 HASH=4749fa3316c9d5b5
CYCLE=0 PAIR=673 BUFFER=1 SUBPAGES=1/0 GAP_MS=63.861 HASH=8ced14bb7f2bf3f0
CYCLE=0 PAIR=674 BUFFER=2 SUBPAGES=1/0 GAP_MS=63.806 HASH=44cadc0694536436
CYCLE=0 PAIR=675 BUFFER=3 SUBPAGES=1/0 GAP_MS=64.850 HASH=dbc1cfcbd57e972d
CYCLE=0 PAIR=676 BUFFER=0 SUBPAGES=1/0 GAP_MS=63.787 HASH=a54740400b1cc608
CYCLE=0 PAIR=677 BUFFER=1 SUBPAGES=1/0 GAP_MS=64.544 HASH=dc7d0f63bf484084
CYCLE=0 PAIR=678 BUFFER=2 SUBPAGES=1/0 GAP_MS=64.091 HASH=e50077c71668d70c
CYCLE=0 PAIR=679 BUFFER=3 SUBPAGES=1/0 GAP_MS=63.999 HASH=8a046db4d410103c
CYCLE=0 PAIR=680 BUFFER=0 SUBPAGES=1/0 GAP_MS=63.127 HASH=da5b1b2433134ab8
CYCLE=0 PAIR=681 BUFFER=1 SUBPAGES=1/0 GAP_MS=62.727 HASH=02551b9e39415512
CYCLE=0 PAIR=682 BUFFER=2 SUBPAGES=1/0 GAP_MS=65.087 HASH=5570f1b2e56a427a
CYCLE=0 PAIR=683 BUFFER=3 SUBPAGES=1/0 GAP_MS=64.845 HASH=8d0f8dea0ae03637
CYCLE=0 PAIR=684 BUFFER=0 SUBPAGES=1/0 GAP_MS=64.250 HASH=74e2d5e85ece2f5e
CYCLE=0 PAIR=685 BUFFER=1 SUBPAGES=1/0 GAP_MS=63.997 HASH=fd1a69a72f1eeadb
CYCLE=0 PAIR=686 BUFFER=2 SUBPAGES=1/0 GAP_MS=65.383 HASH=b45690de4531ede1
CYCLE=0 PAIR=687 BUFFER=3 SUBPAGES=1/0 GAP_MS=63.753 HASH=f2bbb1ea96f933d1
CYCLE=0 PAIR=688 BUFFER=0 SUBPAGES=1/0 GAP_MS=63.812 HASH=9a957113b68639e0
CYCLE=0 PAIR=689 BUFFER=1 SUBPAGES=1/0 GAP_MS=62.723 HASH=35ab47536be2ce5c
CYCLE=0 PAIR=690 BUFFER=2 SUBPAGES=1/0 GAP_MS=63.994 HASH=d65ffd17cc9ea026
CYCLE=0 PAIR=691 BUFFER=3 SUBPAGES=1/0 GAP_MS=64.770 HASH=d15511b8af2e56d8
CYCLE=0 PAIR=692 BUFFER=0 SUBPAGES=1/0 GAP_MS=63.556 HASH=6592beccde6e4fb1
CYCLE=0 PAIR=693 BUFFER=1 SUBPAGES=1/0 GAP_MS=63.671 HASH=b03a2e0aae2cd08b
CYCLE=0 PAIR=694 BUFFER=2 SUBPAGES=1/0 GAP_MS=65.001 HASH=cc9aa4ab2d0b8be6
CYCLE=0 PAIR=695 BUFFER=3 SUBPAGES=1/0 GAP_MS=64.286 HASH=98368bbcb340e676
CYCLE=0 PAIR=696 BUFFER=0 SUBPAGES=1/0 GAP_MS=64.080 HASH=1a2929b03b870a78
CYCLE=0 PAIR=697 BUFFER=1 SUBPAGES=1/0 GAP_MS=64.877 HASH=2694b2972d8d0904
CYCLE=0 PAIR=698 BUFFER=2 SUBPAGES=1/0 GAP_MS=65.224 HASH=8d9c9dc5f17fcddd
CYCLE=0 PAIR=699 BUFFER=3 SUBPAGES=1/0 GAP_MS=64.447 HASH=bfedc7920fff3a8b
CYCLE=0 PAIR=700 BUFFER=0 SUBPAGES=1/0 GAP_MS=64.791 HASH=d3d74ce961d92fbc
CYCLE=0 PAIR=701 BUFFER=1 SUBPAGES=1/0 GAP_MS=63.660 HASH=0910639bf97e87e6
CYCLE=0 PAIR=702 BUFFER=2 SUBPAGES=1/0 GAP_MS=63.749 HASH=552a7c59b7664e36
CYCLE=0 PAIR=703 BUFFER=3 SUBPAGES=1/0 GAP_MS=63.460 HASH=e2d95ab1ef1e7575
CYCLE=0 PAIR=704 BUFFER=0 SUBPAGES=1/0 GAP_MS=64.791 HASH=4ce8fcfbf9102af3
CYCLE=0 PAIR=705 BUFFER=1 SUBPAGES=1/0 GAP_MS=64.913 HASH=821fef0a41126f35
CYCLE=0 PAIR=706 BUFFER=2 SUBPAGES=1/0 GAP_MS=60.986 HASH=1835210d8ae2a2f4
CYCLE=0 PAIR=707 BUFFER=3 SUBPAGES=1/0 GAP_MS=64.485 HASH=b744d4e6d2cbe2f6
CYCLE=0 PAIR=708 BUFFER=0 SUBPAGES=1/0 GAP_MS=64.392 HASH=b6c964c8e98c88ef
CYCLE=0 PAIR=709 BUFFER=1 SUBPAGES=1/0 GAP_MS=63.202 HASH=4584bac4f64e6c65
CYCLE=0 PAIR=710 BUFFER=2 SUBPAGES=1/0 GAP_MS=63.890 HASH=8df74a810ddec211
CYCLE=0 PAIR=711 BUFFER=3 SUBPAGES=1/0 GAP_MS=63.668 HASH=b30ac3a0a7b32a85
CYCLE=0 PAIR=712 BUFFER=0 SUBPAGES=1/0 GAP_MS=63.947 HASH=88ba84bb1db4d7d7
CYCLE=0 PAIR=713 BUFFER=1 SUBPAGES=1/0 GAP_MS=63.437 HASH=14990f4867a1667f
CYCLE=0 PAIR=714 BUFFER=2 SUBPAGES=1/0 GAP_MS=63.689 HASH=7c20dd306dbd02cc
CYCLE=0 PAIR=715 BUFFER=3 SUBPAGES=1/0 GAP_MS=63.346 HASH=a2863b4da419fd55
CYCLE=0 PAIR=716 BUFFER=0 SUBPAGES=1/0 GAP_MS=63.823 HASH=d7d30aecc430be9a
CYCLE=0 PAIR=717 BUFFER=1 SUBPAGES=1/0 GAP_MS=64.742 HASH=ecc276dc8abdc78b
CYCLE=0 PAIR=718 BUFFER=2 SUBPAGES=1/0 GAP_MS=65.152 HASH=d1eca8bab92e02b6
CYCLE=0 PAIR=719 BUFFER=3 SUBPAGES=1/0 GAP_MS=64.890 HASH=5423007d7ea0f106
CYCLE=0 PAIR=720 BUFFER=0 SUBPAGES=1/0 GAP_MS=63.518 HASH=582437957253eef9
CYCLE=0 PAIR=721 BUFFER=1 SUBPAGES=1/0 GAP_MS=63.261 HASH=62d17f40eb52aba3
CYCLE=0 PAIR=722 BUFFER=2 SUBPAGES=1/0 GAP_MS=63.802 HASH=f6711da03e4b8e6e
CYCLE=0 PAIR=723 BUFFER=3 SUBPAGES=1/0 GAP_MS=64.285 HASH=fc33a536de8964c5
CYCLE=0 PAIR=724 BUFFER=0 SUBPAGES=1/0 GAP_MS=63.022 HASH=ff587ef7a2f4d344
CYCLE=0 PAIR=725 BUFFER=1 SUBPAGES=1/0 GAP_MS=63.490 HASH=a1d5483204738951
CYCLE=0 PAIR=726 BUFFER=2 SUBPAGES=1/0 GAP_MS=64.376 HASH=9ca2b6c8fef2e809
CYCLE=0 PAIR=727 BUFFER=3 SUBPAGES=1/0 GAP_MS=62.955 HASH=def3909a578b82e4
CYCLE=0 PAIR=728 BUFFER=0 SUBPAGES=1/0 GAP_MS=64.390 HASH=7473af65e092e89e
CYCLE=0 PAIR=729 BUFFER=1 SUBPAGES=1/0 GAP_MS=63.407 HASH=bb5422f8b284e0d3
CYCLE=0 PAIR=730 BUFFER=2 SUBPAGES=1/0 GAP_MS=63.464 HASH=649a8509ec51973e
CYCLE=0 PAIR=731 BUFFER=3 SUBPAGES=1/0 GAP_MS=64.811 HASH=99387e4a524e6fc1
CYCLE=0 PAIR=732 BUFFER=0 SUBPAGES=1/0 GAP_MS=63.408 HASH=f92fd38c53f98797
CYCLE=0 PAIR=733 BUFFER=1 SUBPAGES=1/0 GAP_MS=63.736 HASH=e33eafbd4243d2d9
CYCLE=0 PAIR=734 BUFFER=2 SUBPAGES=1/0 GAP_MS=63.391 HASH=4b4ea37e2b20afdb
CYCLE=0 PAIR=735 BUFFER=3 SUBPAGES=1/0 GAP_MS=62.656 HASH=9c62d2c2ebca30c8
CYCLE=0 PAIR=736 BUFFER=0 SUBPAGES=1/0 GAP_MS=63.156 HASH=d22e9ff51853f28d
CYCLE=0 PAIR=737 BUFFER=1 SUBPAGES=1/0 GAP_MS=63.935 HASH=9effd3cd5bc69472
CYCLE=0 PAIR=738 BUFFER=2 SUBPAGES=1/0 GAP_MS=62.889 HASH=d957da0712474cdf
CYCLE=0 PAIR=739 BUFFER=3 SUBPAGES=1/0 GAP_MS=64.616 HASH=e1deb8ad4092e50e
CYCLE=0 PAIR=740 BUFFER=0 SUBPAGES=1/0 GAP_MS=64.598 HASH=49c006ea28f1f6ac
CYCLE=0 PAIR=741 BUFFER=1 SUBPAGES=1/0 GAP_MS=64.702 HASH=f5b59b016d4e5eb5
CYCLE=0 PAIR=742 BUFFER=2 SUBPAGES=1/0 GAP_MS=62.521 HASH=a207fbc735743dbe
CYCLE=0 PAIR=743 BUFFER=3 SUBPAGES=1/0 GAP_MS=64.196 HASH=9d2c20d123414a32
CYCLE=0 PAIR=744 BUFFER=0 SUBPAGES=1/0 GAP_MS=62.815 HASH=01bf139d43e3b213
CYCLE=0 PAIR=745 BUFFER=1 SUBPAGES=1/0 GAP_MS=63.470 HASH=0fa0b186997fdcd1
CYCLE=0 PAIR=746 BUFFER=2 SUBPAGES=1/0 GAP_MS=65.119 HASH=b2340440ce3babed
CYCLE=0 PAIR=747 BUFFER=3 SUBPAGES=1/0 GAP_MS=63.897 HASH=28c56530e37c287f
CYCLE=0 PAIR=748 BUFFER=0 SUBPAGES=1/0 GAP_MS=65.169 HASH=efd57808ab7c054d
CYCLE=0 PAIR=749 BUFFER=1 SUBPAGES=1/0 GAP_MS=64.253 HASH=b392aa756ebd5752
CYCLE=0 PAIR=750 BUFFER=2 SUBPAGES=1/0 GAP_MS=64.612 HASH=d6e61cc026feccf0
CYCLE=0 PAIR=751 BUFFER=3 SUBPAGES=1/0 GAP_MS=63.093 HASH=a88bb4e41b1dccf4
CYCLE=0 PAIR=752 BUFFER=0 SUBPAGES=1/0 GAP_MS=64.193 HASH=250ba4e718d66619
CYCLE=0 PAIR=753 BUFFER=1 SUBPAGES=1/0 GAP_MS=64.619 HASH=d5583d35f968ae7d
CYCLE=0 PAIR=754 BUFFER=2 SUBPAGES=1/0 GAP_MS=64.899 HASH=240b13ba5543857e
CYCLE=0 PAIR=755 BUFFER=3 SUBPAGES=1/0 GAP_MS=64.477 HASH=84c3e440d206f51f
CYCLE=0 PAIR=756 BUFFER=0 SUBPAGES=1/0 GAP_MS=62.845 HASH=cb657fd093e80f2e
CYCLE=0 PAIR=757 BUFFER=1 SUBPAGES=1/0 GAP_MS=62.765 HASH=1778ad724e13a3f8
CYCLE=0 PAIR=758 BUFFER=2 SUBPAGES=1/0 GAP_MS=65.185 HASH=0b90e67870c5f25f
CYCLE=0 PAIR=759 BUFFER=3 SUBPAGES=1/0 GAP_MS=64.957 HASH=0a0bba24318ea072
CYCLE=0 PAIR=760 BUFFER=0 SUBPAGES=1/0 GAP_MS=63.172 HASH=50f0a702cc37c060
CYCLE=0 PAIR=761 BUFFER=1 SUBPAGES=1/0 GAP_MS=63.192 HASH=ddbc0ae996ec305c
CYCLE=0 PAIR=762 BUFFER=2 SUBPAGES=1/0 GAP_MS=65.293 HASH=3261c0a10136da4a
CYCLE=0 PAIR=763 BUFFER=3 SUBPAGES=1/0 GAP_MS=64.408 HASH=1d7034cf19776f4e
CYCLE=0 PAIR=764 BUFFER=0 SUBPAGES=1/0 GAP_MS=64.673 HASH=fcfc44a848aa7cd4
CYCLE=0 PAIR=765 BUFFER=1 SUBPAGES=1/0 GAP_MS=64.038 HASH=40827c47fe037a46
CYCLE=0 PAIR=766 BUFFER=2 SUBPAGES=1/0 GAP_MS=64.945 HASH=7e686b05eaaacccd
CYCLE=0 PAIR=767 BUFFER=3 SUBPAGES=1/0 GAP_MS=63.082 HASH=149f27219403a977
CYCLE=0 PAIR=768 BUFFER=0 SUBPAGES=1/0 GAP_MS=63.732 HASH=a9a5f713b574a2f6
CYCLE=0 PAIR=769 BUFFER=1 SUBPAGES=1/0 GAP_MS=62.275 HASH=e8fa7e731808ff79
CYCLE=0 PAIR=770 BUFFER=2 SUBPAGES=1/0 GAP_MS=64.005 HASH=4642eb0e34515d69
CYCLE=0 PAIR=771 BUFFER=3 SUBPAGES=1/0 GAP_MS=63.414 HASH=3786547168de454e
CYCLE=0 PAIR=772 BUFFER=0 SUBPAGES=1/0 GAP_MS=63.296 HASH=0eb9ef7ed3da1039
CYCLE=0 PAIR=773 BUFFER=1 SUBPAGES=1/0 GAP_MS=63.069 HASH=e3d6e44518437cd9
CYCLE=0 PAIR=774 BUFFER=2 SUBPAGES=1/0 GAP_MS=64.819 HASH=46193b408b027e64
CYCLE=0 PAIR=775 BUFFER=3 SUBPAGES=1/0 GAP_MS=65.376 HASH=0fa363c924f7be3b
CYCLE=0 PAIR=776 BUFFER=0 SUBPAGES=1/0 GAP_MS=62.689 HASH=3d6ef3f042ba2a0d
CYCLE=0 PAIR=777 BUFFER=1 SUBPAGES=1/0 GAP_MS=63.499 HASH=5d8dcd8bc78ff14a
CYCLE=0 PAIR=778 BUFFER=2 SUBPAGES=1/0 GAP_MS=63.243 HASH=e530b74b492c7308
CYCLE=0 PAIR=779 BUFFER=3 SUBPAGES=1/0 GAP_MS=65.160 HASH=a2de53e60d6dcfa6
CYCLE=0 PAIR=780 BUFFER=0 SUBPAGES=1/0 GAP_MS=63.519 HASH=25104090a8d043a5
CYCLE=0 PAIR=781 BUFFER=1 SUBPAGES=1/0 GAP_MS=63.942 HASH=79f892243fc57cdd
CYCLE=0 PAIR=782 BUFFER=2 SUBPAGES=1/0 GAP_MS=63.491 HASH=651ecafb28ca7b64
CYCLE=0 PAIR=783 BUFFER=3 SUBPAGES=1/0 GAP_MS=65.212 HASH=085bfd175040bbc3
CYCLE=0 PAIR=784 BUFFER=0 SUBPAGES=1/0 GAP_MS=63.731 HASH=877c3480af917ab6
CYCLE=0 PAIR=785 BUFFER=1 SUBPAGES=1/0 GAP_MS=64.593 HASH=7cd0773e11b83a4a
CYCLE=0 PAIR=786 BUFFER=2 SUBPAGES=1/0 GAP_MS=63.922 HASH=e9177704c118bc6c
CYCLE=0 PAIR=787 BUFFER=3 SUBPAGES=1/0 GAP_MS=63.885 HASH=a772763417261f3e
CYCLE=0 PAIR=788 BUFFER=0 SUBPAGES=1/0 GAP_MS=62.949 HASH=8ab8c5448eaed411
CYCLE=0 PAIR=789 BUFFER=1 SUBPAGES=1/0 GAP_MS=63.288 HASH=f5f7525432118324
CYCLE=0 PAIR=790 BUFFER=2 SUBPAGES=1/0 GAP_MS=63.979 HASH=d71c6989351b0ee5
CYCLE=0 PAIR=791 BUFFER=3 SUBPAGES=1/0 GAP_MS=64.369 HASH=7bf61d40f829fffd
CYCLE=0 PAIR=792 BUFFER=0 SUBPAGES=1/0 GAP_MS=64.903 HASH=496b04211c61b773
CYCLE=0 PAIR=793 BUFFER=1 SUBPAGES=1/0 GAP_MS=62.541 HASH=f7f0627ceae787e3
CYCLE=0 PAIR=794 BUFFER=2 SUBPAGES=1/0 GAP_MS=64.920 HASH=09c6e5f068853a01
CYCLE=0 PAIR=795 BUFFER=3 SUBPAGES=1/0 GAP_MS=63.942 HASH=41fc6f9f20c6d877
CYCLE=0 PAIR=796 BUFFER=0 SUBPAGES=1/0 GAP_MS=63.716 HASH=1c8c1f348c8221f7
CYCLE=0 PAIR=797 BUFFER=1 SUBPAGES=1/0 GAP_MS=63.431 HASH=bf962778ea801668
CYCLE=0 PAIR=798 BUFFER=2 SUBPAGES=1/0 GAP_MS=64.483 HASH=989e200cac83ace1
CYCLE=0 PAIR=799 BUFFER=3 SUBPAGES=1/0 GAP_MS=65.121 HASH=08b693bff60e51ea
TOTAL_PAIRS=800
ELAPSED_SECONDS=102.842
STAGE5_RUNTIME_CHECK=PASS
