DEVICE=/dev/video0
META_SIZE=3400
PAIRS_PER_CYCLE=80
CYCLES=1
HOLD_MS=0
CYCLE=0 PAIR=0 BUFFER=0 SUBPAGES=1/0 GAP_MS=62.751 HASH=7c63f0f20c44094f
CYCLE=0 PAIR=1 BUFFER=1 SUBPAGES=1/0 GAP_MS=65.459 HASH=e084b18949583792
CYCLE=0 PAIR=2 BUFFER=2 SUBPAGES=1/0 GAP_MS=63.559 HASH=722b7c14a19f121e
CYCLE=0 PAIR=3 BUFFER=3 SUBPAGES=1/0 GAP_MS=64.688 HASH=e72bc3fc0287d0b8
CYCLE=0 PAIR=4 BUFFER=0 SUBPAGES=1/0 GAP_MS=63.587 HASH=fbeee8aeb0f1c5ed
CYCLE=0 PAIR=5 BUFFER=1 SUBPAGES=1/0 GAP_MS=63.322 HASH=16a02e4ec44335c4
CYCLE=0 PAIR=6 BUFFER=2 SUBPAGES=1/0 GAP_MS=65.179 HASH=c8c0d8a53d4b6964
CYCLE=0 PAIR=7 BUFFER=3 SUBPAGES=1/0 GAP_MS=64.354 HASH=1def742d17adc7e8
CYCLE=0 PAIR=8 BUFFER=0 SUBPAGES=1/0 GAP_MS=63.269 HASH=66acfbda640126f0
CYCLE=0 PAIR=9 BUFFER=1 SUBPAGES=1/0 GAP_MS=62.951 HASH=7d552929ce33d775
CYCLE=0 PAIR=10 BUFFER=2 SUBPAGES=1/0 GAP_MS=63.180 HASH=64a3c98f5475d0f9
CYCLE=0 PAIR=11 BUFFER=3 SUBPAGES=1/0 GAP_MS=64.302 HASH=b6b1af7f853c2919
CYCLE=0 PAIR=12 BUFFER=0 SUBPAGES=1/0 GAP_MS=63.766 HASH=47596592c292f137
CYCLE=0 PAIR=13 BUFFER=1 SUBPAGES=1/0 GAP_MS=63.408 HASH=2bbb04ddd7bb63dd
CYCLE=0 PAIR=14 BUFFER=2 SUBPAGES=1/0 GAP_MS=63.480 HASH=7e629abbdd81892c
CYCLE=0 PAIR=15 BUFFER=3 SUBPAGES=1/0 GAP_MS=63.011 HASH=8c5c2a359448d373
CYCLE=0 PAIR=16 BUFFER=0 SUBPAGES=1/0 GAP_MS=62.172 HASH=13ddbd8ca2b76189
CYCLE=0 PAIR=17 BUFFER=1 SUBPAGES=1/0 GAP_MS=63.287 HASH=95a7aed4af8a886a
CYCLE=0 PAIR=18 BUFFER=2 SUBPAGES=1/0 GAP_MS=64.229 HASH=40283ef9e12a40d5
CYCLE=0 PAIR=19 BUFFER=3 SUBPAGES=1/0 GAP_MS=63.697 HASH=36ba88ee04818d60
CYCLE=0 PAIR=20 BUFFER=0 SUBPAGES=1/0 GAP_MS=63.679 HASH=ded56741e279e3ae
CYCLE=0 PAIR=21 BUFFER=1 SUBPAGES=1/0 GAP_MS=63.508 HASH=c4dbcffcf6a97cee
CYCLE=0 PAIR=22 BUFFER=2 SUBPAGES=1/0 GAP_MS=63.698 HASH=9b5e33849fa742d6
CYCLE=0 PAIR=23 BUFFER=3 SUBPAGES=1/0 GAP_MS=63.140 HASH=8cc7539c5111d4a6
CYCLE=0 PAIR=24 BUFFER=0 SUBPAGES=1/0 GAP_MS=64.342 HASH=7c984be36da95ad8
CYCLE=0 PAIR=25 BUFFER=1 SUBPAGES=1/0 GAP_MS=63.499 HASH=02e5540b839fea92
CYCLE=0 PAIR=26 BUFFER=2 SUBPAGES=1/0 GAP_MS=64.000 HASH=e90ba6a6cc21778b
CYCLE=0 PAIR=27 BUFFER=3 SUBPAGES=1/0 GAP_MS=64.052 HASH=d05e5dbb7999c221
CYCLE=0 PAIR=28 BUFFER=0 SUBPAGES=1/0 GAP_MS=62.450 HASH=24d3977cb775fbfa
CYCLE=0 PAIR=29 BUFFER=1 SUBPAGES=1/0 GAP_MS=64.248 HASH=f0b0a58d9046491c
CYCLE=0 PAIR=30 BUFFER=2 SUBPAGES=1/0 GAP_MS=66.205 HASH=8a92637ae8da4746
CYCLE=0 PAIR=31 BUFFER=3 SUBPAGES=1/0 GAP_MS=63.944 HASH=0e1e6821b932fe08
CYCLE=0 PAIR=32 BUFFER=0 SUBPAGES=1/0 GAP_MS=64.232 HASH=ac91ee67e0aaa6e8
CYCLE=0 PAIR=33 BUFFER=1 SUBPAGES=1/0 GAP_MS=63.193 HASH=4955a3741f28da1f
CYCLE=0 PAIR=34 BUFFER=2 SUBPAGES=1/0 GAP_MS=63.612 HASH=8a222803bf519dd0
CYCLE=0 PAIR=35 BUFFER=3 SUBPAGES=1/0 GAP_MS=64.333 HASH=29d17bcaf7ae0c66
CYCLE=0 PAIR=36 BUFFER=0 SUBPAGES=1/0 GAP_MS=64.796 HASH=bc68c704c54da2c4
CYCLE=0 PAIR=37 BUFFER=1 SUBPAGES=1/0 GAP_MS=64.197 HASH=807220ace2afb07d
CYCLE=0 PAIR=38 BUFFER=2 SUBPAGES=1/0 GAP_MS=63.706 HASH=91618eea58e0208e
CYCLE=0 PAIR=39 BUFFER=3 SUBPAGES=1/0 GAP_MS=63.580 HASH=344e23ec137c8de7
CYCLE=0 PAIR=40 BUFFER=0 SUBPAGES=1/0 GAP_MS=64.239 HASH=b7463165c1858d61
CYCLE=0 PAIR=41 BUFFER=1 SUBPAGES=1/0 GAP_MS=64.221 HASH=2409bdea3a75e57c
CYCLE=0 PAIR=42 BUFFER=2 SUBPAGES=1/0 GAP_MS=62.997 HASH=33225afd6b80d74a
CYCLE=0 PAIR=43 BUFFER=3 SUBPAGES=1/0 GAP_MS=63.839 HASH=5e958c74ebeb028c
CYCLE=0 PAIR=44 BUFFER=0 SUBPAGES=1/0 GAP_MS=64.328 HASH=28e4eca0826ca92f
CYCLE=0 PAIR=45 BUFFER=1 SUBPAGES=1/0 GAP_MS=63.175 HASH=29c7e252cbc4c14d
CYCLE=0 PAIR=46 BUFFER=2 SUBPAGES=1/0 GAP_MS=65.105 HASH=3ce007d083841802
CYCLE=0 PAIR=47 BUFFER=3 SUBPAGES=1/0 GAP_MS=63.096 HASH=9ae05ad4e71b0c93
CYCLE=0 PAIR=48 BUFFER=0 SUBPAGES=1/0 GAP_MS=64.626 HASH=736dd15b288ca0ee
CYCLE=0 PAIR=49 BUFFER=1 SUBPAGES=1/0 GAP_MS=64.891 HASH=53809e8c9faa4e6e
CYCLE=0 PAIR=50 BUFFER=2 SUBPAGES=1/0 GAP_MS=63.215 HASH=e43fb754fdfc5fc8
CYCLE=0 PAIR=51 BUFFER=3 SUBPAGES=1/0 GAP_MS=63.840 HASH=3a11f30a4dde7e1f
CYCLE=0 PAIR=52 BUFFER=0 SUBPAGES=1/0 GAP_MS=64.273 HASH=c1947e48ef6b08cf
CYCLE=0 PAIR=53 BUFFER=1 SUBPAGES=1/0 GAP_MS=64.587 HASH=edca061b4bc3ebd1
CYCLE=0 PAIR=54 BUFFER=2 SUBPAGES=1/0 GAP_MS=64.010 HASH=d2d0166978d88db6
CYCLE=0 PAIR=55 BUFFER=3 SUBPAGES=1/0 GAP_MS=62.252 HASH=84caa5761deee27d
CYCLE=0 PAIR=56 BUFFER=0 SUBPAGES=1/0 GAP_MS=64.404 HASH=5ce39991b4aee433
CYCLE=0 PAIR=57 BUFFER=1 SUBPAGES=1/0 GAP_MS=63.025 HASH=a8dc5526dd53bf7b
CYCLE=0 PAIR=58 BUFFER=2 SUBPAGES=1/0 GAP_MS=64.127 HASH=bd3450e910be28fc
CYCLE=0 PAIR=59 BUFFER=3 SUBPAGES=1/0 GAP_MS=63.705 HASH=28e7826fd7a805af
CYCLE=0 PAIR=60 BUFFER=0 SUBPAGES=1/0 GAP_MS=63.999 HASH=db77a39e426b493d
CYCLE=0 PAIR=61 BUFFER=1 SUBPAGES=1/0 GAP_MS=65.056 HASH=5bda97c4164caee5
CYCLE=0 PAIR=62 BUFFER=2 SUBPAGES=1/0 GAP_MS=63.268 HASH=03fed430a9bee7f6
CYCLE=0 PAIR=63 BUFFER=3 SUBPAGES=1/0 GAP_MS=63.617 HASH=e134d1355a0be67f
CYCLE=0 PAIR=64 BUFFER=0 SUBPAGES=1/0 GAP_MS=64.156 HASH=9114d2d9a858379f
CYCLE=0 PAIR=65 BUFFER=1 SUBPAGES=1/0 GAP_MS=63.503 HASH=b81d5fd24df148e3
CYCLE=0 PAIR=66 BUFFER=2 SUBPAGES=1/0 GAP_MS=64.394 HASH=ca699135e15058df
CYCLE=0 PAIR=67 BUFFER=3 SUBPAGES=1/0 GAP_MS=63.723 HASH=b4957b8a7b6663fd
CYCLE=0 PAIR=68 BUFFER=0 SUBPAGES=1/0 GAP_MS=63.867 HASH=0049adde12ebc30e
CYCLE=0 PAIR=69 BUFFER=1 SUBPAGES=1/0 GAP_MS=64.809 HASH=7d3bd614274f30b7
CYCLE=0 PAIR=70 BUFFER=2 SUBPAGES=1/0 GAP_MS=63.469 HASH=66c043d62b48364d
CYCLE=0 PAIR=71 BUFFER=3 SUBPAGES=1/0 GAP_MS=63.363 HASH=fcd5185a5b0635ab
CYCLE=0 PAIR=72 BUFFER=0 SUBPAGES=1/0 GAP_MS=62.870 HASH=f20455dafcf72b41
CYCLE=0 PAIR=73 BUFFER=1 SUBPAGES=1/0 GAP_MS=63.934 HASH=f9ce8d20a4069722
CYCLE=0 PAIR=74 BUFFER=2 SUBPAGES=1/0 GAP_MS=60.985 HASH=3fcf2f846f3e21e5
CYCLE=0 PAIR=75 BUFFER=3 SUBPAGES=1/0 GAP_MS=64.583 HASH=e65e8206a2539ce2
CYCLE=0 PAIR=76 BUFFER=0 SUBPAGES=1/0 GAP_MS=63.979 HASH=2fa00a639c586d2c
CYCLE=0 PAIR=77 BUFFER=1 SUBPAGES=1/0 GAP_MS=62.804 HASH=9af0d7536bfa43ba
CYCLE=0 PAIR=78 BUFFER=2 SUBPAGES=1/0 GAP_MS=63.399 HASH=4ab648e633d99b5e
CYCLE=0 PAIR=79 BUFFER=3 SUBPAGES=1/0 GAP_MS=64.419 HASH=98757bf379e8fbeb
TOTAL_PAIRS=80
ELAPSED_SECONDS=10.511
STAGE5_RUNTIME_CHECK=PASS
