DEVICE=/dev/video0
META_SIZE=3400
PAIRS_PER_CYCLE=80
CYCLES=1
HOLD_MS=0
CYCLE=0 PAIR=0 BUFFER=0 SUBPAGES=1/0 GAP_MS=63.739 HASH=fa558738ecfdf244
CYCLE=0 PAIR=1 BUFFER=1 SUBPAGES=1/0 GAP_MS=63.301 HASH=12975aa88b5c5718
CYCLE=0 PAIR=2 BUFFER=2 SUBPAGES=1/0 GAP_MS=64.229 HASH=cfd41d484f9a782a
CYCLE=0 PAIR=3 BUFFER=3 SUBPAGES=1/0 GAP_MS=63.489 HASH=98636be0dfee10dc
CYCLE=0 PAIR=4 BUFFER=0 SUBPAGES=1/0 GAP_MS=63.540 HASH=bf84c52dd7b15edb
CYCLE=0 PAIR=5 BUFFER=1 SUBPAGES=1/0 GAP_MS=63.772 HASH=a5cb4e188cd8703e
CYCLE=0 PAIR=6 BUFFER=2 SUBPAGES=1/0 GAP_MS=64.207 HASH=cfcc880f2e150902
CYCLE=0 PAIR=7 BUFFER=3 SUBPAGES=1/0 GAP_MS=63.576 HASH=1eed3d1311419523
CYCLE=0 PAIR=8 BUFFER=0 SUBPAGES=1/0 GAP_MS=65.278 HASH=e009a6b354d4f9c2
CYCLE=0 PAIR=9 BUFFER=1 SUBPAGES=1/0 GAP_MS=64.470 HASH=3a71854b1275c313
CYCLE=0 PAIR=10 BUFFER=2 SUBPAGES=1/0 GAP_MS=61.744 HASH=5b581c9792be7f0c
CYCLE=0 PAIR=11 BUFFER=3 SUBPAGES=1/0 GAP_MS=63.532 HASH=e71e956e2383caef
CYCLE=0 PAIR=12 BUFFER=0 SUBPAGES=1/0 GAP_MS=64.300 HASH=66e0efc8e4faf122
CYCLE=0 PAIR=13 BUFFER=1 SUBPAGES=1/0 GAP_MS=63.436 HASH=dbecb06136c33be5
CYCLE=0 PAIR=14 BUFFER=2 SUBPAGES=1/0 GAP_MS=63.440 HASH=912dece68bcc18cb
CYCLE=0 PAIR=15 BUFFER=3 SUBPAGES=1/0 GAP_MS=64.428 HASH=e1d0c436246ab3d9
CYCLE=0 PAIR=16 BUFFER=0 SUBPAGES=1/0 GAP_MS=62.420 HASH=4ac06f56054efd0b
CYCLE=0 PAIR=17 BUFFER=1 SUBPAGES=1/0 GAP_MS=64.489 HASH=26cca86aee7c693f
CYCLE=0 PAIR=18 BUFFER=2 SUBPAGES=1/0 GAP_MS=64.080 HASH=f79687aff2d83db5
CYCLE=0 PAIR=19 BUFFER=3 SUBPAGES=1/0 GAP_MS=62.941 HASH=c899d884a19be2bf
CYCLE=0 PAIR=20 BUFFER=0 SUBPAGES=1/0 GAP_MS=64.287 HASH=c7a33fabb20d9a7d
CYCLE=0 PAIR=21 BUFFER=1 SUBPAGES=1/0 GAP_MS=64.010 HASH=20b032f222422c0c
CYCLE=0 PAIR=22 BUFFER=2 SUBPAGES=1/0 GAP_MS=63.904 HASH=64b2713712496999
CYCLE=0 PAIR=23 BUFFER=3 SUBPAGES=1/0 GAP_MS=62.450 HASH=fee6b7e5bd4329c9
CYCLE=0 PAIR=24 BUFFER=0 SUBPAGES=1/0 GAP_MS=65.890 HASH=3013dd91a2833a85
CYCLE=0 PAIR=25 BUFFER=1 SUBPAGES=1/0 GAP_MS=64.575 HASH=876cc6282b28ab87
CYCLE=0 PAIR=26 BUFFER=2 SUBPAGES=1/0 GAP_MS=64.850 HASH=e8acab504e8340d4
CYCLE=0 PAIR=27 BUFFER=3 SUBPAGES=1/0 GAP_MS=62.900 HASH=5339d46256243938
CYCLE=0 PAIR=28 BUFFER=0 SUBPAGES=1/0 GAP_MS=63.648 HASH=0c566354e59bd8cf
CYCLE=0 PAIR=29 BUFFER=1 SUBPAGES=1/0 GAP_MS=63.473 HASH=9c3fc0ec828d9a41
CYCLE=0 PAIR=30 BUFFER=2 SUBPAGES=1/0 GAP_MS=63.579 HASH=b5ed8ef67c888199
CYCLE=0 PAIR=31 BUFFER=3 SUBPAGES=1/0 GAP_MS=64.105 HASH=91e1795ec53fff4b
CYCLE=0 PAIR=32 BUFFER=0 SUBPAGES=1/0 GAP_MS=65.504 HASH=c963e204152f6da6
CYCLE=0 PAIR=33 BUFFER=1 SUBPAGES=1/0 GAP_MS=62.992 HASH=4b02d7a27e8802d6
CYCLE=0 PAIR=34 BUFFER=2 SUBPAGES=1/0 GAP_MS=64.506 HASH=fbe17ad8eb815fda
CYCLE=0 PAIR=35 BUFFER=3 SUBPAGES=1/0 GAP_MS=63.764 HASH=733be168d92d534e
CYCLE=0 PAIR=36 BUFFER=0 SUBPAGES=1/0 GAP_MS=63.743 HASH=45a9bf522fcf785f
CYCLE=0 PAIR=37 BUFFER=1 SUBPAGES=1/0 GAP_MS=64.000 HASH=da7227baf58b51f6
CYCLE=0 PAIR=38 BUFFER=2 SUBPAGES=1/0 GAP_MS=64.643 HASH=dd9f6301c33f0163
CYCLE=0 PAIR=39 BUFFER=3 SUBPAGES=1/0 GAP_MS=63.008 HASH=92ff59036c6b893d
CYCLE=0 PAIR=40 BUFFER=0 SUBPAGES=1/0 GAP_MS=63.205 HASH=e8f3e93e347095fa
CYCLE=0 PAIR=41 BUFFER=1 SUBPAGES=1/0 GAP_MS=64.719 HASH=56d18ccfbc9b13c2
CYCLE=0 PAIR=42 BUFFER=2 SUBPAGES=1/0 GAP_MS=64.663 HASH=8f6cf51b71b52e14
CYCLE=0 PAIR=43 BUFFER=3 SUBPAGES=1/0 GAP_MS=64.227 HASH=ff80f1ea42d7d0d8
CYCLE=0 PAIR=44 BUFFER=0 SUBPAGES=1/0 GAP_MS=63.410 HASH=ec9fbc16770218ce
CYCLE=0 PAIR=45 BUFFER=1 SUBPAGES=1/0 GAP_MS=63.867 HASH=45e79dc7ea6d5b15
CYCLE=0 PAIR=46 BUFFER=2 SUBPAGES=1/0 GAP_MS=62.961 HASH=aa28cfe0e662d50a
CYCLE=0 PAIR=47 BUFFER=3 SUBPAGES=1/0 GAP_MS=64.077 HASH=08683c6a76644709
CYCLE=0 PAIR=48 BUFFER=0 SUBPAGES=1/0 GAP_MS=63.606 HASH=69574e7abc1f9b13
CYCLE=0 PAIR=49 BUFFER=1 SUBPAGES=1/0 GAP_MS=63.966 HASH=4b4c0dc99ba0f92e
CYCLE=0 PAIR=50 BUFFER=2 SUBPAGES=1/0 GAP_MS=64.185 HASH=a47b749fed9054cc
CYCLE=0 PAIR=51 BUFFER=3 SUBPAGES=1/0 GAP_MS=64.540 HASH=99ba81a6a55c5b01
CYCLE=0 PAIR=52 BUFFER=0 SUBPAGES=1/0 GAP_MS=63.354 HASH=a08c2b18794bf348
CYCLE=0 PAIR=53 BUFFER=1 SUBPAGES=1/0 GAP_MS=65.312 HASH=4d4f1f5992190787
CYCLE=0 PAIR=54 BUFFER=2 SUBPAGES=1/0 GAP_MS=63.360 HASH=1bae65a0323f5912
CYCLE=0 PAIR=55 BUFFER=3 SUBPAGES=1/0 GAP_MS=64.373 HASH=017bdef54bbed7e1
CYCLE=0 PAIR=56 BUFFER=0 SUBPAGES=1/0 GAP_MS=63.204 HASH=22ea679289d49cad
CYCLE=0 PAIR=57 BUFFER=1 SUBPAGES=1/0 GAP_MS=64.308 HASH=2bbed6098806bfad
CYCLE=0 PAIR=58 BUFFER=2 SUBPAGES=1/0 GAP_MS=64.662 HASH=c3574023e47a4d6b
CYCLE=0 PAIR=59 BUFFER=3 SUBPAGES=1/0 GAP_MS=63.783 HASH=8700e6fd0df04751
CYCLE=0 PAIR=60 BUFFER=0 SUBPAGES=1/0 GAP_MS=63.964 HASH=0422b503392c44ad
CYCLE=0 PAIR=61 BUFFER=1 SUBPAGES=1/0 GAP_MS=63.627 HASH=a0e84a5ba7bbe88d
CYCLE=0 PAIR=62 BUFFER=2 SUBPAGES=1/0 GAP_MS=64.430 HASH=dc7d43a36951a881
CYCLE=0 PAIR=63 BUFFER=3 SUBPAGES=1/0 GAP_MS=65.181 HASH=14f167bcec1164b1
CYCLE=0 PAIR=64 BUFFER=0 SUBPAGES=1/0 GAP_MS=62.649 HASH=8b9c9b51e1172bcd
CYCLE=0 PAIR=65 BUFFER=1 SUBPAGES=1/0 GAP_MS=64.919 HASH=b90da59c420d3abf
CYCLE=0 PAIR=66 BUFFER=2 SUBPAGES=1/0 GAP_MS=63.162 HASH=caef5668902356cd
CYCLE=0 PAIR=67 BUFFER=3 SUBPAGES=1/0 GAP_MS=63.534 HASH=68c9eda54f7d7745
CYCLE=0 PAIR=68 BUFFER=0 SUBPAGES=1/0 GAP_MS=63.001 HASH=b49dea5ce59cd1a4
CYCLE=0 PAIR=69 BUFFER=1 SUBPAGES=1/0 GAP_MS=64.656 HASH=fd414b4f2951fcda
CYCLE=0 PAIR=70 BUFFER=2 SUBPAGES=1/0 GAP_MS=65.105 HASH=922f5eb673a1fdbb
CYCLE=0 PAIR=71 BUFFER=3 SUBPAGES=1/0 GAP_MS=63.904 HASH=d618bd5ff1687c26
CYCLE=0 PAIR=72 BUFFER=0 SUBPAGES=1/0 GAP_MS=63.343 HASH=1982ef8eabed7f3c
CYCLE=0 PAIR=73 BUFFER=1 SUBPAGES=1/0 GAP_MS=64.316 HASH=eafa14ac5c5f8203
CYCLE=0 PAIR=74 BUFFER=2 SUBPAGES=1/0 GAP_MS=63.501 HASH=b9e34fc4e93fc328
CYCLE=0 PAIR=75 BUFFER=3 SUBPAGES=1/0 GAP_MS=64.295 HASH=89b8fdbe0ca321ad
CYCLE=0 PAIR=76 BUFFER=0 SUBPAGES=1/0 GAP_MS=63.297 HASH=0b7a7e242298a952
CYCLE=0 PAIR=77 BUFFER=1 SUBPAGES=1/0 GAP_MS=63.676 HASH=07fbb45aec7f99d0
CYCLE=0 PAIR=78 BUFFER=2 SUBPAGES=1/0 GAP_MS=65.682 HASH=ad4d2e6ce6b1a6ce
CYCLE=0 PAIR=79 BUFFER=3 SUBPAGES=1/0 GAP_MS=63.734 HASH=e5acd6a99c4455b6
TOTAL_PAIRS=80
ELAPSED_SECONDS=10.682
STAGE5_RUNTIME_CHECK=PASS
