		VIDIOC_REQBUFS returned 0 (Success)
		VIDIOC_QUERYBUF returned 0 (Success)
		VIDIOC_QUERYBUF returned 0 (Success)
		VIDIOC_QUERYBUF returned 0 (Success)
		VIDIOC_QUERYBUF returned 0 (Success)
		VIDIOC_QBUF returned 0 (Success)
		VIDIOC_QBUF returned 0 (Success)
		VIDIOC_QBUF returned 0 (Success)
		VIDIOC_QBUF returned 0 (Success)
		VIDIOC_STREAMON returned 0 (Success)
cap dqbuf: 0 seq:      0 bytesused: 10506240 ts: 177.356207 delta now: +33.884 ms (ts-monotonic, ts-src-eof)
cap dqbuf: 1 seq:      1 bytesused: 10506240 ts: 177.389436 delta: 33.229 ms delta now: +33.009 ms (ts-monotonic, ts-src-eof)
cap dqbuf: 2 seq:      2 bytesused: 10506240 ts: 177.422767 delta: 33.331 ms delta now: +33.741 ms (ts-monotonic, ts-src-eof)
cap dqbuf: 3 seq:      3 bytesused: 10506240 ts: 177.456102 delta: 33.335 ms delta now: +33.857 ms (ts-monotonic, ts-src-eof)
cap dqbuf: 0 seq:      4 bytesused: 10506240 ts: 177.489437 delta: 33.335 ms delta now: +32.984 ms fps: 30.02 (ts-monotonic, ts-src-eof)
cap dqbuf: 1 seq:      5 bytesused: 10506240 ts: 177.522767 delta: 33.330 ms delta now: +33.966 ms fps: 30.02 (ts-monotonic, ts-src-eof)
cap dqbuf: 2 seq:      6 bytesused: 10506240 ts: 177.556103 delta: 33.336 ms delta now: +32.982 ms fps: 30.02 (ts-monotonic, ts-src-eof)
cap dqbuf: 3 seq:      7 bytesused: 10506240 ts: 177.589434 delta: 33.331 ms delta now: +34.057 ms fps: 30.01 (ts-monotonic, ts-src-eof)
cap dqbuf: 0 seq:      8 bytesused: 10506240 ts: 177.622770 delta: 33.336 ms delta now: +32.981 ms fps: 30.01 (ts-monotonic, ts-src-eof)
cap dqbuf: 1 seq:      9 bytesused: 10506240 ts: 177.656100 delta: 33.330 ms delta now: +33.866 ms fps: 30.01 (ts-monotonic, ts-src-eof)
cap dqbuf: 2 seq:     10 bytesused: 10506240 ts: 177.689436 delta: 33.336 ms delta now: +33.874 ms fps: 30.01 (ts-monotonic, ts-src-eof)
cap dqbuf: 3 seq:     11 bytesused: 10506240 ts: 177.722770 delta: 33.334 ms delta now: +33.993 ms fps: 30.01 (ts-monotonic, ts-src-eof)
cap dqbuf: 0 seq:     12 bytesused: 10506240 ts: 177.756103 delta: 33.333 ms delta now: +34.065 ms fps: 30.01 (ts-monotonic, ts-src-eof)
cap dqbuf: 1 seq:     13 bytesused: 10506240 ts: 177.789436 delta: 33.333 ms delta now: +32.983 ms fps: 30.01 (ts-monotonic, ts-src-eof)
cap dqbuf: 2 seq:     14 bytesused: 10506240 ts: 177.822770 delta: 33.334 ms delta now: +33.856 ms fps: 30.01 (ts-monotonic, ts-src-eof)
cap dqbuf: 3 seq:     15 bytesused: 10506240 ts: 177.856103 delta: 33.333 ms delta now: +33.735 ms fps: 30.01 (ts-monotonic, ts-src-eof)
cap dqbuf: 0 seq:     16 bytesused: 10506240 ts: 177.889436 delta: 33.333 ms delta now: +33.863 ms fps: 30.01 (ts-monotonic, ts-src-eof)
cap dqbuf: 1 seq:     17 bytesused: 10506240 ts: 177.922770 delta: 33.334 ms delta now: +33.735 ms fps: 30.01 (ts-monotonic, ts-src-eof)
cap dqbuf: 2 seq:     18 bytesused: 10506240 ts: 177.956102 delta: 33.332 ms delta now: +33.871 ms fps: 30.01 (ts-monotonic, ts-src-eof)
cap dqbuf: 3 seq:     19 bytesused: 10506240 ts: 177.989436 delta: 33.334 ms delta now: +33.733 ms fps: 30.00 (ts-monotonic, ts-src-eof)
cap dqbuf: 0 seq:     20 bytesused: 10506240 ts: 178.022769 delta: 33.333 ms delta now: +33.962 ms fps: 30.00 (ts-monotonic, ts-src-eof)
cap dqbuf: 1 seq:     21 bytesused: 10506240 ts: 178.056103 delta: 33.334 ms delta now: +32.982 ms fps: 30.00 (ts-monotonic, ts-src-eof)
cap dqbuf: 2 seq:     22 bytesused: 10506240 ts: 178.089436 delta: 33.333 ms delta now: +33.851 ms fps: 30.00 (ts-monotonic, ts-src-eof)
cap dqbuf: 3 seq:     23 bytesused: 10506240 ts: 178.122770 delta: 33.334 ms delta now: +33.157 ms fps: 30.00 (ts-monotonic, ts-src-eof)
cap dqbuf: 0 seq:     24 bytesused: 10506240 ts: 178.156100 delta: 33.330 ms delta now: +33.992 ms fps: 30.00 (ts-monotonic, ts-src-eof)
cap dqbuf: 1 seq:     25 bytesused: 10506240 ts: 178.189437 delta: 33.337 ms delta now: +33.784 ms fps: 30.00 (ts-monotonic, ts-src-eof)
cap dqbuf: 2 seq:     26 bytesused: 10506240 ts: 178.222769 delta: 33.332 ms delta now: +33.875 ms fps: 30.00 (ts-monotonic, ts-src-eof)
cap dqbuf: 3 seq:     27 bytesused: 10506240 ts: 178.256103 delta: 33.334 ms delta now: +32.987 ms fps: 30.00 (ts-monotonic, ts-src-eof)
cap dqbuf: 0 seq:     28 bytesused: 10506240 ts: 178.289433 delta: 33.330 ms delta now: +33.729 ms fps: 30.00 (ts-monotonic, ts-src-eof)
cap dqbuf: 1 seq:     29 bytesused: 10506240 ts: 178.322769 delta: 33.336 ms delta now: +33.875 ms fps: 30.00 (ts-monotonic, ts-src-eof)
cap dqbuf: 2 seq:     30 bytesused: 10506240 ts: 178.356103 delta: 33.334 ms delta now: +33.740 ms fps: 30.00 (ts-monotonic, ts-src-eof)
cap dqbuf: 3 seq:     31 bytesused: 10506240 ts: 178.389435 delta: 33.332 ms delta now: +33.981 ms fps: 30.00 (ts-monotonic, ts-src-eof)
cap dqbuf: 0 seq:     32 bytesused: 10506240 ts: 178.422770 delta: 33.335 ms delta now: +33.859 ms fps: 30.00 (ts-monotonic, ts-src-eof)
cap dqbuf: 1 seq:     33 bytesused: 10506240 ts: 178.456103 delta: 33.333 ms delta now: +32.983 ms fps: 30.00 (ts-monotonic, ts-src-eof)
cap dqbuf: 2 seq:     34 bytesused: 10506240 ts: 178.489434 delta: 33.331 ms delta now: +34.224 ms fps: 30.00 (ts-monotonic, ts-src-eof)
cap dqbuf: 3 seq:     35 bytesused: 10506240 ts: 178.522769 delta: 33.335 ms delta now: +32.983 ms fps: 30.00 (ts-monotonic, ts-src-eof)
cap dqbuf: 0 seq:     36 bytesused: 10506240 ts: 178.556100 delta: 33.331 ms delta now: +33.738 ms fps: 30.00 (ts-monotonic, ts-src-eof)
cap dqbuf: 1 seq:     37 bytesused: 10506240 ts: 178.589436 delta: 33.336 ms delta now: +33.869 ms fps: 30.00 (ts-monotonic, ts-src-eof)
cap dqbuf: 2 seq:     38 bytesused: 10506240 ts: 178.622770 delta: 33.334 ms delta now: +32.985 ms fps: 30.00 (ts-monotonic, ts-src-eof)
cap dqbuf: 3 seq:     39 bytesused: 10506240 ts: 178.656100 delta: 33.330 ms delta now: +33.855 ms fps: 30.00 (ts-monotonic, ts-src-eof)
cap dqbuf: 0 seq:     40 bytesused: 10506240 ts: 178.689437 delta: 33.337 ms delta now: +32.982 ms fps: 30.00 (ts-monotonic, ts-src-eof)
cap dqbuf: 1 seq:     41 bytesused: 10506240 ts: 178.722767 delta: 33.330 ms delta now: +34.154 ms fps: 30.00 (ts-monotonic, ts-src-eof)
cap dqbuf: 2 seq:     42 bytesused: 10506240 ts: 178.756102 delta: 33.335 ms delta now: +32.982 ms fps: 30.00 (ts-monotonic, ts-src-eof)
cap dqbuf: 3 seq:     43 bytesused: 10506240 ts: 178.789434 delta: 33.332 ms delta now: +33.068 ms fps: 30.00 (ts-monotonic, ts-src-eof)
cap dqbuf: 0 seq:     44 bytesused: 10506240 ts: 178.822767 delta: 33.333 ms delta now: +33.745 ms fps: 30.00 (ts-monotonic, ts-src-eof)
cap dqbuf: 1 seq:     45 bytesused: 10506240 ts: 178.856102 delta: 33.335 ms delta now: +32.983 ms fps: 30.00 (ts-monotonic, ts-src-eof)
cap dqbuf: 2 seq:     46 bytesused: 10506240 ts: 178.889434 delta: 33.332 ms delta now: +32.985 ms fps: 30.00 (ts-monotonic, ts-src-eof)
cap dqbuf: 3 seq:     47 bytesused: 10506240 ts: 178.922767 delta: 33.333 ms delta now: +34.025 ms fps: 30.00 (ts-monotonic, ts-src-eof)
cap dqbuf: 0 seq:     48 bytesused: 10506240 ts: 178.956103 delta: 33.336 ms delta now: +33.982 ms fps: 30.00 (ts-monotonic, ts-src-eof)
cap dqbuf: 1 seq:     49 bytesused: 10506240 ts: 178.989436 delta: 33.333 ms delta now: +33.975 ms fps: 30.00 (ts-monotonic, ts-src-eof)
cap dqbuf: 2 seq:     50 bytesused: 10506240 ts: 179.022770 delta: 33.334 ms delta now: +33.982 ms fps: 30.00 (ts-monotonic, ts-src-eof)
cap dqbuf: 3 seq:     51 bytesused: 10506240 ts: 179.056103 delta: 33.333 ms delta now: +33.842 ms fps: 30.00 (ts-monotonic, ts-src-eof)
cap dqbuf: 0 seq:     52 bytesused: 10506240 ts: 179.089437 delta: 33.334 ms delta now: +32.982 ms fps: 30.00 (ts-monotonic, ts-src-eof)
cap dqbuf: 1 seq:     53 bytesused: 10506240 ts: 179.122767 delta: 33.330 ms delta now: +33.829 ms fps: 30.00 (ts-monotonic, ts-src-eof)
cap dqbuf: 2 seq:     54 bytesused: 10506240 ts: 179.156103 delta: 33.336 ms delta now: +32.983 ms fps: 30.00 (ts-monotonic, ts-src-eof)
cap dqbuf: 3 seq:     55 bytesused: 10506240 ts: 179.189434 delta: 33.331 ms delta now: +33.824 ms fps: 30.00 (ts-monotonic, ts-src-eof)
cap dqbuf: 0 seq:     56 bytesused: 10506240 ts: 179.222770 delta: 33.336 ms delta now: +34.327 ms fps: 30.00 (ts-monotonic, ts-src-eof)
cap dqbuf: 1 seq:     57 bytesused: 10506240 ts: 179.256103 delta: 33.333 ms delta now: +33.015 ms fps: 30.00 (ts-monotonic, ts-src-eof)
cap dqbuf: 2 seq:     58 bytesused: 10506240 ts: 179.289434 delta: 33.331 ms delta now: +34.118 ms fps: 30.00 (ts-monotonic, ts-src-eof)
cap dqbuf: 3 seq:     59 bytesused: 10506240 ts: 179.322770 delta: 33.336 ms delta now: +32.996 ms fps: 30.00 (ts-monotonic, ts-src-eof)
cap dqbuf: 0 seq:     60 bytesused: 10506240 ts: 179.356100 delta: 33.330 ms delta now: +33.984 ms fps: 30.00 (ts-monotonic, ts-src-eof)
cap dqbuf: 1 seq:     61 bytesused: 10506240 ts: 179.389437 delta: 33.337 ms delta now: +33.738 ms fps: 30.00 (ts-monotonic, ts-src-eof)
cap dqbuf: 2 seq:     62 bytesused: 10506240 ts: 179.422769 delta: 33.332 ms delta now: +33.860 ms fps: 30.00 (ts-monotonic, ts-src-eof)
cap dqbuf: 3 seq:     63 bytesused: 10506240 ts: 179.456103 delta: 33.334 ms delta now: +33.726 ms fps: 30.00 (ts-monotonic, ts-src-eof)
cap dqbuf: 0 seq:     64 bytesused: 10506240 ts: 179.489436 delta: 33.333 ms delta now: +33.734 ms fps: 30.00 (ts-monotonic, ts-src-eof)
cap dqbuf: 1 seq:     65 bytesused: 10506240 ts: 179.522769 delta: 33.333 ms delta now: +33.854 ms fps: 30.00 (ts-monotonic, ts-src-eof)
cap dqbuf: 2 seq:     66 bytesused: 10506240 ts: 179.556103 delta: 33.334 ms delta now: +33.737 ms fps: 30.00 (ts-monotonic, ts-src-eof)
cap dqbuf: 3 seq:     67 bytesused: 10506240 ts: 179.589436 delta: 33.333 ms delta now: +33.847 ms fps: 30.00 (ts-monotonic, ts-src-eof)
cap dqbuf: 0 seq:     68 bytesused: 10506240 ts: 179.622770 delta: 33.334 ms delta now: +33.739 ms fps: 30.00 (ts-monotonic, ts-src-eof)
cap dqbuf: 1 seq:     69 bytesused: 10506240 ts: 179.656103 delta: 33.333 ms delta now: +33.871 ms fps: 30.00 (ts-monotonic, ts-src-eof)
cap dqbuf: 2 seq:     70 bytesused: 10506240 ts: 179.689437 delta: 33.334 ms delta now: +33.739 ms fps: 30.00 (ts-monotonic, ts-src-eof)
cap dqbuf: 3 seq:     71 bytesused: 10506240 ts: 179.722769 delta: 33.332 ms delta now: +33.963 ms fps: 30.00 (ts-monotonic, ts-src-eof)
cap dqbuf: 0 seq:     72 bytesused: 10506240 ts: 179.756103 delta: 33.334 ms delta now: +33.720 ms fps: 30.00 (ts-monotonic, ts-src-eof)
cap dqbuf: 1 seq:     73 bytesused: 10506240 ts: 179.789436 delta: 33.333 ms delta now: +33.863 ms fps: 30.00 (ts-monotonic, ts-src-eof)
cap dqbuf: 2 seq:     74 bytesused: 10506240 ts: 179.822770 delta: 33.334 ms delta now: +33.745 ms fps: 30.00 (ts-monotonic, ts-src-eof)
cap dqbuf: 3 seq:     75 bytesused: 10506240 ts: 179.856102 delta: 33.332 ms delta now: +33.868 ms fps: 30.00 (ts-monotonic, ts-src-eof)
cap dqbuf: 0 seq:     76 bytesused: 10506240 ts: 179.889437 delta: 33.335 ms delta now: +33.750 ms fps: 30.00 (ts-monotonic, ts-src-eof)
cap dqbuf: 1 seq:     77 bytesused: 10506240 ts: 179.922769 delta: 33.332 ms delta now: +33.863 ms fps: 30.00 (ts-monotonic, ts-src-eof)
cap dqbuf: 2 seq:     78 bytesused: 10506240 ts: 179.956103 delta: 33.334 ms delta now: +33.737 ms fps: 30.00 (ts-monotonic, ts-src-eof)
cap dqbuf: 3 seq:     79 bytesused: 10506240 ts: 179.989436 delta: 33.333 ms delta now: +33.862 ms fps: 30.00 (ts-monotonic, ts-src-eof)
cap dqbuf: 0 seq:     80 bytesused: 10506240 ts: 180.022770 delta: 33.334 ms delta now: +33.752 ms fps: 30.00 (ts-monotonic, ts-src-eof)
cap dqbuf: 1 seq:     81 bytesused: 10506240 ts: 180.056103 delta: 33.333 ms delta now: +33.974 ms fps: 30.00 (ts-monotonic, ts-src-eof)
cap dqbuf: 2 seq:     82 bytesused: 10506240 ts: 180.089436 delta: 33.333 ms delta now: +34.020 ms fps: 30.00 (ts-monotonic, ts-src-eof)
cap dqbuf: 3 seq:     83 bytesused: 10506240 ts: 180.122770 delta: 33.334 ms delta now: +33.993 ms fps: 30.00 (ts-monotonic, ts-src-eof)
cap dqbuf: 0 seq:     84 bytesused: 10506240 ts: 180.156103 delta: 33.333 ms delta now: +33.981 ms fps: 30.00 (ts-monotonic, ts-src-eof)
cap dqbuf: 1 seq:     85 bytesused: 10506240 ts: 180.189437 delta: 33.334 ms delta now: +33.973 ms fps: 30.00 (ts-monotonic, ts-src-eof)
cap dqbuf: 2 seq:     86 bytesused: 10506240 ts: 180.222770 delta: 33.333 ms delta now: +32.998 ms fps: 30.00 (ts-monotonic, ts-src-eof)
cap dqbuf: 3 seq:     87 bytesused: 10506240 ts: 180.256100 delta: 33.330 ms delta now: +34.086 ms fps: 30.00 (ts-monotonic, ts-src-eof)
cap dqbuf: 0 seq:     88 bytesused: 10506240 ts: 180.289437 delta: 33.337 ms delta now: +32.999 ms fps: 30.00 (ts-monotonic, ts-src-eof)
cap dqbuf: 1 seq:     89 bytesused: 10506240 ts: 180.322767 delta: 33.330 ms delta now: +33.858 ms fps: 30.00 (ts-monotonic, ts-src-eof)
cap dqbuf: 2 seq:     90 bytesused: 10506240 ts: 180.356103 delta: 33.336 ms delta now: +32.984 ms fps: 30.00 (ts-monotonic, ts-src-eof)
cap dqbuf: 3 seq:     91 bytesused: 10506240 ts: 180.389436 delta: 33.333 ms delta now: +33.856 ms fps: 30.00 (ts-monotonic, ts-src-eof)
cap dqbuf: 0 seq:     92 bytesused: 10506240 ts: 180.422770 delta: 33.334 ms delta now: +33.723 ms fps: 30.00 (ts-monotonic, ts-src-eof)
cap dqbuf: 1 seq:     93 bytesused: 10506240 ts: 180.456102 delta: 33.332 ms delta now: +33.871 ms fps: 30.00 (ts-monotonic, ts-src-eof)
cap dqbuf: 2 seq:     94 bytesused: 10506240 ts: 180.489437 delta: 33.335 ms delta now: +33.733 ms fps: 30.00 (ts-monotonic, ts-src-eof)
cap dqbuf: 3 seq:     95 bytesused: 10506240 ts: 180.522769 delta: 33.332 ms delta now: +33.950 ms fps: 30.00 (ts-monotonic, ts-src-eof)
cap dqbuf: 0 seq:     96 bytesused: 10506240 ts: 180.556104 delta: 33.335 ms delta now: +32.982 ms fps: 30.00 (ts-monotonic, ts-src-eof)
cap dqbuf: 1 seq:     97 bytesused: 10506240 ts: 180.589434 delta: 33.330 ms delta now: +33.848 ms fps: 30.00 (ts-monotonic, ts-src-eof)
cap dqbuf: 2 seq:     98 bytesused: 10506240 ts: 180.622770 delta: 33.336 ms delta now: +33.737 ms fps: 30.00 (ts-monotonic, ts-src-eof)
cap dqbuf: 3 seq:     99 bytesused: 10506240 ts: 180.656103 delta: 33.333 ms delta now: +34.132 ms fps: 30.00 (ts-monotonic, ts-src-eof)
cap dqbuf: 0 seq:    100 bytesused: 10506240 ts: 180.689436 delta: 33.333 ms delta now: +32.982 ms fps: 30.00 (ts-monotonic, ts-src-eof)
cap dqbuf: 1 seq:    101 bytesused: 10506240 ts: 180.722767 delta: 33.331 ms delta now: +33.739 ms fps: 30.00 (ts-monotonic, ts-src-eof)
cap dqbuf: 2 seq:    102 bytesused: 10506240 ts: 180.756103 delta: 33.336 ms delta now: +33.957 ms fps: 30.00 (ts-monotonic, ts-src-eof)
cap dqbuf: 3 seq:    103 bytesused: 10506240 ts: 180.789437 delta: 33.334 ms delta now: +33.725 ms fps: 30.00 (ts-monotonic, ts-src-eof)
cap dqbuf: 0 seq:    104 bytesused: 10506240 ts: 180.822769 delta: 33.332 ms delta now: +33.736 ms fps: 30.00 (ts-monotonic, ts-src-eof)
cap dqbuf: 1 seq:    105 bytesused: 10506240 ts: 180.856103 delta: 33.334 ms delta now: +33.874 ms fps: 30.00 (ts-monotonic, ts-src-eof)
cap dqbuf: 2 seq:    106 bytesused: 10506240 ts: 180.889437 delta: 33.334 ms delta now: +33.856 ms fps: 30.00 (ts-monotonic, ts-src-eof)
cap dqbuf: 3 seq:    107 bytesused: 10506240 ts: 180.922770 delta: 33.333 ms delta now: +32.983 ms fps: 30.00 (ts-monotonic, ts-src-eof)
cap dqbuf: 0 seq:    108 bytesused: 10506240 ts: 180.956100 delta: 33.330 ms delta now: +33.989 ms fps: 30.00 (ts-monotonic, ts-src-eof)
cap dqbuf: 1 seq:    109 bytesused: 10506240 ts: 180.989437 delta: 33.337 ms delta now: +32.983 ms fps: 30.00 (ts-monotonic, ts-src-eof)
cap dqbuf: 2 seq:    110 bytesused: 10506240 ts: 181.022767 delta: 33.330 ms delta now: +33.856 ms fps: 30.00 (ts-monotonic, ts-src-eof)
cap dqbuf: 3 seq:    111 bytesused: 10506240 ts: 181.056103 delta: 33.336 ms delta now: +32.983 ms fps: 30.00 (ts-monotonic, ts-src-eof)
cap dqbuf: 0 seq:    112 bytesused: 10506240 ts: 181.089434 delta: 33.331 ms delta now: +32.985 ms fps: 30.00 (ts-monotonic, ts-src-eof)
cap dqbuf: 1 seq:    113 bytesused: 10506240 ts: 181.122770 delta: 33.336 ms delta now: +33.865 ms fps: 30.00 (ts-monotonic, ts-src-eof)
cap dqbuf: 2 seq:    114 bytesused: 10506240 ts: 181.156104 delta: 33.334 ms delta now: +33.737 ms fps: 30.00 (ts-monotonic, ts-src-eof)
cap dqbuf: 3 seq:    115 bytesused: 10506240 ts: 181.189436 delta: 33.332 ms delta now: +33.867 ms fps: 30.00 (ts-monotonic, ts-src-eof)
cap dqbuf: 0 seq:    116 bytesused: 10506240 ts: 181.222770 delta: 33.334 ms delta now: +32.997 ms fps: 30.00 (ts-monotonic, ts-src-eof)
cap dqbuf: 1 seq:    117 bytesused: 10506240 ts: 181.256104 delta: 33.334 ms delta now: +34.052 ms fps: 30.00 (ts-monotonic, ts-src-eof)
cap dqbuf: 2 seq:    118 bytesused: 10506240 ts: 181.289437 delta: 33.333 ms delta now: +33.866 ms fps: 30.00 (ts-monotonic, ts-src-eof)
cap dqbuf: 3 seq:    119 bytesused: 10506240 ts: 181.322770 delta: 33.333 ms delta now: +32.988 ms fps: 30.00 (ts-monotonic, ts-src-eof)
cap dqbuf: 0 seq:    120 bytesused: 10506240 ts: 181.356101 delta: 33.331 ms delta now: +33.924 ms fps: 30.00 (ts-monotonic, ts-src-eof)
cap dqbuf: 1 seq:    121 bytesused: 10506240 ts: 181.389437 delta: 33.336 ms delta now: +33.122 ms fps: 30.00 (ts-monotonic, ts-src-eof)
cap dqbuf: 2 seq:    122 bytesused: 10506240 ts: 181.422767 delta: 33.330 ms delta now: +33.738 ms fps: 30.00 (ts-monotonic, ts-src-eof)
cap dqbuf: 3 seq:    123 bytesused: 10506240 ts: 181.456103 delta: 33.336 ms delta now: +33.869 ms fps: 30.00 (ts-monotonic, ts-src-eof)
cap dqbuf: 0 seq:    124 bytesused: 10506240 ts: 181.489437 delta: 33.334 ms delta now: +33.867 ms fps: 30.00 (ts-monotonic, ts-src-eof)
cap dqbuf: 1 seq:    125 bytesused: 10506240 ts: 181.522770 delta: 33.333 ms delta now: +33.740 ms fps: 30.00 (ts-monotonic, ts-src-eof)
cap dqbuf: 2 seq:    126 bytesused: 10506240 ts: 181.556103 delta: 33.333 ms delta now: +33.868 ms fps: 30.00 (ts-monotonic, ts-src-eof)
cap dqbuf: 3 seq:    127 bytesused: 10506240 ts: 181.589439 delta: 33.336 ms delta now: +33.738 ms fps: 30.00 (ts-monotonic, ts-src-eof)
cap dqbuf: 0 seq:    128 bytesused: 10506240 ts: 181.622769 delta: 33.330 ms delta now: +33.865 ms fps: 30.00 (ts-monotonic, ts-src-eof)
cap dqbuf: 1 seq:    129 bytesused: 10506240 ts: 181.656103 delta: 33.334 ms delta now: +33.977 ms fps: 30.00 (ts-monotonic, ts-src-eof)
cap dqbuf: 2 seq:    130 bytesused: 10506240 ts: 181.689437 delta: 33.334 ms delta now: +33.860 ms fps: 30.00 (ts-monotonic, ts-src-eof)
cap dqbuf: 3 seq:    131 bytesused: 10506240 ts: 181.722770 delta: 33.333 ms delta now: +33.738 ms fps: 30.00 (ts-monotonic, ts-src-eof)
cap dqbuf: 0 seq:    132 bytesused: 10506240 ts: 181.756103 delta: 33.333 ms delta now: +33.861 ms fps: 30.00 (ts-monotonic, ts-src-eof)
cap dqbuf: 1 seq:    133 bytesused: 10506240 ts: 181.789437 delta: 33.334 ms delta now: +33.738 ms fps: 30.00 (ts-monotonic, ts-src-eof)
cap dqbuf: 2 seq:    134 bytesused: 10506240 ts: 181.822769 delta: 33.332 ms delta now: +33.872 ms fps: 30.00 (ts-monotonic, ts-src-eof)
cap dqbuf: 3 seq:    135 bytesused: 10506240 ts: 181.856103 delta: 33.334 ms delta now: +33.738 ms fps: 30.00 (ts-monotonic, ts-src-eof)
cap dqbuf: 0 seq:    136 bytesused: 10506240 ts: 181.889436 delta: 33.333 ms delta now: +33.863 ms fps: 30.00 (ts-monotonic, ts-src-eof)
cap dqbuf: 1 seq:    137 bytesused: 10506240 ts: 181.922770 delta: 33.334 ms delta now: +33.983 ms fps: 30.00 (ts-monotonic, ts-src-eof)
cap dqbuf: 2 seq:    138 bytesused: 10506240 ts: 181.956103 delta: 33.333 ms delta now: +32.982 ms fps: 30.00 (ts-monotonic, ts-src-eof)
cap dqbuf: 3 seq:    139 bytesused: 10506240 ts: 181.989434 delta: 33.331 ms delta now: +34.048 ms fps: 30.00 (ts-monotonic, ts-src-eof)
cap dqbuf: 0 seq:    140 bytesused: 10506240 ts: 182.022770 delta: 33.336 ms delta now: +32.984 ms fps: 30.00 (ts-monotonic, ts-src-eof)
cap dqbuf: 1 seq:    141 bytesused: 10506240 ts: 182.056101 delta: 33.331 ms delta now: +34.011 ms fps: 30.00 (ts-monotonic, ts-src-eof)
cap dqbuf: 2 seq:    142 bytesused: 10506240 ts: 182.089437 delta: 33.336 ms delta now: +32.982 ms fps: 30.00 (ts-monotonic, ts-src-eof)
cap dqbuf: 3 seq:    143 bytesused: 10506240 ts: 182.122768 delta: 33.331 ms delta now: +33.740 ms fps: 30.00 (ts-monotonic, ts-src-eof)
cap dqbuf: 0 seq:    144 bytesused: 10506240 ts: 182.156103 delta: 33.335 ms delta now: +33.733 ms fps: 30.00 (ts-monotonic, ts-src-eof)
cap dqbuf: 1 seq:    145 bytesused: 10506240 ts: 182.189436 delta: 33.333 ms delta now: +33.863 ms fps: 30.00 (ts-monotonic, ts-src-eof)
cap dqbuf: 2 seq:    146 bytesused: 10506240 ts: 182.222770 delta: 33.334 ms delta now: +32.997 ms fps: 30.00 (ts-monotonic, ts-src-eof)
cap dqbuf: 3 seq:    147 bytesused: 10506240 ts: 182.256101 delta: 33.331 ms delta now: +33.861 ms fps: 30.00 (ts-monotonic, ts-src-eof)
cap dqbuf: 0 seq:    148 bytesused: 10506240 ts: 182.289437 delta: 33.336 ms delta now: +34.249 ms fps: 30.00 (ts-monotonic, ts-src-eof)
cap dqbuf: 1 seq:    149 bytesused: 10506240 ts: 182.322770 delta: 33.333 ms delta now: +33.973 ms fps: 30.00 (ts-monotonic, ts-src-eof)
cap dqbuf: 2 seq:    150 bytesused: 10506240 ts: 182.356104 delta: 33.334 ms delta now: +33.976 ms fps: 30.00 (ts-monotonic, ts-src-eof)
cap dqbuf: 3 seq:    151 bytesused: 10506240 ts: 182.389437 delta: 33.333 ms delta now: +34.158 ms fps: 30.00 (ts-monotonic, ts-src-eof)
cap dqbuf: 0 seq:    152 bytesused: 10506240 ts: 182.422770 delta: 33.333 ms delta now: +33.934 ms fps: 30.00 (ts-monotonic, ts-src-eof)
cap dqbuf: 1 seq:    153 bytesused: 10506240 ts: 182.456103 delta: 33.333 ms delta now: +33.860 ms fps: 30.00 (ts-monotonic, ts-src-eof)
cap dqbuf: 2 seq:    154 bytesused: 10506240 ts: 182.489437 delta: 33.334 ms delta now: +33.734 ms fps: 30.00 (ts-monotonic, ts-src-eof)
cap dqbuf: 3 seq:    155 bytesused: 10506240 ts: 182.522769 delta: 33.332 ms delta now: +33.865 ms fps: 30.00 (ts-monotonic, ts-src-eof)
cap dqbuf: 0 seq:    156 bytesused: 10506240 ts: 182.556104 delta: 33.335 ms delta now: +33.734 ms fps: 30.00 (ts-monotonic, ts-src-eof)
cap dqbuf: 1 seq:    157 bytesused: 10506240 ts: 182.589436 delta: 33.332 ms delta now: +33.996 ms fps: 30.00 (ts-monotonic, ts-src-eof)
cap dqbuf: 2 seq:    158 bytesused: 10506240 ts: 182.622771 delta: 33.335 ms delta now: +32.981 ms fps: 30.00 (ts-monotonic, ts-src-eof)
cap dqbuf: 3 seq:    159 bytesused: 10506240 ts: 182.656101 delta: 33.330 ms delta now: +33.875 ms fps: 30.00 (ts-monotonic, ts-src-eof)
cap dqbuf: 0 seq:    160 bytesused: 10506240 ts: 182.689437 delta: 33.336 ms delta now: +34.020 ms fps: 30.00 (ts-monotonic, ts-src-eof)
cap dqbuf: 1 seq:    161 bytesused: 10506240 ts: 182.722770 delta: 33.333 ms delta now: +33.736 ms fps: 30.00 (ts-monotonic, ts-src-eof)
cap dqbuf: 2 seq:    162 bytesused: 10506240 ts: 182.756103 delta: 33.333 ms delta now: +33.909 ms fps: 30.00 (ts-monotonic, ts-src-eof)
cap dqbuf: 3 seq:    163 bytesused: 10506240 ts: 182.789437 delta: 33.334 ms delta now: +33.737 ms fps: 30.00 (ts-monotonic, ts-src-eof)
cap dqbuf: 0 seq:    164 bytesused: 10506240 ts: 182.822769 delta: 33.332 ms delta now: +33.739 ms fps: 30.00 (ts-monotonic, ts-src-eof)
cap dqbuf: 1 seq:    165 bytesused: 10506240 ts: 182.856103 delta: 33.334 ms delta now: +33.869 ms fps: 30.00 (ts-monotonic, ts-src-eof)
cap dqbuf: 2 seq:    166 bytesused: 10506240 ts: 182.889437 delta: 33.334 ms delta now: +32.982 ms fps: 30.00 (ts-monotonic, ts-src-eof)
cap dqbuf: 3 seq:    167 bytesused: 10506240 ts: 182.922768 delta: 33.331 ms delta now: +33.864 ms fps: 30.00 (ts-monotonic, ts-src-eof)
cap dqbuf: 0 seq:    168 bytesused: 10506240 ts: 182.956104 delta: 33.336 ms delta now: +33.734 ms fps: 30.00 (ts-monotonic, ts-src-eof)
cap dqbuf: 1 seq:    169 bytesused: 10506240 ts: 182.989436 delta: 33.332 ms delta now: +33.863 ms fps: 30.00 (ts-monotonic, ts-src-eof)
cap dqbuf: 2 seq:    170 bytesused: 10506240 ts: 183.022770 delta: 33.334 ms delta now: +33.739 ms fps: 30.00 (ts-monotonic, ts-src-eof)
cap dqbuf: 3 seq:    171 bytesused: 10506240 ts: 183.056103 delta: 33.333 ms delta now: +33.958 ms fps: 30.00 (ts-monotonic, ts-src-eof)
cap dqbuf: 0 seq:    172 bytesused: 10506240 ts: 183.089437 delta: 33.334 ms delta now: +33.729 ms fps: 30.00 (ts-monotonic, ts-src-eof)
cap dqbuf: 1 seq:    173 bytesused: 10506240 ts: 183.122769 delta: 33.332 ms delta now: +32.985 ms fps: 30.00 (ts-monotonic, ts-src-eof)
cap dqbuf: 2 seq:    174 bytesused: 10506240 ts: 183.156101 delta: 33.332 ms delta now: +34.010 ms fps: 30.00 (ts-monotonic, ts-src-eof)
cap dqbuf: 3 seq:    175 bytesused: 10506240 ts: 183.189437 delta: 33.336 ms delta now: +32.983 ms fps: 30.00 (ts-monotonic, ts-src-eof)
cap dqbuf: 0 seq:    176 bytesused: 10506240 ts: 183.222767 delta: 33.330 ms delta now: +34.016 ms fps: 30.00 (ts-monotonic, ts-src-eof)
cap dqbuf: 1 seq:    177 bytesused: 10506240 ts: 183.256103 delta: 33.336 ms delta now: +33.010 ms fps: 30.00 (ts-monotonic, ts-src-eof)
cap dqbuf: 2 seq:    178 bytesused: 10506240 ts: 183.289434 delta: 33.331 ms delta now: +33.851 ms fps: 30.00 (ts-monotonic, ts-src-eof)
cap dqbuf: 3 seq:    179 bytesused: 10506240 ts: 183.322770 delta: 33.336 ms delta now: +33.738 ms fps: 30.00 (ts-monotonic, ts-src-eof)
cap dqbuf: 0 seq:    180 bytesused: 10506240 ts: 183.356103 delta: 33.333 ms delta now: +33.866 ms fps: 30.00 (ts-monotonic, ts-src-eof)
cap dqbuf: 1 seq:    181 bytesused: 10506240 ts: 183.389437 delta: 33.334 ms delta now: +33.735 ms fps: 30.00 (ts-monotonic, ts-src-eof)
cap dqbuf: 2 seq:    182 bytesused: 10506240 ts: 183.422770 delta: 33.333 ms delta now: +32.983 ms fps: 30.00 (ts-monotonic, ts-src-eof)
cap dqbuf: 3 seq:    183 bytesused: 10506240 ts: 183.456101 delta: 33.331 ms delta now: +33.866 ms fps: 30.00 (ts-monotonic, ts-src-eof)
cap dqbuf: 0 seq:    184 bytesused: 10506240 ts: 183.489437 delta: 33.336 ms delta now: +33.834 ms fps: 30.00 (ts-monotonic, ts-src-eof)
cap dqbuf: 1 seq:    185 bytesused: 10506240 ts: 183.522770 delta: 33.333 ms delta now: +33.736 ms fps: 30.00 (ts-monotonic, ts-src-eof)
cap dqbuf: 2 seq:    186 bytesused: 10506240 ts: 183.556103 delta: 33.333 ms delta now: +33.867 ms fps: 30.00 (ts-monotonic, ts-src-eof)
cap dqbuf: 3 seq:    187 bytesused: 10506240 ts: 183.589437 delta: 33.334 ms delta now: +32.983 ms fps: 30.00 (ts-monotonic, ts-src-eof)
cap dqbuf: 0 seq:    188 bytesused: 10506240 ts: 183.622767 delta: 33.330 ms delta now: +33.739 ms fps: 30.00 (ts-monotonic, ts-src-eof)
cap dqbuf: 1 seq:    189 bytesused: 10506240 ts: 183.656103 delta: 33.336 ms delta now: +32.990 ms fps: 30.00 (ts-monotonic, ts-src-eof)
cap dqbuf: 2 seq:    190 bytesused: 10506240 ts: 183.689434 delta: 33.331 ms delta now: +34.065 ms fps: 30.00 (ts-monotonic, ts-src-eof)
cap dqbuf: 3 seq:    191 bytesused: 10506240 ts: 183.722769 delta: 33.335 ms delta now: +33.399 ms fps: 30.00 (ts-monotonic, ts-src-eof)
cap dqbuf: 0 seq:    192 bytesused: 10506240 ts: 183.756102 delta: 33.333 ms delta now: +33.739 ms fps: 30.00 (ts-monotonic, ts-src-eof)
cap dqbuf: 1 seq:    193 bytesused: 10506240 ts: 183.789436 delta: 33.334 ms delta now: +33.875 ms fps: 30.00 (ts-monotonic, ts-src-eof)
cap dqbuf: 2 seq:    194 bytesused: 10506240 ts: 183.822770 delta: 33.334 ms delta now: +33.733 ms fps: 30.00 (ts-monotonic, ts-src-eof)
cap dqbuf: 3 seq:    195 bytesused: 10506240 ts: 183.856103 delta: 33.333 ms delta now: +33.869 ms fps: 30.00 (ts-monotonic, ts-src-eof)
cap dqbuf: 0 seq:    196 bytesused: 10506240 ts: 183.889437 delta: 33.334 ms delta now: +33.735 ms fps: 30.00 (ts-monotonic, ts-src-eof)
cap dqbuf: 1 seq:    197 bytesused: 10506240 ts: 183.922770 delta: 33.333 ms delta now: +33.773 ms fps: 30.00 (ts-monotonic, ts-src-eof)
cap dqbuf: 2 seq:    198 bytesused: 10506240 ts: 183.956102 delta: 33.332 ms delta now: +33.735 ms fps: 30.00 (ts-monotonic, ts-src-eof)
cap dqbuf: 3 seq:    199 bytesused: 10506240 ts: 183.989436 delta: 33.334 ms delta now: +33.386 ms fps: 30.00 (ts-monotonic, ts-src-eof)
cap dqbuf: 0 seq:    200 bytesused: 10506240 ts: 184.022767 delta: 33.331 ms delta now: +33.858 ms fps: 30.00 (ts-monotonic, ts-src-eof)
cap dqbuf: 1 seq:    201 bytesused: 10506240 ts: 184.056104 delta: 33.337 ms delta now: +33.860 ms fps: 30.00 (ts-monotonic, ts-src-eof)
cap dqbuf: 2 seq:    202 bytesused: 10506240 ts: 184.089437 delta: 33.333 ms delta now: +32.982 ms fps: 30.00 (ts-monotonic, ts-src-eof)
cap dqbuf: 3 seq:    203 bytesused: 10506240 ts: 184.122768 delta: 33.331 ms delta now: +32.982 ms fps: 30.00 (ts-monotonic, ts-src-eof)
cap dqbuf: 0 seq:    204 bytesused: 10506240 ts: 184.156103 delta: 33.335 ms delta now: +33.866 ms fps: 30.00 (ts-monotonic, ts-src-eof)
cap dqbuf: 1 seq:    205 bytesused: 10506240 ts: 184.189437 delta: 33.334 ms delta now: +33.733 ms fps: 30.00 (ts-monotonic, ts-src-eof)
cap dqbuf: 2 seq:    206 bytesused: 10506240 ts: 184.222770 delta: 33.333 ms delta now: +33.999 ms fps: 30.00 (ts-monotonic, ts-src-eof)
cap dqbuf: 3 seq:    207 bytesused: 10506240 ts: 184.256104 delta: 33.334 ms delta now: +32.995 ms fps: 30.00 (ts-monotonic, ts-src-eof)
cap dqbuf: 0 seq:    208 bytesused: 10506240 ts: 184.289434 delta: 33.330 ms delta now: +33.927 ms fps: 30.00 (ts-monotonic, ts-src-eof)
cap dqbuf: 1 seq:    209 bytesused: 10506240 ts: 184.322770 delta: 33.336 ms delta now: +33.737 ms fps: 30.00 (ts-monotonic, ts-src-eof)
cap dqbuf: 2 seq:    210 bytesused: 10506240 ts: 184.356103 delta: 33.333 ms delta now: +33.841 ms fps: 30.00 (ts-monotonic, ts-src-eof)
cap dqbuf: 3 seq:    211 bytesused: 10506240 ts: 184.389437 delta: 33.334 ms delta now: +32.983 ms fps: 30.00 (ts-monotonic, ts-src-eof)
cap dqbuf: 0 seq:    212 bytesused: 10506240 ts: 184.422767 delta: 33.330 ms delta now: +33.852 ms fps: 30.00 (ts-monotonic, ts-src-eof)
cap dqbuf: 1 seq:    213 bytesused: 10506240 ts: 184.456104 delta: 33.337 ms delta now: +33.867 ms fps: 30.00 (ts-monotonic, ts-src-eof)
cap dqbuf: 2 seq:    214 bytesused: 10506240 ts: 184.489437 delta: 33.333 ms delta now: +33.729 ms fps: 30.00 (ts-monotonic, ts-src-eof)
cap dqbuf: 3 seq:    215 bytesused: 10506240 ts: 184.522770 delta: 33.333 ms delta now: +33.859 ms fps: 30.00 (ts-monotonic, ts-src-eof)
cap dqbuf: 0 seq:    216 bytesused: 10506240 ts: 184.556104 delta: 33.334 ms delta now: +32.982 ms fps: 30.00 (ts-monotonic, ts-src-eof)
cap dqbuf: 1 seq:    217 bytesused: 10506240 ts: 184.589434 delta: 33.330 ms delta now: +33.862 ms fps: 30.00 (ts-monotonic, ts-src-eof)
cap dqbuf: 2 seq:    218 bytesused: 10506240 ts: 184.622771 delta: 33.337 ms delta now: +32.981 ms fps: 30.00 (ts-monotonic, ts-src-eof)
cap dqbuf: 3 seq:    219 bytesused: 10506240 ts: 184.656101 delta: 33.330 ms delta now: +33.741 ms fps: 30.00 (ts-monotonic, ts-src-eof)
cap dqbuf: 0 seq:    220 bytesused: 10506240 ts: 184.689441 delta: 33.340 ms delta now: +34.014 ms fps: 30.00 (ts-monotonic, ts-src-eof)
cap dqbuf: 1 seq:    221 bytesused: 10506240 ts: 184.722771 delta: 33.330 ms delta now: +33.737 ms fps: 30.00 (ts-monotonic, ts-src-eof)
cap dqbuf: 2 seq:    222 bytesused: 10506240 ts: 184.756103 delta: 33.332 ms delta now: +33.858 ms fps: 30.00 (ts-monotonic, ts-src-eof)
cap dqbuf: 3 seq:    223 bytesused: 10506240 ts: 184.789437 delta: 33.334 ms delta now: +34.065 ms fps: 30.00 (ts-monotonic, ts-src-eof)
cap dqbuf: 0 seq:    224 bytesused: 10506240 ts: 184.822770 delta: 33.333 ms delta now: +32.991 ms fps: 30.00 (ts-monotonic, ts-src-eof)
cap dqbuf: 1 seq:    225 bytesused: 10506240 ts: 184.856101 delta: 33.331 ms delta now: +33.842 ms fps: 30.00 (ts-monotonic, ts-src-eof)
cap dqbuf: 2 seq:    226 bytesused: 10506240 ts: 184.889437 delta: 33.336 ms delta now: +32.982 ms fps: 30.00 (ts-monotonic, ts-src-eof)
cap dqbuf: 3 seq:    227 bytesused: 10506240 ts: 184.922768 delta: 33.331 ms delta now: +33.851 ms fps: 30.00 (ts-monotonic, ts-src-eof)
cap dqbuf: 0 seq:    228 bytesused: 10506240 ts: 184.956104 delta: 33.336 ms delta now: +33.976 ms fps: 30.00 (ts-monotonic, ts-src-eof)
cap dqbuf: 1 seq:    229 bytesused: 10506240 ts: 184.989437 delta: 33.333 ms delta now: +34.001 ms fps: 30.00 (ts-monotonic, ts-src-eof)
cap dqbuf: 2 seq:    230 bytesused: 10506240 ts: 185.022771 delta: 33.334 ms delta now: +33.974 ms fps: 30.00 (ts-monotonic, ts-src-eof)
cap dqbuf: 3 seq:    231 bytesused: 10506240 ts: 185.056104 delta: 33.333 ms delta now: +33.972 ms fps: 30.00 (ts-monotonic, ts-src-eof)
cap dqbuf: 0 seq:    232 bytesused: 10506240 ts: 185.089437 delta: 33.333 ms delta now: +33.867 ms fps: 30.00 (ts-monotonic, ts-src-eof)
cap dqbuf: 1 seq:    233 bytesused: 10506240 ts: 185.122770 delta: 33.333 ms delta now: +32.991 ms fps: 30.00 (ts-monotonic, ts-src-eof)
cap dqbuf: 2 seq:    234 bytesused: 10506240 ts: 185.156101 delta: 33.331 ms delta now: +34.143 ms fps: 30.00 (ts-monotonic, ts-src-eof)
cap dqbuf: 3 seq:    235 bytesused: 10506240 ts: 185.189436 delta: 33.335 ms delta now: +32.984 ms fps: 30.00 (ts-monotonic, ts-src-eof)
cap dqbuf: 0 seq:    236 bytesused: 10506240 ts: 185.222768 delta: 33.332 ms delta now: +34.032 ms fps: 30.00 (ts-monotonic, ts-src-eof)
cap dqbuf: 1 seq:    237 bytesused: 10506240 ts: 185.256104 delta: 33.336 ms delta now: +33.989 ms fps: 30.00 (ts-monotonic, ts-src-eof)
cap dqbuf: 2 seq:    238 bytesused: 10506240 ts: 185.289437 delta: 33.333 ms delta now: +34.161 ms fps: 30.00 (ts-monotonic, ts-src-eof)
cap dqbuf: 3 seq:    239 bytesused: 10506240 ts: 185.322770 delta: 33.333 ms delta now: +32.990 ms fps: 30.00 (ts-monotonic, ts-src-eof)
cap dqbuf: 0 seq:    240 bytesused: 10506240 ts: 185.356111 delta: 33.341 ms delta now: +33.847 ms fps: 30.00 (ts-monotonic, ts-src-eof)
cap dqbuf: 1 seq:    241 bytesused: 10506240 ts: 185.389437 delta: 33.326 ms delta now: +32.983 ms fps: 30.00 (ts-monotonic, ts-src-eof)
cap dqbuf: 2 seq:    242 bytesused: 10506240 ts: 185.422768 delta: 33.331 ms delta now: +33.722 ms fps: 30.00 (ts-monotonic, ts-src-eof)
cap dqbuf: 3 seq:    243 bytesused: 10506240 ts: 185.456103 delta: 33.335 ms delta now: +33.844 ms fps: 30.00 (ts-monotonic, ts-src-eof)
cap dqbuf: 0 seq:    244 bytesused: 10506240 ts: 185.489437 delta: 33.334 ms delta now: +32.983 ms fps: 30.00 (ts-monotonic, ts-src-eof)
cap dqbuf: 1 seq:    245 bytesused: 10506240 ts: 185.522768 delta: 33.331 ms delta now: +33.990 ms fps: 30.00 (ts-monotonic, ts-src-eof)
cap dqbuf: 2 seq:    246 bytesused: 10506240 ts: 185.556104 delta: 33.336 ms delta now: +33.841 ms fps: 30.00 (ts-monotonic, ts-src-eof)
cap dqbuf: 3 seq:    247 bytesused: 10506240 ts: 185.589438 delta: 33.334 ms delta now: +32.981 ms fps: 30.00 (ts-monotonic, ts-src-eof)
cap dqbuf: 0 seq:    248 bytesused: 10506240 ts: 185.622768 delta: 33.330 ms delta now: +34.071 ms fps: 30.00 (ts-monotonic, ts-src-eof)
cap dqbuf: 1 seq:    249 bytesused: 10506240 ts: 185.656104 delta: 33.336 ms delta now: +32.983 ms fps: 30.00 (ts-monotonic, ts-src-eof)
cap dqbuf: 2 seq:    250 bytesused: 10506240 ts: 185.689435 delta: 33.331 ms delta now: +34.164 ms fps: 30.00 (ts-monotonic, ts-src-eof)
cap dqbuf: 3 seq:    251 bytesused: 10506240 ts: 185.722773 delta: 33.338 ms delta now: +33.994 ms fps: 30.00 (ts-monotonic, ts-src-eof)
cap dqbuf: 0 seq:    252 bytesused: 10506240 ts: 185.756104 delta: 33.331 ms delta now: +32.983 ms fps: 30.00 (ts-monotonic, ts-src-eof)
cap dqbuf: 1 seq:    253 bytesused: 10506240 ts: 185.789435 delta: 33.331 ms delta now: +33.863 ms fps: 30.00 (ts-monotonic, ts-src-eof)
cap dqbuf: 2 seq:    254 bytesused: 10506240 ts: 185.822771 delta: 33.336 ms delta now: +33.851 ms fps: 30.00 (ts-monotonic, ts-src-eof)
cap dqbuf: 3 seq:    255 bytesused: 10506240 ts: 185.856104 delta: 33.333 ms delta now: +32.982 ms fps: 30.00 (ts-monotonic, ts-src-eof)
cap dqbuf: 0 seq:    256 bytesused: 10506240 ts: 185.889434 delta: 33.330 ms delta now: +33.871 ms fps: 30.00 (ts-monotonic, ts-src-eof)
cap dqbuf: 1 seq:    257 bytesused: 10506240 ts: 185.922771 delta: 33.337 ms delta now: +33.735 ms fps: 30.00 (ts-monotonic, ts-src-eof)
cap dqbuf: 2 seq:    258 bytesused: 10506240 ts: 185.956103 delta: 33.332 ms delta now: +33.849 ms fps: 30.00 (ts-monotonic, ts-src-eof)
cap dqbuf: 3 seq:    259 bytesused: 10506240 ts: 185.989437 delta: 33.334 ms delta now: +32.983 ms fps: 30.00 (ts-monotonic, ts-src-eof)
cap dqbuf: 0 seq:    260 bytesused: 10506240 ts: 186.022768 delta: 33.331 ms delta now: +33.869 ms fps: 30.00 (ts-monotonic, ts-src-eof)
cap dqbuf: 1 seq:    261 bytesused: 10506240 ts: 186.056104 delta: 33.336 ms delta now: +33.736 ms fps: 30.00 (ts-monotonic, ts-src-eof)
cap dqbuf: 2 seq:    262 bytesused: 10506240 ts: 186.089436 delta: 33.332 ms delta now: +33.869 ms fps: 30.00 (ts-monotonic, ts-src-eof)
cap dqbuf: 3 seq:    263 bytesused: 10506240 ts: 186.122771 delta: 33.335 ms delta now: +33.737 ms fps: 30.00 (ts-monotonic, ts-src-eof)
cap dqbuf: 0 seq:    264 bytesused: 10506240 ts: 186.156103 delta: 33.332 ms delta now: +33.866 ms fps: 30.00 (ts-monotonic, ts-src-eof)
cap dqbuf: 1 seq:    265 bytesused: 10506240 ts: 186.189438 delta: 33.335 ms delta now: +32.982 ms fps: 30.00 (ts-monotonic, ts-src-eof)
cap dqbuf: 2 seq:    266 bytesused: 10506240 ts: 186.222768 delta: 33.330 ms delta now: +34.105 ms fps: 30.00 (ts-monotonic, ts-src-eof)
cap dqbuf: 3 seq:    267 bytesused: 10506240 ts: 186.256103 delta: 33.335 ms delta now: +32.990 ms fps: 30.00 (ts-monotonic, ts-src-eof)
cap dqbuf: 0 seq:    268 bytesused: 10506240 ts: 186.289434 delta: 33.331 ms delta now: +33.003 ms fps: 30.00 (ts-monotonic, ts-src-eof)
cap dqbuf: 1 seq:    269 bytesused: 10506240 ts: 186.322768 delta: 33.334 ms delta now: +32.994 ms fps: 30.00 (ts-monotonic, ts-src-eof)
cap dqbuf: 2 seq:    270 bytesused: 10506240 ts: 186.356101 delta: 33.333 ms delta now: +33.749 ms fps: 30.00 (ts-monotonic, ts-src-eof)
cap dqbuf: 3 seq:    271 bytesused: 10506240 ts: 186.389437 delta: 33.336 ms delta now: +32.989 ms fps: 30.00 (ts-monotonic, ts-src-eof)
cap dqbuf: 0 seq:    272 bytesused: 10506240 ts: 186.422768 delta: 33.331 ms delta now: +33.849 ms fps: 30.00 (ts-monotonic, ts-src-eof)
cap dqbuf: 1 seq:    273 bytesused: 10506240 ts: 186.456104 delta: 33.336 ms delta now: +33.950 ms fps: 30.00 (ts-monotonic, ts-src-eof)
cap dqbuf: 2 seq:    274 bytesused: 10506240 ts: 186.489438 delta: 33.334 ms delta now: +33.850 ms fps: 30.00 (ts-monotonic, ts-src-eof)
cap dqbuf: 3 seq:    275 bytesused: 10506240 ts: 186.522771 delta: 33.333 ms delta now: +32.983 ms fps: 30.00 (ts-monotonic, ts-src-eof)
cap dqbuf: 0 seq:    276 bytesused: 10506240 ts: 186.556101 delta: 33.330 ms delta now: +33.995 ms fps: 30.00 (ts-monotonic, ts-src-eof)
cap dqbuf: 1 seq:    277 bytesused: 10506240 ts: 186.589437 delta: 33.336 ms delta now: +32.983 ms fps: 30.00 (ts-monotonic, ts-src-eof)
cap dqbuf: 2 seq:    278 bytesused: 10506240 ts: 186.622768 delta: 33.331 ms delta now: +33.988 ms fps: 30.00 (ts-monotonic, ts-src-eof)
cap dqbuf: 3 seq:    279 bytesused: 10506240 ts: 186.656104 delta: 33.336 ms delta now: +32.982 ms fps: 30.00 (ts-monotonic, ts-src-eof)
cap dqbuf: 0 seq:    280 bytesused: 10506240 ts: 186.689435 delta: 33.331 ms delta now: +33.851 ms fps: 30.00 (ts-monotonic, ts-src-eof)
cap dqbuf: 1 seq:    281 bytesused: 10506240 ts: 186.722771 delta: 33.336 ms delta now: +33.863 ms fps: 30.00 (ts-monotonic, ts-src-eof)
cap dqbuf: 2 seq:    282 bytesused: 10506240 ts: 186.756104 delta: 33.333 ms delta now: +32.996 ms fps: 30.00 (ts-monotonic, ts-src-eof)
cap dqbuf: 3 seq:    283 bytesused: 10506240 ts: 186.789435 delta: 33.331 ms delta now: +33.997 ms fps: 30.00 (ts-monotonic, ts-src-eof)
cap dqbuf: 0 seq:    284 bytesused: 10506240 ts: 186.822771 delta: 33.336 ms delta now: +32.982 ms fps: 30.00 (ts-monotonic, ts-src-eof)
cap dqbuf: 1 seq:    285 bytesused: 10506240 ts: 186.856101 delta: 33.330 ms delta now: +33.737 ms fps: 30.00 (ts-monotonic, ts-src-eof)
cap dqbuf: 2 seq:    286 bytesused: 10506240 ts: 186.889437 delta: 33.336 ms delta now: +33.959 ms fps: 30.00 (ts-monotonic, ts-src-eof)
cap dqbuf: 3 seq:    287 bytesused: 10506240 ts: 186.922771 delta: 33.334 ms delta now: +33.738 ms fps: 30.00 (ts-monotonic, ts-src-eof)
cap dqbuf: 0 seq:    288 bytesused: 10506240 ts: 186.956103 delta: 33.332 ms delta now: +33.867 ms fps: 30.00 (ts-monotonic, ts-src-eof)
cap dqbuf: 1 seq:    289 bytesused: 10506240 ts: 186.989437 delta: 33.334 ms delta now: +33.006 ms fps: 30.00 (ts-monotonic, ts-src-eof)
cap dqbuf: 2 seq:    290 bytesused: 10506240 ts: 187.022768 delta: 33.331 ms delta now: +33.994 ms fps: 30.00 (ts-monotonic, ts-src-eof)
cap dqbuf: 3 seq:    291 bytesused: 10506240 ts: 187.056103 delta: 33.335 ms delta now: +33.738 ms fps: 30.00 (ts-monotonic, ts-src-eof)
cap dqbuf: 0 seq:    292 bytesused: 10506240 ts: 187.089436 delta: 33.333 ms delta now: +33.861 ms fps: 30.00 (ts-monotonic, ts-src-eof)
cap dqbuf: 1 seq:    293 bytesused: 10506240 ts: 187.122771 delta: 33.335 ms delta now: +33.735 ms fps: 30.00 (ts-monotonic, ts-src-eof)
cap dqbuf: 2 seq:    294 bytesused: 10506240 ts: 187.156103 delta: 33.332 ms delta now: +33.965 ms fps: 30.00 (ts-monotonic, ts-src-eof)
cap dqbuf: 3 seq:    295 bytesused: 10506240 ts: 187.189437 delta: 33.334 ms delta now: +33.628 ms fps: 30.00 (ts-monotonic, ts-src-eof)
cap dqbuf: 0 seq:    296 bytesused: 10506240 ts: 187.222769 delta: 33.332 ms delta now: +34.102 ms fps: 30.00 (ts-monotonic, ts-src-eof)
cap dqbuf: 1 seq:    297 bytesused: 10506240 ts: 187.256103 delta: 33.334 ms delta now: +33.860 ms fps: 30.00 (ts-monotonic, ts-src-eof)
cap dqbuf: 2 seq:    298 bytesused: 10506240 ts: 187.289438 delta: 33.335 ms delta now: +32.989 ms fps: 30.00 (ts-monotonic, ts-src-eof)
cap dqbuf: 3 seq:    299 bytesused: 10506240 ts: 187.322768 delta: 33.330 ms delta now: +33.853 ms fps: 30.00 (ts-monotonic, ts-src-eof)
cap dqbuf: 0 seq:    300 bytesused: 10506240 ts: 187.356104 delta: 33.336 ms delta now: +32.985 ms fps: 30.00 (ts-monotonic, ts-src-eof)
cap dqbuf: 1 seq:    301 bytesused: 10506240 ts: 187.389435 delta: 33.331 ms delta now: +33.880 ms fps: 30.00 (ts-monotonic, ts-src-eof)
cap dqbuf: 2 seq:    302 bytesused: 10506240 ts: 187.422771 delta: 33.336 ms delta now: +32.982 ms fps: 30.00 (ts-monotonic, ts-src-eof)
cap dqbuf: 3 seq:    303 bytesused: 10506240 ts: 187.456101 delta: 33.330 ms delta now: +33.877 ms fps: 30.00 (ts-monotonic, ts-src-eof)
cap dqbuf: 0 seq:    304 bytesused: 10506240 ts: 187.489437 delta: 33.336 ms delta now: +32.981 ms fps: 30.00 (ts-monotonic, ts-src-eof)
cap dqbuf: 1 seq:    305 bytesused: 10506240 ts: 187.522768 delta: 33.331 ms delta now: +33.873 ms fps: 30.00 (ts-monotonic, ts-src-eof)
cap dqbuf: 2 seq:    306 bytesused: 10506240 ts: 187.556104 delta: 33.336 ms delta now: +32.983 ms fps: 30.00 (ts-monotonic, ts-src-eof)
cap dqbuf: 3 seq:    307 bytesused: 10506240 ts: 187.589435 delta: 33.331 ms delta now: +33.989 ms fps: 30.00 (ts-monotonic, ts-src-eof)

VIDIOC_QUERYCAP: ok
VIDIOC_G_FMT: ok
VIDIOC_S_FMT: ok
Format Video Capture Multiplanar:
	Width/Height      : 3840/2160
	Pixel Format      : 'GB10' (10-bit Bayer GBGB/RGRG)
	Field             : None
	Number of planes  : 1
	Flags             : 
	Colorspace        : Unknown (0x0b913b38)
	Transfer Function : Default
	YCbCr/HSV Encoding: Default
	Quantization      : Default
	Plane 0           :
	   Bytes per Line : 4864
	   Size Image     : 10506240
