Driver Version:v00.02.00
Work Mode:ping pong
Monitor Mode:idle
aclk_cif:750000000
hclk_cif:198000000
dclk_cif:594000000
iclk_host0:396000000
iclk_host1:396000000
Input Info:
	src subdev:zzh_imx415 3-001a
	interface:mipi csi2 dphy
	lanes:4
	vc channel: 0
	hdr mode: normal
	format:SGBRG10_1X10/3864x2192@30
	crop.bounds:(12, 16)/3840x2160
Output Info:
	format:GB10/3840x2160(12,16)
	compact:enable
	frame amount:56
	early:0 ms
	readout:32 ms
	rate:33 ms
	fps:30
	irq statistics:
			total:56
			csi over flow:0
			csi bandwidth lack:0
			csi size err:0
			not active buf cnt:0 0 0 0
			all err count:0
			frame dma end:56 0 0 0
irq time: 5833 ns
dma enable: 0x1 0x0 0x0 0x0
buf_cnt in drv: 4 0 0 0
total buf_cnt: 4 0 0 0
per-stream observability:
	stream[0] generation:2 dma_mode:0x1 fs:57 fe:56 dma:56 vb2:56 sequence:56
		start:177249226001 last_fs:179222770908 last_fe:179222233950 last_dma:179222235408 last_vb2:179222241533
		irq_to_vb2_ns last/min/max:3208/1166/19834
	stream[1] generation:0 dma_mode:0x0 fs:0 fe:0 dma:0 vb2:0 sequence:0
		start:0 last_fs:0 last_fe:0 last_dma:0 last_vb2:0
		irq_to_vb2_ns last/min/max:0/0/0
	stream[2] generation:0 dma_mode:0x0 fs:0 fe:0 dma:0 vb2:0 sequence:0
		start:0 last_fs:0 last_fe:0 last_dma:0 last_vb2:0
		irq_to_vb2_ns last/min/max:0/0/0
	stream[3] generation:0 dma_mode:0x0 fs:0 fe:0 dma:0 vb2:0 sequence:0
		start:0 last_fs:0 last_fe:0 last_dma:0 last_vb2:0
		irq_to_vb2_ns last/min/max:0/0/0
