DEVICE=/dev/video0
META_SIZE=3400
PAIRS_PER_CYCLE=80
CYCLES=1
HOLD_MS=0
CYCLE=0 PAIR=0 BUFFER=0 SUBPAGES=1/0 GAP_MS=64.727 HASH=82fa9ebe61bbff3f
CYCLE=0 PAIR=1 BUFFER=1 SUBPAGES=1/0 GAP_MS=64.768 HASH=7dd95f0e9a977bc0
CYCLE=0 PAIR=2 BUFFER=2 SUBPAGES=1/0 GAP_MS=62.792 HASH=9d08ad18db33a168
CYCLE=0 PAIR=3 BUFFER=3 SUBPAGES=1/0 GAP_MS=63.748 HASH=62b99edb30d57636
CYCLE=0 PAIR=4 BUFFER=0 SUBPAGES=1/0 GAP_MS=64.536 HASH=413f47e3b69fdd88
CYCLE=0 PAIR=5 BUFFER=1 SUBPAGES=1/0 GAP_MS=62.898 HASH=e6b58f4a8239d35d
CYCLE=0 PAIR=6 BUFFER=2 SUBPAGES=1/0 GAP_MS=64.193 HASH=a2d6ac3e9fc79f53
CYCLE=0 PAIR=7 BUFFER=3 SUBPAGES=1/0 GAP_MS=63.844 HASH=861eedf309a6ae2d
CYCLE=0 PAIR=8 BUFFER=0 SUBPAGES=1/0 GAP_MS=63.476 HASH=374337369bc8eb6b
CYCLE=0 PAIR=9 BUFFER=1 SUBPAGES=1/0 GAP_MS=63.129 HASH=9c68b2171ef54563
CYCLE=0 PAIR=10 BUFFER=2 SUBPAGES=1/0 GAP_MS=63.177 HASH=0a703562cd0e8965
CYCLE=0 PAIR=11 BUFFER=3 SUBPAGES=1/0 GAP_MS=64.352 HASH=75d3243ab3bc0fb9
CYCLE=0 PAIR=12 BUFFER=0 SUBPAGES=1/0 GAP_MS=63.588 HASH=9319cbcf8f428b2b
CYCLE=0 PAIR=13 BUFFER=1 SUBPAGES=1/0 GAP_MS=63.606 HASH=039a2360d23c1883
CYCLE=0 PAIR=14 BUFFER=2 SUBPAGES=1/0 GAP_MS=63.071 HASH=6e65daf2fe221039
CYCLE=0 PAIR=15 BUFFER=3 SUBPAGES=1/0 GAP_MS=64.867 HASH=7a6e66377d106e2e
CYCLE=0 PAIR=16 BUFFER=0 SUBPAGES=1/0 GAP_MS=65.075 HASH=aa9557959bafc692
CYCLE=0 PAIR=17 BUFFER=1 SUBPAGES=1/0 GAP_MS=63.515 HASH=0dcab61a3eca3f15
CYCLE=0 PAIR=18 BUFFER=2 SUBPAGES=1/0 GAP_MS=64.958 HASH=22fe1cbb877b0024
CYCLE=0 PAIR=19 BUFFER=3 SUBPAGES=1/0 GAP_MS=63.621 HASH=d35947ee30a50529
CYCLE=0 PAIR=20 BUFFER=0 SUBPAGES=1/0 GAP_MS=62.434 HASH=79fbd5d80fab2664
CYCLE=0 PAIR=21 BUFFER=1 SUBPAGES=1/0 GAP_MS=63.153 HASH=776e68c7813322d0
CYCLE=0 PAIR=22 BUFFER=2 SUBPAGES=1/0 GAP_MS=64.206 HASH=2834d3147f803a1c
CYCLE=0 PAIR=23 BUFFER=3 SUBPAGES=1/0 GAP_MS=64.749 HASH=d41258724b9799a1
CYCLE=0 PAIR=24 BUFFER=0 SUBPAGES=1/0 GAP_MS=63.126 HASH=35cdf127298d63d4
CYCLE=0 PAIR=25 BUFFER=1 SUBPAGES=1/0 GAP_MS=64.417 HASH=1b5d3e6198bd8d35
CYCLE=0 PAIR=26 BUFFER=2 SUBPAGES=1/0 GAP_MS=64.116 HASH=efd07be314de7624
CYCLE=0 PAIR=27 BUFFER=3 SUBPAGES=1/0 GAP_MS=63.359 HASH=ea2d8f125cd120b6
CYCLE=0 PAIR=28 BUFFER=0 SUBPAGES=1/0 GAP_MS=62.060 HASH=0ede3ce5746e36dd
CYCLE=0 PAIR=29 BUFFER=1 SUBPAGES=1/0 GAP_MS=65.098 HASH=ca302972f67eb90c
CYCLE=0 PAIR=30 BUFFER=2 SUBPAGES=1/0 GAP_MS=63.389 HASH=f4f56daff4244a14
CYCLE=0 PAIR=31 BUFFER=3 SUBPAGES=1/0 GAP_MS=63.844 HASH=4d697e5fccb4d784
CYCLE=0 PAIR=32 BUFFER=0 SUBPAGES=1/0 GAP_MS=64.601 HASH=f9b5dcc1ea64ca81
CYCLE=0 PAIR=33 BUFFER=1 SUBPAGES=1/0 GAP_MS=63.139 HASH=1947f588d512eb8d
CYCLE=0 PAIR=34 BUFFER=2 SUBPAGES=1/0 GAP_MS=62.781 HASH=0f3e0c91fea9570b
CYCLE=0 PAIR=35 BUFFER=3 SUBPAGES=1/0 GAP_MS=64.738 HASH=3c6149a11701c966
CYCLE=0 PAIR=36 BUFFER=0 SUBPAGES=1/0 GAP_MS=63.608 HASH=4f198e5909131459
CYCLE=0 PAIR=37 BUFFER=1 SUBPAGES=1/0 GAP_MS=63.013 HASH=6681d1d593d594cc
CYCLE=0 PAIR=38 BUFFER=2 SUBPAGES=1/0 GAP_MS=62.968 HASH=af046a2930276656
CYCLE=0 PAIR=39 BUFFER=3 SUBPAGES=1/0 GAP_MS=63.055 HASH=e6db2f6ba3528c1d
CYCLE=0 PAIR=40 BUFFER=0 SUBPAGES=1/0 GAP_MS=64.397 HASH=70c372f7b9146d96
CYCLE=0 PAIR=41 BUFFER=1 SUBPAGES=1/0 GAP_MS=64.103 HASH=49ffcb3ffe62af97
CYCLE=0 PAIR=42 BUFFER=2 SUBPAGES=1/0 GAP_MS=63.801 HASH=c8668516c00359f1
CYCLE=0 PAIR=43 BUFFER=3 SUBPAGES=1/0 GAP_MS=63.886 HASH=81ca5711e8257572
CYCLE=0 PAIR=44 BUFFER=0 SUBPAGES=1/0 GAP_MS=63.232 HASH=f0629537e7c57b6e
CYCLE=0 PAIR=45 BUFFER=1 SUBPAGES=1/0 GAP_MS=62.800 HASH=c020708673950733
CYCLE=0 PAIR=46 BUFFER=2 SUBPAGES=1/0 GAP_MS=64.004 HASH=d251919f63a75e62
CYCLE=0 PAIR=47 BUFFER=3 SUBPAGES=1/0 GAP_MS=64.659 HASH=9e8b237d4cbbecb3
CYCLE=0 PAIR=48 BUFFER=0 SUBPAGES=1/0 GAP_MS=63.260 HASH=14f39c38b6c67a90
CYCLE=0 PAIR=49 BUFFER=1 SUBPAGES=1/0 GAP_MS=63.725 HASH=7dbba3efcb4833d4
CYCLE=0 PAIR=50 BUFFER=2 SUBPAGES=1/0 GAP_MS=64.061 HASH=8cf2d92e53b2461a
CYCLE=0 PAIR=51 BUFFER=3 SUBPAGES=1/0 GAP_MS=63.271 HASH=f6011577f6b18dbb
CYCLE=0 PAIR=52 BUFFER=0 SUBPAGES=1/0 GAP_MS=63.865 HASH=382daae14756a712
CYCLE=0 PAIR=53 BUFFER=1 SUBPAGES=1/0 GAP_MS=64.002 HASH=a6b17deeb7493d2f
CYCLE=0 PAIR=54 BUFFER=2 SUBPAGES=1/0 GAP_MS=61.263 HASH=b35042ed8c06c579
CYCLE=0 PAIR=55 BUFFER=3 SUBPAGES=1/0 GAP_MS=63.214 HASH=2f1b2d55b1805895
CYCLE=0 PAIR=56 BUFFER=0 SUBPAGES=1/0 GAP_MS=64.646 HASH=03e33437c647b65e
CYCLE=0 PAIR=57 BUFFER=1 SUBPAGES=1/0 GAP_MS=63.009 HASH=457d37f78a658435
CYCLE=0 PAIR=58 BUFFER=2 SUBPAGES=1/0 GAP_MS=64.125 HASH=23d5bab7993007bc
CYCLE=0 PAIR=59 BUFFER=3 SUBPAGES=1/0 GAP_MS=64.295 HASH=5244636fa81452c1
CYCLE=0 PAIR=60 BUFFER=0 SUBPAGES=1/0 GAP_MS=60.902 HASH=be4fd0d7887045bd
CYCLE=0 PAIR=61 BUFFER=1 SUBPAGES=1/0 GAP_MS=62.667 HASH=efa0030531dcb971
CYCLE=0 PAIR=62 BUFFER=2 SUBPAGES=1/0 GAP_MS=63.617 HASH=5a6553ff10408d02
CYCLE=0 PAIR=63 BUFFER=3 SUBPAGES=1/0 GAP_MS=64.403 HASH=5330cb6c76081252
CYCLE=0 PAIR=64 BUFFER=0 SUBPAGES=1/0 GAP_MS=63.409 HASH=6d8c9fc3bdadf7ed
CYCLE=0 PAIR=65 BUFFER=1 SUBPAGES=1/0 GAP_MS=64.754 HASH=25cc51b6829c03f3
CYCLE=0 PAIR=66 BUFFER=2 SUBPAGES=1/0 GAP_MS=60.967 HASH=4ccc5f277a50d4ee
CYCLE=0 PAIR=67 BUFFER=3 SUBPAGES=1/0 GAP_MS=63.452 HASH=4266b2afc3228cfa
CYCLE=0 PAIR=68 BUFFER=0 SUBPAGES=1/0 GAP_MS=64.133 HASH=92248fad2c3b175f
CYCLE=0 PAIR=69 BUFFER=1 SUBPAGES=1/0 GAP_MS=63.172 HASH=2f72ccc6fa60bc6d
CYCLE=0 PAIR=70 BUFFER=2 SUBPAGES=1/0 GAP_MS=63.405 HASH=6a937e3e641cfad2
CYCLE=0 PAIR=71 BUFFER=3 SUBPAGES=1/0 GAP_MS=63.456 HASH=e057f95f01752d28
CYCLE=0 PAIR=72 BUFFER=0 SUBPAGES=1/0 GAP_MS=63.458 HASH=8ba9b19602774515
CYCLE=0 PAIR=73 BUFFER=1 SUBPAGES=1/0 GAP_MS=63.354 HASH=75c448a9f86b59f5
CYCLE=0 PAIR=74 BUFFER=2 SUBPAGES=1/0 GAP_MS=64.599 HASH=8918d7463605c7d8
CYCLE=0 PAIR=75 BUFFER=3 SUBPAGES=1/0 GAP_MS=64.553 HASH=32d7f6360ad2f752
CYCLE=0 PAIR=76 BUFFER=0 SUBPAGES=1/0 GAP_MS=63.719 HASH=c2fb34b49f12bf34
CYCLE=0 PAIR=77 BUFFER=1 SUBPAGES=1/0 GAP_MS=64.437 HASH=9a8937d2632ec405
CYCLE=0 PAIR=78 BUFFER=2 SUBPAGES=1/0 GAP_MS=64.847 HASH=7a1b385ca3085044
CYCLE=0 PAIR=79 BUFFER=3 SUBPAGES=1/0 GAP_MS=64.469 HASH=526c6264b18835fc
TOTAL_PAIRS=80
ELAPSED_SECONDS=10.471
STAGE5_RUNTIME_CHECK=PASS
