DEVICE=/dev/video0
META_SIZE=3400
PAIRS_PER_CYCLE=80
CYCLES=1
HOLD_MS=0
CYCLE=0 PAIR=0 BUFFER=0 SUBPAGES=0/1 GAP_MS=64.083 HASH=7b6eb8cd9d6bf079
CYCLE=0 PAIR=1 BUFFER=1 SUBPAGES=0/1 GAP_MS=64.119 HASH=fb380cb655b609b9
CYCLE=0 PAIR=2 BUFFER=2 SUBPAGES=0/1 GAP_MS=64.005 HASH=6a34e79066d7e571
CYCLE=0 PAIR=3 BUFFER=3 SUBPAGES=0/1 GAP_MS=63.730 HASH=16efbc2689fc4765
CYCLE=0 PAIR=4 BUFFER=0 SUBPAGES=0/1 GAP_MS=64.053 HASH=7318fabcdeb508b7
CYCLE=0 PAIR=5 BUFFER=1 SUBPAGES=0/1 GAP_MS=64.971 HASH=d88801d8ea9ff7c7
CYCLE=0 PAIR=6 BUFFER=2 SUBPAGES=0/1 GAP_MS=64.615 HASH=534748e7b49f2fe7
CYCLE=0 PAIR=7 BUFFER=3 SUBPAGES=0/1 GAP_MS=62.671 HASH=25dd9381b387e9b0
CYCLE=0 PAIR=8 BUFFER=0 SUBPAGES=0/1 GAP_MS=64.421 HASH=717cd48c227020c3
CYCLE=0 PAIR=9 BUFFER=1 SUBPAGES=0/1 GAP_MS=64.607 HASH=ebadd8cb614ffefa
CYCLE=0 PAIR=10 BUFFER=2 SUBPAGES=0/1 GAP_MS=63.328 HASH=8be253a44bb4b77c
CYCLE=0 PAIR=11 BUFFER=3 SUBPAGES=0/1 GAP_MS=62.907 HASH=dc35645d020f2197
CYCLE=0 PAIR=12 BUFFER=0 SUBPAGES=0/1 GAP_MS=65.115 HASH=0aac73bb94add825
CYCLE=0 PAIR=13 BUFFER=1 SUBPAGES=0/1 GAP_MS=64.205 HASH=9483c608fc8fea14
CYCLE=0 PAIR=14 BUFFER=2 SUBPAGES=0/1 GAP_MS=64.166 HASH=5e7526cf7e5b84ec
CYCLE=0 PAIR=15 BUFFER=3 SUBPAGES=0/1 GAP_MS=64.299 HASH=bd1b043bb20a73ce
CYCLE=0 PAIR=16 BUFFER=0 SUBPAGES=0/1 GAP_MS=65.558 HASH=edce9ea94aad22c1
CYCLE=0 PAIR=17 BUFFER=1 SUBPAGES=0/1 GAP_MS=63.242 HASH=3d1af7589a1a89ca
CYCLE=0 PAIR=18 BUFFER=2 SUBPAGES=0/1 GAP_MS=63.335 HASH=2d4daaba3a9ee411
CYCLE=0 PAIR=19 BUFFER=3 SUBPAGES=0/1 GAP_MS=65.375 HASH=a278d1f1f83445e9
CYCLE=0 PAIR=20 BUFFER=0 SUBPAGES=0/1 GAP_MS=64.135 HASH=a2da843c2790d86d
CYCLE=0 PAIR=21 BUFFER=1 SUBPAGES=0/1 GAP_MS=64.595 HASH=2a9dd37843bf440f
CYCLE=0 PAIR=22 BUFFER=2 SUBPAGES=0/1 GAP_MS=64.371 HASH=a52a3b8f0fdbd2ca
CYCLE=0 PAIR=23 BUFFER=3 SUBPAGES=0/1 GAP_MS=63.620 HASH=63afbaf25d5fd36e
CYCLE=0 PAIR=24 BUFFER=0 SUBPAGES=0/1 GAP_MS=64.051 HASH=cb7f56cfcd9c59a3
CYCLE=0 PAIR=25 BUFFER=1 SUBPAGES=0/1 GAP_MS=64.903 HASH=26071f27682a8666
CYCLE=0 PAIR=26 BUFFER=2 SUBPAGES=0/1 GAP_MS=65.447 HASH=8a0cd599f0c00181
CYCLE=0 PAIR=27 BUFFER=3 SUBPAGES=0/1 GAP_MS=63.322 HASH=53902b1425aa53f9
CYCLE=0 PAIR=28 BUFFER=0 SUBPAGES=0/1 GAP_MS=64.982 HASH=65aaf328cf4247d4
CYCLE=0 PAIR=29 BUFFER=1 SUBPAGES=0/1 GAP_MS=64.942 HASH=31090f7245904f44
CYCLE=0 PAIR=30 BUFFER=2 SUBPAGES=0/1 GAP_MS=62.970 HASH=67e944f3b89a4b03
CYCLE=0 PAIR=31 BUFFER=3 SUBPAGES=0/1 GAP_MS=65.171 HASH=fe5be8cfdab5ecfa
CYCLE=0 PAIR=32 BUFFER=0 SUBPAGES=0/1 GAP_MS=64.209 HASH=b80385cfef151e78
CYCLE=0 PAIR=33 BUFFER=1 SUBPAGES=0/1 GAP_MS=65.491 HASH=abb4fc7535555230
CYCLE=0 PAIR=34 BUFFER=2 SUBPAGES=0/1 GAP_MS=64.364 HASH=56b1e0b0ba6a444d
CYCLE=0 PAIR=35 BUFFER=3 SUBPAGES=0/1 GAP_MS=62.607 HASH=1af8f8db4a060b30
CYCLE=0 PAIR=36 BUFFER=0 SUBPAGES=0/1 GAP_MS=65.339 HASH=3f11d43fed3062fc
CYCLE=0 PAIR=37 BUFFER=1 SUBPAGES=0/1 GAP_MS=65.244 HASH=5717866e985cbc09
CYCLE=0 PAIR=38 BUFFER=2 SUBPAGES=0/1 GAP_MS=64.577 HASH=7676cc2565a7874b
CYCLE=0 PAIR=39 BUFFER=3 SUBPAGES=0/1 GAP_MS=62.670 HASH=af647272b0e67abc
CYCLE=0 PAIR=40 BUFFER=0 SUBPAGES=0/1 GAP_MS=65.241 HASH=31bc5c7b77b88c6e
CYCLE=0 PAIR=41 BUFFER=1 SUBPAGES=0/1 GAP_MS=65.010 HASH=4edbeb33567acc40
CYCLE=0 PAIR=42 BUFFER=2 SUBPAGES=0/1 GAP_MS=64.863 HASH=6f9443ed4ac9c47b
CYCLE=0 PAIR=43 BUFFER=3 SUBPAGES=0/1 GAP_MS=63.953 HASH=5b0a7efebeccf50e
CYCLE=0 PAIR=44 BUFFER=0 SUBPAGES=0/1 GAP_MS=64.456 HASH=15303c49a94c6456
CYCLE=0 PAIR=45 BUFFER=1 SUBPAGES=0/1 GAP_MS=63.438 HASH=660ca21560fe3d46
CYCLE=0 PAIR=46 BUFFER=2 SUBPAGES=0/1 GAP_MS=64.693 HASH=fa607e8cafb476fd
CYCLE=0 PAIR=47 BUFFER=3 SUBPAGES=0/1 GAP_MS=64.427 HASH=4928fbd320079cff
CYCLE=0 PAIR=48 BUFFER=0 SUBPAGES=0/1 GAP_MS=64.252 HASH=03e8447033728818
CYCLE=0 PAIR=49 BUFFER=1 SUBPAGES=0/1 GAP_MS=63.160 HASH=9541b7857851912b
CYCLE=0 PAIR=50 BUFFER=2 SUBPAGES=0/1 GAP_MS=65.063 HASH=61916089aa02d9b5
CYCLE=0 PAIR=51 BUFFER=3 SUBPAGES=0/1 GAP_MS=64.287 HASH=36fbbd9c622b456d
CYCLE=0 PAIR=52 BUFFER=0 SUBPAGES=0/1 GAP_MS=64.088 HASH=aae3ec45800ac5a6
CYCLE=0 PAIR=53 BUFFER=1 SUBPAGES=0/1 GAP_MS=64.964 HASH=b1503692a9be0111
CYCLE=0 PAIR=54 BUFFER=2 SUBPAGES=0/1 GAP_MS=65.705 HASH=64e2b26f6394e394
CYCLE=0 PAIR=55 BUFFER=3 SUBPAGES=0/1 GAP_MS=65.654 HASH=861c20cc83b8b1f2
CYCLE=0 PAIR=56 BUFFER=0 SUBPAGES=0/1 GAP_MS=64.331 HASH=b3c23abd79142d1c
CYCLE=0 PAIR=57 BUFFER=1 SUBPAGES=0/1 GAP_MS=64.923 HASH=d6a78d9a8cec17b0
CYCLE=0 PAIR=58 BUFFER=2 SUBPAGES=0/1 GAP_MS=65.281 HASH=34c3d9c0046fee19
CYCLE=0 PAIR=59 BUFFER=3 SUBPAGES=0/1 GAP_MS=64.889 HASH=f1ecfdc9b790765c
CYCLE=0 PAIR=60 BUFFER=0 SUBPAGES=0/1 GAP_MS=65.139 HASH=e7f3f1af81c396e7
CYCLE=0 PAIR=61 BUFFER=1 SUBPAGES=0/1 GAP_MS=64.681 HASH=ecfb3e7e5364a02c
CYCLE=0 PAIR=62 BUFFER=2 SUBPAGES=0/1 GAP_MS=63.525 HASH=c86be3f43f407cda
CYCLE=0 PAIR=63 BUFFER=3 SUBPAGES=0/1 GAP_MS=63.438 HASH=4184237ee38e7cfe
CYCLE=0 PAIR=64 BUFFER=0 SUBPAGES=0/1 GAP_MS=61.524 HASH=9acf427386455673
CYCLE=0 PAIR=65 BUFFER=1 SUBPAGES=0/1 GAP_MS=64.224 HASH=29d03978cc9b9925
CYCLE=0 PAIR=66 BUFFER=2 SUBPAGES=0/1 GAP_MS=63.623 HASH=79f19bb50b47a07e
CYCLE=0 PAIR=67 BUFFER=3 SUBPAGES=0/1 GAP_MS=64.712 HASH=02470df5a401b732
CYCLE=0 PAIR=68 BUFFER=0 SUBPAGES=0/1 GAP_MS=63.480 HASH=b39a59f3fa99f13b
CYCLE=0 PAIR=69 BUFFER=1 SUBPAGES=0/1 GAP_MS=64.834 HASH=e51152a131924ad1
CYCLE=0 PAIR=70 BUFFER=2 SUBPAGES=0/1 GAP_MS=65.296 HASH=d34af43792d2a665
CYCLE=0 PAIR=71 BUFFER=3 SUBPAGES=0/1 GAP_MS=63.293 HASH=3aacda13ddc36625
CYCLE=0 PAIR=72 BUFFER=0 SUBPAGES=0/1 GAP_MS=64.053 HASH=d247fb78e84bfd4d
CYCLE=0 PAIR=73 BUFFER=1 SUBPAGES=0/1 GAP_MS=64.172 HASH=9cf39a27db0e0966
CYCLE=0 PAIR=74 BUFFER=2 SUBPAGES=0/1 GAP_MS=63.536 HASH=3b7481fd3bee1657
CYCLE=0 PAIR=75 BUFFER=3 SUBPAGES=0/1 GAP_MS=63.292 HASH=388652ccbc675806
CYCLE=0 PAIR=76 BUFFER=0 SUBPAGES=0/1 GAP_MS=64.676 HASH=9fb072a8e0282753
CYCLE=0 PAIR=77 BUFFER=1 SUBPAGES=0/1 GAP_MS=64.445 HASH=188976c8e3a1b599
CYCLE=0 PAIR=78 BUFFER=2 SUBPAGES=0/1 GAP_MS=63.352 HASH=b18ee190afdf11e9
CYCLE=0 PAIR=79 BUFFER=3 SUBPAGES=0/1 GAP_MS=63.593 HASH=1994a980915157cc
TOTAL_PAIRS=80
ELAPSED_SECONDS=10.786
STAGE5_RUNTIME_CHECK=PASS
