DEVICE=/dev/video0
META_SIZE=3400
PAIRS_PER_CYCLE=80
CYCLES=1
HOLD_MS=0
CYCLE=0 PAIR=0 BUFFER=0 SUBPAGES=0/1 GAP_MS=64.232 HASH=dde2f163251387c9
CYCLE=0 PAIR=1 BUFFER=1 SUBPAGES=0/1 GAP_MS=64.167 HASH=c1d97c06957c3957
CYCLE=0 PAIR=2 BUFFER=2 SUBPAGES=0/1 GAP_MS=62.326 HASH=557176a4e29ced21
CYCLE=0 PAIR=3 BUFFER=3 SUBPAGES=0/1 GAP_MS=63.523 HASH=0d7643962d14402f
CYCLE=0 PAIR=4 BUFFER=0 SUBPAGES=0/1 GAP_MS=63.092 HASH=ae31ab80447a71ab
CYCLE=0 PAIR=5 BUFFER=1 SUBPAGES=0/1 GAP_MS=63.742 HASH=4361af94577c4ac0
CYCLE=0 PAIR=6 BUFFER=2 SUBPAGES=0/1 GAP_MS=64.920 HASH=d3302af806ed8ef6
CYCLE=0 PAIR=7 BUFFER=3 SUBPAGES=0/1 GAP_MS=63.334 HASH=504b21886ccefa28
CYCLE=0 PAIR=8 BUFFER=0 SUBPAGES=0/1 GAP_MS=64.297 HASH=85e8082f852ce13a
CYCLE=0 PAIR=9 BUFFER=1 SUBPAGES=0/1 GAP_MS=63.650 HASH=4d035460f6496b01
CYCLE=0 PAIR=10 BUFFER=2 SUBPAGES=0/1 GAP_MS=64.134 HASH=9ba425c0c614de19
CYCLE=0 PAIR=11 BUFFER=3 SUBPAGES=0/1 GAP_MS=62.753 HASH=78a17c60a0fbe702
CYCLE=0 PAIR=12 BUFFER=0 SUBPAGES=0/1 GAP_MS=62.985 HASH=3cc8713244d5c352
CYCLE=0 PAIR=13 BUFFER=1 SUBPAGES=0/1 GAP_MS=63.734 HASH=fbe83f7f6b1f8f2b
CYCLE=0 PAIR=14 BUFFER=2 SUBPAGES=0/1 GAP_MS=62.813 HASH=2984754d40a4ddb6
CYCLE=0 PAIR=15 BUFFER=3 SUBPAGES=0/1 GAP_MS=64.426 HASH=a48435a3d8525cfd
CYCLE=0 PAIR=16 BUFFER=0 SUBPAGES=0/1 GAP_MS=64.927 HASH=04a523ef4f5e4044
CYCLE=0 PAIR=17 BUFFER=1 SUBPAGES=0/1 GAP_MS=65.275 HASH=b87395a5c99e358b
CYCLE=0 PAIR=18 BUFFER=2 SUBPAGES=0/1 GAP_MS=62.768 HASH=25eb44393c200fc2
CYCLE=0 PAIR=19 BUFFER=3 SUBPAGES=0/1 GAP_MS=64.023 HASH=845387da96ea34b0
CYCLE=0 PAIR=20 BUFFER=0 SUBPAGES=0/1 GAP_MS=62.554 HASH=c6ca34842d55ba63
CYCLE=0 PAIR=21 BUFFER=1 SUBPAGES=0/1 GAP_MS=63.613 HASH=49e1bcb4163e497b
CYCLE=0 PAIR=22 BUFFER=2 SUBPAGES=0/1 GAP_MS=63.781 HASH=e10f8d18a0d0c23c
CYCLE=0 PAIR=23 BUFFER=3 SUBPAGES=0/1 GAP_MS=62.359 HASH=0990431f8f45d2fc
CYCLE=0 PAIR=24 BUFFER=0 SUBPAGES=0/1 GAP_MS=62.651 HASH=2a2e3daec2ab74ac
CYCLE=0 PAIR=25 BUFFER=1 SUBPAGES=0/1 GAP_MS=63.482 HASH=6c66c1efa5c8963a
CYCLE=0 PAIR=26 BUFFER=2 SUBPAGES=0/1 GAP_MS=63.732 HASH=6656661e8cb74e24
CYCLE=0 PAIR=27 BUFFER=3 SUBPAGES=0/1 GAP_MS=63.030 HASH=a9de79d18dfbf16b
CYCLE=0 PAIR=28 BUFFER=0 SUBPAGES=0/1 GAP_MS=63.317 HASH=3f8e81293e46d4bb
CYCLE=0 PAIR=29 BUFFER=1 SUBPAGES=0/1 GAP_MS=62.845 HASH=9b2970e8153e5b92
CYCLE=0 PAIR=30 BUFFER=2 SUBPAGES=0/1 GAP_MS=63.494 HASH=f3c1e6e8ae4fd0c8
CYCLE=0 PAIR=31 BUFFER=3 SUBPAGES=0/1 GAP_MS=63.456 HASH=f126d3fbc108756e
CYCLE=0 PAIR=32 BUFFER=0 SUBPAGES=0/1 GAP_MS=64.267 HASH=151779a3641f431a
CYCLE=0 PAIR=33 BUFFER=1 SUBPAGES=0/1 GAP_MS=63.480 HASH=f012b5b4cbf3628c
CYCLE=0 PAIR=34 BUFFER=2 SUBPAGES=0/1 GAP_MS=63.972 HASH=48d57b734251ade4
CYCLE=0 PAIR=35 BUFFER=3 SUBPAGES=0/1 GAP_MS=64.146 HASH=3a147ec72eaddd95
CYCLE=0 PAIR=36 BUFFER=0 SUBPAGES=0/1 GAP_MS=63.558 HASH=0d48dede859e91b6
CYCLE=0 PAIR=37 BUFFER=1 SUBPAGES=0/1 GAP_MS=64.032 HASH=fc97ca44b4e244a1
CYCLE=0 PAIR=38 BUFFER=2 SUBPAGES=0/1 GAP_MS=64.112 HASH=955b1d2c8b844e2d
CYCLE=0 PAIR=39 BUFFER=3 SUBPAGES=0/1 GAP_MS=63.014 HASH=c12be2fe9d9d55eb
CYCLE=0 PAIR=40 BUFFER=0 SUBPAGES=0/1 GAP_MS=63.376 HASH=7c30667c00e9bfd4
CYCLE=0 PAIR=41 BUFFER=1 SUBPAGES=0/1 GAP_MS=63.830 HASH=4139f73d1487708c
CYCLE=0 PAIR=42 BUFFER=2 SUBPAGES=0/1 GAP_MS=64.417 HASH=2f2e3bb6bc5719f0
CYCLE=0 PAIR=43 BUFFER=3 SUBPAGES=0/1 GAP_MS=63.740 HASH=b6714d50445dc5cf
CYCLE=0 PAIR=44 BUFFER=0 SUBPAGES=0/1 GAP_MS=63.481 HASH=f1311f2434dc80d1
CYCLE=0 PAIR=45 BUFFER=1 SUBPAGES=0/1 GAP_MS=62.636 HASH=419e40b4ae8ce02d
CYCLE=0 PAIR=46 BUFFER=2 SUBPAGES=0/1 GAP_MS=63.640 HASH=2d8931f31e522ccc
CYCLE=0 PAIR=47 BUFFER=3 SUBPAGES=0/1 GAP_MS=64.103 HASH=e61f60c5cf0b2c97
CYCLE=0 PAIR=48 BUFFER=0 SUBPAGES=0/1 GAP_MS=63.708 HASH=5fdda5ca40b75a89
CYCLE=0 PAIR=49 BUFFER=1 SUBPAGES=0/1 GAP_MS=63.762 HASH=256b5264c580c8b8
CYCLE=0 PAIR=50 BUFFER=2 SUBPAGES=0/1 GAP_MS=62.437 HASH=b542c138498e8584
CYCLE=0 PAIR=51 BUFFER=3 SUBPAGES=0/1 GAP_MS=63.751 HASH=5b99d9107657954c
CYCLE=0 PAIR=52 BUFFER=0 SUBPAGES=0/1 GAP_MS=65.097 HASH=bbcf51863419970d
CYCLE=0 PAIR=53 BUFFER=1 SUBPAGES=0/1 GAP_MS=64.965 HASH=45a1c077fbf65b32
CYCLE=0 PAIR=54 BUFFER=2 SUBPAGES=0/1 GAP_MS=64.240 HASH=a310824a78116fa0
CYCLE=0 PAIR=55 BUFFER=3 SUBPAGES=0/1 GAP_MS=63.842 HASH=9ca5ce6abd8b69fe
CYCLE=0 PAIR=56 BUFFER=0 SUBPAGES=0/1 GAP_MS=63.781 HASH=be77bdcd4feb8dff
CYCLE=0 PAIR=57 BUFFER=1 SUBPAGES=0/1 GAP_MS=62.937 HASH=5c88228b006f6df5
CYCLE=0 PAIR=58 BUFFER=2 SUBPAGES=0/1 GAP_MS=64.839 HASH=aaba1ab62adef7ed
CYCLE=0 PAIR=59 BUFFER=3 SUBPAGES=0/1 GAP_MS=63.182 HASH=4f91a4a59158ecee
CYCLE=0 PAIR=60 BUFFER=0 SUBPAGES=0/1 GAP_MS=64.121 HASH=fc312322f7d35b0a
CYCLE=0 PAIR=61 BUFFER=1 SUBPAGES=0/1 GAP_MS=62.796 HASH=0090a246bf0bb7db
CYCLE=0 PAIR=62 BUFFER=2 SUBPAGES=0/1 GAP_MS=63.755 HASH=662b6056790a25fe
CYCLE=0 PAIR=63 BUFFER=3 SUBPAGES=0/1 GAP_MS=64.356 HASH=f70ad1fa51a0b1bf
CYCLE=0 PAIR=64 BUFFER=0 SUBPAGES=0/1 GAP_MS=62.898 HASH=0ed3b0244c751ec6
CYCLE=0 PAIR=65 BUFFER=1 SUBPAGES=0/1 GAP_MS=63.568 HASH=d703384d4fa058d7
CYCLE=0 PAIR=66 BUFFER=2 SUBPAGES=0/1 GAP_MS=65.794 HASH=38f796768c36c065
CYCLE=0 PAIR=67 BUFFER=3 SUBPAGES=0/1 GAP_MS=64.227 HASH=a64aa8d32c9c96f5
CYCLE=0 PAIR=68 BUFFER=0 SUBPAGES=0/1 GAP_MS=62.925 HASH=566ea3533d502f07
CYCLE=0 PAIR=69 BUFFER=1 SUBPAGES=0/1 GAP_MS=63.734 HASH=bd101f4c8cb6da79
CYCLE=0 PAIR=70 BUFFER=2 SUBPAGES=0/1 GAP_MS=63.488 HASH=59371fa2c6abde6e
CYCLE=0 PAIR=71 BUFFER=3 SUBPAGES=0/1 GAP_MS=64.110 HASH=21bbae1706eb4913
CYCLE=0 PAIR=72 BUFFER=0 SUBPAGES=0/1 GAP_MS=62.756 HASH=9a241eca24bbb466
CYCLE=0 PAIR=73 BUFFER=1 SUBPAGES=0/1 GAP_MS=64.013 HASH=84939c09f931f2a4
CYCLE=0 PAIR=74 BUFFER=2 SUBPAGES=0/1 GAP_MS=62.651 HASH=2c9e419a74ea48b4
CYCLE=0 PAIR=75 BUFFER=3 SUBPAGES=0/1 GAP_MS=64.752 HASH=d4eb6c27bde639bf
CYCLE=0 PAIR=76 BUFFER=0 SUBPAGES=0/1 GAP_MS=64.638 HASH=ab6d59ad5eb8ca23
CYCLE=0 PAIR=77 BUFFER=1 SUBPAGES=0/1 GAP_MS=63.923 HASH=82d265f8f37c735b
CYCLE=0 PAIR=78 BUFFER=2 SUBPAGES=0/1 GAP_MS=64.072 HASH=45add1dc521f167e
CYCLE=0 PAIR=79 BUFFER=3 SUBPAGES=0/1 GAP_MS=64.373 HASH=f0770848602d2596
TOTAL_PAIRS=80
ELAPSED_SECONDS=10.732
STAGE5_RUNTIME_CHECK=PASS
