		VIDIOC_REQBUFS returned 0 (Success)
		VIDIOC_QUERYBUF returned 0 (Success)
		VIDIOC_QUERYBUF returned 0 (Success)
		VIDIOC_QUERYBUF returned 0 (Success)
		VIDIOC_QUERYBUF returned 0 (Success)
		VIDIOC_QBUF returned 0 (Success)
		VIDIOC_QBUF returned 0 (Success)
		VIDIOC_QBUF returned 0 (Success)
		VIDIOC_QBUF returned 0 (Success)
		VIDIOC_STREAMON returned 0 (Success)
cap dqbuf: 0 seq:      0 bytesused: 12441600 ts: 798.613946 delta now: +33.365 ms (ts-monotonic, ts-src-eof)
cap dqbuf: 1 seq:      1 bytesused: 12441600 ts: 798.647298 delta: 33.352 ms delta now: +33.044 ms (ts-monotonic, ts-src-eof)
cap dqbuf: 2 seq:      2 bytesused: 12441600 ts: 798.680614 delta: 33.316 ms delta now: +33.076 ms (ts-monotonic, ts-src-eof)
cap dqbuf: 3 seq:      3 bytesused: 12441600 ts: 798.713945 delta: 33.331 ms delta now: +33.226 ms (ts-monotonic, ts-src-eof)
cap dqbuf: 0 seq:      4 bytesused: 12441600 ts: 798.747284 delta: 33.339 ms delta now: +33.049 ms fps: 30.00 (ts-monotonic, ts-src-eof)
cap dqbuf: 1 seq:      5 bytesused: 12441600 ts: 798.780611 delta: 33.327 ms delta now: +33.056 ms fps: 30.00 (ts-monotonic, ts-src-eof)
cap dqbuf: 2 seq:      6 bytesused: 12441600 ts: 798.813947 delta: 33.336 ms delta now: +33.197 ms fps: 30.00 (ts-monotonic, ts-src-eof)
cap dqbuf: 3 seq:      7 bytesused: 12441600 ts: 798.847298 delta: 33.351 ms delta now: +33.181 ms fps: 30.00 (ts-monotonic, ts-src-eof)
cap dqbuf: 0 seq:      8 bytesused: 12441600 ts: 798.880645 delta: 33.347 ms delta now: +33.064 ms fps: 30.00 (ts-monotonic, ts-src-eof)
cap dqbuf: 1 seq:      9 bytesused: 12441600 ts: 798.913944 delta: 33.299 ms delta now: +33.198 ms fps: 30.00 (ts-monotonic, ts-src-eof)
cap dqbuf: 2 seq:     10 bytesused: 12441600 ts: 798.947302 delta: 33.358 ms delta now: +33.263 ms fps: 30.00 (ts-monotonic, ts-src-eof)
cap dqbuf: 3 seq:     11 bytesused: 12441600 ts: 798.980631 delta: 33.329 ms delta now: +33.087 ms fps: 30.00 (ts-monotonic, ts-src-eof)
cap dqbuf: 0 seq:     12 bytesused: 12441600 ts: 799.013953 delta: 33.322 ms delta now: +33.144 ms fps: 30.00 (ts-monotonic, ts-src-eof)
cap dqbuf: 1 seq:     13 bytesused: 12441600 ts: 799.047308 delta: 33.355 ms delta now: +33.030 ms fps: 30.00 (ts-monotonic, ts-src-eof)
cap dqbuf: 2 seq:     14 bytesused: 12441600 ts: 799.080600 delta: 33.292 ms delta now: +33.219 ms fps: 30.00 (ts-monotonic, ts-src-eof)
cap dqbuf: 3 seq:     15 bytesused: 12441600 ts: 799.113971 delta: 33.371 ms delta now: +33.031 ms fps: 30.00 (ts-monotonic, ts-src-eof)
cap dqbuf: 0 seq:     16 bytesused: 12441600 ts: 799.147281 delta: 33.310 ms delta now: +33.431 ms fps: 30.00 (ts-monotonic, ts-src-eof)
cap dqbuf: 1 seq:     17 bytesused: 12441600 ts: 799.180632 delta: 33.351 ms delta now: +33.034 ms fps: 30.00 (ts-monotonic, ts-src-eof)
cap dqbuf: 2 seq:     18 bytesused: 12441600 ts: 799.213933 delta: 33.301 ms delta now: +33.321 ms fps: 30.00 (ts-monotonic, ts-src-eof)
cap dqbuf: 3 seq:     19 bytesused: 12441600 ts: 799.247323 delta: 33.390 ms delta now: +33.169 ms fps: 30.00 (ts-monotonic, ts-src-eof)
cap dqbuf: 0 seq:     20 bytesused: 12441600 ts: 799.280618 delta: 33.295 ms delta now: +33.083 ms fps: 30.00 (ts-monotonic, ts-src-eof)
cap dqbuf: 1 seq:     21 bytesused: 12441600 ts: 799.313933 delta: 33.315 ms delta now: +33.070 ms fps: 30.00 (ts-monotonic, ts-src-eof)
cap dqbuf: 2 seq:     22 bytesused: 12441600 ts: 799.347267 delta: 33.334 ms delta now: +33.270 ms fps: 30.00 (ts-monotonic, ts-src-eof)
cap dqbuf: 3 seq:     23 bytesused: 12441600 ts: 799.380634 delta: 33.367 ms delta now: +33.030 ms fps: 30.00 (ts-monotonic, ts-src-eof)
cap dqbuf: 0 seq:     24 bytesused: 12441600 ts: 799.413934 delta: 33.300 ms delta now: +33.221 ms fps: 30.00 (ts-monotonic, ts-src-eof)
cap dqbuf: 1 seq:     25 bytesused: 12441600 ts: 799.447285 delta: 33.351 ms delta now: +33.287 ms fps: 30.00 (ts-monotonic, ts-src-eof)
cap dqbuf: 2 seq:     26 bytesused: 12441600 ts: 799.480619 delta: 33.334 ms delta now: +33.063 ms fps: 30.00 (ts-monotonic, ts-src-eof)
cap dqbuf: 3 seq:     27 bytesused: 12441600 ts: 799.513948 delta: 33.329 ms delta now: +33.194 ms fps: 30.00 (ts-monotonic, ts-src-eof)
cap dqbuf: 0 seq:     28 bytesused: 12441600 ts: 799.547300 delta: 33.352 ms delta now: +33.059 ms fps: 30.00 (ts-monotonic, ts-src-eof)
cap dqbuf: 1 seq:     29 bytesused: 12441600 ts: 799.580615 delta: 33.315 ms delta now: +33.054 ms fps: 30.00 (ts-monotonic, ts-src-eof)
cap dqbuf: 2 seq:     30 bytesused: 12441600 ts: 799.613944 delta: 33.329 ms delta now: +33.203 ms fps: 30.00 (ts-monotonic, ts-src-eof)
cap dqbuf: 3 seq:     31 bytesused: 12441600 ts: 799.647304 delta: 33.360 ms delta now: +33.222 ms fps: 30.00 (ts-monotonic, ts-src-eof)
cap dqbuf: 0 seq:     32 bytesused: 12441600 ts: 799.680623 delta: 33.319 ms delta now: +33.065 ms fps: 30.00 (ts-monotonic, ts-src-eof)
cap dqbuf: 1 seq:     33 bytesused: 12441600 ts: 799.713944 delta: 33.321 ms delta now: +33.062 ms fps: 30.00 (ts-monotonic, ts-src-eof)
cap dqbuf: 2 seq:     34 bytesused: 12441600 ts: 799.747277 delta: 33.333 ms delta now: +33.071 ms fps: 30.00 (ts-monotonic, ts-src-eof)
cap dqbuf: 3 seq:     35 bytesused: 12441600 ts: 799.780611 delta: 33.334 ms delta now: +33.056 ms fps: 30.00 (ts-monotonic, ts-src-eof)
cap dqbuf: 0 seq:     36 bytesused: 12441600 ts: 799.813944 delta: 33.333 ms delta now: +33.234 ms fps: 30.00 (ts-monotonic, ts-src-eof)
cap dqbuf: 1 seq:     37 bytesused: 12441600 ts: 799.847319 delta: 33.375 ms delta now: +33.187 ms fps: 30.00 (ts-monotonic, ts-src-eof)
cap dqbuf: 2 seq:     38 bytesused: 12441600 ts: 799.880631 delta: 33.312 ms delta now: +33.035 ms fps: 30.00 (ts-monotonic, ts-src-eof)
cap dqbuf: 3 seq:     39 bytesused: 12441600 ts: 799.913934 delta: 33.303 ms delta now: +33.249 ms fps: 30.00 (ts-monotonic, ts-src-eof)
cap dqbuf: 0 seq:     40 bytesused: 12441600 ts: 799.947285 delta: 33.351 ms delta now: +33.050 ms fps: 30.00 (ts-monotonic, ts-src-eof)
cap dqbuf: 1 seq:     41 bytesused: 12441600 ts: 799.980614 delta: 33.329 ms delta now: +33.366 ms fps: 30.00 (ts-monotonic, ts-src-eof)
cap dqbuf: 2 seq:     42 bytesused: 12441600 ts: 800.013965 delta: 33.351 ms delta now: +33.221 ms fps: 30.00 (ts-monotonic, ts-src-eof)
cap dqbuf: 3 seq:     43 bytesused: 12441600 ts: 800.047285 delta: 33.320 ms delta now: +33.079 ms fps: 30.00 (ts-monotonic, ts-src-eof)
cap dqbuf: 0 seq:     44 bytesused: 12441600 ts: 800.080600 delta: 33.315 ms delta now: +33.229 ms fps: 30.00 (ts-monotonic, ts-src-eof)
cap dqbuf: 1 seq:     45 bytesused: 12441600 ts: 800.113950 delta: 33.350 ms delta now: +33.203 ms fps: 30.00 (ts-monotonic, ts-src-eof)
cap dqbuf: 2 seq:     46 bytesused: 12441600 ts: 800.147298 delta: 33.348 ms delta now: +33.065 ms fps: 30.00 (ts-monotonic, ts-src-eof)
cap dqbuf: 3 seq:     47 bytesused: 12441600 ts: 800.180611 delta: 33.313 ms delta now: +33.076 ms fps: 30.00 (ts-monotonic, ts-src-eof)
cap dqbuf: 0 seq:     48 bytesused: 12441600 ts: 800.213944 delta: 33.333 ms delta now: +33.092 ms fps: 30.00 (ts-monotonic, ts-src-eof)
cap dqbuf: 1 seq:     49 bytesused: 12441600 ts: 800.247267 delta: 33.323 ms delta now: +33.230 ms fps: 30.00 (ts-monotonic, ts-src-eof)
cap dqbuf: 2 seq:     50 bytesused: 12441600 ts: 800.280618 delta: 33.351 ms delta now: +33.077 ms fps: 30.00 (ts-monotonic, ts-src-eof)
cap dqbuf: 3 seq:     51 bytesused: 12441600 ts: 800.313934 delta: 33.316 ms delta now: +33.250 ms fps: 30.00 (ts-monotonic, ts-src-eof)
cap dqbuf: 0 seq:     52 bytesused: 12441600 ts: 800.347285 delta: 33.351 ms delta now: +33.055 ms fps: 30.00 (ts-monotonic, ts-src-eof)
cap dqbuf: 1 seq:     53 bytesused: 12441600 ts: 800.380601 delta: 33.316 ms delta now: +33.079 ms fps: 30.00 (ts-monotonic, ts-src-eof)
cap dqbuf: 2 seq:     54 bytesused: 12441600 ts: 800.413933 delta: 33.332 ms delta now: +33.068 ms fps: 30.00 (ts-monotonic, ts-src-eof)
cap dqbuf: 3 seq:     55 bytesused: 12441600 ts: 800.447277 delta: 33.344 ms delta now: +33.197 ms fps: 30.00 (ts-monotonic, ts-src-eof)
cap dqbuf: 0 seq:     56 bytesused: 12441600 ts: 800.480635 delta: 33.358 ms delta now: +33.050 ms fps: 30.00 (ts-monotonic, ts-src-eof)
cap dqbuf: 1 seq:     57 bytesused: 12441600 ts: 800.513948 delta: 33.313 ms delta now: +33.299 ms fps: 30.00 (ts-monotonic, ts-src-eof)
cap dqbuf: 2 seq:     58 bytesused: 12441600 ts: 800.547286 delta: 33.338 ms delta now: +33.051 ms fps: 30.00 (ts-monotonic, ts-src-eof)
cap dqbuf: 3 seq:     59 bytesused: 12441600 ts: 800.580600 delta: 33.314 ms delta now: +33.326 ms fps: 30.00 (ts-monotonic, ts-src-eof)
cap dqbuf: 0 seq:     60 bytesused: 12441600 ts: 800.613965 delta: 33.365 ms delta now: +33.036 ms fps: 30.00 (ts-monotonic, ts-src-eof)
cap dqbuf: 1 seq:     61 bytesused: 12441600 ts: 800.647281 delta: 33.316 ms delta now: +33.072 ms fps: 30.00 (ts-monotonic, ts-src-eof)
cap dqbuf: 2 seq:     62 bytesused: 12441600 ts: 800.680600 delta: 33.319 ms delta now: +33.220 ms fps: 30.00 (ts-monotonic, ts-src-eof)
cap dqbuf: 3 seq:     63 bytesused: 12441600 ts: 800.713953 delta: 33.353 ms delta now: +33.067 ms fps: 30.00 (ts-monotonic, ts-src-eof)
cap dqbuf: 0 seq:     64 bytesused: 12441600 ts: 800.747281 delta: 33.328 ms delta now: +33.227 ms fps: 30.00 (ts-monotonic, ts-src-eof)
cap dqbuf: 1 seq:     65 bytesused: 12441600 ts: 800.780630 delta: 33.349 ms delta now: +33.057 ms fps: 30.00 (ts-monotonic, ts-src-eof)
cap dqbuf: 2 seq:     66 bytesused: 12441600 ts: 800.813944 delta: 33.314 ms delta now: +33.203 ms fps: 30.00 (ts-monotonic, ts-src-eof)
cap dqbuf: 3 seq:     67 bytesused: 12441600 ts: 800.847285 delta: 33.341 ms delta now: +33.206 ms fps: 30.00 (ts-monotonic, ts-src-eof)
cap dqbuf: 0 seq:     68 bytesused: 12441600 ts: 800.880618 delta: 33.333 ms delta now: +33.058 ms fps: 30.00 (ts-monotonic, ts-src-eof)
cap dqbuf: 1 seq:     69 bytesused: 12441600 ts: 800.913945 delta: 33.327 ms delta now: +33.308 ms fps: 30.00 (ts-monotonic, ts-src-eof)
cap dqbuf: 2 seq:     70 bytesused: 12441600 ts: 800.947298 delta: 33.353 ms delta now: +33.124 ms fps: 30.00 (ts-monotonic, ts-src-eof)
cap dqbuf: 3 seq:     71 bytesused: 12441600 ts: 800.980600 delta: 33.302 ms delta now: +33.224 ms fps: 30.00 (ts-monotonic, ts-src-eof)
cap dqbuf: 0 seq:     72 bytesused: 12441600 ts: 801.013952 delta: 33.352 ms delta now: +33.049 ms fps: 30.00 (ts-monotonic, ts-src-eof)
cap dqbuf: 1 seq:     73 bytesused: 12441600 ts: 801.047266 delta: 33.314 ms delta now: +33.212 ms fps: 30.00 (ts-monotonic, ts-src-eof)
cap dqbuf: 2 seq:     74 bytesused: 12441600 ts: 801.080633 delta: 33.367 ms delta now: +33.034 ms fps: 30.00 (ts-monotonic, ts-src-eof)
cap dqbuf: 3 seq:     75 bytesused: 12441600 ts: 801.113944 delta: 33.311 ms delta now: +33.096 ms fps: 30.00 (ts-monotonic, ts-src-eof)
cap dqbuf: 0 seq:     76 bytesused: 12441600 ts: 801.147266 delta: 33.322 ms delta now: +33.099 ms fps: 30.00 (ts-monotonic, ts-src-eof)
cap dqbuf: 1 seq:     77 bytesused: 12441600 ts: 801.180600 delta: 33.334 ms delta now: +33.069 ms fps: 30.00 (ts-monotonic, ts-src-eof)
cap dqbuf: 2 seq:     78 bytesused: 12441600 ts: 801.213948 delta: 33.348 ms delta now: +33.304 ms fps: 30.00 (ts-monotonic, ts-src-eof)
cap dqbuf: 3 seq:     79 bytesused: 12441600 ts: 801.247285 delta: 33.337 ms delta now: +33.047 ms fps: 30.00 (ts-monotonic, ts-src-eof)
cap dqbuf: 0 seq:     80 bytesused: 12441600 ts: 801.280600 delta: 33.315 ms delta now: +33.346 ms fps: 30.00 (ts-monotonic, ts-src-eof)
cap dqbuf: 1 seq:     81 bytesused: 12441600 ts: 801.313965 delta: 33.365 ms delta now: +33.040 ms fps: 30.00 (ts-monotonic, ts-src-eof)
cap dqbuf: 2 seq:     82 bytesused: 12441600 ts: 801.347278 delta: 33.313 ms delta now: +33.057 ms fps: 30.00 (ts-monotonic, ts-src-eof)
cap dqbuf: 3 seq:     83 bytesused: 12441600 ts: 801.380599 delta: 33.321 ms delta now: +33.214 ms fps: 30.00 (ts-monotonic, ts-src-eof)
cap dqbuf: 0 seq:     84 bytesused: 12441600 ts: 801.413965 delta: 33.366 ms delta now: +33.072 ms fps: 30.00 (ts-monotonic, ts-src-eof)
cap dqbuf: 1 seq:     85 bytesused: 12441600 ts: 801.447278 delta: 33.313 ms delta now: +33.148 ms fps: 30.00 (ts-monotonic, ts-src-eof)
cap dqbuf: 2 seq:     86 bytesused: 12441600 ts: 801.480610 delta: 33.332 ms delta now: +33.195 ms fps: 30.00 (ts-monotonic, ts-src-eof)
cap dqbuf: 3 seq:     87 bytesused: 12441600 ts: 801.513965 delta: 33.355 ms delta now: +33.211 ms fps: 30.00 (ts-monotonic, ts-src-eof)
cap dqbuf: 0 seq:     88 bytesused: 12441600 ts: 801.547296 delta: 33.331 ms delta now: +33.048 ms fps: 30.00 (ts-monotonic, ts-src-eof)
cap dqbuf: 1 seq:     89 bytesused: 12441600 ts: 801.580610 delta: 33.314 ms delta now: +33.280 ms fps: 30.00 (ts-monotonic, ts-src-eof)
cap dqbuf: 2 seq:     90 bytesused: 12441600 ts: 801.613951 delta: 33.341 ms delta now: +33.087 ms fps: 30.00 (ts-monotonic, ts-src-eof)
cap dqbuf: 3 seq:     91 bytesused: 12441600 ts: 801.647267 delta: 33.316 ms delta now: +33.097 ms fps: 30.00 (ts-monotonic, ts-src-eof)
cap dqbuf: 0 seq:     92 bytesused: 12441600 ts: 801.680615 delta: 33.348 ms delta now: +33.060 ms fps: 30.00 (ts-monotonic, ts-src-eof)
cap dqbuf: 1 seq:     93 bytesused: 12441600 ts: 801.713944 delta: 33.329 ms delta now: +33.215 ms fps: 30.00 (ts-monotonic, ts-src-eof)
cap dqbuf: 2 seq:     94 bytesused: 12441600 ts: 801.747285 delta: 33.341 ms delta now: +33.049 ms fps: 30.00 (ts-monotonic, ts-src-eof)
cap dqbuf: 3 seq:     95 bytesused: 12441600 ts: 801.780612 delta: 33.327 ms delta now: +33.210 ms fps: 30.00 (ts-monotonic, ts-src-eof)
cap dqbuf: 0 seq:     96 bytesused: 12441600 ts: 801.813951 delta: 33.339 ms delta now: +33.154 ms fps: 30.00 (ts-monotonic, ts-src-eof)
cap dqbuf: 1 seq:     97 bytesused: 12441600 ts: 801.847277 delta: 33.326 ms delta now: +33.204 ms fps: 30.00 (ts-monotonic, ts-src-eof)
cap dqbuf: 2 seq:     98 bytesused: 12441600 ts: 801.880631 delta: 33.354 ms delta now: +33.079 ms fps: 30.00 (ts-monotonic, ts-src-eof)
cap dqbuf: 3 seq:     99 bytesused: 12441600 ts: 801.913933 delta: 33.302 ms delta now: +33.365 ms fps: 30.00 (ts-monotonic, ts-src-eof)
cap dqbuf: 0 seq:    100 bytesused: 12441600 ts: 801.947284 delta: 33.351 ms delta now: +33.053 ms fps: 30.00 (ts-monotonic, ts-src-eof)
cap dqbuf: 1 seq:    101 bytesused: 12441600 ts: 801.980614 delta: 33.330 ms delta now: +33.072 ms fps: 30.00 (ts-monotonic, ts-src-eof)
cap dqbuf: 2 seq:    102 bytesused: 12441600 ts: 802.013944 delta: 33.330 ms delta now: +33.215 ms fps: 30.00 (ts-monotonic, ts-src-eof)
cap dqbuf: 3 seq:    103 bytesused: 12441600 ts: 802.047286 delta: 33.342 ms delta now: +33.199 ms fps: 30.00 (ts-monotonic, ts-src-eof)
cap dqbuf: 0 seq:    104 bytesused: 12441600 ts: 802.080631 delta: 33.345 ms delta now: +33.036 ms fps: 30.00 (ts-monotonic, ts-src-eof)
cap dqbuf: 1 seq:    105 bytesused: 12441600 ts: 802.113946 delta: 33.315 ms delta now: +33.066 ms fps: 30.00 (ts-monotonic, ts-src-eof)
cap dqbuf: 2 seq:    106 bytesused: 12441600 ts: 802.147277 delta: 33.331 ms delta now: +33.059 ms fps: 30.00 (ts-monotonic, ts-src-eof)
cap dqbuf: 3 seq:    107 bytesused: 12441600 ts: 802.180602 delta: 33.325 ms delta now: +33.228 ms fps: 30.00 (ts-monotonic, ts-src-eof)
cap dqbuf: 0 seq:    108 bytesused: 12441600 ts: 802.213951 delta: 33.349 ms delta now: +33.050 ms fps: 30.00 (ts-monotonic, ts-src-eof)
cap dqbuf: 1 seq:    109 bytesused: 12441600 ts: 802.247277 delta: 33.326 ms delta now: +33.203 ms fps: 30.00 (ts-monotonic, ts-src-eof)
cap dqbuf: 2 seq:    110 bytesused: 12441600 ts: 802.280630 delta: 33.353 ms delta now: +33.115 ms fps: 30.00 (ts-monotonic, ts-src-eof)
cap dqbuf: 3 seq:    111 bytesused: 12441600 ts: 802.313944 delta: 33.314 ms delta now: +33.080 ms fps: 30.00 (ts-monotonic, ts-src-eof)
cap dqbuf: 0 seq:    112 bytesused: 12441600 ts: 802.347280 delta: 33.336 ms delta now: +33.230 ms fps: 30.00 (ts-monotonic, ts-src-eof)
cap dqbuf: 1 seq:    113 bytesused: 12441600 ts: 802.380618 delta: 33.338 ms delta now: +33.064 ms fps: 30.00 (ts-monotonic, ts-src-eof)
cap dqbuf: 2 seq:    114 bytesused: 12441600 ts: 802.413934 delta: 33.316 ms delta now: +33.364 ms fps: 30.00 (ts-monotonic, ts-src-eof)
cap dqbuf: 3 seq:    115 bytesused: 12441600 ts: 802.447291 delta: 33.357 ms delta now: +33.128 ms fps: 30.00 (ts-monotonic, ts-src-eof)
cap dqbuf: 0 seq:    116 bytesused: 12441600 ts: 802.480610 delta: 33.319 ms delta now: +33.210 ms fps: 30.00 (ts-monotonic, ts-src-eof)
cap dqbuf: 1 seq:    117 bytesused: 12441600 ts: 802.513964 delta: 33.354 ms delta now: +33.045 ms fps: 30.00 (ts-monotonic, ts-src-eof)
cap dqbuf: 2 seq:    118 bytesused: 12441600 ts: 802.547267 delta: 33.303 ms delta now: +33.086 ms fps: 30.00 (ts-monotonic, ts-src-eof)
cap dqbuf: 3 seq:    119 bytesused: 12441600 ts: 802.580600 delta: 33.333 ms delta now: +33.220 ms fps: 30.00 (ts-monotonic, ts-src-eof)
cap dqbuf: 0 seq:    120 bytesused: 12441600 ts: 802.613952 delta: 33.352 ms delta now: +33.068 ms fps: 30.00 (ts-monotonic, ts-src-eof)
cap dqbuf: 1 seq:    121 bytesused: 12441600 ts: 802.647279 delta: 33.327 ms delta now: +33.373 ms fps: 30.00 (ts-monotonic, ts-src-eof)
cap dqbuf: 2 seq:    122 bytesused: 12441600 ts: 802.680617 delta: 33.338 ms delta now: +33.146 ms fps: 30.00 (ts-monotonic, ts-src-eof)
cap dqbuf: 3 seq:    123 bytesused: 12441600 ts: 802.713947 delta: 33.330 ms delta now: +33.294 ms fps: 30.00 (ts-monotonic, ts-src-eof)
cap dqbuf: 0 seq:    124 bytesused: 12441600 ts: 802.747297 delta: 33.350 ms delta now: +33.155 ms fps: 30.00 (ts-monotonic, ts-src-eof)
cap dqbuf: 1 seq:    125 bytesused: 12441600 ts: 802.780600 delta: 33.303 ms delta now: +33.250 ms fps: 30.00 (ts-monotonic, ts-src-eof)
cap dqbuf: 2 seq:    126 bytesused: 12441600 ts: 802.813952 delta: 33.352 ms delta now: +33.068 ms fps: 30.00 (ts-monotonic, ts-src-eof)
cap dqbuf: 3 seq:    127 bytesused: 12441600 ts: 802.847267 delta: 33.315 ms delta now: +33.240 ms fps: 30.00 (ts-monotonic, ts-src-eof)
cap dqbuf: 0 seq:    128 bytesused: 12441600 ts: 802.880618 delta: 33.351 ms delta now: +33.056 ms fps: 30.00 (ts-monotonic, ts-src-eof)
cap dqbuf: 1 seq:    129 bytesused: 12441600 ts: 802.913944 delta: 33.326 ms delta now: +33.291 ms fps: 30.00 (ts-monotonic, ts-src-eof)
cap dqbuf: 2 seq:    130 bytesused: 12441600 ts: 802.947306 delta: 33.362 ms delta now: +33.041 ms fps: 30.00 (ts-monotonic, ts-src-eof)
cap dqbuf: 3 seq:    131 bytesused: 12441600 ts: 802.980611 delta: 33.305 ms delta now: +33.202 ms fps: 30.00 (ts-monotonic, ts-src-eof)
cap dqbuf: 0 seq:    132 bytesused: 12441600 ts: 803.013965 delta: 33.354 ms delta now: +33.040 ms fps: 30.00 (ts-monotonic, ts-src-eof)
cap dqbuf: 1 seq:    133 bytesused: 12441600 ts: 803.047270 delta: 33.305 ms delta now: +33.076 ms fps: 30.00 (ts-monotonic, ts-src-eof)
cap dqbuf: 2 seq:    134 bytesused: 12441600 ts: 803.080614 delta: 33.344 ms delta now: +33.054 ms fps: 30.00 (ts-monotonic, ts-src-eof)
cap dqbuf: 3 seq:    135 bytesused: 12441600 ts: 803.113933 delta: 33.319 ms delta now: +33.527 ms fps: 30.00 (ts-monotonic, ts-src-eof)
cap dqbuf: 0 seq:    136 bytesused: 12441600 ts: 803.147290 delta: 33.357 ms delta now: +33.241 ms fps: 30.00 (ts-monotonic, ts-src-eof)
cap dqbuf: 1 seq:    137 bytesused: 12441600 ts: 803.180633 delta: 33.343 ms delta now: +33.204 ms fps: 30.00 (ts-monotonic, ts-src-eof)
cap dqbuf: 2 seq:    138 bytesused: 12441600 ts: 803.213951 delta: 33.318 ms delta now: +33.053 ms fps: 30.00 (ts-monotonic, ts-src-eof)
cap dqbuf: 3 seq:    139 bytesused: 12441600 ts: 803.247267 delta: 33.316 ms delta now: +33.205 ms fps: 30.00 (ts-monotonic, ts-src-eof)
cap dqbuf: 0 seq:    140 bytesused: 12441600 ts: 803.280618 delta: 33.351 ms delta now: +33.069 ms fps: 30.00 (ts-monotonic, ts-src-eof)
cap dqbuf: 1 seq:    141 bytesused: 12441600 ts: 803.313933 delta: 33.315 ms delta now: +33.334 ms fps: 30.00 (ts-monotonic, ts-src-eof)
cap dqbuf: 2 seq:    142 bytesused: 12441600 ts: 803.347286 delta: 33.353 ms delta now: +33.188 ms fps: 30.00 (ts-monotonic, ts-src-eof)
cap dqbuf: 3 seq:    143 bytesused: 12441600 ts: 803.380634 delta: 33.348 ms delta now: +33.178 ms fps: 30.00 (ts-monotonic, ts-src-eof)
cap dqbuf: 0 seq:    144 bytesused: 12441600 ts: 803.413965 delta: 33.331 ms delta now: +33.191 ms fps: 30.00 (ts-monotonic, ts-src-eof)
cap dqbuf: 1 seq:    145 bytesused: 12441600 ts: 803.447286 delta: 33.321 ms delta now: +33.065 ms fps: 30.00 (ts-monotonic, ts-src-eof)
cap dqbuf: 2 seq:    146 bytesused: 12441600 ts: 803.480600 delta: 33.314 ms delta now: +33.226 ms fps: 30.00 (ts-monotonic, ts-src-eof)
cap dqbuf: 3 seq:    147 bytesused: 12441600 ts: 803.513964 delta: 33.364 ms delta now: +33.063 ms fps: 30.00 (ts-monotonic, ts-src-eof)
cap dqbuf: 0 seq:    148 bytesused: 12441600 ts: 803.547267 delta: 33.303 ms delta now: +33.220 ms fps: 30.00 (ts-monotonic, ts-src-eof)
cap dqbuf: 1 seq:    149 bytesused: 12441600 ts: 803.580618 delta: 33.351 ms delta now: +33.076 ms fps: 30.00 (ts-monotonic, ts-src-eof)
cap dqbuf: 2 seq:    150 bytesused: 12441600 ts: 803.613944 delta: 33.326 ms delta now: +33.207 ms fps: 30.00 (ts-monotonic, ts-src-eof)
cap dqbuf: 3 seq:    151 bytesused: 12441600 ts: 803.647305 delta: 33.361 ms delta now: +33.051 ms fps: 30.00 (ts-monotonic, ts-src-eof)
cap dqbuf: 0 seq:    152 bytesused: 12441600 ts: 803.680614 delta: 33.309 ms delta now: +33.092 ms fps: 30.00 (ts-monotonic, ts-src-eof)
cap dqbuf: 1 seq:    153 bytesused: 12441600 ts: 803.713934 delta: 33.320 ms delta now: +33.297 ms fps: 30.00 (ts-monotonic, ts-src-eof)
cap dqbuf: 2 seq:    154 bytesused: 12441600 ts: 803.747307 delta: 33.373 ms delta now: +33.027 ms fps: 30.00 (ts-monotonic, ts-src-eof)
cap dqbuf: 3 seq:    155 bytesused: 12441600 ts: 803.780615 delta: 33.308 ms delta now: +33.150 ms fps: 30.00 (ts-monotonic, ts-src-eof)
cap dqbuf: 0 seq:    156 bytesused: 12441600 ts: 803.813944 delta: 33.329 ms delta now: +33.168 ms fps: 30.00 (ts-monotonic, ts-src-eof)
cap dqbuf: 1 seq:    157 bytesused: 12441600 ts: 803.847284 delta: 33.340 ms delta now: +33.087 ms fps: 30.00 (ts-monotonic, ts-src-eof)
cap dqbuf: 2 seq:    158 bytesused: 12441600 ts: 803.880610 delta: 33.326 ms delta now: +33.236 ms fps: 30.00 (ts-monotonic, ts-src-eof)
cap dqbuf: 3 seq:    159 bytesused: 12441600 ts: 803.913961 delta: 33.351 ms delta now: +33.073 ms fps: 30.00 (ts-monotonic, ts-src-eof)
cap dqbuf: 0 seq:    160 bytesused: 12441600 ts: 803.947278 delta: 33.317 ms delta now: +33.196 ms fps: 30.00 (ts-monotonic, ts-src-eof)
cap dqbuf: 1 seq:    161 bytesused: 12441600 ts: 803.980630 delta: 33.352 ms delta now: +33.036 ms fps: 30.00 (ts-monotonic, ts-src-eof)
cap dqbuf: 2 seq:    162 bytesused: 12441600 ts: 804.013933 delta: 33.303 ms delta now: +33.227 ms fps: 30.00 (ts-monotonic, ts-src-eof)
cap dqbuf: 3 seq:    163 bytesused: 12441600 ts: 804.047295 delta: 33.362 ms delta now: +33.197 ms fps: 30.00 (ts-monotonic, ts-src-eof)
cap dqbuf: 0 seq:    164 bytesused: 12441600 ts: 804.080618 delta: 33.323 ms delta now: +33.222 ms fps: 30.00 (ts-monotonic, ts-src-eof)
cap dqbuf: 1 seq:    165 bytesused: 12441600 ts: 804.113965 delta: 33.347 ms delta now: +33.302 ms fps: 30.00 (ts-monotonic, ts-src-eof)
cap dqbuf: 2 seq:    166 bytesused: 12441600 ts: 804.147311 delta: 33.346 ms delta now: +33.282 ms fps: 30.00 (ts-monotonic, ts-src-eof)
cap dqbuf: 3 seq:    167 bytesused: 12441600 ts: 804.180624 delta: 33.313 ms delta now: +33.115 ms fps: 30.00 (ts-monotonic, ts-src-eof)
cap dqbuf: 0 seq:    168 bytesused: 12441600 ts: 804.213933 delta: 33.309 ms delta now: +33.069 ms fps: 30.00 (ts-monotonic, ts-src-eof)
cap dqbuf: 1 seq:    169 bytesused: 12441600 ts: 804.247277 delta: 33.344 ms delta now: +33.235 ms fps: 30.00 (ts-monotonic, ts-src-eof)
cap dqbuf: 2 seq:    170 bytesused: 12441600 ts: 804.280611 delta: 33.334 ms delta now: +33.242 ms fps: 30.00 (ts-monotonic, ts-src-eof)
cap dqbuf: 3 seq:    171 bytesused: 12441600 ts: 804.313964 delta: 33.353 ms delta now: +33.043 ms fps: 30.00 (ts-monotonic, ts-src-eof)
cap dqbuf: 0 seq:    172 bytesused: 12441600 ts: 804.347278 delta: 33.314 ms delta now: +33.067 ms fps: 30.00 (ts-monotonic, ts-src-eof)
cap dqbuf: 1 seq:    173 bytesused: 12441600 ts: 804.380611 delta: 33.333 ms delta now: +33.076 ms fps: 30.00 (ts-monotonic, ts-src-eof)
cap dqbuf: 2 seq:    174 bytesused: 12441600 ts: 804.413966 delta: 33.355 ms delta now: +33.052 ms fps: 30.00 (ts-monotonic, ts-src-eof)
cap dqbuf: 3 seq:    175 bytesused: 12441600 ts: 804.447277 delta: 33.311 ms delta now: +33.203 ms fps: 30.00 (ts-monotonic, ts-src-eof)
cap dqbuf: 0 seq:    176 bytesused: 12441600 ts: 804.480633 delta: 33.356 ms delta now: +33.194 ms fps: 30.00 (ts-monotonic, ts-src-eof)
cap dqbuf: 1 seq:    177 bytesused: 12441600 ts: 804.513963 delta: 33.330 ms delta now: +33.068 ms fps: 30.00 (ts-monotonic, ts-src-eof)
cap dqbuf: 2 seq:    178 bytesused: 12441600 ts: 804.547267 delta: 33.304 ms delta now: +33.208 ms fps: 30.00 (ts-monotonic, ts-src-eof)
cap dqbuf: 3 seq:    179 bytesused: 12441600 ts: 804.580619 delta: 33.352 ms delta now: +33.049 ms fps: 30.00 (ts-monotonic, ts-src-eof)
cap dqbuf: 0 seq:    180 bytesused: 12441600 ts: 804.613948 delta: 33.329 ms delta now: +33.324 ms fps: 30.00 (ts-monotonic, ts-src-eof)
cap dqbuf: 1 seq:    181 bytesused: 12441600 ts: 804.647290 delta: 33.342 ms delta now: +33.043 ms fps: 30.00 (ts-monotonic, ts-src-eof)
cap dqbuf: 2 seq:    182 bytesused: 12441600 ts: 804.680611 delta: 33.321 ms delta now: +33.233 ms fps: 30.00 (ts-monotonic, ts-src-eof)
cap dqbuf: 3 seq:    183 bytesused: 12441600 ts: 804.713952 delta: 33.341 ms delta now: +33.069 ms fps: 30.00 (ts-monotonic, ts-src-eof)
cap dqbuf: 0 seq:    184 bytesused: 12441600 ts: 804.747278 delta: 33.326 ms delta now: +33.200 ms fps: 30.00 (ts-monotonic, ts-src-eof)
cap dqbuf: 1 seq:    185 bytesused: 12441600 ts: 804.780638 delta: 33.360 ms delta now: +33.210 ms fps: 30.00 (ts-monotonic, ts-src-eof)
cap dqbuf: 2 seq:    186 bytesused: 12441600 ts: 804.813952 delta: 33.314 ms delta now: +33.072 ms fps: 30.00 (ts-monotonic, ts-src-eof)
cap dqbuf: 3 seq:    187 bytesused: 12441600 ts: 804.847279 delta: 33.327 ms delta now: +33.076 ms fps: 30.00 (ts-monotonic, ts-src-eof)
cap dqbuf: 0 seq:    188 bytesused: 12441600 ts: 804.880600 delta: 33.321 ms delta now: +33.069 ms fps: 30.00 (ts-monotonic, ts-src-eof)
cap dqbuf: 1 seq:    189 bytesused: 12441600 ts: 804.913945 delta: 33.345 ms delta now: +33.068 ms fps: 30.00 (ts-monotonic, ts-src-eof)
cap dqbuf: 2 seq:    190 bytesused: 12441600 ts: 804.947267 delta: 33.322 ms delta now: +33.107 ms fps: 30.00 (ts-monotonic, ts-src-eof)
cap dqbuf: 3 seq:    191 bytesused: 12441600 ts: 804.980600 delta: 33.333 ms delta now: +33.087 ms fps: 30.00 (ts-monotonic, ts-src-eof)
cap dqbuf: 0 seq:    192 bytesused: 12441600 ts: 805.013934 delta: 33.334 ms delta now: +33.291 ms fps: 30.00 (ts-monotonic, ts-src-eof)
cap dqbuf: 1 seq:    193 bytesused: 12441600 ts: 805.047286 delta: 33.352 ms delta now: +33.289 ms fps: 30.00 (ts-monotonic, ts-src-eof)
cap dqbuf: 2 seq:    194 bytesused: 12441600 ts: 805.080618 delta: 33.332 ms delta now: +33.079 ms fps: 30.00 (ts-monotonic, ts-src-eof)
cap dqbuf: 3 seq:    195 bytesused: 12441600 ts: 805.113934 delta: 33.316 ms delta now: +33.073 ms fps: 30.00 (ts-monotonic, ts-src-eof)
cap dqbuf: 0 seq:    196 bytesused: 12441600 ts: 805.147269 delta: 33.335 ms delta now: +33.230 ms fps: 30.00 (ts-monotonic, ts-src-eof)
cap dqbuf: 1 seq:    197 bytesused: 12441600 ts: 805.180632 delta: 33.363 ms delta now: +33.144 ms fps: 30.00 (ts-monotonic, ts-src-eof)
cap dqbuf: 2 seq:    198 bytesused: 12441600 ts: 805.213945 delta: 33.313 ms delta now: +33.071 ms fps: 30.00 (ts-monotonic, ts-src-eof)
cap dqbuf: 3 seq:    199 bytesused: 12441600 ts: 805.247267 delta: 33.322 ms delta now: +33.087 ms fps: 30.00 (ts-monotonic, ts-src-eof)
cap dqbuf: 0 seq:    200 bytesused: 12441600 ts: 805.280600 delta: 33.333 ms delta now: +33.111 ms fps: 30.00 (ts-monotonic, ts-src-eof)
cap dqbuf: 1 seq:    201 bytesused: 12441600 ts: 805.313934 delta: 33.334 ms delta now: +33.324 ms fps: 30.00 (ts-monotonic, ts-src-eof)
cap dqbuf: 2 seq:    202 bytesused: 12441600 ts: 805.347284 delta: 33.350 ms delta now: +33.200 ms fps: 30.00 (ts-monotonic, ts-src-eof)
cap dqbuf: 3 seq:    203 bytesused: 12441600 ts: 805.380635 delta: 33.351 ms delta now: +33.033 ms fps: 30.00 (ts-monotonic, ts-src-eof)
cap dqbuf: 0 seq:    204 bytesused: 12441600 ts: 805.413933 delta: 33.298 ms delta now: +33.083 ms fps: 30.00 (ts-monotonic, ts-src-eof)
cap dqbuf: 1 seq:    205 bytesused: 12441600 ts: 805.447267 delta: 33.334 ms delta now: +33.348 ms fps: 30.00 (ts-monotonic, ts-src-eof)
cap dqbuf: 2 seq:    206 bytesused: 12441600 ts: 805.480632 delta: 33.365 ms delta now: +33.057 ms fps: 30.00 (ts-monotonic, ts-src-eof)
cap dqbuf: 3 seq:    207 bytesused: 12441600 ts: 805.513945 delta: 33.313 ms delta now: +33.293 ms fps: 30.00 (ts-monotonic, ts-src-eof)
cap dqbuf: 0 seq:    208 bytesused: 12441600 ts: 805.547285 delta: 33.340 ms delta now: +33.063 ms fps: 30.00 (ts-monotonic, ts-src-eof)
cap dqbuf: 1 seq:    209 bytesused: 12441600 ts: 805.580615 delta: 33.330 ms delta now: +33.212 ms fps: 30.00 (ts-monotonic, ts-src-eof)
cap dqbuf: 2 seq:    210 bytesused: 12441600 ts: 805.613962 delta: 33.347 ms delta now: +33.058 ms fps: 30.00 (ts-monotonic, ts-src-eof)
cap dqbuf: 3 seq:    211 bytesused: 12441600 ts: 805.647278 delta: 33.316 ms delta now: +33.228 ms fps: 30.00 (ts-monotonic, ts-src-eof)
cap dqbuf: 0 seq:    212 bytesused: 12441600 ts: 805.680632 delta: 33.354 ms delta now: +33.042 ms fps: 30.00 (ts-monotonic, ts-src-eof)
cap dqbuf: 1 seq:    213 bytesused: 12441600 ts: 805.713945 delta: 33.313 ms delta now: +33.217 ms fps: 30.00 (ts-monotonic, ts-src-eof)
cap dqbuf: 2 seq:    214 bytesused: 12441600 ts: 805.747298 delta: 33.353 ms delta now: +33.131 ms fps: 30.00 (ts-monotonic, ts-src-eof)
cap dqbuf: 3 seq:    215 bytesused: 12441600 ts: 805.780601 delta: 33.303 ms delta now: +33.224 ms fps: 30.00 (ts-monotonic, ts-src-eof)
cap dqbuf: 0 seq:    216 bytesused: 12441600 ts: 805.813966 delta: 33.365 ms delta now: +33.041 ms fps: 30.00 (ts-monotonic, ts-src-eof)
cap dqbuf: 1 seq:    217 bytesused: 12441600 ts: 805.847278 delta: 33.312 ms delta now: +33.294 ms fps: 30.00 (ts-monotonic, ts-src-eof)
cap dqbuf: 2 seq:    218 bytesused: 12441600 ts: 805.880618 delta: 33.340 ms delta now: +33.521 ms fps: 30.00 (ts-monotonic, ts-src-eof)
cap dqbuf: 3 seq:    219 bytesused: 12441600 ts: 805.913973 delta: 33.355 ms delta now: +33.238 ms fps: 30.00 (ts-monotonic, ts-src-eof)
cap dqbuf: 0 seq:    220 bytesused: 12441600 ts: 805.947285 delta: 33.312 ms delta now: +33.062 ms fps: 30.00 (ts-monotonic, ts-src-eof)
cap dqbuf: 1 seq:    221 bytesused: 12441600 ts: 805.980600 delta: 33.315 ms delta now: +33.233 ms fps: 30.00 (ts-monotonic, ts-src-eof)
cap dqbuf: 2 seq:    222 bytesused: 12441600 ts: 806.013964 delta: 33.364 ms delta now: +33.201 ms fps: 30.00 (ts-monotonic, ts-src-eof)
cap dqbuf: 3 seq:    223 bytesused: 12441600 ts: 806.047285 delta: 33.321 ms delta now: +33.064 ms fps: 30.00 (ts-monotonic, ts-src-eof)
cap dqbuf: 0 seq:    224 bytesused: 12441600 ts: 806.080600 delta: 33.315 ms delta now: +33.299 ms fps: 30.00 (ts-monotonic, ts-src-eof)
cap dqbuf: 1 seq:    225 bytesused: 12441600 ts: 806.113952 delta: 33.352 ms delta now: +33.071 ms fps: 30.00 (ts-monotonic, ts-src-eof)
cap dqbuf: 2 seq:    226 bytesused: 12441600 ts: 806.147278 delta: 33.326 ms delta now: +33.218 ms fps: 30.00 (ts-monotonic, ts-src-eof)
cap dqbuf: 3 seq:    227 bytesused: 12441600 ts: 806.180633 delta: 33.355 ms delta now: +33.040 ms fps: 30.00 (ts-monotonic, ts-src-eof)
cap dqbuf: 0 seq:    228 bytesused: 12441600 ts: 806.213952 delta: 33.319 ms delta now: +33.263 ms fps: 30.00 (ts-monotonic, ts-src-eof)
cap dqbuf: 1 seq:    229 bytesused: 12441600 ts: 806.247285 delta: 33.333 ms delta now: +33.211 ms fps: 30.00 (ts-monotonic, ts-src-eof)
cap dqbuf: 2 seq:    230 bytesused: 12441600 ts: 806.280618 delta: 33.333 ms delta now: +33.290 ms fps: 30.00 (ts-monotonic, ts-src-eof)
cap dqbuf: 3 seq:    231 bytesused: 12441600 ts: 806.313955 delta: 33.337 ms delta now: +33.081 ms fps: 30.00 (ts-monotonic, ts-src-eof)
cap dqbuf: 0 seq:    232 bytesused: 12441600 ts: 806.347267 delta: 33.312 ms delta now: +33.239 ms fps: 30.00 (ts-monotonic, ts-src-eof)
cap dqbuf: 1 seq:    233 bytesused: 12441600 ts: 806.380632 delta: 33.365 ms delta now: +33.197 ms fps: 30.00 (ts-monotonic, ts-src-eof)
cap dqbuf: 2 seq:    234 bytesused: 12441600 ts: 806.413952 delta: 33.320 ms delta now: +33.049 ms fps: 30.00 (ts-monotonic, ts-src-eof)
cap dqbuf: 3 seq:    235 bytesused: 12441600 ts: 806.447278 delta: 33.326 ms delta now: +33.227 ms fps: 30.00 (ts-monotonic, ts-src-eof)
cap dqbuf: 0 seq:    236 bytesused: 12441600 ts: 806.480632 delta: 33.354 ms delta now: +33.038 ms fps: 30.00 (ts-monotonic, ts-src-eof)
cap dqbuf: 1 seq:    237 bytesused: 12441600 ts: 806.513939 delta: 33.307 ms delta now: +33.080 ms fps: 30.00 (ts-monotonic, ts-src-eof)
cap dqbuf: 2 seq:    238 bytesused: 12441600 ts: 806.547267 delta: 33.328 ms delta now: +33.227 ms fps: 30.00 (ts-monotonic, ts-src-eof)
cap dqbuf: 3 seq:    239 bytesused: 12441600 ts: 806.580619 delta: 33.352 ms delta now: +33.051 ms fps: 30.00 (ts-monotonic, ts-src-eof)
cap dqbuf: 0 seq:    240 bytesused: 12441600 ts: 806.613945 delta: 33.326 ms delta now: +33.411 ms fps: 30.00 (ts-monotonic, ts-src-eof)
cap dqbuf: 1 seq:    241 bytesused: 12441600 ts: 806.647286 delta: 33.341 ms delta now: +33.081 ms fps: 30.00 (ts-monotonic, ts-src-eof)
cap dqbuf: 2 seq:    242 bytesused: 12441600 ts: 806.680611 delta: 33.325 ms delta now: +33.218 ms fps: 30.00 (ts-monotonic, ts-src-eof)
cap dqbuf: 3 seq:    243 bytesused: 12441600 ts: 806.713952 delta: 33.341 ms delta now: +33.079 ms fps: 30.00 (ts-monotonic, ts-src-eof)
cap dqbuf: 0 seq:    244 bytesused: 12441600 ts: 806.747277 delta: 33.325 ms delta now: +33.295 ms fps: 30.00 (ts-monotonic, ts-src-eof)
cap dqbuf: 1 seq:    245 bytesused: 12441600 ts: 806.780644 delta: 33.367 ms delta now: +33.025 ms fps: 30.00 (ts-monotonic, ts-src-eof)
cap dqbuf: 2 seq:    246 bytesused: 12441600 ts: 806.813945 delta: 33.301 ms delta now: +33.255 ms fps: 30.00 (ts-monotonic, ts-src-eof)
cap dqbuf: 3 seq:    247 bytesused: 12441600 ts: 806.847288 delta: 33.343 ms delta now: +33.214 ms fps: 30.00 (ts-monotonic, ts-src-eof)
cap dqbuf: 0 seq:    248 bytesused: 12441600 ts: 806.880619 delta: 33.331 ms delta now: +33.270 ms fps: 30.00 (ts-monotonic, ts-src-eof)
cap dqbuf: 1 seq:    249 bytesused: 12441600 ts: 806.913965 delta: 33.346 ms delta now: +33.038 ms fps: 30.00 (ts-monotonic, ts-src-eof)
cap dqbuf: 2 seq:    250 bytesused: 12441600 ts: 806.947268 delta: 33.303 ms delta now: +33.288 ms fps: 30.00 (ts-monotonic, ts-src-eof)
cap dqbuf: 3 seq:    251 bytesused: 12441600 ts: 806.980619 delta: 33.351 ms delta now: +33.053 ms fps: 30.00 (ts-monotonic, ts-src-eof)
cap dqbuf: 0 seq:    252 bytesused: 12441600 ts: 807.013945 delta: 33.326 ms delta now: +33.066 ms fps: 30.00 (ts-monotonic, ts-src-eof)
cap dqbuf: 1 seq:    253 bytesused: 12441600 ts: 807.047277 delta: 33.332 ms delta now: +33.232 ms fps: 30.00 (ts-monotonic, ts-src-eof)
cap dqbuf: 2 seq:    254 bytesused: 12441600 ts: 807.080620 delta: 33.343 ms delta now: +33.047 ms fps: 30.00 (ts-monotonic, ts-src-eof)
cap dqbuf: 3 seq:    255 bytesused: 12441600 ts: 807.113934 delta: 33.314 ms delta now: +33.215 ms fps: 30.00 (ts-monotonic, ts-src-eof)
cap dqbuf: 0 seq:    256 bytesused: 12441600 ts: 807.147298 delta: 33.364 ms delta now: +33.052 ms fps: 30.00 (ts-monotonic, ts-src-eof)
cap dqbuf: 1 seq:    257 bytesused: 12441600 ts: 807.180601 delta: 33.303 ms delta now: +33.211 ms fps: 30.00 (ts-monotonic, ts-src-eof)
cap dqbuf: 2 seq:    258 bytesused: 12441600 ts: 807.213952 delta: 33.351 ms delta now: +33.051 ms fps: 30.00 (ts-monotonic, ts-src-eof)
cap dqbuf: 3 seq:    259 bytesused: 12441600 ts: 807.247279 delta: 33.327 ms delta now: +33.196 ms fps: 30.00 (ts-monotonic, ts-src-eof)
cap dqbuf: 0 seq:    260 bytesused: 12441600 ts: 807.280619 delta: 33.340 ms delta now: +33.065 ms fps: 30.00 (ts-monotonic, ts-src-eof)
cap dqbuf: 1 seq:    261 bytesused: 12441600 ts: 807.313944 delta: 33.325 ms delta now: +33.072 ms fps: 30.00 (ts-monotonic, ts-src-eof)
cap dqbuf: 2 seq:    262 bytesused: 12441600 ts: 807.347267 delta: 33.323 ms delta now: +33.217 ms fps: 30.00 (ts-monotonic, ts-src-eof)
cap dqbuf: 3 seq:    263 bytesused: 12441600 ts: 807.380631 delta: 33.364 ms delta now: +33.052 ms fps: 30.00 (ts-monotonic, ts-src-eof)
cap dqbuf: 0 seq:    264 bytesused: 12441600 ts: 807.413934 delta: 33.303 ms delta now: +33.213 ms fps: 30.00 (ts-monotonic, ts-src-eof)
cap dqbuf: 1 seq:    265 bytesused: 12441600 ts: 807.447306 delta: 33.372 ms delta now: +33.031 ms fps: 30.00 (ts-monotonic, ts-src-eof)
cap dqbuf: 2 seq:    266 bytesused: 12441600 ts: 807.480615 delta: 33.309 ms delta now: +33.196 ms fps: 30.00 (ts-monotonic, ts-src-eof)
cap dqbuf: 3 seq:    267 bytesused: 12441600 ts: 807.513952 delta: 33.337 ms delta now: +33.083 ms fps: 30.00 (ts-monotonic, ts-src-eof)
cap dqbuf: 0 seq:    268 bytesused: 12441600 ts: 807.547278 delta: 33.326 ms delta now: +33.266 ms fps: 30.00 (ts-monotonic, ts-src-eof)
cap dqbuf: 1 seq:    269 bytesused: 12441600 ts: 807.580638 delta: 33.360 ms delta now: +33.069 ms fps: 30.00 (ts-monotonic, ts-src-eof)
cap dqbuf: 2 seq:    270 bytesused: 12441600 ts: 807.613944 delta: 33.306 ms delta now: +33.058 ms fps: 30.00 (ts-monotonic, ts-src-eof)
cap dqbuf: 3 seq:    271 bytesused: 12441600 ts: 807.647267 delta: 33.323 ms delta now: +33.319 ms fps: 30.00 (ts-monotonic, ts-src-eof)
cap dqbuf: 0 seq:    272 bytesused: 12441600 ts: 807.680632 delta: 33.365 ms delta now: +33.047 ms fps: 30.00 (ts-monotonic, ts-src-eof)
cap dqbuf: 1 seq:    273 bytesused: 12441600 ts: 807.713934 delta: 33.302 ms delta now: +33.417 ms fps: 30.00 (ts-monotonic, ts-src-eof)
cap dqbuf: 2 seq:    274 bytesused: 12441600 ts: 807.747299 delta: 33.365 ms delta now: +33.035 ms fps: 30.00 (ts-monotonic, ts-src-eof)
cap dqbuf: 3 seq:    275 bytesused: 12441600 ts: 807.780603 delta: 33.304 ms delta now: +33.069 ms fps: 30.00 (ts-monotonic, ts-src-eof)
cap dqbuf: 0 seq:    276 bytesused: 12441600 ts: 807.813944 delta: 33.341 ms delta now: +33.207 ms fps: 30.00 (ts-monotonic, ts-src-eof)
cap dqbuf: 1 seq:    277 bytesused: 12441600 ts: 807.847298 delta: 33.354 ms delta now: +33.053 ms fps: 30.00 (ts-monotonic, ts-src-eof)
cap dqbuf: 2 seq:    278 bytesused: 12441600 ts: 807.880603 delta: 33.305 ms delta now: +33.318 ms fps: 30.00 (ts-monotonic, ts-src-eof)
cap dqbuf: 3 seq:    279 bytesused: 12441600 ts: 807.913965 delta: 33.362 ms delta now: +33.055 ms fps: 30.00 (ts-monotonic, ts-src-eof)
cap dqbuf: 0 seq:    280 bytesused: 12441600 ts: 807.947277 delta: 33.312 ms delta now: +33.327 ms fps: 30.00 (ts-monotonic, ts-src-eof)
cap dqbuf: 1 seq:    281 bytesused: 12441600 ts: 807.980618 delta: 33.341 ms delta now: +33.087 ms fps: 30.00 (ts-monotonic, ts-src-eof)
cap dqbuf: 2 seq:    282 bytesused: 12441600 ts: 808.013934 delta: 33.316 ms delta now: +33.353 ms fps: 30.00 (ts-monotonic, ts-src-eof)
cap dqbuf: 3 seq:    283 bytesused: 12441600 ts: 808.047291 delta: 33.357 ms delta now: +33.061 ms fps: 30.00 (ts-monotonic, ts-src-eof)
cap dqbuf: 0 seq:    284 bytesused: 12441600 ts: 808.080601 delta: 33.310 ms delta now: +33.226 ms fps: 30.00 (ts-monotonic, ts-src-eof)
cap dqbuf: 1 seq:    285 bytesused: 12441600 ts: 808.113952 delta: 33.351 ms delta now: +33.068 ms fps: 30.00 (ts-monotonic, ts-src-eof)
cap dqbuf: 2 seq:    286 bytesused: 12441600 ts: 808.147267 delta: 33.315 ms delta now: +33.235 ms fps: 30.00 (ts-monotonic, ts-src-eof)
cap dqbuf: 3 seq:    287 bytesused: 12441600 ts: 808.180618 delta: 33.351 ms delta now: +33.063 ms fps: 30.00 (ts-monotonic, ts-src-eof)
cap dqbuf: 0 seq:    288 bytesused: 12441600 ts: 808.213948 delta: 33.330 ms delta now: +33.287 ms fps: 30.00 (ts-monotonic, ts-src-eof)
cap dqbuf: 1 seq:    289 bytesused: 12441600 ts: 808.247313 delta: 33.365 ms delta now: +33.125 ms fps: 30.00 (ts-monotonic, ts-src-eof)
cap dqbuf: 2 seq:    290 bytesused: 12441600 ts: 808.280604 delta: 33.291 ms delta now: +33.307 ms fps: 30.00 (ts-monotonic, ts-src-eof)
cap dqbuf: 3 seq:    291 bytesused: 12441600 ts: 808.313953 delta: 33.349 ms delta now: +33.050 ms fps: 30.00 (ts-monotonic, ts-src-eof)
cap dqbuf: 0 seq:    292 bytesused: 12441600 ts: 808.347278 delta: 33.325 ms delta now: +33.060 ms fps: 30.00 (ts-monotonic, ts-src-eof)
cap dqbuf: 1 seq:    293 bytesused: 12441600 ts: 808.380601 delta: 33.323 ms delta now: +33.064 ms fps: 30.00 (ts-monotonic, ts-src-eof)
cap dqbuf: 2 seq:    294 bytesused: 12441600 ts: 808.413945 delta: 33.344 ms delta now: +33.301 ms fps: 30.00 (ts-monotonic, ts-src-eof)
cap dqbuf: 3 seq:    295 bytesused: 12441600 ts: 808.447285 delta: 33.340 ms delta now: +33.203 ms fps: 30.00 (ts-monotonic, ts-src-eof)
cap dqbuf: 0 seq:    296 bytesused: 12441600 ts: 808.480633 delta: 33.348 ms delta now: +33.040 ms fps: 30.00 (ts-monotonic, ts-src-eof)
cap dqbuf: 1 seq:    297 bytesused: 12441600 ts: 808.513934 delta: 33.301 ms delta now: +33.067 ms fps: 30.00 (ts-monotonic, ts-src-eof)
cap dqbuf: 2 seq:    298 bytesused: 12441600 ts: 808.547269 delta: 33.335 ms delta now: +33.085 ms fps: 30.00 (ts-monotonic, ts-src-eof)
cap dqbuf: 3 seq:    299 bytesused: 12441600 ts: 808.580612 delta: 33.343 ms delta now: +33.213 ms fps: 30.00 (ts-monotonic, ts-src-eof)
cap dqbuf: 0 seq:    300 bytesused: 12441600 ts: 808.613953 delta: 33.341 ms delta now: +33.056 ms fps: 30.00 (ts-monotonic, ts-src-eof)
cap dqbuf: 1 seq:    301 bytesused: 12441600 ts: 808.647278 delta: 33.325 ms delta now: +33.293 ms fps: 30.00 (ts-monotonic, ts-src-eof)
cap dqbuf: 2 seq:    302 bytesused: 12441600 ts: 808.680620 delta: 33.342 ms delta now: +33.131 ms fps: 30.00 (ts-monotonic, ts-src-eof)
cap dqbuf: 3 seq:    303 bytesused: 12441600 ts: 808.713935 delta: 33.315 ms delta now: +33.242 ms fps: 30.00 (ts-monotonic, ts-src-eof)
cap dqbuf: 0 seq:    304 bytesused: 12441600 ts: 808.747286 delta: 33.351 ms delta now: +33.050 ms fps: 30.00 (ts-monotonic, ts-src-eof)
cap dqbuf: 1 seq:    305 bytesused: 12441600 ts: 808.780611 delta: 33.325 ms delta now: +33.310 ms fps: 30.00 (ts-monotonic, ts-src-eof)
cap dqbuf: 2 seq:    306 bytesused: 12441600 ts: 808.813996 delta: 33.385 ms delta now: +33.004 ms fps: 30.00 (ts-monotonic, ts-src-eof)
cap dqbuf: 3 seq:    307 bytesused: 12441600 ts: 808.847279 delta: 33.283 ms delta now: +33.056 ms fps: 30.00 (ts-monotonic, ts-src-eof)

VIDIOC_QUERYCAP: ok
VIDIOC_G_FMT: ok
VIDIOC_S_FMT: ok
Format Video Capture Multiplanar:
	Width/Height      : 3840/2160
	Pixel Format      : 'NV12' (Y/CbCr 4:2:0)
	Field             : None
	Number of planes  : 1
	Flags             : 
	Colorspace        : Default
	Transfer Function : Default
	YCbCr/HSV Encoding: Default
	Quantization      : Full Range
	Plane 0           :
	   Bytes per Line : 3840
	   Size Image     : 12441600
