DEVICE=/dev/video0
META_SIZE=3400
PAIRS_PER_CYCLE=20
CYCLES=10
HOLD_MS=0
CYCLE=0 PAIR=0 BUFFER=0 SUBPAGES=1/0 GAP_MS=63.729 HASH=e0e17bd2d2a305c7
CYCLE=0 PAIR=1 BUFFER=1 SUBPAGES=1/0 GAP_MS=64.099 HASH=e33f741dd814cf76
CYCLE=0 PAIR=2 BUFFER=2 SUBPAGES=1/0 GAP_MS=64.035 HASH=00910501cb844e87
CYCLE=0 PAIR=3 BUFFER=3 SUBPAGES=1/0 GAP_MS=63.783 HASH=46121ce8bf4a7ba6
CYCLE=0 PAIR=4 BUFFER=0 SUBPAGES=1/0 GAP_MS=64.348 HASH=b99d0f321b2ff0e7
CYCLE=0 PAIR=5 BUFFER=1 SUBPAGES=1/0 GAP_MS=65.337 HASH=e13434a13327eba0
CYCLE=0 PAIR=6 BUFFER=2 SUBPAGES=1/0 GAP_MS=64.058 HASH=3aea27ed136ea5ae
CYCLE=0 PAIR=7 BUFFER=3 SUBPAGES=1/0 GAP_MS=63.475 HASH=4b3445a4f873af4d
CYCLE=0 PAIR=8 BUFFER=0 SUBPAGES=1/0 GAP_MS=63.753 HASH=b5c3546b126cfdc1
CYCLE=0 PAIR=9 BUFFER=1 SUBPAGES=1/0 GAP_MS=63.286 HASH=4c9ded090ce45e18
CYCLE=0 PAIR=10 BUFFER=2 SUBPAGES=1/0 GAP_MS=63.319 HASH=97b3a3c881f08213
CYCLE=0 PAIR=11 BUFFER=3 SUBPAGES=1/0 GAP_MS=64.839 HASH=831e76127d9e5e3e
CYCLE=0 PAIR=12 BUFFER=0 SUBPAGES=1/0 GAP_MS=64.070 HASH=1bfa0c907bcfb731
CYCLE=0 PAIR=13 BUFFER=1 SUBPAGES=1/0 GAP_MS=63.904 HASH=035f41b72c0fad2a
CYCLE=0 PAIR=14 BUFFER=2 SUBPAGES=1/0 GAP_MS=64.000 HASH=e5302332a11802c4
CYCLE=0 PAIR=15 BUFFER=3 SUBPAGES=1/0 GAP_MS=62.984 HASH=e45b52c2b5413644
CYCLE=0 PAIR=16 BUFFER=0 SUBPAGES=1/0 GAP_MS=63.853 HASH=2793fd7860f2082e
CYCLE=0 PAIR=17 BUFFER=1 SUBPAGES=1/0 GAP_MS=63.933 HASH=6fd077a3e660eb7c
CYCLE=0 PAIR=18 BUFFER=2 SUBPAGES=1/0 GAP_MS=64.276 HASH=dbbb538298fa86d2
CYCLE=0 PAIR=19 BUFFER=3 SUBPAGES=1/0 GAP_MS=64.078 HASH=7443865cb754ad69
CYCLE=1 PAIR=0 BUFFER=0 SUBPAGES=1/0 GAP_MS=64.272 HASH=c86d01ea9f09a113
CYCLE=1 PAIR=1 BUFFER=1 SUBPAGES=1/0 GAP_MS=63.824 HASH=a5eb04a4ac65ce35
CYCLE=1 PAIR=2 BUFFER=2 SUBPAGES=1/0 GAP_MS=64.023 HASH=e79e08b3e01b6962
CYCLE=1 PAIR=3 BUFFER=3 SUBPAGES=1/0 GAP_MS=63.547 HASH=68e8cb4695b6e333
CYCLE=1 PAIR=4 BUFFER=0 SUBPAGES=1/0 GAP_MS=63.242 HASH=6340e8979445404e
CYCLE=1 PAIR=5 BUFFER=1 SUBPAGES=1/0 GAP_MS=63.851 HASH=f82b685481adf441
CYCLE=1 PAIR=6 BUFFER=2 SUBPAGES=1/0 GAP_MS=62.863 HASH=1a4ff7284cd82696
CYCLE=1 PAIR=7 BUFFER=3 SUBPAGES=1/0 GAP_MS=63.905 HASH=f9f7f0b535de1191
CYCLE=1 PAIR=8 BUFFER=0 SUBPAGES=1/0 GAP_MS=64.275 HASH=8bc2d0f0701a0a67
CYCLE=1 PAIR=9 BUFFER=1 SUBPAGES=1/0 GAP_MS=63.597 HASH=66f4d0aabb38d3bb
CYCLE=1 PAIR=10 BUFFER=2 SUBPAGES=1/0 GAP_MS=63.723 HASH=e7cb8495d42dd067
CYCLE=1 PAIR=11 BUFFER=3 SUBPAGES=1/0 GAP_MS=64.119 HASH=d16702221c296a53
CYCLE=1 PAIR=12 BUFFER=0 SUBPAGES=1/0 GAP_MS=64.550 HASH=3d0e98c03c33a05d
CYCLE=1 PAIR=13 BUFFER=1 SUBPAGES=1/0 GAP_MS=65.037 HASH=3401d52da8824b5d
CYCLE=1 PAIR=14 BUFFER=2 SUBPAGES=1/0 GAP_MS=63.774 HASH=c4dfad25762e79a4
CYCLE=1 PAIR=15 BUFFER=3 SUBPAGES=1/0 GAP_MS=64.639 HASH=02292e0612e10f38
CYCLE=1 PAIR=16 BUFFER=0 SUBPAGES=1/0 GAP_MS=63.718 HASH=a5bbb5e03c7e603a
CYCLE=1 PAIR=17 BUFFER=1 SUBPAGES=1/0 GAP_MS=63.080 HASH=6de721207e17335a
CYCLE=1 PAIR=18 BUFFER=2 SUBPAGES=1/0 GAP_MS=64.194 HASH=8be13be6685f7a83
CYCLE=1 PAIR=19 BUFFER=3 SUBPAGES=1/0 GAP_MS=64.116 HASH=41ccdd92e8d30c37
CYCLE=2 PAIR=0 BUFFER=0 SUBPAGES=1/0 GAP_MS=63.609 HASH=4771d2451f7b2580
CYCLE=2 PAIR=1 BUFFER=1 SUBPAGES=1/0 GAP_MS=63.946 HASH=b9bb4fec6c7f262f
CYCLE=2 PAIR=2 BUFFER=2 SUBPAGES=1/0 GAP_MS=64.183 HASH=3e268a21075bbb02
CYCLE=2 PAIR=3 BUFFER=3 SUBPAGES=1/0 GAP_MS=65.656 HASH=790f35bda3bae938
CYCLE=2 PAIR=4 BUFFER=0 SUBPAGES=1/0 GAP_MS=65.072 HASH=668c2999cca4811c
CYCLE=2 PAIR=5 BUFFER=1 SUBPAGES=1/0 GAP_MS=63.638 HASH=db2b3ece898c4286
CYCLE=2 PAIR=6 BUFFER=2 SUBPAGES=1/0 GAP_MS=64.838 HASH=051e7fba580cac74
CYCLE=2 PAIR=7 BUFFER=3 SUBPAGES=1/0 GAP_MS=64.155 HASH=c94495a1778429b9
CYCLE=2 PAIR=8 BUFFER=0 SUBPAGES=1/0 GAP_MS=64.680 HASH=05061f78a47efd55
CYCLE=2 PAIR=9 BUFFER=1 SUBPAGES=1/0 GAP_MS=63.911 HASH=985f3a2dbb48995e
CYCLE=2 PAIR=10 BUFFER=2 SUBPAGES=1/0 GAP_MS=64.648 HASH=b21996850fc39c1c
CYCLE=2 PAIR=11 BUFFER=3 SUBPAGES=1/0 GAP_MS=64.053 HASH=39ae101de46df202
CYCLE=2 PAIR=12 BUFFER=0 SUBPAGES=1/0 GAP_MS=63.475 HASH=8d03db883faac197
CYCLE=2 PAIR=13 BUFFER=1 SUBPAGES=1/0 GAP_MS=63.713 HASH=decbf5301e0f3517
CYCLE=2 PAIR=14 BUFFER=2 SUBPAGES=1/0 GAP_MS=63.747 HASH=21a8e1569224c74e
CYCLE=2 PAIR=15 BUFFER=3 SUBPAGES=1/0 GAP_MS=64.398 HASH=4a16270230674e77
CYCLE=2 PAIR=16 BUFFER=0 SUBPAGES=1/0 GAP_MS=64.136 HASH=9f90377986849cc9
CYCLE=2 PAIR=17 BUFFER=1 SUBPAGES=1/0 GAP_MS=63.662 HASH=4f74f16f73cb11f8
CYCLE=2 PAIR=18 BUFFER=2 SUBPAGES=1/0 GAP_MS=63.846 HASH=6c4ad0199f2cc901
CYCLE=2 PAIR=19 BUFFER=3 SUBPAGES=1/0 GAP_MS=64.717 HASH=b1acc099f105fe60
CYCLE=3 PAIR=0 BUFFER=0 SUBPAGES=1/0 GAP_MS=63.707 HASH=b0e9a84401951918
CYCLE=3 PAIR=1 BUFFER=1 SUBPAGES=1/0 GAP_MS=65.497 HASH=06dbe696dd70519e
CYCLE=3 PAIR=2 BUFFER=2 SUBPAGES=1/0 GAP_MS=63.596 HASH=f86038958dd00cc5
CYCLE=3 PAIR=3 BUFFER=3 SUBPAGES=1/0 GAP_MS=62.699 HASH=3b4dd5664ffccbb4
CYCLE=3 PAIR=4 BUFFER=0 SUBPAGES=1/0 GAP_MS=62.271 HASH=5cf2e3dd7f24f736
CYCLE=3 PAIR=5 BUFFER=1 SUBPAGES=1/0 GAP_MS=64.940 HASH=a038737a84fa3748
CYCLE=3 PAIR=6 BUFFER=2 SUBPAGES=1/0 GAP_MS=64.793 HASH=f4b6835adf990304
CYCLE=3 PAIR=7 BUFFER=3 SUBPAGES=1/0 GAP_MS=64.804 HASH=1647a26ffc039f8d
CYCLE=3 PAIR=8 BUFFER=0 SUBPAGES=1/0 GAP_MS=62.731 HASH=19a31e3e02977423
CYCLE=3 PAIR=9 BUFFER=1 SUBPAGES=1/0 GAP_MS=64.310 HASH=af0c9a0d36dbc3d1
CYCLE=3 PAIR=10 BUFFER=2 SUBPAGES=1/0 GAP_MS=63.698 HASH=15ba524b1f5a60ec
CYCLE=3 PAIR=11 BUFFER=3 SUBPAGES=1/0 GAP_MS=65.101 HASH=33a252e6b17ef90d
CYCLE=3 PAIR=12 BUFFER=0 SUBPAGES=1/0 GAP_MS=64.312 HASH=fdfa9245004de2ff
CYCLE=3 PAIR=13 BUFFER=1 SUBPAGES=1/0 GAP_MS=64.914 HASH=37b6bca5fec37662
CYCLE=3 PAIR=14 BUFFER=2 SUBPAGES=1/0 GAP_MS=62.997 HASH=066d32b49a8f4707
CYCLE=3 PAIR=15 BUFFER=3 SUBPAGES=1/0 GAP_MS=62.551 HASH=1ffcacc638ba07a3
CYCLE=3 PAIR=16 BUFFER=0 SUBPAGES=1/0 GAP_MS=64.769 HASH=09e17a4deeae1d37
CYCLE=3 PAIR=17 BUFFER=1 SUBPAGES=1/0 GAP_MS=63.610 HASH=bb7871546781a61f
CYCLE=3 PAIR=18 BUFFER=2 SUBPAGES=1/0 GAP_MS=63.639 HASH=4b605ac9a14b1e65
CYCLE=3 PAIR=19 BUFFER=3 SUBPAGES=1/0 GAP_MS=63.732 HASH=cb130289615f387f
CYCLE=4 PAIR=0 BUFFER=0 SUBPAGES=1/0 GAP_MS=62.688 HASH=79e6aef9e670d588
CYCLE=4 PAIR=1 BUFFER=1 SUBPAGES=1/0 GAP_MS=64.300 HASH=2ad959878dc5f85e
CYCLE=4 PAIR=2 BUFFER=2 SUBPAGES=1/0 GAP_MS=63.170 HASH=927cbf9da2214652
CYCLE=4 PAIR=3 BUFFER=3 SUBPAGES=1/0 GAP_MS=64.335 HASH=79e6d93c05c90850
CYCLE=4 PAIR=4 BUFFER=0 SUBPAGES=1/0 GAP_MS=63.221 HASH=8e9cc0c0eaa5498e
CYCLE=4 PAIR=5 BUFFER=1 SUBPAGES=1/0 GAP_MS=65.316 HASH=77a77e53f40e0e0b
CYCLE=4 PAIR=6 BUFFER=2 SUBPAGES=1/0 GAP_MS=63.594 HASH=d744171d9b5f91dc
CYCLE=4 PAIR=7 BUFFER=3 SUBPAGES=1/0 GAP_MS=64.763 HASH=f4ff0a4e23c7534a
CYCLE=4 PAIR=8 BUFFER=0 SUBPAGES=1/0 GAP_MS=63.326 HASH=97fdc20a5ae3afec
CYCLE=4 PAIR=9 BUFFER=1 SUBPAGES=1/0 GAP_MS=63.305 HASH=34f750685e578125
CYCLE=4 PAIR=10 BUFFER=2 SUBPAGES=1/0 GAP_MS=64.669 HASH=a4a680d123c8044f
CYCLE=4 PAIR=11 BUFFER=3 SUBPAGES=1/0 GAP_MS=63.718 HASH=2bb42dfbb2b393cd
CYCLE=4 PAIR=12 BUFFER=0 SUBPAGES=1/0 GAP_MS=64.230 HASH=249cb621a188b16b
CYCLE=4 PAIR=13 BUFFER=1 SUBPAGES=1/0 GAP_MS=62.679 HASH=232fbec014599e38
CYCLE=4 PAIR=14 BUFFER=2 SUBPAGES=1/0 GAP_MS=62.849 HASH=be4030e137f3eeb7
CYCLE=4 PAIR=15 BUFFER=3 SUBPAGES=1/0 GAP_MS=63.074 HASH=a22535e16a3a76f9
CYCLE=4 PAIR=16 BUFFER=0 SUBPAGES=1/0 GAP_MS=62.938 HASH=a874a372f24a882b
CYCLE=4 PAIR=17 BUFFER=1 SUBPAGES=1/0 GAP_MS=62.800 HASH=ffa1a4fcb00540d7
CYCLE=4 PAIR=18 BUFFER=2 SUBPAGES=1/0 GAP_MS=64.837 HASH=56325862e1e511b1
CYCLE=4 PAIR=19 BUFFER=3 SUBPAGES=1/0 GAP_MS=64.165 HASH=62c7acd5eb8368f5
CYCLE=5 PAIR=0 BUFFER=0 SUBPAGES=1/0 GAP_MS=63.621 HASH=53aec24eff5c6b75
CYCLE=5 PAIR=1 BUFFER=1 SUBPAGES=1/0 GAP_MS=62.500 HASH=1a1cf1d39d9fcd41
CYCLE=5 PAIR=2 BUFFER=2 SUBPAGES=1/0 GAP_MS=64.459 HASH=89cc0a6dfb490ff3
CYCLE=5 PAIR=3 BUFFER=3 SUBPAGES=1/0 GAP_MS=62.668 HASH=74cd2b5e1e2d9d9c
CYCLE=5 PAIR=4 BUFFER=0 SUBPAGES=1/0 GAP_MS=64.702 HASH=80a326d858295edd
CYCLE=5 PAIR=5 BUFFER=1 SUBPAGES=1/0 GAP_MS=63.253 HASH=71488b035b08199e
CYCLE=5 PAIR=6 BUFFER=2 SUBPAGES=1/0 GAP_MS=63.720 HASH=6f30dcb9511c3854
CYCLE=5 PAIR=7 BUFFER=3 SUBPAGES=1/0 GAP_MS=64.851 HASH=c12c41a2c47645a9
CYCLE=5 PAIR=8 BUFFER=0 SUBPAGES=1/0 GAP_MS=65.053 HASH=8535b98e7e981460
CYCLE=5 PAIR=9 BUFFER=1 SUBPAGES=1/0 GAP_MS=65.269 HASH=115b35bdd5ab59d8
CYCLE=5 PAIR=10 BUFFER=2 SUBPAGES=1/0 GAP_MS=64.518 HASH=68f0e3e9700a590e
CYCLE=5 PAIR=11 BUFFER=3 SUBPAGES=1/0 GAP_MS=64.982 HASH=96a3a41309fdb586
CYCLE=5 PAIR=12 BUFFER=0 SUBPAGES=1/0 GAP_MS=63.220 HASH=a2dd94ad07ca0f71
CYCLE=5 PAIR=13 BUFFER=1 SUBPAGES=1/0 GAP_MS=64.977 HASH=91fcf0ccb118980f
CYCLE=5 PAIR=14 BUFFER=2 SUBPAGES=1/0 GAP_MS=64.679 HASH=12ab1c31b26eacfb
CYCLE=5 PAIR=15 BUFFER=3 SUBPAGES=1/0 GAP_MS=64.611 HASH=ae266be652c61cdd
CYCLE=5 PAIR=16 BUFFER=0 SUBPAGES=1/0 GAP_MS=63.854 HASH=10df9b7d56664c81
CYCLE=5 PAIR=17 BUFFER=1 SUBPAGES=1/0 GAP_MS=64.930 HASH=661e55f8eb8c8cb9
CYCLE=5 PAIR=18 BUFFER=2 SUBPAGES=1/0 GAP_MS=64.811 HASH=ebb9a3dd06d9bc07
CYCLE=5 PAIR=19 BUFFER=3 SUBPAGES=1/0 GAP_MS=63.936 HASH=c0c4c34067fa1ae6
CYCLE=6 PAIR=0 BUFFER=0 SUBPAGES=1/0 GAP_MS=63.309 HASH=2cac398aac30599d
CYCLE=6 PAIR=1 BUFFER=1 SUBPAGES=1/0 GAP_MS=64.799 HASH=dcb88022e1292020
CYCLE=6 PAIR=2 BUFFER=2 SUBPAGES=1/0 GAP_MS=62.826 HASH=a2f6e809da92dbf2
CYCLE=6 PAIR=3 BUFFER=3 SUBPAGES=1/0 GAP_MS=63.739 HASH=f8dfb40142b4d1f6
CYCLE=6 PAIR=4 BUFFER=0 SUBPAGES=1/0 GAP_MS=64.745 HASH=ce4662d9c269e35e
CYCLE=6 PAIR=5 BUFFER=1 SUBPAGES=1/0 GAP_MS=63.632 HASH=af308a19bfcf0bd1
CYCLE=6 PAIR=6 BUFFER=2 SUBPAGES=1/0 GAP_MS=63.507 HASH=8f97bd75f09a4f9d
CYCLE=6 PAIR=7 BUFFER=3 SUBPAGES=1/0 GAP_MS=62.544 HASH=237afdc2da92eafe
CYCLE=6 PAIR=8 BUFFER=0 SUBPAGES=1/0 GAP_MS=64.252 HASH=fc5f5eba6fab9080
CYCLE=6 PAIR=9 BUFFER=1 SUBPAGES=1/0 GAP_MS=65.732 HASH=d3d8ef2b68683d5c
CYCLE=6 PAIR=10 BUFFER=2 SUBPAGES=1/0 GAP_MS=65.073 HASH=ea2d1c21da84eb76
CYCLE=6 PAIR=11 BUFFER=3 SUBPAGES=1/0 GAP_MS=65.173 HASH=1d32ac3f80084863
CYCLE=6 PAIR=12 BUFFER=0 SUBPAGES=1/0 GAP_MS=64.302 HASH=69b076a13e3e469e
CYCLE=6 PAIR=13 BUFFER=1 SUBPAGES=1/0 GAP_MS=64.507 HASH=e1788069d2b88a86
CYCLE=6 PAIR=14 BUFFER=2 SUBPAGES=1/0 GAP_MS=64.000 HASH=d6f85f54ebe63d72
CYCLE=6 PAIR=15 BUFFER=3 SUBPAGES=1/0 GAP_MS=64.516 HASH=e45f4502a719d261
CYCLE=6 PAIR=16 BUFFER=0 SUBPAGES=1/0 GAP_MS=65.573 HASH=fb8631bac64ebbc2
CYCLE=6 PAIR=17 BUFFER=1 SUBPAGES=1/0 GAP_MS=64.652 HASH=a39cced236f42eea
CYCLE=6 PAIR=18 BUFFER=2 SUBPAGES=1/0 GAP_MS=62.528 HASH=d5aa7d903b194a3a
CYCLE=6 PAIR=19 BUFFER=3 SUBPAGES=1/0 GAP_MS=62.371 HASH=cef54c2b42a97874
CYCLE=7 PAIR=0 BUFFER=0 SUBPAGES=1/0 GAP_MS=64.358 HASH=bc0b001e89796d50
CYCLE=7 PAIR=1 BUFFER=1 SUBPAGES=1/0 GAP_MS=63.609 HASH=b8d0f1463799728b
CYCLE=7 PAIR=2 BUFFER=2 SUBPAGES=1/0 GAP_MS=62.756 HASH=2629a545aa1089aa
CYCLE=7 PAIR=3 BUFFER=3 SUBPAGES=1/0 GAP_MS=64.747 HASH=170e7fc81bc36fd2
CYCLE=7 PAIR=4 BUFFER=0 SUBPAGES=1/0 GAP_MS=63.744 HASH=54707eddf4bca4e6
CYCLE=7 PAIR=5 BUFFER=1 SUBPAGES=1/0 GAP_MS=64.715 HASH=1ef1c8d8c9c59f96
CYCLE=7 PAIR=6 BUFFER=2 SUBPAGES=1/0 GAP_MS=64.174 HASH=a8e6e6a43f611ca9
CYCLE=7 PAIR=7 BUFFER=3 SUBPAGES=1/0 GAP_MS=63.798 HASH=c01e7a5b680aae47
CYCLE=7 PAIR=8 BUFFER=0 SUBPAGES=1/0 GAP_MS=64.902 HASH=add586c880251704
CYCLE=7 PAIR=9 BUFFER=1 SUBPAGES=1/0 GAP_MS=64.213 HASH=8816de02e6bc0bbf
CYCLE=7 PAIR=10 BUFFER=2 SUBPAGES=1/0 GAP_MS=63.433 HASH=0a5ca279aa035010
CYCLE=7 PAIR=11 BUFFER=3 SUBPAGES=1/0 GAP_MS=64.649 HASH=5a7e2be9064c7b75
CYCLE=7 PAIR=12 BUFFER=0 SUBPAGES=1/0 GAP_MS=64.133 HASH=26fcc44ce78e91c6
CYCLE=7 PAIR=13 BUFFER=1 SUBPAGES=1/0 GAP_MS=65.317 HASH=cf54233b172f1ca6
CYCLE=7 PAIR=14 BUFFER=2 SUBPAGES=1/0 GAP_MS=65.038 HASH=900bf15becd44b4b
CYCLE=7 PAIR=15 BUFFER=3 SUBPAGES=1/0 GAP_MS=62.738 HASH=c7bbb547eb405052
CYCLE=7 PAIR=16 BUFFER=0 SUBPAGES=1/0 GAP_MS=62.662 HASH=1b2810abd3662a8e
CYCLE=7 PAIR=17 BUFFER=1 SUBPAGES=1/0 GAP_MS=63.414 HASH=e589d959e45985bc
CYCLE=7 PAIR=18 BUFFER=2 SUBPAGES=1/0 GAP_MS=64.154 HASH=5b7fa22688cf98f4
CYCLE=7 PAIR=19 BUFFER=3 SUBPAGES=1/0 GAP_MS=64.280 HASH=4be77c14afc14327
CYCLE=8 PAIR=0 BUFFER=0 SUBPAGES=1/0 GAP_MS=63.953 HASH=991b3b8fc37d5f08
CYCLE=8 PAIR=1 BUFFER=1 SUBPAGES=1/0 GAP_MS=62.953 HASH=4f00d632d00840b3
CYCLE=8 PAIR=2 BUFFER=2 SUBPAGES=1/0 GAP_MS=64.369 HASH=2d44ab4b9b48a398
CYCLE=8 PAIR=3 BUFFER=3 SUBPAGES=1/0 GAP_MS=64.022 HASH=4258a186f8b95cdb
CYCLE=8 PAIR=4 BUFFER=0 SUBPAGES=1/0 GAP_MS=64.106 HASH=9d513cb3eb971523
CYCLE=8 PAIR=5 BUFFER=1 SUBPAGES=1/0 GAP_MS=64.134 HASH=5777247d3588e378
CYCLE=8 PAIR=6 BUFFER=2 SUBPAGES=1/0 GAP_MS=64.497 HASH=d03ea65251a97709
CYCLE=8 PAIR=7 BUFFER=3 SUBPAGES=1/0 GAP_MS=63.561 HASH=04fa96089b9114ba
CYCLE=8 PAIR=8 BUFFER=0 SUBPAGES=1/0 GAP_MS=63.691 HASH=58209e773a372f4e
CYCLE=8 PAIR=9 BUFFER=1 SUBPAGES=1/0 GAP_MS=63.335 HASH=0aab30abf6dc1c89
CYCLE=8 PAIR=10 BUFFER=2 SUBPAGES=1/0 GAP_MS=65.085 HASH=4094e61a0f773a84
CYCLE=8 PAIR=11 BUFFER=3 SUBPAGES=1/0 GAP_MS=63.970 HASH=17add2014185500d
CYCLE=8 PAIR=12 BUFFER=0 SUBPAGES=1/0 GAP_MS=64.129 HASH=b4fc3e6fc6a9cf57
CYCLE=8 PAIR=13 BUFFER=1 SUBPAGES=1/0 GAP_MS=64.275 HASH=94288b442077637f
CYCLE=8 PAIR=14 BUFFER=2 SUBPAGES=1/0 GAP_MS=63.535 HASH=f05eb6872af6f851
CYCLE=8 PAIR=15 BUFFER=3 SUBPAGES=1/0 GAP_MS=63.423 HASH=d6ab3dd598f5e9bb
CYCLE=8 PAIR=16 BUFFER=0 SUBPAGES=1/0 GAP_MS=64.418 HASH=a7a17c452375f27e
CYCLE=8 PAIR=17 BUFFER=1 SUBPAGES=1/0 GAP_MS=63.645 HASH=73064aaf612b144e
CYCLE=8 PAIR=18 BUFFER=2 SUBPAGES=1/0 GAP_MS=61.869 HASH=b516edc34c7c70e0
CYCLE=8 PAIR=19 BUFFER=3 SUBPAGES=1/0 GAP_MS=65.063 HASH=052d40a3c0786cb0
CYCLE=9 PAIR=0 BUFFER=0 SUBPAGES=1/0 GAP_MS=63.247 HASH=183bb32f811c7a12
CYCLE=9 PAIR=1 BUFFER=1 SUBPAGES=1/0 GAP_MS=65.107 HASH=e36d20e0b885a449
CYCLE=9 PAIR=2 BUFFER=2 SUBPAGES=1/0 GAP_MS=62.962 HASH=05d0fc1dfeca1dbf
CYCLE=9 PAIR=3 BUFFER=3 SUBPAGES=1/0 GAP_MS=65.497 HASH=c9a946d66fef77fa
CYCLE=9 PAIR=4 BUFFER=0 SUBPAGES=1/0 GAP_MS=63.989 HASH=b2a32f7491fea75e
CYCLE=9 PAIR=5 BUFFER=1 SUBPAGES=1/0 GAP_MS=64.077 HASH=946aaa191d8b00d1
CYCLE=9 PAIR=6 BUFFER=2 SUBPAGES=1/0 GAP_MS=63.652 HASH=18ad1af3a52f6b59
CYCLE=9 PAIR=7 BUFFER=3 SUBPAGES=1/0 GAP_MS=64.098 HASH=1477712a3bbeac73
CYCLE=9 PAIR=8 BUFFER=0 SUBPAGES=1/0 GAP_MS=64.754 HASH=78a5c776aa8f1cff
CYCLE=9 PAIR=9 BUFFER=1 SUBPAGES=1/0 GAP_MS=63.351 HASH=6e0fa51f6335d3f7
CYCLE=9 PAIR=10 BUFFER=2 SUBPAGES=1/0 GAP_MS=65.526 HASH=d632aaf80ce549b8
CYCLE=9 PAIR=11 BUFFER=3 SUBPAGES=1/0 GAP_MS=64.471 HASH=e0cd099163f914c6
CYCLE=9 PAIR=12 BUFFER=0 SUBPAGES=1/0 GAP_MS=63.245 HASH=52a83e4b7038f7a4
CYCLE=9 PAIR=13 BUFFER=1 SUBPAGES=1/0 GAP_MS=62.831 HASH=f2bc05efdb45acf9
CYCLE=9 PAIR=14 BUFFER=2 SUBPAGES=1/0 GAP_MS=63.581 HASH=f7d23531bd9fc2ff
CYCLE=9 PAIR=15 BUFFER=3 SUBPAGES=1/0 GAP_MS=64.590 HASH=b7ea411da8ff6fdc
CYCLE=9 PAIR=16 BUFFER=0 SUBPAGES=1/0 GAP_MS=65.024 HASH=4763ecc82ea32728
CYCLE=9 PAIR=17 BUFFER=1 SUBPAGES=1/0 GAP_MS=65.174 HASH=f69eec7b212697d1
CYCLE=9 PAIR=18 BUFFER=2 SUBPAGES=1/0 GAP_MS=64.286 HASH=681f7fcefcfb3a47
CYCLE=9 PAIR=19 BUFFER=3 SUBPAGES=1/0 GAP_MS=63.453 HASH=c768a1ad05e398cf
TOTAL_PAIRS=200
ELAPSED_SECONDS=26.963
STAGE5_RUNTIME_CHECK=PASS
