DEVICE=/dev/video0
META_SIZE=3400
PAIRS_PER_CYCLE=80
CYCLES=1
HOLD_MS=0
CYCLE=0 PAIR=0 BUFFER=0 SUBPAGES=1/0 GAP_MS=64.207 HASH=b83f1a656e8728d0
CYCLE=0 PAIR=1 BUFFER=1 SUBPAGES=1/0 GAP_MS=63.445 HASH=c5b60495b94f93a3
CYCLE=0 PAIR=2 BUFFER=2 SUBPAGES=1/0 GAP_MS=65.604 HASH=36d892ca5814afc2
CYCLE=0 PAIR=3 BUFFER=3 SUBPAGES=1/0 GAP_MS=63.830 HASH=5cf9a3ec95f4a93b
CYCLE=0 PAIR=4 BUFFER=0 SUBPAGES=1/0 GAP_MS=64.601 HASH=e3a09d6c3b483fa4
CYCLE=0 PAIR=5 BUFFER=1 SUBPAGES=1/0 GAP_MS=64.900 HASH=47ef3a32d1e23ff8
CYCLE=0 PAIR=6 BUFFER=2 SUBPAGES=1/0 GAP_MS=63.448 HASH=61b981e25fc5580c
CYCLE=0 PAIR=7 BUFFER=3 SUBPAGES=1/0 GAP_MS=64.883 HASH=0fd560cc89fb275a
CYCLE=0 PAIR=8 BUFFER=0 SUBPAGES=1/0 GAP_MS=64.761 HASH=0450015a2f08b79c
CYCLE=0 PAIR=9 BUFFER=1 SUBPAGES=1/0 GAP_MS=63.705 HASH=813070e8acdd23ee
CYCLE=0 PAIR=10 BUFFER=2 SUBPAGES=1/0 GAP_MS=64.108 HASH=b014593fa35d5750
CYCLE=0 PAIR=11 BUFFER=3 SUBPAGES=1/0 GAP_MS=65.368 HASH=359ff7344af33500
CYCLE=0 PAIR=12 BUFFER=0 SUBPAGES=1/0 GAP_MS=63.850 HASH=337792ae6f35ea1d
CYCLE=0 PAIR=13 BUFFER=1 SUBPAGES=1/0 GAP_MS=63.950 HASH=dd9994229a11195a
CYCLE=0 PAIR=14 BUFFER=2 SUBPAGES=1/0 GAP_MS=64.418 HASH=5965a93cb1beca52
CYCLE=0 PAIR=15 BUFFER=3 SUBPAGES=1/0 GAP_MS=64.213 HASH=32a1e1a0e9831fd0
CYCLE=0 PAIR=16 BUFFER=0 SUBPAGES=1/0 GAP_MS=63.347 HASH=98a28135ccc9b7db
CYCLE=0 PAIR=17 BUFFER=1 SUBPAGES=1/0 GAP_MS=63.842 HASH=05963b33924689e7
CYCLE=0 PAIR=18 BUFFER=2 SUBPAGES=1/0 GAP_MS=63.894 HASH=9977296f66bfa667
CYCLE=0 PAIR=19 BUFFER=3 SUBPAGES=1/0 GAP_MS=63.887 HASH=cb9fc45d649ca719
CYCLE=0 PAIR=20 BUFFER=0 SUBPAGES=1/0 GAP_MS=62.534 HASH=823b0e92885749db
CYCLE=0 PAIR=21 BUFFER=1 SUBPAGES=1/0 GAP_MS=64.150 HASH=3bfb4b1823794a2f
CYCLE=0 PAIR=22 BUFFER=2 SUBPAGES=1/0 GAP_MS=62.583 HASH=df3007ce51d9a9d8
CYCLE=0 PAIR=23 BUFFER=3 SUBPAGES=1/0 GAP_MS=63.921 HASH=b73bc4028f0e3c1d
CYCLE=0 PAIR=24 BUFFER=0 SUBPAGES=1/0 GAP_MS=64.088 HASH=f41cf5903af52d70
CYCLE=0 PAIR=25 BUFFER=1 SUBPAGES=1/0 GAP_MS=65.218 HASH=374aa07a4245b0ad
CYCLE=0 PAIR=26 BUFFER=2 SUBPAGES=1/0 GAP_MS=63.875 HASH=d4fc55bb21bbcafc
CYCLE=0 PAIR=27 BUFFER=3 SUBPAGES=1/0 GAP_MS=63.818 HASH=0306f051880b010f
CYCLE=0 PAIR=28 BUFFER=0 SUBPAGES=1/0 GAP_MS=64.728 HASH=fcc0f4ba28a53fd4
CYCLE=0 PAIR=29 BUFFER=1 SUBPAGES=1/0 GAP_MS=64.137 HASH=5ad601c2c43434fa
CYCLE=0 PAIR=30 BUFFER=2 SUBPAGES=1/0 GAP_MS=64.914 HASH=994413690636ff0f
CYCLE=0 PAIR=31 BUFFER=3 SUBPAGES=1/0 GAP_MS=63.708 HASH=6ea28cf84d38b81b
CYCLE=0 PAIR=32 BUFFER=0 SUBPAGES=1/0 GAP_MS=63.745 HASH=7eaf944254f9175f
CYCLE=0 PAIR=33 BUFFER=1 SUBPAGES=1/0 GAP_MS=63.608 HASH=3214f04eae4c0dfe
CYCLE=0 PAIR=34 BUFFER=2 SUBPAGES=1/0 GAP_MS=63.432 HASH=9fb741098ee7ea01
CYCLE=0 PAIR=35 BUFFER=3 SUBPAGES=1/0 GAP_MS=64.284 HASH=7473f71fa835b8ec
CYCLE=0 PAIR=36 BUFFER=0 SUBPAGES=1/0 GAP_MS=64.252 HASH=e06f5c2f77fe8828
CYCLE=0 PAIR=37 BUFFER=1 SUBPAGES=1/0 GAP_MS=63.452 HASH=fe9fa92d27bae78b
CYCLE=0 PAIR=38 BUFFER=2 SUBPAGES=1/0 GAP_MS=63.446 HASH=78ed382b1800fefe
CYCLE=0 PAIR=39 BUFFER=3 SUBPAGES=1/0 GAP_MS=65.155 HASH=d9425f38ad20f869
CYCLE=0 PAIR=40 BUFFER=0 SUBPAGES=1/0 GAP_MS=63.778 HASH=0112d2d8333fe778
CYCLE=0 PAIR=41 BUFFER=1 SUBPAGES=1/0 GAP_MS=63.944 HASH=bf24ef1ad80a18ec
CYCLE=0 PAIR=42 BUFFER=2 SUBPAGES=1/0 GAP_MS=65.031 HASH=b76ce031b9d346d1
CYCLE=0 PAIR=43 BUFFER=3 SUBPAGES=1/0 GAP_MS=63.204 HASH=070e791eede1ad84
CYCLE=0 PAIR=44 BUFFER=0 SUBPAGES=1/0 GAP_MS=65.026 HASH=d909b991fb76ee4d
CYCLE=0 PAIR=45 BUFFER=1 SUBPAGES=1/0 GAP_MS=62.664 HASH=5c837bcbf604a4bc
CYCLE=0 PAIR=46 BUFFER=2 SUBPAGES=1/0 GAP_MS=64.359 HASH=43b403a0a2ae07c7
CYCLE=0 PAIR=47 BUFFER=3 SUBPAGES=1/0 GAP_MS=64.398 HASH=f1d811636d32a3b0
CYCLE=0 PAIR=48 BUFFER=0 SUBPAGES=1/0 GAP_MS=64.426 HASH=53f8a3adc3a21211
CYCLE=0 PAIR=49 BUFFER=1 SUBPAGES=1/0 GAP_MS=64.588 HASH=f7015ada5797e1ae
CYCLE=0 PAIR=50 BUFFER=2 SUBPAGES=1/0 GAP_MS=64.010 HASH=2cdb6107ffecc1a3
CYCLE=0 PAIR=51 BUFFER=3 SUBPAGES=1/0 GAP_MS=62.739 HASH=1263c81e394a5f74
CYCLE=0 PAIR=52 BUFFER=0 SUBPAGES=1/0 GAP_MS=62.963 HASH=5a5ca0f61ca52b18
CYCLE=0 PAIR=53 BUFFER=1 SUBPAGES=1/0 GAP_MS=64.191 HASH=3372c6f661db22de
CYCLE=0 PAIR=54 BUFFER=2 SUBPAGES=1/0 GAP_MS=62.776 HASH=b3c2f0fa3533b2be
CYCLE=0 PAIR=55 BUFFER=3 SUBPAGES=1/0 GAP_MS=63.596 HASH=b79f91666ba8b046
CYCLE=0 PAIR=56 BUFFER=0 SUBPAGES=1/0 GAP_MS=64.353 HASH=71a2c192db54832c
CYCLE=0 PAIR=57 BUFFER=1 SUBPAGES=1/0 GAP_MS=62.853 HASH=3a4a41633b99dd3f
CYCLE=0 PAIR=58 BUFFER=2 SUBPAGES=1/0 GAP_MS=65.060 HASH=5fb37bc4fdb2a8f4
CYCLE=0 PAIR=59 BUFFER=3 SUBPAGES=1/0 GAP_MS=63.791 HASH=52a796a716f1f112
CYCLE=0 PAIR=60 BUFFER=0 SUBPAGES=1/0 GAP_MS=64.806 HASH=1279a7ac1f87a740
CYCLE=0 PAIR=61 BUFFER=1 SUBPAGES=1/0 GAP_MS=65.534 HASH=e6c70c02dbbf9efb
CYCLE=0 PAIR=62 BUFFER=2 SUBPAGES=1/0 GAP_MS=62.436 HASH=38fa0e393f61f8bb
CYCLE=0 PAIR=63 BUFFER=3 SUBPAGES=1/0 GAP_MS=64.191 HASH=e4d3cb6dca1c42d9
CYCLE=0 PAIR=64 BUFFER=0 SUBPAGES=1/0 GAP_MS=63.184 HASH=50c81ccb5499299f
CYCLE=0 PAIR=65 BUFFER=1 SUBPAGES=1/0 GAP_MS=64.058 HASH=0e81ce7b7c3552d2
CYCLE=0 PAIR=66 BUFFER=2 SUBPAGES=1/0 GAP_MS=64.129 HASH=f89eb5f5685288b1
CYCLE=0 PAIR=67 BUFFER=3 SUBPAGES=1/0 GAP_MS=65.092 HASH=accc3070dc3ee859
CYCLE=0 PAIR=68 BUFFER=0 SUBPAGES=1/0 GAP_MS=63.203 HASH=31482413b2e9e4b4
CYCLE=0 PAIR=69 BUFFER=1 SUBPAGES=1/0 GAP_MS=64.312 HASH=94a7088c11cc08c7
CYCLE=0 PAIR=70 BUFFER=2 SUBPAGES=1/0 GAP_MS=64.411 HASH=2b5d6f9367926426
CYCLE=0 PAIR=71 BUFFER=3 SUBPAGES=1/0 GAP_MS=64.121 HASH=8950b6ae0921fc69
CYCLE=0 PAIR=72 BUFFER=0 SUBPAGES=1/0 GAP_MS=63.575 HASH=0cdddacf3fb04929
CYCLE=0 PAIR=73 BUFFER=1 SUBPAGES=1/0 GAP_MS=64.241 HASH=36b2bd2459ab7295
CYCLE=0 PAIR=74 BUFFER=2 SUBPAGES=1/0 GAP_MS=63.920 HASH=cfd3d8b149a584c6
CYCLE=0 PAIR=75 BUFFER=3 SUBPAGES=1/0 GAP_MS=64.135 HASH=46fec38f81b70ecf
CYCLE=0 PAIR=76 BUFFER=0 SUBPAGES=1/0 GAP_MS=64.751 HASH=69fe89069d579b6d
CYCLE=0 PAIR=77 BUFFER=1 SUBPAGES=1/0 GAP_MS=64.318 HASH=84e7fa5263671fa2
CYCLE=0 PAIR=78 BUFFER=2 SUBPAGES=1/0 GAP_MS=64.807 HASH=c66d6bf9889084d7
CYCLE=0 PAIR=79 BUFFER=3 SUBPAGES=1/0 GAP_MS=63.564 HASH=27f9ba53201b38a1
TOTAL_PAIRS=80
ELAPSED_SECONDS=10.657
STAGE5_RUNTIME_CHECK=PASS
