		VIDIOC_REQBUFS returned 0 (Success)
		VIDIOC_QUERYBUF returned 0 (Success)
		VIDIOC_QUERYBUF returned 0 (Success)
		VIDIOC_QUERYBUF returned 0 (Success)
		VIDIOC_QUERYBUF returned 0 (Success)
		VIDIOC_QBUF returned 0 (Success)
		VIDIOC_QBUF returned 0 (Success)
		VIDIOC_QBUF returned 0 (Success)
		VIDIOC_QBUF returned 0 (Success)
		VIDIOC_STREAMON returned 0 (Success)
cap dqbuf: 0 seq:      0 bytesused: 12441600 ts: 1408.955707 delta now: +33.264 ms (ts-monotonic, ts-src-eof)
cap dqbuf: 1 seq:      1 bytesused: 12441600 ts: 1408.988936 delta: 33.229 ms delta now: +33.242 ms (ts-monotonic, ts-src-eof)
cap dqbuf: 2 seq:      2 bytesused: 12441600 ts: 1409.022267 delta: 33.331 ms delta now: +33.398 ms (ts-monotonic, ts-src-eof)
cap dqbuf: 3 seq:      3 bytesused: 12441600 ts: 1409.055701 delta: 33.434 ms delta now: +33.313 ms (ts-monotonic, ts-src-eof)
cap dqbuf: 0 seq:      4 bytesused: 12441600 ts: 1409.089034 delta: 33.333 ms delta now: +33.420 ms fps: 30.00 (ts-monotonic, ts-src-eof)
cap dqbuf: 1 seq:      5 bytesused: 12441600 ts: 1409.122368 delta: 33.334 ms delta now: +33.049 ms fps: 30.00 (ts-monotonic, ts-src-eof)
cap dqbuf: 2 seq:      6 bytesused: 12441600 ts: 1409.155602 delta: 33.234 ms delta now: +33.320 ms fps: 30.02 (ts-monotonic, ts-src-eof)
cap dqbuf: 3 seq:      7 bytesused: 12441600 ts: 1409.188942 delta: 33.340 ms delta now: +32.292 ms fps: 30.01 (ts-monotonic, ts-src-eof)
cap dqbuf: 0 seq:      8 bytesused: 12441600 ts: 1409.222267 delta: 33.325 ms delta now: +32.293 ms fps: 30.01 (ts-monotonic, ts-src-eof)
cap dqbuf: 1 seq:      9 bytesused: 12441600 ts: 1409.255600 delta: 33.333 ms delta now: +33.151 ms fps: 30.01 (ts-monotonic, ts-src-eof)
cap dqbuf: 2 seq:     10 bytesused: 12441600 ts: 1409.288935 delta: 33.335 ms delta now: +33.296 ms fps: 30.01 (ts-monotonic, ts-src-eof)
cap dqbuf: 3 seq:     11 bytesused: 12441600 ts: 1409.322269 delta: 33.334 ms delta now: +33.274 ms fps: 30.01 (ts-monotonic, ts-src-eof)
cap dqbuf: 0 seq:     12 bytesused: 12441600 ts: 1409.355602 delta: 33.333 ms delta now: +32.541 ms fps: 30.01 (ts-monotonic, ts-src-eof)
cap dqbuf: 1 seq:     13 bytesused: 12441600 ts: 1409.388934 delta: 33.332 ms delta now: +33.150 ms fps: 30.01 (ts-monotonic, ts-src-eof)
cap dqbuf: 2 seq:     14 bytesused: 12441600 ts: 1409.422269 delta: 33.335 ms delta now: +32.291 ms fps: 30.01 (ts-monotonic, ts-src-eof)
cap dqbuf: 3 seq:     15 bytesused: 12441600 ts: 1409.455600 delta: 33.331 ms delta now: +33.335 ms fps: 30.01 (ts-monotonic, ts-src-eof)
cap dqbuf: 0 seq:     16 bytesused: 12441600 ts: 1409.488936 delta: 33.336 ms delta now: +33.431 ms fps: 30.01 (ts-monotonic, ts-src-eof)
cap dqbuf: 1 seq:     17 bytesused: 12441600 ts: 1409.522269 delta: 33.333 ms delta now: +32.299 ms fps: 30.01 (ts-monotonic, ts-src-eof)
cap dqbuf: 2 seq:     18 bytesused: 12441600 ts: 1409.555600 delta: 33.331 ms delta now: +33.276 ms fps: 30.01 (ts-monotonic, ts-src-eof)
cap dqbuf: 3 seq:     19 bytesused: 12441600 ts: 1409.588936 delta: 33.336 ms delta now: +32.304 ms fps: 30.00 (ts-monotonic, ts-src-eof)
cap dqbuf: 0 seq:     20 bytesused: 12441600 ts: 1409.622269 delta: 33.333 ms delta now: +32.289 ms fps: 30.00 (ts-monotonic, ts-src-eof)
cap dqbuf: 1 seq:     21 bytesused: 12441600 ts: 1409.655600 delta: 33.331 ms delta now: +33.157 ms fps: 30.00 (ts-monotonic, ts-src-eof)
cap dqbuf: 2 seq:     22 bytesused: 12441600 ts: 1409.688935 delta: 33.335 ms delta now: +33.338 ms fps: 30.00 (ts-monotonic, ts-src-eof)
cap dqbuf: 3 seq:     23 bytesused: 12441600 ts: 1409.722269 delta: 33.334 ms delta now: +32.284 ms fps: 30.00 (ts-monotonic, ts-src-eof)
cap dqbuf: 0 seq:     24 bytesused: 12441600 ts: 1409.755600 delta: 33.331 ms delta now: +32.287 ms fps: 30.00 (ts-monotonic, ts-src-eof)
cap dqbuf: 1 seq:     25 bytesused: 12441600 ts: 1409.788934 delta: 33.334 ms delta now: +33.179 ms fps: 30.00 (ts-monotonic, ts-src-eof)
cap dqbuf: 2 seq:     26 bytesused: 12441600 ts: 1409.822269 delta: 33.335 ms delta now: +32.285 ms fps: 30.00 (ts-monotonic, ts-src-eof)
cap dqbuf: 3 seq:     27 bytesused: 12441600 ts: 1409.855600 delta: 33.331 ms delta now: +33.164 ms fps: 30.00 (ts-monotonic, ts-src-eof)
cap dqbuf: 0 seq:     28 bytesused: 12441600 ts: 1409.888935 delta: 33.335 ms delta now: +33.328 ms fps: 30.00 (ts-monotonic, ts-src-eof)
cap dqbuf: 1 seq:     29 bytesused: 12441600 ts: 1409.922269 delta: 33.334 ms delta now: +33.345 ms fps: 30.00 (ts-monotonic, ts-src-eof)
cap dqbuf: 2 seq:     30 bytesused: 12441600 ts: 1409.955701 delta: 33.432 ms delta now: +33.174 ms fps: 30.00 (ts-monotonic, ts-src-eof)
cap dqbuf: 3 seq:     31 bytesused: 12441600 ts: 1409.988937 delta: 33.236 ms delta now: +33.144 ms fps: 30.00 (ts-monotonic, ts-src-eof)
cap dqbuf: 0 seq:     32 bytesused: 12441600 ts: 1410.022276 delta: 33.339 ms delta now: +33.426 ms fps: 30.00 (ts-monotonic, ts-src-eof)
cap dqbuf: 1 seq:     33 bytesused: 12441600 ts: 1410.055606 delta: 33.330 ms delta now: +33.396 ms fps: 30.00 (ts-monotonic, ts-src-eof)
cap dqbuf: 2 seq:     34 bytesused: 12441600 ts: 1410.089051 delta: 33.445 ms delta now: +32.174 ms fps: 30.00 (ts-monotonic, ts-src-eof)
cap dqbuf: 3 seq:     35 bytesused: 12441600 ts: 1410.122267 delta: 33.216 ms delta now: +33.147 ms fps: 30.00 (ts-monotonic, ts-src-eof)
cap dqbuf: 0 seq:     36 bytesused: 12441600 ts: 1410.155714 delta: 33.447 ms delta now: +32.195 ms fps: 30.00 (ts-monotonic, ts-src-eof)
cap dqbuf: 1 seq:     37 bytesused: 12441600 ts: 1410.188934 delta: 33.220 ms delta now: +32.304 ms fps: 30.00 (ts-monotonic, ts-src-eof)
cap dqbuf: 2 seq:     38 bytesused: 12441600 ts: 1410.222267 delta: 33.333 ms delta now: +33.156 ms fps: 30.00 (ts-monotonic, ts-src-eof)
cap dqbuf: 3 seq:     39 bytesused: 12441600 ts: 1410.255602 delta: 33.335 ms delta now: +33.415 ms fps: 30.00 (ts-monotonic, ts-src-eof)
cap dqbuf: 0 seq:     40 bytesused: 12441600 ts: 1410.288936 delta: 33.334 ms delta now: +33.307 ms fps: 30.00 (ts-monotonic, ts-src-eof)
cap dqbuf: 1 seq:     41 bytesused: 12441600 ts: 1410.322269 delta: 33.333 ms delta now: +32.284 ms fps: 30.00 (ts-monotonic, ts-src-eof)
cap dqbuf: 2 seq:     42 bytesused: 12441600 ts: 1410.355602 delta: 33.333 ms delta now: +33.348 ms fps: 30.00 (ts-monotonic, ts-src-eof)
cap dqbuf: 3 seq:     43 bytesused: 12441600 ts: 1410.388936 delta: 33.334 ms delta now: +32.291 ms fps: 30.00 (ts-monotonic, ts-src-eof)
cap dqbuf: 0 seq:     44 bytesused: 12441600 ts: 1410.422267 delta: 33.331 ms delta now: +33.389 ms fps: 30.00 (ts-monotonic, ts-src-eof)
cap dqbuf: 1 seq:     45 bytesused: 12441600 ts: 1410.455603 delta: 33.336 ms delta now: +32.289 ms fps: 30.00 (ts-monotonic, ts-src-eof)
cap dqbuf: 2 seq:     46 bytesused: 12441600 ts: 1410.488934 delta: 33.331 ms delta now: +33.273 ms fps: 30.00 (ts-monotonic, ts-src-eof)
cap dqbuf: 3 seq:     47 bytesused: 12441600 ts: 1410.522380 delta: 33.446 ms delta now: +33.167 ms fps: 30.00 (ts-monotonic, ts-src-eof)
cap dqbuf: 0 seq:     48 bytesused: 12441600 ts: 1410.555603 delta: 33.223 ms delta now: +33.325 ms fps: 30.00 (ts-monotonic, ts-src-eof)
cap dqbuf: 1 seq:     49 bytesused: 12441600 ts: 1410.588936 delta: 33.333 ms delta now: +33.284 ms fps: 30.00 (ts-monotonic, ts-src-eof)
cap dqbuf: 2 seq:     50 bytesused: 12441600 ts: 1410.622269 delta: 33.333 ms delta now: +32.288 ms fps: 30.00 (ts-monotonic, ts-src-eof)
cap dqbuf: 3 seq:     51 bytesused: 12441600 ts: 1410.655600 delta: 33.331 ms delta now: +33.150 ms fps: 30.00 (ts-monotonic, ts-src-eof)
cap dqbuf: 0 seq:     52 bytesused: 12441600 ts: 1410.688935 delta: 33.335 ms delta now: +32.287 ms fps: 30.00 (ts-monotonic, ts-src-eof)
cap dqbuf: 1 seq:     53 bytesused: 12441600 ts: 1410.722267 delta: 33.332 ms delta now: +33.280 ms fps: 30.00 (ts-monotonic, ts-src-eof)
cap dqbuf: 2 seq:     54 bytesused: 12441600 ts: 1410.755603 delta: 33.336 ms delta now: +33.457 ms fps: 30.00 (ts-monotonic, ts-src-eof)
cap dqbuf: 3 seq:     55 bytesused: 12441600 ts: 1410.789053 delta: 33.450 ms delta now: +33.031 ms fps: 30.00 (ts-monotonic, ts-src-eof)
cap dqbuf: 0 seq:     56 bytesused: 12441600 ts: 1410.822269 delta: 33.216 ms delta now: +33.399 ms fps: 30.00 (ts-monotonic, ts-src-eof)
cap dqbuf: 1 seq:     57 bytesused: 12441600 ts: 1410.855721 delta: 33.452 ms delta now: +33.309 ms fps: 30.00 (ts-monotonic, ts-src-eof)
cap dqbuf: 2 seq:     58 bytesused: 12441600 ts: 1410.889033 delta: 33.312 ms delta now: +33.174 ms fps: 30.00 (ts-monotonic, ts-src-eof)
cap dqbuf: 3 seq:     59 bytesused: 12441600 ts: 1410.922269 delta: 33.236 ms delta now: +33.162 ms fps: 30.00 (ts-monotonic, ts-src-eof)
cap dqbuf: 0 seq:     60 bytesused: 12441600 ts: 1410.955604 delta: 33.335 ms delta now: +33.272 ms fps: 30.00 (ts-monotonic, ts-src-eof)
cap dqbuf: 1 seq:     61 bytesused: 12441600 ts: 1410.988936 delta: 33.332 ms delta now: +32.284 ms fps: 30.00 (ts-monotonic, ts-src-eof)
cap dqbuf: 2 seq:     62 bytesused: 12441600 ts: 1411.022267 delta: 33.331 ms delta now: +33.146 ms fps: 30.00 (ts-monotonic, ts-src-eof)
cap dqbuf: 3 seq:     63 bytesused: 12441600 ts: 1411.055602 delta: 33.335 ms delta now: +33.404 ms fps: 30.00 (ts-monotonic, ts-src-eof)
cap dqbuf: 0 seq:     64 bytesused: 12441600 ts: 1411.089051 delta: 33.449 ms delta now: +32.172 ms fps: 30.00 (ts-monotonic, ts-src-eof)
cap dqbuf: 1 seq:     65 bytesused: 12441600 ts: 1411.122267 delta: 33.216 ms delta now: +33.171 ms fps: 30.00 (ts-monotonic, ts-src-eof)
cap dqbuf: 2 seq:     66 bytesused: 12441600 ts: 1411.155602 delta: 33.335 ms delta now: +33.217 ms fps: 30.00 (ts-monotonic, ts-src-eof)
cap dqbuf: 3 seq:     67 bytesused: 12441600 ts: 1411.188936 delta: 33.334 ms delta now: +33.273 ms fps: 30.00 (ts-monotonic, ts-src-eof)
cap dqbuf: 0 seq:     68 bytesused: 12441600 ts: 1411.222269 delta: 33.333 ms delta now: +33.271 ms fps: 30.00 (ts-monotonic, ts-src-eof)
cap dqbuf: 1 seq:     69 bytesused: 12441600 ts: 1411.255603 delta: 33.334 ms delta now: +33.166 ms fps: 30.00 (ts-monotonic, ts-src-eof)
cap dqbuf: 2 seq:     70 bytesused: 12441600 ts: 1411.288936 delta: 33.333 ms delta now: +32.286 ms fps: 30.00 (ts-monotonic, ts-src-eof)
cap dqbuf: 3 seq:     71 bytesused: 12441600 ts: 1411.322267 delta: 33.331 ms delta now: +33.388 ms fps: 30.00 (ts-monotonic, ts-src-eof)
cap dqbuf: 0 seq:     72 bytesused: 12441600 ts: 1411.355603 delta: 33.336 ms delta now: +33.389 ms fps: 30.00 (ts-monotonic, ts-src-eof)
cap dqbuf: 1 seq:     73 bytesused: 12441600 ts: 1411.389035 delta: 33.432 ms delta now: +33.258 ms fps: 30.00 (ts-monotonic, ts-src-eof)
cap dqbuf: 2 seq:     74 bytesused: 12441600 ts: 1411.422269 delta: 33.234 ms delta now: +32.284 ms fps: 30.00 (ts-monotonic, ts-src-eof)
cap dqbuf: 3 seq:     75 bytesused: 12441600 ts: 1411.455601 delta: 33.332 ms delta now: +33.149 ms fps: 30.00 (ts-monotonic, ts-src-eof)
cap dqbuf: 0 seq:     76 bytesused: 12441600 ts: 1411.488935 delta: 33.334 ms delta now: +33.307 ms fps: 30.00 (ts-monotonic, ts-src-eof)
cap dqbuf: 1 seq:     77 bytesused: 12441600 ts: 1411.522269 delta: 33.334 ms delta now: +33.342 ms fps: 30.00 (ts-monotonic, ts-src-eof)
cap dqbuf: 2 seq:     78 bytesused: 12441600 ts: 1411.555603 delta: 33.334 ms delta now: +33.153 ms fps: 30.00 (ts-monotonic, ts-src-eof)
cap dqbuf: 3 seq:     79 bytesused: 12441600 ts: 1411.588935 delta: 33.332 ms delta now: +33.289 ms fps: 30.00 (ts-monotonic, ts-src-eof)
cap dqbuf: 0 seq:     80 bytesused: 12441600 ts: 1411.622269 delta: 33.334 ms delta now: +32.287 ms fps: 30.00 (ts-monotonic, ts-src-eof)
cap dqbuf: 1 seq:     81 bytesused: 12441600 ts: 1411.655601 delta: 33.332 ms delta now: +33.275 ms fps: 30.00 (ts-monotonic, ts-src-eof)
cap dqbuf: 2 seq:     82 bytesused: 12441600 ts: 1411.688936 delta: 33.335 ms delta now: +32.286 ms fps: 30.00 (ts-monotonic, ts-src-eof)
cap dqbuf: 3 seq:     83 bytesused: 12441600 ts: 1411.722269 delta: 33.333 ms delta now: +33.333 ms fps: 30.00 (ts-monotonic, ts-src-eof)
cap dqbuf: 0 seq:     84 bytesused: 12441600 ts: 1411.755713 delta: 33.444 ms delta now: +32.175 ms fps: 30.00 (ts-monotonic, ts-src-eof)
cap dqbuf: 1 seq:     85 bytesused: 12441600 ts: 1411.788934 delta: 33.221 ms delta now: +33.356 ms fps: 30.00 (ts-monotonic, ts-src-eof)
cap dqbuf: 2 seq:     86 bytesused: 12441600 ts: 1411.822271 delta: 33.337 ms delta now: +33.163 ms fps: 30.00 (ts-monotonic, ts-src-eof)
cap dqbuf: 3 seq:     87 bytesused: 12441600 ts: 1411.855602 delta: 33.331 ms delta now: +33.407 ms fps: 30.00 (ts-monotonic, ts-src-eof)
cap dqbuf: 0 seq:     88 bytesused: 12441600 ts: 1411.889051 delta: 33.449 ms delta now: +32.230 ms fps: 30.00 (ts-monotonic, ts-src-eof)
cap dqbuf: 1 seq:     89 bytesused: 12441600 ts: 1411.922267 delta: 33.216 ms delta now: +33.146 ms fps: 30.00 (ts-monotonic, ts-src-eof)
cap dqbuf: 2 seq:     90 bytesused: 12441600 ts: 1411.955602 delta: 33.335 ms delta now: +33.172 ms fps: 30.00 (ts-monotonic, ts-src-eof)
cap dqbuf: 3 seq:     91 bytesused: 12441600 ts: 1411.988936 delta: 33.334 ms delta now: +33.343 ms fps: 30.00 (ts-monotonic, ts-src-eof)
cap dqbuf: 0 seq:     92 bytesused: 12441600 ts: 1412.022385 delta: 33.449 ms delta now: +32.169 ms fps: 30.00 (ts-monotonic, ts-src-eof)
cap dqbuf: 1 seq:     93 bytesused: 12441600 ts: 1412.055600 delta: 33.215 ms delta now: +33.476 ms fps: 30.00 (ts-monotonic, ts-src-eof)
cap dqbuf: 2 seq:     94 bytesused: 12441600 ts: 1412.089050 delta: 33.450 ms delta now: +33.327 ms fps: 30.00 (ts-monotonic, ts-src-eof)
cap dqbuf: 3 seq:     95 bytesused: 12441600 ts: 1412.122382 delta: 33.332 ms delta now: +32.173 ms fps: 30.00 (ts-monotonic, ts-src-eof)
cap dqbuf: 0 seq:     96 bytesused: 12441600 ts: 1412.155601 delta: 33.219 ms delta now: +33.180 ms fps: 30.00 (ts-monotonic, ts-src-eof)
cap dqbuf: 1 seq:     97 bytesused: 12441600 ts: 1412.188936 delta: 33.335 ms delta now: +32.495 ms fps: 30.00 (ts-monotonic, ts-src-eof)
cap dqbuf: 2 seq:     98 bytesused: 12441600 ts: 1412.222267 delta: 33.331 ms delta now: +33.164 ms fps: 30.00 (ts-monotonic, ts-src-eof)
cap dqbuf: 3 seq:     99 bytesused: 12441600 ts: 1412.255602 delta: 33.335 ms delta now: +33.459 ms fps: 30.00 (ts-monotonic, ts-src-eof)
cap dqbuf: 0 seq:    100 bytesused: 12441600 ts: 1412.289048 delta: 33.446 ms delta now: +33.200 ms fps: 30.00 (ts-monotonic, ts-src-eof)
cap dqbuf: 1 seq:    101 bytesused: 12441600 ts: 1412.322383 delta: 33.335 ms delta now: +32.172 ms fps: 30.00 (ts-monotonic, ts-src-eof)
cap dqbuf: 2 seq:    102 bytesused: 12441600 ts: 1412.355601 delta: 33.218 ms delta now: +32.286 ms fps: 30.00 (ts-monotonic, ts-src-eof)
cap dqbuf: 3 seq:    103 bytesused: 12441600 ts: 1412.388934 delta: 33.333 ms delta now: +33.185 ms fps: 30.00 (ts-monotonic, ts-src-eof)
cap dqbuf: 0 seq:    104 bytesused: 12441600 ts: 1412.422269 delta: 33.335 ms delta now: +33.520 ms fps: 30.00 (ts-monotonic, ts-src-eof)
cap dqbuf: 1 seq:    105 bytesused: 12441600 ts: 1412.455717 delta: 33.448 ms delta now: +32.171 ms fps: 30.00 (ts-monotonic, ts-src-eof)
cap dqbuf: 2 seq:    106 bytesused: 12441600 ts: 1412.488936 delta: 33.219 ms delta now: +33.340 ms fps: 30.00 (ts-monotonic, ts-src-eof)
cap dqbuf: 3 seq:    107 bytesused: 12441600 ts: 1412.522369 delta: 33.433 ms delta now: +33.175 ms fps: 30.00 (ts-monotonic, ts-src-eof)
cap dqbuf: 0 seq:    108 bytesused: 12441600 ts: 1412.555717 delta: 33.348 ms delta now: +33.191 ms fps: 30.00 (ts-monotonic, ts-src-eof)
cap dqbuf: 1 seq:    109 bytesused: 12441600 ts: 1412.588936 delta: 33.219 ms delta now: +33.400 ms fps: 30.00 (ts-monotonic, ts-src-eof)
cap dqbuf: 2 seq:    110 bytesused: 12441600 ts: 1412.622367 delta: 33.431 ms delta now: +33.313 ms fps: 30.00 (ts-monotonic, ts-src-eof)
cap dqbuf: 3 seq:    111 bytesused: 12441600 ts: 1412.655700 delta: 33.333 ms delta now: +32.189 ms fps: 30.00 (ts-monotonic, ts-src-eof)
cap dqbuf: 0 seq:    112 bytesused: 12441600 ts: 1412.688936 delta: 33.236 ms delta now: +32.325 ms fps: 30.00 (ts-monotonic, ts-src-eof)
cap dqbuf: 1 seq:    113 bytesused: 12441600 ts: 1412.722267 delta: 33.331 ms delta now: +33.448 ms fps: 30.00 (ts-monotonic, ts-src-eof)
cap dqbuf: 2 seq:    114 bytesused: 12441600 ts: 1412.755606 delta: 33.339 ms delta now: +33.453 ms fps: 30.00 (ts-monotonic, ts-src-eof)
cap dqbuf: 3 seq:    115 bytesused: 12441600 ts: 1412.789048 delta: 33.442 ms delta now: +32.175 ms fps: 30.00 (ts-monotonic, ts-src-eof)
cap dqbuf: 0 seq:    116 bytesused: 12441600 ts: 1412.822269 delta: 33.221 ms delta now: +32.294 ms fps: 30.00 (ts-monotonic, ts-src-eof)
cap dqbuf: 1 seq:    117 bytesused: 12441600 ts: 1412.855601 delta: 33.332 ms delta now: +33.160 ms fps: 30.00 (ts-monotonic, ts-src-eof)
cap dqbuf: 2 seq:    118 bytesused: 12441600 ts: 1412.888936 delta: 33.335 ms delta now: +33.158 ms fps: 30.00 (ts-monotonic, ts-src-eof)
cap dqbuf: 3 seq:    119 bytesused: 12441600 ts: 1412.922269 delta: 33.333 ms delta now: +33.156 ms fps: 30.00 (ts-monotonic, ts-src-eof)
cap dqbuf: 0 seq:    120 bytesused: 12441600 ts: 1412.955603 delta: 33.334 ms delta now: +33.402 ms fps: 30.00 (ts-monotonic, ts-src-eof)
cap dqbuf: 1 seq:    121 bytesused: 12441600 ts: 1412.989052 delta: 33.449 ms delta now: +32.168 ms fps: 30.00 (ts-monotonic, ts-src-eof)
cap dqbuf: 2 seq:    122 bytesused: 12441600 ts: 1413.022267 delta: 33.215 ms delta now: +32.287 ms fps: 30.00 (ts-monotonic, ts-src-eof)
cap dqbuf: 3 seq:    123 bytesused: 12441600 ts: 1413.055601 delta: 33.334 ms delta now: +33.182 ms fps: 30.00 (ts-monotonic, ts-src-eof)
cap dqbuf: 0 seq:    124 bytesused: 12441600 ts: 1413.088936 delta: 33.335 ms delta now: +32.286 ms fps: 30.00 (ts-monotonic, ts-src-eof)
cap dqbuf: 1 seq:    125 bytesused: 12441600 ts: 1413.122267 delta: 33.331 ms delta now: +33.405 ms fps: 30.00 (ts-monotonic, ts-src-eof)
cap dqbuf: 2 seq:    126 bytesused: 12441600 ts: 1413.155719 delta: 33.452 ms delta now: +33.176 ms fps: 30.00 (ts-monotonic, ts-src-eof)
cap dqbuf: 3 seq:    127 bytesused: 12441600 ts: 1413.188936 delta: 33.217 ms delta now: +33.168 ms fps: 30.00 (ts-monotonic, ts-src-eof)
cap dqbuf: 0 seq:    128 bytesused: 12441600 ts: 1413.222269 delta: 33.333 ms delta now: +32.296 ms fps: 30.00 (ts-monotonic, ts-src-eof)
cap dqbuf: 1 seq:    129 bytesused: 12441600 ts: 1413.255601 delta: 33.332 ms delta now: +32.299 ms fps: 30.00 (ts-monotonic, ts-src-eof)
cap dqbuf: 2 seq:    130 bytesused: 12441600 ts: 1413.288936 delta: 33.335 ms delta now: +33.286 ms fps: 30.00 (ts-monotonic, ts-src-eof)
cap dqbuf: 3 seq:    131 bytesused: 12441600 ts: 1413.322270 delta: 33.334 ms delta now: +33.309 ms fps: 30.00 (ts-monotonic, ts-src-eof)
cap dqbuf: 0 seq:    132 bytesused: 12441600 ts: 1413.355718 delta: 33.448 ms delta now: +33.169 ms fps: 30.00 (ts-monotonic, ts-src-eof)
cap dqbuf: 1 seq:    133 bytesused: 12441600 ts: 1413.388936 delta: 33.218 ms delta now: +33.152 ms fps: 30.00 (ts-monotonic, ts-src-eof)
cap dqbuf: 2 seq:    134 bytesused: 12441600 ts: 1413.422268 delta: 33.332 ms delta now: +33.271 ms fps: 30.00 (ts-monotonic, ts-src-eof)
cap dqbuf: 3 seq:    135 bytesused: 12441600 ts: 1413.455601 delta: 33.333 ms delta now: +32.287 ms fps: 30.00 (ts-monotonic, ts-src-eof)
cap dqbuf: 0 seq:    136 bytesused: 12441600 ts: 1413.488934 delta: 33.333 ms delta now: +32.287 ms fps: 30.00 (ts-monotonic, ts-src-eof)
cap dqbuf: 1 seq:    137 bytesused: 12441600 ts: 1413.522267 delta: 33.333 ms delta now: +33.429 ms fps: 30.00 (ts-monotonic, ts-src-eof)
cap dqbuf: 2 seq:    138 bytesused: 12441600 ts: 1413.555718 delta: 33.451 ms delta now: +33.056 ms fps: 30.00 (ts-monotonic, ts-src-eof)
cap dqbuf: 3 seq:    139 bytesused: 12441600 ts: 1413.588936 delta: 33.218 ms delta now: +33.290 ms fps: 30.00 (ts-monotonic, ts-src-eof)
cap dqbuf: 0 seq:    140 bytesused: 12441600 ts: 1413.622269 delta: 33.333 ms delta now: +33.294 ms fps: 30.00 (ts-monotonic, ts-src-eof)
cap dqbuf: 1 seq:    141 bytesused: 12441600 ts: 1413.655603 delta: 33.334 ms delta now: +33.303 ms fps: 30.00 (ts-monotonic, ts-src-eof)
cap dqbuf: 2 seq:    142 bytesused: 12441600 ts: 1413.688936 delta: 33.333 ms delta now: +33.181 ms fps: 30.00 (ts-monotonic, ts-src-eof)
cap dqbuf: 3 seq:    143 bytesused: 12441600 ts: 1413.722269 delta: 33.333 ms delta now: +33.458 ms fps: 30.00 (ts-monotonic, ts-src-eof)
cap dqbuf: 0 seq:    144 bytesused: 12441600 ts: 1413.755700 delta: 33.431 ms delta now: +33.168 ms fps: 30.00 (ts-monotonic, ts-src-eof)
cap dqbuf: 1 seq:    145 bytesused: 12441600 ts: 1413.788935 delta: 33.235 ms delta now: +33.149 ms fps: 30.00 (ts-monotonic, ts-src-eof)
cap dqbuf: 2 seq:    146 bytesused: 12441600 ts: 1413.822269 delta: 33.334 ms delta now: +33.336 ms fps: 30.00 (ts-monotonic, ts-src-eof)
cap dqbuf: 3 seq:    147 bytesused: 12441600 ts: 1413.855603 delta: 33.334 ms delta now: +33.294 ms fps: 30.00 (ts-monotonic, ts-src-eof)
cap dqbuf: 0 seq:    148 bytesused: 12441600 ts: 1413.888936 delta: 33.333 ms delta now: +33.406 ms fps: 30.00 (ts-monotonic, ts-src-eof)
cap dqbuf: 1 seq:    149 bytesused: 12441600 ts: 1413.922368 delta: 33.432 ms delta now: +33.059 ms fps: 30.00 (ts-monotonic, ts-src-eof)
cap dqbuf: 2 seq:    150 bytesused: 12441600 ts: 1413.955603 delta: 33.235 ms delta now: +33.419 ms fps: 30.00 (ts-monotonic, ts-src-eof)
cap dqbuf: 3 seq:    151 bytesused: 12441600 ts: 1413.988939 delta: 33.336 ms delta now: +32.286 ms fps: 30.00 (ts-monotonic, ts-src-eof)
cap dqbuf: 0 seq:    152 bytesused: 12441600 ts: 1414.022267 delta: 33.328 ms delta now: +33.148 ms fps: 30.00 (ts-monotonic, ts-src-eof)
cap dqbuf: 1 seq:    153 bytesused: 12441600 ts: 1414.055603 delta: 33.336 ms delta now: +33.377 ms fps: 30.00 (ts-monotonic, ts-src-eof)
cap dqbuf: 2 seq:    154 bytesused: 12441600 ts: 1414.088937 delta: 33.334 ms delta now: +33.394 ms fps: 30.00 (ts-monotonic, ts-src-eof)
cap dqbuf: 3 seq:    155 bytesused: 12441600 ts: 1414.122387 delta: 33.450 ms delta now: +33.022 ms fps: 30.00 (ts-monotonic, ts-src-eof)
cap dqbuf: 0 seq:    156 bytesused: 12441600 ts: 1414.155714 delta: 33.327 ms delta now: +32.589 ms fps: 30.00 (ts-monotonic, ts-src-eof)
cap dqbuf: 1 seq:    157 bytesused: 12441600 ts: 1414.188934 delta: 33.220 ms delta now: +33.164 ms fps: 30.00 (ts-monotonic, ts-src-eof)
cap dqbuf: 2 seq:    158 bytesused: 12441600 ts: 1414.222269 delta: 33.335 ms delta now: +32.344 ms fps: 30.00 (ts-monotonic, ts-src-eof)
cap dqbuf: 3 seq:    159 bytesused: 12441600 ts: 1414.255601 delta: 33.332 ms delta now: +33.156 ms fps: 30.00 (ts-monotonic, ts-src-eof)
cap dqbuf: 0 seq:    160 bytesused: 12441600 ts: 1414.288936 delta: 33.335 ms delta now: +33.272 ms fps: 30.00 (ts-monotonic, ts-src-eof)
cap dqbuf: 1 seq:    161 bytesused: 12441600 ts: 1414.322270 delta: 33.334 ms delta now: +32.284 ms fps: 30.00 (ts-monotonic, ts-src-eof)
cap dqbuf: 2 seq:    162 bytesused: 12441600 ts: 1414.355601 delta: 33.331 ms delta now: +32.286 ms fps: 30.00 (ts-monotonic, ts-src-eof)
cap dqbuf: 3 seq:    163 bytesused: 12441600 ts: 1414.388934 delta: 33.333 ms delta now: +33.421 ms fps: 30.00 (ts-monotonic, ts-src-eof)
cap dqbuf: 0 seq:    164 bytesused: 12441600 ts: 1414.422381 delta: 33.447 ms delta now: +32.173 ms fps: 30.00 (ts-monotonic, ts-src-eof)
cap dqbuf: 1 seq:    165 bytesused: 12441600 ts: 1414.455601 delta: 33.220 ms delta now: +32.286 ms fps: 30.00 (ts-monotonic, ts-src-eof)
cap dqbuf: 2 seq:    166 bytesused: 12441600 ts: 1414.488934 delta: 33.333 ms delta now: +33.374 ms fps: 30.00 (ts-monotonic, ts-src-eof)
cap dqbuf: 3 seq:    167 bytesused: 12441600 ts: 1414.522270 delta: 33.336 ms delta now: +32.485 ms fps: 30.00 (ts-monotonic, ts-src-eof)
cap dqbuf: 0 seq:    168 bytesused: 12441600 ts: 1414.555601 delta: 33.331 ms delta now: +33.151 ms fps: 30.00 (ts-monotonic, ts-src-eof)
cap dqbuf: 1 seq:    169 bytesused: 12441600 ts: 1414.588936 delta: 33.335 ms delta now: +33.373 ms fps: 30.00 (ts-monotonic, ts-src-eof)
cap dqbuf: 2 seq:    170 bytesused: 12441600 ts: 1414.622386 delta: 33.450 ms delta now: +33.176 ms fps: 30.00 (ts-monotonic, ts-src-eof)
cap dqbuf: 3 seq:    171 bytesused: 12441600 ts: 1414.655603 delta: 33.217 ms delta now: +33.183 ms fps: 30.00 (ts-monotonic, ts-src-eof)
cap dqbuf: 0 seq:    172 bytesused: 12441600 ts: 1414.688936 delta: 33.333 ms delta now: +33.273 ms fps: 30.00 (ts-monotonic, ts-src-eof)
cap dqbuf: 1 seq:    173 bytesused: 12441600 ts: 1414.722270 delta: 33.334 ms delta now: +33.513 ms fps: 30.00 (ts-monotonic, ts-src-eof)
cap dqbuf: 2 seq:    174 bytesused: 12441600 ts: 1414.755607 delta: 33.337 ms delta now: +32.285 ms fps: 30.00 (ts-monotonic, ts-src-eof)
cap dqbuf: 3 seq:    175 bytesused: 12441600 ts: 1414.788934 delta: 33.327 ms delta now: +33.355 ms fps: 30.00 (ts-monotonic, ts-src-eof)
cap dqbuf: 0 seq:    176 bytesused: 12441600 ts: 1414.822380 delta: 33.446 ms delta now: +33.046 ms fps: 30.00 (ts-monotonic, ts-src-eof)
cap dqbuf: 1 seq:    177 bytesused: 12441600 ts: 1414.855603 delta: 33.223 ms delta now: +32.286 ms fps: 30.00 (ts-monotonic, ts-src-eof)
cap dqbuf: 2 seq:    178 bytesused: 12441600 ts: 1414.888934 delta: 33.331 ms delta now: +33.278 ms fps: 30.00 (ts-monotonic, ts-src-eof)
cap dqbuf: 3 seq:    179 bytesused: 12441600 ts: 1414.922381 delta: 33.447 ms delta now: +32.195 ms fps: 30.00 (ts-monotonic, ts-src-eof)
cap dqbuf: 0 seq:    180 bytesused: 12441600 ts: 1414.955601 delta: 33.220 ms delta now: +32.287 ms fps: 30.00 (ts-monotonic, ts-src-eof)
cap dqbuf: 1 seq:    181 bytesused: 12441600 ts: 1414.988934 delta: 33.333 ms delta now: +33.178 ms fps: 30.00 (ts-monotonic, ts-src-eof)
cap dqbuf: 2 seq:    182 bytesused: 12441600 ts: 1415.022269 delta: 33.335 ms delta now: +33.440 ms fps: 30.00 (ts-monotonic, ts-src-eof)
cap dqbuf: 3 seq:    183 bytesused: 12441600 ts: 1415.055606 delta: 33.337 ms delta now: +32.282 ms fps: 30.00 (ts-monotonic, ts-src-eof)
cap dqbuf: 0 seq:    184 bytesused: 12441600 ts: 1415.088934 delta: 33.328 ms delta now: +33.151 ms fps: 30.00 (ts-monotonic, ts-src-eof)
cap dqbuf: 1 seq:    185 bytesused: 12441600 ts: 1415.122269 delta: 33.335 ms delta now: +32.285 ms fps: 30.00 (ts-monotonic, ts-src-eof)
cap dqbuf: 2 seq:    186 bytesused: 12441600 ts: 1415.155603 delta: 33.334 ms delta now: +33.206 ms fps: 30.00 (ts-monotonic, ts-src-eof)
cap dqbuf: 3 seq:    187 bytesused: 12441600 ts: 1415.188936 delta: 33.333 ms delta now: +33.290 ms fps: 30.00 (ts-monotonic, ts-src-eof)
cap dqbuf: 0 seq:    188 bytesused: 12441600 ts: 1415.222270 delta: 33.334 ms delta now: +33.158 ms fps: 30.00 (ts-monotonic, ts-src-eof)
cap dqbuf: 1 seq:    189 bytesused: 12441600 ts: 1415.255602 delta: 33.332 ms delta now: +33.147 ms fps: 30.00 (ts-monotonic, ts-src-eof)
cap dqbuf: 2 seq:    190 bytesused: 12441600 ts: 1415.288936 delta: 33.334 ms delta now: +33.294 ms fps: 30.00 (ts-monotonic, ts-src-eof)
cap dqbuf: 3 seq:    191 bytesused: 12441600 ts: 1415.322269 delta: 33.333 ms delta now: +33.145 ms fps: 30.00 (ts-monotonic, ts-src-eof)
cap dqbuf: 0 seq:    192 bytesused: 12441600 ts: 1415.355603 delta: 33.334 ms delta now: +32.284 ms fps: 30.00 (ts-monotonic, ts-src-eof)
cap dqbuf: 1 seq:    193 bytesused: 12441600 ts: 1415.388936 delta: 33.333 ms delta now: +33.301 ms fps: 30.00 (ts-monotonic, ts-src-eof)
cap dqbuf: 2 seq:    194 bytesused: 12441600 ts: 1415.422270 delta: 33.334 ms delta now: +32.288 ms fps: 30.00 (ts-monotonic, ts-src-eof)
cap dqbuf: 3 seq:    195 bytesused: 12441600 ts: 1415.455601 delta: 33.331 ms delta now: +32.286 ms fps: 30.00 (ts-monotonic, ts-src-eof)
cap dqbuf: 0 seq:    196 bytesused: 12441600 ts: 1415.488936 delta: 33.335 ms delta now: +32.285 ms fps: 30.00 (ts-monotonic, ts-src-eof)
cap dqbuf: 1 seq:    197 bytesused: 12441600 ts: 1415.522269 delta: 33.333 ms delta now: +33.504 ms fps: 30.00 (ts-monotonic, ts-src-eof)
cap dqbuf: 2 seq:    198 bytesused: 12441600 ts: 1415.555703 delta: 33.434 ms delta now: +33.177 ms fps: 30.00 (ts-monotonic, ts-src-eof)
cap dqbuf: 3 seq:    199 bytesused: 12441600 ts: 1415.588935 delta: 33.232 ms delta now: +33.400 ms fps: 30.00 (ts-monotonic, ts-src-eof)
cap dqbuf: 0 seq:    200 bytesused: 12441600 ts: 1415.622369 delta: 33.434 ms delta now: +33.406 ms fps: 30.00 (ts-monotonic, ts-src-eof)
cap dqbuf: 1 seq:    201 bytesused: 12441600 ts: 1415.655701 delta: 33.332 ms delta now: +32.998 ms fps: 30.00 (ts-monotonic, ts-src-eof)
cap dqbuf: 2 seq:    202 bytesused: 12441600 ts: 1415.688934 delta: 33.233 ms delta now: +33.416 ms fps: 30.00 (ts-monotonic, ts-src-eof)
cap dqbuf: 3 seq:    203 bytesused: 12441600 ts: 1415.722384 delta: 33.450 ms delta now: +33.263 ms fps: 30.00 (ts-monotonic, ts-src-eof)
cap dqbuf: 0 seq:    204 bytesused: 12441600 ts: 1415.755714 delta: 33.330 ms delta now: +32.498 ms fps: 30.00 (ts-monotonic, ts-src-eof)
cap dqbuf: 1 seq:    205 bytesused: 12441600 ts: 1415.788934 delta: 33.220 ms delta now: +32.295 ms fps: 30.00 (ts-monotonic, ts-src-eof)
cap dqbuf: 2 seq:    206 bytesused: 12441600 ts: 1415.822268 delta: 33.334 ms delta now: +33.309 ms fps: 30.00 (ts-monotonic, ts-src-eof)
cap dqbuf: 3 seq:    207 bytesused: 12441600 ts: 1415.855603 delta: 33.335 ms delta now: +32.285 ms fps: 30.00 (ts-monotonic, ts-src-eof)
cap dqbuf: 0 seq:    208 bytesused: 12441600 ts: 1415.888936 delta: 33.333 ms delta now: +32.284 ms fps: 30.00 (ts-monotonic, ts-src-eof)
cap dqbuf: 1 seq:    209 bytesused: 12441600 ts: 1415.922268 delta: 33.332 ms delta now: +32.286 ms fps: 30.00 (ts-monotonic, ts-src-eof)
cap dqbuf: 2 seq:    210 bytesused: 12441600 ts: 1415.955601 delta: 33.333 ms delta now: +33.147 ms fps: 30.00 (ts-monotonic, ts-src-eof)
cap dqbuf: 3 seq:    211 bytesused: 12441600 ts: 1415.988936 delta: 33.335 ms delta now: +33.389 ms fps: 30.00 (ts-monotonic, ts-src-eof)
cap dqbuf: 0 seq:    212 bytesused: 12441600 ts: 1416.022380 delta: 33.444 ms delta now: +32.177 ms fps: 30.00 (ts-monotonic, ts-src-eof)
cap dqbuf: 1 seq:    213 bytesused: 12441600 ts: 1416.055601 delta: 33.221 ms delta now: +33.372 ms fps: 30.00 (ts-monotonic, ts-src-eof)
cap dqbuf: 2 seq:    214 bytesused: 12441600 ts: 1416.088936 delta: 33.335 ms delta now: +32.286 ms fps: 30.00 (ts-monotonic, ts-src-eof)
cap dqbuf: 3 seq:    215 bytesused: 12441600 ts: 1416.122270 delta: 33.334 ms delta now: +32.285 ms fps: 30.00 (ts-monotonic, ts-src-eof)
cap dqbuf: 0 seq:    216 bytesused: 12441600 ts: 1416.155603 delta: 33.333 ms delta now: +33.511 ms fps: 30.00 (ts-monotonic, ts-src-eof)
cap dqbuf: 1 seq:    217 bytesused: 12441600 ts: 1416.188936 delta: 33.333 ms delta now: +32.306 ms fps: 30.00 (ts-monotonic, ts-src-eof)
cap dqbuf: 2 seq:    218 bytesused: 12441600 ts: 1416.222268 delta: 33.332 ms delta now: +33.390 ms fps: 30.00 (ts-monotonic, ts-src-eof)
cap dqbuf: 3 seq:    219 bytesused: 12441600 ts: 1416.255719 delta: 33.451 ms delta now: +32.182 ms fps: 30.00 (ts-monotonic, ts-src-eof)
cap dqbuf: 0 seq:    220 bytesused: 12441600 ts: 1416.288934 delta: 33.215 ms delta now: +33.422 ms fps: 30.00 (ts-monotonic, ts-src-eof)
cap dqbuf: 1 seq:    221 bytesused: 12441600 ts: 1416.322383 delta: 33.449 ms delta now: +33.188 ms fps: 30.00 (ts-monotonic, ts-src-eof)
cap dqbuf: 2 seq:    222 bytesused: 12441600 ts: 1416.355701 delta: 33.318 ms delta now: +33.266 ms fps: 30.00 (ts-monotonic, ts-src-eof)
cap dqbuf: 3 seq:    223 bytesused: 12441600 ts: 1416.389051 delta: 33.350 ms delta now: +33.324 ms fps: 30.00 (ts-monotonic, ts-src-eof)
cap dqbuf: 0 seq:    224 bytesused: 12441600 ts: 1416.422273 delta: 33.222 ms delta now: +33.151 ms fps: 30.00 (ts-monotonic, ts-src-eof)
cap dqbuf: 1 seq:    225 bytesused: 12441600 ts: 1416.455603 delta: 33.330 ms delta now: +33.267 ms fps: 30.00 (ts-monotonic, ts-src-eof)
cap dqbuf: 2 seq:    226 bytesused: 12441600 ts: 1416.488937 delta: 33.334 ms delta now: +33.379 ms fps: 30.00 (ts-monotonic, ts-src-eof)
cap dqbuf: 3 seq:    227 bytesused: 12441600 ts: 1416.522367 delta: 33.430 ms delta now: +32.191 ms fps: 30.00 (ts-monotonic, ts-src-eof)
cap dqbuf: 0 seq:    228 bytesused: 12441600 ts: 1416.555603 delta: 33.236 ms delta now: +33.152 ms fps: 30.00 (ts-monotonic, ts-src-eof)
cap dqbuf: 1 seq:    229 bytesused: 12441600 ts: 1416.588936 delta: 33.333 ms delta now: +33.290 ms fps: 30.00 (ts-monotonic, ts-src-eof)
cap dqbuf: 2 seq:    230 bytesused: 12441600 ts: 1416.622384 delta: 33.448 ms delta now: +32.175 ms fps: 30.00 (ts-monotonic, ts-src-eof)
cap dqbuf: 3 seq:    231 bytesused: 12441600 ts: 1416.655601 delta: 33.217 ms delta now: +32.289 ms fps: 30.00 (ts-monotonic, ts-src-eof)
cap dqbuf: 0 seq:    232 bytesused: 12441600 ts: 1416.688934 delta: 33.333 ms delta now: +33.149 ms fps: 30.00 (ts-monotonic, ts-src-eof)
cap dqbuf: 1 seq:    233 bytesused: 12441600 ts: 1416.722269 delta: 33.335 ms delta now: +33.277 ms fps: 30.00 (ts-monotonic, ts-src-eof)
cap dqbuf: 2 seq:    234 bytesused: 12441600 ts: 1416.755719 delta: 33.450 ms delta now: +33.164 ms fps: 30.00 (ts-monotonic, ts-src-eof)
cap dqbuf: 3 seq:    235 bytesused: 12441600 ts: 1416.789047 delta: 33.328 ms delta now: +33.185 ms fps: 30.00 (ts-monotonic, ts-src-eof)
cap dqbuf: 0 seq:    236 bytesused: 12441600 ts: 1416.822270 delta: 33.223 ms delta now: +33.254 ms fps: 30.00 (ts-monotonic, ts-src-eof)
cap dqbuf: 1 seq:    237 bytesused: 12441600 ts: 1416.855603 delta: 33.333 ms delta now: +33.387 ms fps: 30.00 (ts-monotonic, ts-src-eof)
cap dqbuf: 2 seq:    238 bytesused: 12441600 ts: 1416.888937 delta: 33.334 ms delta now: +32.285 ms fps: 30.00 (ts-monotonic, ts-src-eof)
cap dqbuf: 3 seq:    239 bytesused: 12441600 ts: 1416.922268 delta: 33.331 ms delta now: +33.426 ms fps: 30.00 (ts-monotonic, ts-src-eof)
cap dqbuf: 0 seq:    240 bytesused: 12441600 ts: 1416.955606 delta: 33.338 ms delta now: +33.149 ms fps: 30.00 (ts-monotonic, ts-src-eof)
cap dqbuf: 1 seq:    241 bytesused: 12441600 ts: 1416.988936 delta: 33.330 ms delta now: +32.284 ms fps: 30.00 (ts-monotonic, ts-src-eof)
cap dqbuf: 2 seq:    242 bytesused: 12441600 ts: 1417.022268 delta: 33.332 ms delta now: +33.319 ms fps: 30.00 (ts-monotonic, ts-src-eof)
cap dqbuf: 3 seq:    243 bytesused: 12441600 ts: 1417.055603 delta: 33.335 ms delta now: +32.285 ms fps: 30.00 (ts-monotonic, ts-src-eof)
cap dqbuf: 0 seq:    244 bytesused: 12441600 ts: 1417.088934 delta: 33.331 ms delta now: +33.276 ms fps: 30.00 (ts-monotonic, ts-src-eof)
cap dqbuf: 1 seq:    245 bytesused: 12441600 ts: 1417.122389 delta: 33.455 ms delta now: +33.208 ms fps: 30.00 (ts-monotonic, ts-src-eof)
cap dqbuf: 2 seq:    246 bytesused: 12441600 ts: 1417.155602 delta: 33.213 ms delta now: +33.159 ms fps: 30.00 (ts-monotonic, ts-src-eof)
cap dqbuf: 3 seq:    247 bytesused: 12441600 ts: 1417.188936 delta: 33.334 ms delta now: +33.364 ms fps: 30.00 (ts-monotonic, ts-src-eof)
cap dqbuf: 0 seq:    248 bytesused: 12441600 ts: 1417.222270 delta: 33.334 ms delta now: +33.289 ms fps: 30.00 (ts-monotonic, ts-src-eof)
cap dqbuf: 1 seq:    249 bytesused: 12441600 ts: 1417.255603 delta: 33.333 ms delta now: +32.293 ms fps: 30.00 (ts-monotonic, ts-src-eof)
cap dqbuf: 2 seq:    250 bytesused: 12441600 ts: 1417.288934 delta: 33.331 ms delta now: +33.148 ms fps: 30.00 (ts-monotonic, ts-src-eof)
cap dqbuf: 3 seq:    251 bytesused: 12441600 ts: 1417.322270 delta: 33.336 ms delta now: +33.280 ms fps: 30.00 (ts-monotonic, ts-src-eof)
cap dqbuf: 0 seq:    252 bytesused: 12441600 ts: 1417.355615 delta: 33.345 ms delta now: +33.280 ms fps: 30.00 (ts-monotonic, ts-src-eof)
cap dqbuf: 1 seq:    253 bytesused: 12441600 ts: 1417.388937 delta: 33.322 ms delta now: +32.298 ms fps: 30.00 (ts-monotonic, ts-src-eof)
cap dqbuf: 2 seq:    254 bytesused: 12441600 ts: 1417.422268 delta: 33.331 ms delta now: +33.163 ms fps: 30.00 (ts-monotonic, ts-src-eof)
cap dqbuf: 3 seq:    255 bytesused: 12441600 ts: 1417.455603 delta: 33.335 ms delta now: +33.422 ms fps: 30.00 (ts-monotonic, ts-src-eof)
cap dqbuf: 0 seq:    256 bytesused: 12441600 ts: 1417.489051 delta: 33.448 ms delta now: +32.171 ms fps: 30.00 (ts-monotonic, ts-src-eof)
cap dqbuf: 1 seq:    257 bytesused: 12441600 ts: 1417.522268 delta: 33.217 ms delta now: +32.287 ms fps: 30.00 (ts-monotonic, ts-src-eof)
cap dqbuf: 2 seq:    258 bytesused: 12441600 ts: 1417.555601 delta: 33.333 ms delta now: +33.155 ms fps: 30.00 (ts-monotonic, ts-src-eof)
cap dqbuf: 3 seq:    259 bytesused: 12441600 ts: 1417.588936 delta: 33.335 ms delta now: +33.176 ms fps: 30.00 (ts-monotonic, ts-src-eof)
cap dqbuf: 0 seq:    260 bytesused: 12441600 ts: 1417.622269 delta: 33.333 ms delta now: +33.367 ms fps: 30.00 (ts-monotonic, ts-src-eof)
cap dqbuf: 1 seq:    261 bytesused: 12441600 ts: 1417.655603 delta: 33.334 ms delta now: +32.285 ms fps: 30.00 (ts-monotonic, ts-src-eof)
cap dqbuf: 2 seq:    262 bytesused: 12441600 ts: 1417.688935 delta: 33.332 ms delta now: +33.297 ms fps: 30.00 (ts-monotonic, ts-src-eof)
cap dqbuf: 3 seq:    263 bytesused: 12441600 ts: 1417.722270 delta: 33.335 ms delta now: +33.143 ms fps: 30.00 (ts-monotonic, ts-src-eof)
cap dqbuf: 0 seq:    264 bytesused: 12441600 ts: 1417.755603 delta: 33.333 ms delta now: +33.351 ms fps: 30.00 (ts-monotonic, ts-src-eof)
cap dqbuf: 1 seq:    265 bytesused: 12441600 ts: 1417.788937 delta: 33.334 ms delta now: +32.285 ms fps: 30.00 (ts-monotonic, ts-src-eof)
cap dqbuf: 2 seq:    266 bytesused: 12441600 ts: 1417.822270 delta: 33.333 ms delta now: +33.484 ms fps: 30.00 (ts-monotonic, ts-src-eof)
cap dqbuf: 3 seq:    267 bytesused: 12441600 ts: 1417.855606 delta: 33.336 ms delta now: +32.283 ms fps: 30.00 (ts-monotonic, ts-src-eof)
cap dqbuf: 0 seq:    268 bytesused: 12441600 ts: 1417.888934 delta: 33.328 ms delta now: +33.329 ms fps: 30.00 (ts-monotonic, ts-src-eof)
cap dqbuf: 1 seq:    269 bytesused: 12441600 ts: 1417.922275 delta: 33.341 ms delta now: +33.388 ms fps: 30.00 (ts-monotonic, ts-src-eof)
cap dqbuf: 2 seq:    270 bytesused: 12441600 ts: 1417.955720 delta: 33.445 ms delta now: +32.168 ms fps: 30.00 (ts-monotonic, ts-src-eof)
cap dqbuf: 3 seq:    271 bytesused: 12441600 ts: 1417.988936 delta: 33.216 ms delta now: +33.257 ms fps: 30.00 (ts-monotonic, ts-src-eof)
cap dqbuf: 0 seq:    272 bytesused: 12441600 ts: 1418.022369 delta: 33.433 ms delta now: +32.200 ms fps: 30.00 (ts-monotonic, ts-src-eof)
cap dqbuf: 1 seq:    273 bytesused: 12441600 ts: 1418.055601 delta: 33.232 ms delta now: +32.292 ms fps: 30.00 (ts-monotonic, ts-src-eof)
cap dqbuf: 2 seq:    274 bytesused: 12441600 ts: 1418.088934 delta: 33.333 ms delta now: +33.293 ms fps: 30.00 (ts-monotonic, ts-src-eof)
cap dqbuf: 3 seq:    275 bytesused: 12441600 ts: 1418.122270 delta: 33.336 ms delta now: +33.282 ms fps: 30.00 (ts-monotonic, ts-src-eof)
cap dqbuf: 0 seq:    276 bytesused: 12441600 ts: 1418.155604 delta: 33.334 ms delta now: +33.155 ms fps: 30.00 (ts-monotonic, ts-src-eof)
cap dqbuf: 1 seq:    277 bytesused: 12441600 ts: 1418.188936 delta: 33.332 ms delta now: +33.392 ms fps: 30.00 (ts-monotonic, ts-src-eof)
cap dqbuf: 2 seq:    278 bytesused: 12441600 ts: 1418.222368 delta: 33.432 ms delta now: +32.197 ms fps: 30.00 (ts-monotonic, ts-src-eof)
cap dqbuf: 3 seq:    279 bytesused: 12441600 ts: 1418.255601 delta: 33.233 ms delta now: +33.265 ms fps: 30.00 (ts-monotonic, ts-src-eof)
cap dqbuf: 0 seq:    280 bytesused: 12441600 ts: 1418.289047 delta: 33.446 ms delta now: +33.284 ms fps: 30.00 (ts-monotonic, ts-src-eof)
cap dqbuf: 1 seq:    281 bytesused: 12441600 ts: 1418.322367 delta: 33.320 ms delta now: +33.304 ms fps: 30.00 (ts-monotonic, ts-src-eof)
cap dqbuf: 2 seq:    282 bytesused: 12441600 ts: 1418.355701 delta: 33.334 ms delta now: +32.191 ms fps: 30.00 (ts-monotonic, ts-src-eof)
cap dqbuf: 3 seq:    283 bytesused: 12441600 ts: 1418.388935 delta: 33.234 ms delta now: +32.285 ms fps: 30.00 (ts-monotonic, ts-src-eof)
cap dqbuf: 0 seq:    284 bytesused: 12441600 ts: 1418.422270 delta: 33.335 ms delta now: +33.145 ms fps: 30.00 (ts-monotonic, ts-src-eof)
cap dqbuf: 1 seq:    285 bytesused: 12441600 ts: 1418.455603 delta: 33.333 ms delta now: +33.302 ms fps: 30.00 (ts-monotonic, ts-src-eof)
cap dqbuf: 2 seq:    286 bytesused: 12441600 ts: 1418.488937 delta: 33.334 ms delta now: +32.290 ms fps: 30.00 (ts-monotonic, ts-src-eof)
cap dqbuf: 3 seq:    287 bytesused: 12441600 ts: 1418.522270 delta: 33.333 ms delta now: +33.281 ms fps: 30.00 (ts-monotonic, ts-src-eof)
cap dqbuf: 0 seq:    288 bytesused: 12441600 ts: 1418.555603 delta: 33.333 ms delta now: +32.291 ms fps: 30.00 (ts-monotonic, ts-src-eof)
cap dqbuf: 1 seq:    289 bytesused: 12441600 ts: 1418.588935 delta: 33.332 ms delta now: +33.373 ms fps: 30.00 (ts-monotonic, ts-src-eof)
cap dqbuf: 2 seq:    290 bytesused: 12441600 ts: 1418.622371 delta: 33.436 ms delta now: +33.296 ms fps: 30.00 (ts-monotonic, ts-src-eof)
cap dqbuf: 3 seq:    291 bytesused: 12441600 ts: 1418.655719 delta: 33.348 ms delta now: +33.061 ms fps: 30.00 (ts-monotonic, ts-src-eof)
cap dqbuf: 0 seq:    292 bytesused: 12441600 ts: 1418.688936 delta: 33.217 ms delta now: +33.299 ms fps: 30.00 (ts-monotonic, ts-src-eof)
cap dqbuf: 1 seq:    293 bytesused: 12441600 ts: 1418.722270 delta: 33.334 ms delta now: +32.291 ms fps: 30.00 (ts-monotonic, ts-src-eof)
cap dqbuf: 2 seq:    294 bytesused: 12441600 ts: 1418.755601 delta: 33.331 ms delta now: +32.294 ms fps: 30.00 (ts-monotonic, ts-src-eof)
cap dqbuf: 3 seq:    295 bytesused: 12441600 ts: 1418.788936 delta: 33.335 ms delta now: +33.150 ms fps: 30.00 (ts-monotonic, ts-src-eof)
cap dqbuf: 0 seq:    296 bytesused: 12441600 ts: 1418.822270 delta: 33.334 ms delta now: +33.290 ms fps: 30.00 (ts-monotonic, ts-src-eof)
cap dqbuf: 1 seq:    297 bytesused: 12441600 ts: 1418.855700 delta: 33.430 ms delta now: +33.066 ms fps: 30.00 (ts-monotonic, ts-src-eof)
cap dqbuf: 2 seq:    298 bytesused: 12441600 ts: 1418.888936 delta: 33.236 ms delta now: +33.414 ms fps: 30.00 (ts-monotonic, ts-src-eof)
cap dqbuf: 3 seq:    299 bytesused: 12441600 ts: 1418.922368 delta: 33.432 ms delta now: +33.315 ms fps: 30.00 (ts-monotonic, ts-src-eof)
cap dqbuf: 0 seq:    300 bytesused: 12441600 ts: 1418.955719 delta: 33.351 ms delta now: +33.307 ms fps: 30.00 (ts-monotonic, ts-src-eof)
cap dqbuf: 1 seq:    301 bytesused: 12441600 ts: 1418.988939 delta: 33.220 ms delta now: +32.282 ms fps: 30.00 (ts-monotonic, ts-src-eof)
cap dqbuf: 2 seq:    302 bytesused: 12441600 ts: 1419.022268 delta: 33.329 ms delta now: +32.287 ms fps: 30.00 (ts-monotonic, ts-src-eof)
cap dqbuf: 3 seq:    303 bytesused: 12441600 ts: 1419.055603 delta: 33.335 ms delta now: +33.297 ms fps: 30.00 (ts-monotonic, ts-src-eof)
cap dqbuf: 0 seq:    304 bytesused: 12441600 ts: 1419.088937 delta: 33.334 ms delta now: +32.284 ms fps: 30.00 (ts-monotonic, ts-src-eof)
cap dqbuf: 1 seq:    305 bytesused: 12441600 ts: 1419.122268 delta: 33.331 ms delta now: +33.154 ms fps: 30.00 (ts-monotonic, ts-src-eof)
cap dqbuf: 2 seq:    306 bytesused: 12441600 ts: 1419.155603 delta: 33.335 ms delta now: +33.349 ms fps: 30.00 (ts-monotonic, ts-src-eof)
cap dqbuf: 3 seq:    307 bytesused: 12441600 ts: 1419.188937 delta: 33.334 ms delta now: +33.152 ms fps: 30.00 (ts-monotonic, ts-src-eof)

VIDIOC_QUERYCAP: ok
VIDIOC_G_FMT: ok
VIDIOC_S_FMT: ok
Format Video Capture Multiplanar:
	Width/Height      : 3840/2160
	Pixel Format      : 'NV12' (Y/CbCr 4:2:0)
	Field             : None
	Number of planes  : 1
	Flags             : 
	Colorspace        : Default
	Transfer Function : Default
	YCbCr/HSV Encoding: Default
	Quantization      : Full Range
	Plane 0           :
	   Bytes per Line : 3840
	   Size Image     : 12441600
