DEVICE=/dev/video0
META_SIZE=3400
PAIRS_PER_CYCLE=80
CYCLES=1
HOLD_MS=0
CYCLE=0 PAIR=0 BUFFER=0 SUBPAGES=0/1 GAP_MS=64.280 HASH=8f00adaa53e54e71
CYCLE=0 PAIR=1 BUFFER=1 SUBPAGES=0/1 GAP_MS=62.591 HASH=81584998737773bb
CYCLE=0 PAIR=2 BUFFER=2 SUBPAGES=0/1 GAP_MS=64.799 HASH=a27339c0c12ee647
CYCLE=0 PAIR=3 BUFFER=3 SUBPAGES=0/1 GAP_MS=62.323 HASH=5646aa08cde4d0a1
CYCLE=0 PAIR=4 BUFFER=0 SUBPAGES=0/1 GAP_MS=63.819 HASH=fb424a803a9d25fc
CYCLE=0 PAIR=5 BUFFER=1 SUBPAGES=0/1 GAP_MS=63.092 HASH=fb3ea84b91a13436
CYCLE=0 PAIR=6 BUFFER=2 SUBPAGES=0/1 GAP_MS=64.510 HASH=b2958a66db11ceda
CYCLE=0 PAIR=7 BUFFER=3 SUBPAGES=0/1 GAP_MS=64.921 HASH=37056e163343d93e
CYCLE=0 PAIR=8 BUFFER=0 SUBPAGES=0/1 GAP_MS=63.292 HASH=6bcf81e497b6e21b
CYCLE=0 PAIR=9 BUFFER=1 SUBPAGES=0/1 GAP_MS=64.061 HASH=523d7809eb13eb06
CYCLE=0 PAIR=10 BUFFER=2 SUBPAGES=0/1 GAP_MS=65.081 HASH=515fea7b594e48b2
CYCLE=0 PAIR=11 BUFFER=3 SUBPAGES=0/1 GAP_MS=63.707 HASH=e9030cfd4d8c8588
CYCLE=0 PAIR=12 BUFFER=0 SUBPAGES=0/1 GAP_MS=63.775 HASH=a22cd55a19ef2759
CYCLE=0 PAIR=13 BUFFER=1 SUBPAGES=0/1 GAP_MS=63.921 HASH=242483dfa9c9d1eb
CYCLE=0 PAIR=14 BUFFER=2 SUBPAGES=0/1 GAP_MS=62.560 HASH=7324ed688222cf10
CYCLE=0 PAIR=15 BUFFER=3 SUBPAGES=0/1 GAP_MS=62.088 HASH=81d08236799091de
CYCLE=0 PAIR=16 BUFFER=0 SUBPAGES=0/1 GAP_MS=64.056 HASH=b9097063cd3c09f9
CYCLE=0 PAIR=17 BUFFER=1 SUBPAGES=0/1 GAP_MS=62.796 HASH=9abb8038b9f73d3e
CYCLE=0 PAIR=18 BUFFER=2 SUBPAGES=0/1 GAP_MS=63.707 HASH=cc9e9f8701121f20
CYCLE=0 PAIR=19 BUFFER=3 SUBPAGES=0/1 GAP_MS=62.705 HASH=e15ae18e3a5e9449
CYCLE=0 PAIR=20 BUFFER=0 SUBPAGES=0/1 GAP_MS=64.345 HASH=5b049e8c9cff8dda
CYCLE=0 PAIR=21 BUFFER=1 SUBPAGES=0/1 GAP_MS=64.836 HASH=212a948ee608dc42
CYCLE=0 PAIR=22 BUFFER=2 SUBPAGES=0/1 GAP_MS=64.250 HASH=a41ca2d8f8e443fd
CYCLE=0 PAIR=23 BUFFER=3 SUBPAGES=0/1 GAP_MS=63.083 HASH=9e54ceefb50821f0
CYCLE=0 PAIR=24 BUFFER=0 SUBPAGES=0/1 GAP_MS=64.919 HASH=db3a6ad1c0084870
CYCLE=0 PAIR=25 BUFFER=1 SUBPAGES=0/1 GAP_MS=63.242 HASH=0060417495e9c3dd
CYCLE=0 PAIR=26 BUFFER=2 SUBPAGES=0/1 GAP_MS=63.352 HASH=6e6ac628d046b2e6
CYCLE=0 PAIR=27 BUFFER=3 SUBPAGES=0/1 GAP_MS=64.290 HASH=9968cd0ac5b9e81f
CYCLE=0 PAIR=28 BUFFER=0 SUBPAGES=0/1 GAP_MS=62.508 HASH=175e279e5374cfb9
CYCLE=0 PAIR=29 BUFFER=1 SUBPAGES=0/1 GAP_MS=64.714 HASH=c6a3f1aa9c40fbd3
CYCLE=0 PAIR=30 BUFFER=2 SUBPAGES=0/1 GAP_MS=64.278 HASH=a2d919c3d5d8d972
CYCLE=0 PAIR=31 BUFFER=3 SUBPAGES=0/1 GAP_MS=64.575 HASH=8d2a3545febd53f9
CYCLE=0 PAIR=32 BUFFER=0 SUBPAGES=0/1 GAP_MS=64.188 HASH=af4611e273a0be85
CYCLE=0 PAIR=33 BUFFER=1 SUBPAGES=0/1 GAP_MS=64.990 HASH=f720ad7f095df188
CYCLE=0 PAIR=34 BUFFER=2 SUBPAGES=0/1 GAP_MS=63.910 HASH=12ff464d0bb77089
CYCLE=0 PAIR=35 BUFFER=3 SUBPAGES=0/1 GAP_MS=63.347 HASH=a36491e8f03d7643
CYCLE=0 PAIR=36 BUFFER=0 SUBPAGES=0/1 GAP_MS=64.938 HASH=bf7066ded94ce062
CYCLE=0 PAIR=37 BUFFER=1 SUBPAGES=0/1 GAP_MS=63.391 HASH=8f56c0d3aa7d91d4
CYCLE=0 PAIR=38 BUFFER=2 SUBPAGES=0/1 GAP_MS=63.927 HASH=5aec15b9fecb50d2
CYCLE=0 PAIR=39 BUFFER=3 SUBPAGES=0/1 GAP_MS=63.437 HASH=45223452f0789e1a
CYCLE=0 PAIR=40 BUFFER=0 SUBPAGES=0/1 GAP_MS=64.604 HASH=6e3d10561dd76ea6
CYCLE=0 PAIR=41 BUFFER=1 SUBPAGES=0/1 GAP_MS=63.700 HASH=988b5a7397444a1f
CYCLE=0 PAIR=42 BUFFER=2 SUBPAGES=0/1 GAP_MS=64.162 HASH=3360e0fa037b25f4
CYCLE=0 PAIR=43 BUFFER=3 SUBPAGES=0/1 GAP_MS=64.231 HASH=ea0401d9e0d1d4c5
CYCLE=0 PAIR=44 BUFFER=0 SUBPAGES=0/1 GAP_MS=63.777 HASH=14561ced6f25a83f
CYCLE=0 PAIR=45 BUFFER=1 SUBPAGES=0/1 GAP_MS=63.801 HASH=bb3e0b1b92f1d7ed
CYCLE=0 PAIR=46 BUFFER=2 SUBPAGES=0/1 GAP_MS=63.793 HASH=b9afa978318c4ee3
CYCLE=0 PAIR=47 BUFFER=3 SUBPAGES=0/1 GAP_MS=64.279 HASH=7f4a5882835b1936
CYCLE=0 PAIR=48 BUFFER=0 SUBPAGES=0/1 GAP_MS=64.934 HASH=dde56ae5f955d33a
CYCLE=0 PAIR=49 BUFFER=1 SUBPAGES=0/1 GAP_MS=64.121 HASH=025e2f77b6189fdd
CYCLE=0 PAIR=50 BUFFER=2 SUBPAGES=0/1 GAP_MS=63.550 HASH=dea250ddd6e5d145
CYCLE=0 PAIR=51 BUFFER=3 SUBPAGES=0/1 GAP_MS=65.392 HASH=67e3d5ca33271632
CYCLE=0 PAIR=52 BUFFER=0 SUBPAGES=0/1 GAP_MS=64.575 HASH=5b0507a7e27f9d4d
CYCLE=0 PAIR=53 BUFFER=1 SUBPAGES=0/1 GAP_MS=63.036 HASH=ecef265660ee67d6
CYCLE=0 PAIR=54 BUFFER=2 SUBPAGES=0/1 GAP_MS=65.305 HASH=76bc83fd5d5e30bc
CYCLE=0 PAIR=55 BUFFER=3 SUBPAGES=0/1 GAP_MS=64.063 HASH=4dd2c1eae34ef88c
CYCLE=0 PAIR=56 BUFFER=0 SUBPAGES=0/1 GAP_MS=64.904 HASH=cac654c8e4472add
CYCLE=0 PAIR=57 BUFFER=1 SUBPAGES=0/1 GAP_MS=61.771 HASH=d4a026733e071f5f
CYCLE=0 PAIR=58 BUFFER=2 SUBPAGES=0/1 GAP_MS=64.521 HASH=ae6bc067a343a2da
CYCLE=0 PAIR=59 BUFFER=3 SUBPAGES=0/1 GAP_MS=65.239 HASH=0d61b57d42ff6fda
CYCLE=0 PAIR=60 BUFFER=0 SUBPAGES=0/1 GAP_MS=63.827 HASH=ed7fdadcc76770c6
CYCLE=0 PAIR=61 BUFFER=1 SUBPAGES=0/1 GAP_MS=63.407 HASH=fc290db6ef6a786b
CYCLE=0 PAIR=62 BUFFER=2 SUBPAGES=0/1 GAP_MS=64.029 HASH=01fc0f6033f40462
CYCLE=0 PAIR=63 BUFFER=3 SUBPAGES=0/1 GAP_MS=63.233 HASH=7d6d97d18d71427e
CYCLE=0 PAIR=64 BUFFER=0 SUBPAGES=0/1 GAP_MS=64.846 HASH=7331097e8473af3f
CYCLE=0 PAIR=65 BUFFER=1 SUBPAGES=0/1 GAP_MS=63.111 HASH=1d8f7e1d316ccae5
CYCLE=0 PAIR=66 BUFFER=2 SUBPAGES=0/1 GAP_MS=64.753 HASH=bd4004b866bb876f
CYCLE=0 PAIR=67 BUFFER=3 SUBPAGES=0/1 GAP_MS=62.221 HASH=b0dcef8e5d6c020d
CYCLE=0 PAIR=68 BUFFER=0 SUBPAGES=0/1 GAP_MS=63.672 HASH=bac6626fba3c4e5b
CYCLE=0 PAIR=69 BUFFER=1 SUBPAGES=0/1 GAP_MS=63.579 HASH=e1b05747d988b9ef
CYCLE=0 PAIR=70 BUFFER=2 SUBPAGES=0/1 GAP_MS=62.951 HASH=e300b1d8042972da
CYCLE=0 PAIR=71 BUFFER=3 SUBPAGES=0/1 GAP_MS=63.603 HASH=a13ecbea5345217e
CYCLE=0 PAIR=72 BUFFER=0 SUBPAGES=0/1 GAP_MS=63.677 HASH=aa001493a46d919c
CYCLE=0 PAIR=73 BUFFER=1 SUBPAGES=0/1 GAP_MS=64.154 HASH=149becc412451ea6
CYCLE=0 PAIR=74 BUFFER=2 SUBPAGES=0/1 GAP_MS=62.881 HASH=687625f7d7fc4ff1
CYCLE=0 PAIR=75 BUFFER=3 SUBPAGES=0/1 GAP_MS=63.259 HASH=cbe1faa5394c55cc
CYCLE=0 PAIR=76 BUFFER=0 SUBPAGES=0/1 GAP_MS=63.393 HASH=e7eed83cd8785d37
CYCLE=0 PAIR=77 BUFFER=1 SUBPAGES=0/1 GAP_MS=63.916 HASH=f6a62245b643f918
CYCLE=0 PAIR=78 BUFFER=2 SUBPAGES=0/1 GAP_MS=64.215 HASH=57ea2734590f0179
CYCLE=0 PAIR=79 BUFFER=3 SUBPAGES=0/1 GAP_MS=62.516 HASH=af45908af4b72580
TOTAL_PAIRS=80
ELAPSED_SECONDS=10.368
STAGE5_RUNTIME_CHECK=PASS
