DEVICE=/dev/video0
META_SIZE=3400
PAIRS_PER_CYCLE=80
CYCLES=1
HOLD_MS=0
CYCLE=0 PAIR=0 BUFFER=0 SUBPAGES=0/1 GAP_MS=65.108 HASH=d0595cb05c047ee4
CYCLE=0 PAIR=1 BUFFER=1 SUBPAGES=0/1 GAP_MS=63.026 HASH=3758decbc731601b
CYCLE=0 PAIR=2 BUFFER=2 SUBPAGES=0/1 GAP_MS=65.241 HASH=d5187894928a4c5c
CYCLE=0 PAIR=3 BUFFER=3 SUBPAGES=0/1 GAP_MS=64.205 HASH=d14ecd33a60d3ecb
CYCLE=0 PAIR=4 BUFFER=0 SUBPAGES=0/1 GAP_MS=68.835 HASH=e4b4008c38c0535c
CYCLE=0 PAIR=5 BUFFER=1 SUBPAGES=0/1 GAP_MS=63.460 HASH=38917ab4bfe5922b
CYCLE=0 PAIR=6 BUFFER=2 SUBPAGES=0/1 GAP_MS=64.208 HASH=94c94318917a019d
CYCLE=0 PAIR=7 BUFFER=3 SUBPAGES=0/1 GAP_MS=62.691 HASH=9ae513744ea532fa
CYCLE=0 PAIR=8 BUFFER=0 SUBPAGES=0/1 GAP_MS=62.955 HASH=d723e1eb0277f4bb
CYCLE=0 PAIR=9 BUFFER=1 SUBPAGES=0/1 GAP_MS=64.428 HASH=c55447fc5f02d174
CYCLE=0 PAIR=10 BUFFER=2 SUBPAGES=0/1 GAP_MS=63.594 HASH=0dd784e2c1a22fc9
CYCLE=0 PAIR=11 BUFFER=3 SUBPAGES=0/1 GAP_MS=62.394 HASH=1e3b7ca138adfcc8
CYCLE=0 PAIR=12 BUFFER=0 SUBPAGES=0/1 GAP_MS=63.204 HASH=341826ee75e68da7
CYCLE=0 PAIR=13 BUFFER=1 SUBPAGES=0/1 GAP_MS=63.108 HASH=49700aa1c1013ecc
CYCLE=0 PAIR=14 BUFFER=2 SUBPAGES=0/1 GAP_MS=65.541 HASH=5a213d780385b24e
CYCLE=0 PAIR=15 BUFFER=3 SUBPAGES=0/1 GAP_MS=62.525 HASH=36b8be8f0c833c83
CYCLE=0 PAIR=16 BUFFER=0 SUBPAGES=0/1 GAP_MS=63.092 HASH=09d39e55d9f637aa
CYCLE=0 PAIR=17 BUFFER=1 SUBPAGES=0/1 GAP_MS=65.594 HASH=13e61f4d003185a1
CYCLE=0 PAIR=18 BUFFER=2 SUBPAGES=0/1 GAP_MS=63.204 HASH=95c9071b18718463
CYCLE=0 PAIR=19 BUFFER=3 SUBPAGES=0/1 GAP_MS=62.545 HASH=2ae12eb59016d2a5
CYCLE=0 PAIR=20 BUFFER=0 SUBPAGES=0/1 GAP_MS=64.326 HASH=ee9d10bcf8cc4b0d
CYCLE=0 PAIR=21 BUFFER=1 SUBPAGES=0/1 GAP_MS=63.867 HASH=ebb5d94444285006
CYCLE=0 PAIR=22 BUFFER=2 SUBPAGES=0/1 GAP_MS=63.076 HASH=af2d00aa96b7752d
CYCLE=0 PAIR=23 BUFFER=3 SUBPAGES=0/1 GAP_MS=63.086 HASH=e3b72ab53ef7c07f
CYCLE=0 PAIR=24 BUFFER=0 SUBPAGES=0/1 GAP_MS=63.843 HASH=6ed83b0fb1d8033f
CYCLE=0 PAIR=25 BUFFER=1 SUBPAGES=0/1 GAP_MS=64.869 HASH=f9ba436b2ccf2326
CYCLE=0 PAIR=26 BUFFER=2 SUBPAGES=0/1 GAP_MS=62.767 HASH=a290df44818a15b6
CYCLE=0 PAIR=27 BUFFER=3 SUBPAGES=0/1 GAP_MS=63.648 HASH=fca18ef050fc7d76
CYCLE=0 PAIR=28 BUFFER=0 SUBPAGES=0/1 GAP_MS=63.438 HASH=39b02ad4d069360f
CYCLE=0 PAIR=29 BUFFER=1 SUBPAGES=0/1 GAP_MS=64.338 HASH=8e69b1773bd05f7d
CYCLE=0 PAIR=30 BUFFER=2 SUBPAGES=0/1 GAP_MS=64.646 HASH=2ff7f3e969d8ad3c
CYCLE=0 PAIR=31 BUFFER=3 SUBPAGES=0/1 GAP_MS=64.270 HASH=e31346b3161da39c
CYCLE=0 PAIR=32 BUFFER=0 SUBPAGES=0/1 GAP_MS=64.886 HASH=223da1a1424472bc
CYCLE=0 PAIR=33 BUFFER=1 SUBPAGES=0/1 GAP_MS=64.093 HASH=9887336a4cff8704
CYCLE=0 PAIR=34 BUFFER=2 SUBPAGES=0/1 GAP_MS=63.870 HASH=4619543cccab92e4
CYCLE=0 PAIR=35 BUFFER=3 SUBPAGES=0/1 GAP_MS=62.521 HASH=a83a03bfdafa772f
CYCLE=0 PAIR=36 BUFFER=0 SUBPAGES=0/1 GAP_MS=62.161 HASH=44f99568e79a67c7
CYCLE=0 PAIR=37 BUFFER=1 SUBPAGES=0/1 GAP_MS=62.583 HASH=777f0748360374bc
CYCLE=0 PAIR=38 BUFFER=2 SUBPAGES=0/1 GAP_MS=64.688 HASH=f4a393288725a247
CYCLE=0 PAIR=39 BUFFER=3 SUBPAGES=0/1 GAP_MS=63.420 HASH=d68847e82a4540a5
CYCLE=0 PAIR=40 BUFFER=0 SUBPAGES=0/1 GAP_MS=64.064 HASH=24d252a1474d59a9
CYCLE=0 PAIR=41 BUFFER=1 SUBPAGES=0/1 GAP_MS=65.046 HASH=0d15eab83f6d8ae0
CYCLE=0 PAIR=42 BUFFER=2 SUBPAGES=0/1 GAP_MS=64.404 HASH=87028d6ccf2bb6df
CYCLE=0 PAIR=43 BUFFER=3 SUBPAGES=0/1 GAP_MS=65.144 HASH=dfd23b8630af6001
CYCLE=0 PAIR=44 BUFFER=0 SUBPAGES=0/1 GAP_MS=63.433 HASH=1841612e1835041a
CYCLE=0 PAIR=45 BUFFER=1 SUBPAGES=0/1 GAP_MS=63.844 HASH=fde0805d169453bc
CYCLE=0 PAIR=46 BUFFER=2 SUBPAGES=0/1 GAP_MS=64.680 HASH=65f2f72e9f7e5180
CYCLE=0 PAIR=47 BUFFER=3 SUBPAGES=0/1 GAP_MS=65.114 HASH=6c0daafbe4214d4b
CYCLE=0 PAIR=48 BUFFER=0 SUBPAGES=0/1 GAP_MS=63.973 HASH=a2762f63c68ec2da
CYCLE=0 PAIR=49 BUFFER=1 SUBPAGES=0/1 GAP_MS=63.678 HASH=5f27fb1c15632f94
CYCLE=0 PAIR=50 BUFFER=2 SUBPAGES=0/1 GAP_MS=64.131 HASH=bfa1fd8b89ba732b
CYCLE=0 PAIR=51 BUFFER=3 SUBPAGES=0/1 GAP_MS=64.714 HASH=9f9ab0bd58d54dc5
CYCLE=0 PAIR=52 BUFFER=0 SUBPAGES=0/1 GAP_MS=62.647 HASH=ae8c96217a355ab9
CYCLE=0 PAIR=53 BUFFER=1 SUBPAGES=0/1 GAP_MS=64.791 HASH=da1aeb4c1ef7ed35
CYCLE=0 PAIR=54 BUFFER=2 SUBPAGES=0/1 GAP_MS=65.726 HASH=a6431b954c9aac6e
CYCLE=0 PAIR=55 BUFFER=3 SUBPAGES=0/1 GAP_MS=64.376 HASH=a9c178b2d65ba022
CYCLE=0 PAIR=56 BUFFER=0 SUBPAGES=0/1 GAP_MS=63.279 HASH=84561cdac78ceb7a
CYCLE=0 PAIR=57 BUFFER=1 SUBPAGES=0/1 GAP_MS=64.148 HASH=f6b3d942a541b7d5
CYCLE=0 PAIR=58 BUFFER=2 SUBPAGES=0/1 GAP_MS=64.650 HASH=81f4ee72bb818e0d
CYCLE=0 PAIR=59 BUFFER=3 SUBPAGES=0/1 GAP_MS=63.649 HASH=907ce22cd276f5d3
CYCLE=0 PAIR=60 BUFFER=0 SUBPAGES=0/1 GAP_MS=63.766 HASH=356a1423e26482d7
CYCLE=0 PAIR=61 BUFFER=1 SUBPAGES=0/1 GAP_MS=64.194 HASH=f83ff4b083a05ff2
CYCLE=0 PAIR=62 BUFFER=2 SUBPAGES=0/1 GAP_MS=64.166 HASH=a92b6749cb6319c3
CYCLE=0 PAIR=63 BUFFER=3 SUBPAGES=0/1 GAP_MS=65.253 HASH=a32a1972c9bc6fed
CYCLE=0 PAIR=64 BUFFER=0 SUBPAGES=0/1 GAP_MS=62.367 HASH=dd761cb84d8cc558
CYCLE=0 PAIR=65 BUFFER=1 SUBPAGES=0/1 GAP_MS=63.599 HASH=7b238dc088a056ae
CYCLE=0 PAIR=66 BUFFER=2 SUBPAGES=0/1 GAP_MS=62.357 HASH=20a3d2130dfb182a
CYCLE=0 PAIR=67 BUFFER=3 SUBPAGES=0/1 GAP_MS=63.578 HASH=7fede4305b68e86c
CYCLE=0 PAIR=68 BUFFER=0 SUBPAGES=0/1 GAP_MS=64.834 HASH=71a93e656c2a1312
CYCLE=0 PAIR=69 BUFFER=1 SUBPAGES=0/1 GAP_MS=63.817 HASH=e5891aa1fcc740ed
CYCLE=0 PAIR=70 BUFFER=2 SUBPAGES=0/1 GAP_MS=62.918 HASH=a02ed75c7b0ca18a
CYCLE=0 PAIR=71 BUFFER=3 SUBPAGES=0/1 GAP_MS=64.650 HASH=6aca6871b8c80716
CYCLE=0 PAIR=72 BUFFER=0 SUBPAGES=0/1 GAP_MS=63.127 HASH=5235b6168e398b32
CYCLE=0 PAIR=73 BUFFER=1 SUBPAGES=0/1 GAP_MS=63.953 HASH=70151373edc880dc
CYCLE=0 PAIR=74 BUFFER=2 SUBPAGES=0/1 GAP_MS=65.061 HASH=d88891ee8829c82d
CYCLE=0 PAIR=75 BUFFER=3 SUBPAGES=0/1 GAP_MS=62.317 HASH=6d10abad00c9fcc1
CYCLE=0 PAIR=76 BUFFER=0 SUBPAGES=0/1 GAP_MS=64.341 HASH=d9fc39abc66390c2
CYCLE=0 PAIR=77 BUFFER=1 SUBPAGES=0/1 GAP_MS=63.302 HASH=3373d66faf2d765c
CYCLE=0 PAIR=78 BUFFER=2 SUBPAGES=0/1 GAP_MS=63.961 HASH=05acb7ba52d1c765
CYCLE=0 PAIR=79 BUFFER=3 SUBPAGES=0/1 GAP_MS=63.990 HASH=cb5e9d36addb26be
TOTAL_PAIRS=80
ELAPSED_SECONDS=10.814
STAGE5_RUNTIME_CHECK=PASS
