DEVICE=/dev/video0
META_SIZE=3400
PAIRS_PER_CYCLE=80
CYCLES=1
HOLD_MS=0
CYCLE=0 PAIR=0 BUFFER=0 SUBPAGES=1/0 GAP_MS=64.926 HASH=99dd88e67c84ec5b
CYCLE=0 PAIR=1 BUFFER=1 SUBPAGES=1/0 GAP_MS=62.994 HASH=a9681d18828aacf9
CYCLE=0 PAIR=2 BUFFER=2 SUBPAGES=1/0 GAP_MS=63.320 HASH=9432f21f38862482
CYCLE=0 PAIR=3 BUFFER=3 SUBPAGES=1/0 GAP_MS=63.346 HASH=caece753425d6828
CYCLE=0 PAIR=4 BUFFER=0 SUBPAGES=1/0 GAP_MS=64.684 HASH=d13ff5d3baff1bf1
CYCLE=0 PAIR=5 BUFFER=1 SUBPAGES=1/0 GAP_MS=63.231 HASH=1c857a67df625d3c
CYCLE=0 PAIR=6 BUFFER=2 SUBPAGES=1/0 GAP_MS=64.155 HASH=27f32008e0cd6167
CYCLE=0 PAIR=7 BUFFER=3 SUBPAGES=1/0 GAP_MS=64.377 HASH=23d0b0860e533494
CYCLE=0 PAIR=8 BUFFER=0 SUBPAGES=1/0 GAP_MS=61.626 HASH=ff8ef74c933bdb2b
CYCLE=0 PAIR=9 BUFFER=1 SUBPAGES=1/0 GAP_MS=64.244 HASH=8f258f7a32e1ef9c
CYCLE=0 PAIR=10 BUFFER=2 SUBPAGES=1/0 GAP_MS=62.755 HASH=2fbea6770f1b8585
CYCLE=0 PAIR=11 BUFFER=3 SUBPAGES=1/0 GAP_MS=64.719 HASH=b4107c8795cc94e8
CYCLE=0 PAIR=12 BUFFER=0 SUBPAGES=1/0 GAP_MS=64.352 HASH=dd4e997ee2192afd
CYCLE=0 PAIR=13 BUFFER=1 SUBPAGES=1/0 GAP_MS=64.201 HASH=9d31d1093f9c1da4
CYCLE=0 PAIR=14 BUFFER=2 SUBPAGES=1/0 GAP_MS=63.323 HASH=d5743f27cacd7f8f
CYCLE=0 PAIR=15 BUFFER=3 SUBPAGES=1/0 GAP_MS=64.672 HASH=991618b7f191cfff
CYCLE=0 PAIR=16 BUFFER=0 SUBPAGES=1/0 GAP_MS=63.961 HASH=cde69f8ea65c6412
CYCLE=0 PAIR=17 BUFFER=1 SUBPAGES=1/0 GAP_MS=64.140 HASH=b6be9ed3f7c45c67
CYCLE=0 PAIR=18 BUFFER=2 SUBPAGES=1/0 GAP_MS=64.194 HASH=540081867ddcea7f
CYCLE=0 PAIR=19 BUFFER=3 SUBPAGES=1/0 GAP_MS=64.639 HASH=f7148289121257d8
CYCLE=0 PAIR=20 BUFFER=0 SUBPAGES=1/0 GAP_MS=64.227 HASH=646e71cb4d8a7383
CYCLE=0 PAIR=21 BUFFER=1 SUBPAGES=1/0 GAP_MS=63.032 HASH=593bedd0a7807e0f
CYCLE=0 PAIR=22 BUFFER=2 SUBPAGES=1/0 GAP_MS=63.149 HASH=f02b78f13f48ebe7
CYCLE=0 PAIR=23 BUFFER=3 SUBPAGES=1/0 GAP_MS=65.032 HASH=dc74c141564cb11d
CYCLE=0 PAIR=24 BUFFER=0 SUBPAGES=1/0 GAP_MS=64.920 HASH=e020a1cafa1d0dc7
CYCLE=0 PAIR=25 BUFFER=1 SUBPAGES=1/0 GAP_MS=64.081 HASH=c1b5a0fdc162baf7
CYCLE=0 PAIR=26 BUFFER=2 SUBPAGES=1/0 GAP_MS=64.231 HASH=67d9b6d7a655d6c1
CYCLE=0 PAIR=27 BUFFER=3 SUBPAGES=1/0 GAP_MS=62.863 HASH=1a5d2adc2242461c
CYCLE=0 PAIR=28 BUFFER=0 SUBPAGES=1/0 GAP_MS=64.155 HASH=e2f58ea736fd3e65
CYCLE=0 PAIR=29 BUFFER=1 SUBPAGES=1/0 GAP_MS=64.068 HASH=fcd18640b257a75a
CYCLE=0 PAIR=30 BUFFER=2 SUBPAGES=1/0 GAP_MS=63.445 HASH=dd408ea576e9cb7a
CYCLE=0 PAIR=31 BUFFER=3 SUBPAGES=1/0 GAP_MS=66.189 HASH=0bbdb4716e19c39b
CYCLE=0 PAIR=32 BUFFER=0 SUBPAGES=1/0 GAP_MS=63.431 HASH=9572b86d80a80d5d
CYCLE=0 PAIR=33 BUFFER=1 SUBPAGES=1/0 GAP_MS=64.061 HASH=6d77c1bfec4ab851
CYCLE=0 PAIR=34 BUFFER=2 SUBPAGES=1/0 GAP_MS=63.840 HASH=542f1b1d2b5c9d5d
CYCLE=0 PAIR=35 BUFFER=3 SUBPAGES=1/0 GAP_MS=64.067 HASH=23aa7f2fa2600454
CYCLE=0 PAIR=36 BUFFER=0 SUBPAGES=1/0 GAP_MS=63.985 HASH=508a06bbbd15bc0b
CYCLE=0 PAIR=37 BUFFER=1 SUBPAGES=1/0 GAP_MS=66.759 HASH=2d7aff85ebc6dbcc
CYCLE=0 PAIR=38 BUFFER=2 SUBPAGES=1/0 GAP_MS=63.744 HASH=116e3f4d9cd41ddc
CYCLE=0 PAIR=39 BUFFER=3 SUBPAGES=1/0 GAP_MS=64.292 HASH=309c3c5895126fa1
CYCLE=0 PAIR=40 BUFFER=0 SUBPAGES=1/0 GAP_MS=63.208 HASH=4daa60bc60d0b069
CYCLE=0 PAIR=41 BUFFER=1 SUBPAGES=1/0 GAP_MS=63.718 HASH=50b36c75ae7ab77a
CYCLE=0 PAIR=42 BUFFER=2 SUBPAGES=1/0 GAP_MS=63.996 HASH=dfdc2e2fa59ff26b
CYCLE=0 PAIR=43 BUFFER=3 SUBPAGES=1/0 GAP_MS=65.213 HASH=ee232aa15dffb882
CYCLE=0 PAIR=44 BUFFER=0 SUBPAGES=1/0 GAP_MS=63.320 HASH=3a5c9836c302ea3b
CYCLE=0 PAIR=45 BUFFER=1 SUBPAGES=1/0 GAP_MS=63.018 HASH=18edcbf9d1f1b929
CYCLE=0 PAIR=46 BUFFER=2 SUBPAGES=1/0 GAP_MS=64.091 HASH=d28a66d682d8c13a
CYCLE=0 PAIR=47 BUFFER=3 SUBPAGES=1/0 GAP_MS=64.124 HASH=39dbaea58612e125
CYCLE=0 PAIR=48 BUFFER=0 SUBPAGES=1/0 GAP_MS=64.882 HASH=1652dd187c3626b6
CYCLE=0 PAIR=49 BUFFER=1 SUBPAGES=1/0 GAP_MS=61.113 HASH=5550de0d5fa2d383
CYCLE=0 PAIR=50 BUFFER=2 SUBPAGES=1/0 GAP_MS=63.986 HASH=327bd6cf69f8ecd9
CYCLE=0 PAIR=51 BUFFER=3 SUBPAGES=1/0 GAP_MS=63.949 HASH=293f3c5a1d238e98
CYCLE=0 PAIR=52 BUFFER=0 SUBPAGES=1/0 GAP_MS=63.649 HASH=ddb99519c1afaf02
CYCLE=0 PAIR=53 BUFFER=1 SUBPAGES=1/0 GAP_MS=63.748 HASH=649f592aa4accf54
CYCLE=0 PAIR=54 BUFFER=2 SUBPAGES=1/0 GAP_MS=63.766 HASH=1d8745d8d8a9a2e6
CYCLE=0 PAIR=55 BUFFER=3 SUBPAGES=1/0 GAP_MS=63.452 HASH=8eeb89aa10ef18da
CYCLE=0 PAIR=56 BUFFER=0 SUBPAGES=1/0 GAP_MS=62.159 HASH=4400205353e439f6
CYCLE=0 PAIR=57 BUFFER=1 SUBPAGES=1/0 GAP_MS=64.446 HASH=c2c83820e04be678
CYCLE=0 PAIR=58 BUFFER=2 SUBPAGES=1/0 GAP_MS=64.388 HASH=97d6bff95da82d24
CYCLE=0 PAIR=59 BUFFER=3 SUBPAGES=1/0 GAP_MS=65.004 HASH=77c00e4399945b11
CYCLE=0 PAIR=60 BUFFER=0 SUBPAGES=1/0 GAP_MS=64.649 HASH=cd715263c0351f7b
CYCLE=0 PAIR=61 BUFFER=1 SUBPAGES=1/0 GAP_MS=64.168 HASH=13a6b84ba04a172d
CYCLE=0 PAIR=62 BUFFER=2 SUBPAGES=1/0 GAP_MS=62.595 HASH=8f9435ced6875c52
CYCLE=0 PAIR=63 BUFFER=3 SUBPAGES=1/0 GAP_MS=63.882 HASH=98ec7c6b58b08bc8
CYCLE=0 PAIR=64 BUFFER=0 SUBPAGES=1/0 GAP_MS=63.772 HASH=775ba675189565d2
CYCLE=0 PAIR=65 BUFFER=1 SUBPAGES=1/0 GAP_MS=64.325 HASH=569a6b4597eab963
CYCLE=0 PAIR=66 BUFFER=2 SUBPAGES=1/0 GAP_MS=66.302 HASH=74300f5949003dc6
CYCLE=0 PAIR=67 BUFFER=3 SUBPAGES=1/0 GAP_MS=63.536 HASH=bad1f0fcfdedf640
CYCLE=0 PAIR=68 BUFFER=0 SUBPAGES=1/0 GAP_MS=64.799 HASH=188bccd1645d160d
CYCLE=0 PAIR=69 BUFFER=1 SUBPAGES=1/0 GAP_MS=63.380 HASH=941bfa603c4550fd
CYCLE=0 PAIR=70 BUFFER=2 SUBPAGES=1/0 GAP_MS=64.269 HASH=d27263fc02d38d14
CYCLE=0 PAIR=71 BUFFER=3 SUBPAGES=1/0 GAP_MS=63.907 HASH=62d2ca51bf806136
CYCLE=0 PAIR=72 BUFFER=0 SUBPAGES=1/0 GAP_MS=63.603 HASH=39ee59b319acc68a
CYCLE=0 PAIR=73 BUFFER=1 SUBPAGES=1/0 GAP_MS=63.887 HASH=c9573e2b872881c1
CYCLE=0 PAIR=74 BUFFER=2 SUBPAGES=1/0 GAP_MS=64.959 HASH=f4a83565fdc48ccc
CYCLE=0 PAIR=75 BUFFER=3 SUBPAGES=1/0 GAP_MS=64.079 HASH=fffb19afa56b54d0
CYCLE=0 PAIR=76 BUFFER=0 SUBPAGES=1/0 GAP_MS=63.859 HASH=e15e2854163af813
CYCLE=0 PAIR=77 BUFFER=1 SUBPAGES=1/0 GAP_MS=63.645 HASH=d4d06477be598874
CYCLE=0 PAIR=78 BUFFER=2 SUBPAGES=1/0 GAP_MS=67.083 HASH=06699bc6377748ba
CYCLE=0 PAIR=79 BUFFER=3 SUBPAGES=1/0 GAP_MS=64.678 HASH=547176ecb2bd4806
TOTAL_PAIRS=80
ELAPSED_SECONDS=10.452
STAGE5_RUNTIME_CHECK=PASS
