DEVICE=/dev/video0
META_SIZE=3400
PAIRS_PER_CYCLE=57600
CYCLES=1
HOLD_MS=0
CYCLE=0 PAIR=0 BUFFER=0 SUBPAGES=0/1 GAP_MS=64.113 HASH=7b37520f13a1921a
CYCLE=0 PAIR=1 BUFFER=1 SUBPAGES=0/1 GAP_MS=63.531 HASH=bbe0355fc3962655
CYCLE=0 PAIR=2 BUFFER=2 SUBPAGES=0/1 GAP_MS=64.278 HASH=3b79472e76de3881
CYCLE=0 PAIR=3 BUFFER=3 SUBPAGES=0/1 GAP_MS=63.179 HASH=bc7a313a900f572e
CYCLE=0 PAIR=4 BUFFER=0 SUBPAGES=0/1 GAP_MS=63.244 HASH=f63b02f4d2a6945d
CYCLE=0 PAIR=5 BUFFER=1 SUBPAGES=0/1 GAP_MS=64.047 HASH=189afe06b8fb41d9
CYCLE=0 PAIR=6 BUFFER=2 SUBPAGES=0/1 GAP_MS=64.558 HASH=0a9f350d116e7fc5
CYCLE=0 PAIR=7 BUFFER=3 SUBPAGES=0/1 GAP_MS=64.985 HASH=116a525cd41bf932
CYCLE=0 PAIR=8 BUFFER=0 SUBPAGES=0/1 GAP_MS=64.065 HASH=68ecc1220745b351
CYCLE=0 PAIR=9 BUFFER=1 SUBPAGES=0/1 GAP_MS=64.589 HASH=a45bfe821b6699d2
CYCLE=0 PAIR=10 BUFFER=2 SUBPAGES=0/1 GAP_MS=64.118 HASH=8b6cc029d92d395e
CYCLE=0 PAIR=11 BUFFER=3 SUBPAGES=0/1 GAP_MS=63.986 HASH=dc2b1d6e8a9695ed
CYCLE=0 PAIR=12 BUFFER=0 SUBPAGES=0/1 GAP_MS=63.732 HASH=951e247c8bbdfb85
CYCLE=0 PAIR=13 BUFFER=1 SUBPAGES=0/1 GAP_MS=64.195 HASH=edb0e98958e3f6a1
CYCLE=0 PAIR=14 BUFFER=2 SUBPAGES=0/1 GAP_MS=63.330 HASH=c00872e8c514c7de
CYCLE=0 PAIR=15 BUFFER=3 SUBPAGES=0/1 GAP_MS=65.016 HASH=df5bd8714455d492
CYCLE=0 PAIR=16 BUFFER=0 SUBPAGES=0/1 GAP_MS=65.040 HASH=7302d3482bfab7d7
CYCLE=0 PAIR=17 BUFFER=1 SUBPAGES=0/1 GAP_MS=63.949 HASH=7b1f2ad7cb612c54
CYCLE=0 PAIR=18 BUFFER=2 SUBPAGES=0/1 GAP_MS=63.581 HASH=01dc91da4caa8c59
CYCLE=0 PAIR=19 BUFFER=3 SUBPAGES=0/1 GAP_MS=65.067 HASH=656bf464694a123e
CYCLE=0 PAIR=20 BUFFER=0 SUBPAGES=0/1 GAP_MS=64.216 HASH=2d380b232eb9ef0f
CYCLE=0 PAIR=21 BUFFER=1 SUBPAGES=0/1 GAP_MS=65.350 HASH=5812c736d49bdc0a
CYCLE=0 PAIR=22 BUFFER=2 SUBPAGES=0/1 GAP_MS=64.646 HASH=6bd926c683c435e1
CYCLE=0 PAIR=23 BUFFER=3 SUBPAGES=0/1 GAP_MS=62.865 HASH=3cec5fdc2ba5ecb3
CYCLE=0 PAIR=24 BUFFER=0 SUBPAGES=0/1 GAP_MS=63.860 HASH=39e95981c3bb9953
CYCLE=0 PAIR=25 BUFFER=1 SUBPAGES=0/1 GAP_MS=64.615 HASH=94b2fc8b3ce79f46
CYCLE=0 PAIR=26 BUFFER=2 SUBPAGES=0/1 GAP_MS=65.252 HASH=23ed12aab6600a83
CYCLE=0 PAIR=27 BUFFER=3 SUBPAGES=0/1 GAP_MS=64.919 HASH=52e351bc9e1a77cd
CYCLE=0 PAIR=28 BUFFER=0 SUBPAGES=0/1 GAP_MS=63.982 HASH=f73dc830b8456a93
CYCLE=0 PAIR=29 BUFFER=1 SUBPAGES=0/1 GAP_MS=62.658 HASH=2f16dbbcde67af31
CYCLE=0 PAIR=30 BUFFER=2 SUBPAGES=0/1 GAP_MS=64.069 HASH=d97276c9dddd89d3
CYCLE=0 PAIR=31 BUFFER=3 SUBPAGES=0/1 GAP_MS=63.895 HASH=85a652b5abd26ae4
CYCLE=0 PAIR=32 BUFFER=0 SUBPAGES=0/1 GAP_MS=65.456 HASH=dd7bb17ffc02ae6a
CYCLE=0 PAIR=33 BUFFER=1 SUBPAGES=0/1 GAP_MS=64.312 HASH=f9ffcf30badfc8a2
CYCLE=0 PAIR=34 BUFFER=2 SUBPAGES=0/1 GAP_MS=64.067 HASH=65368d58610c397c
CYCLE=0 PAIR=35 BUFFER=3 SUBPAGES=0/1 GAP_MS=63.708 HASH=e663758249be20c0
CYCLE=0 PAIR=36 BUFFER=0 SUBPAGES=0/1 GAP_MS=63.159 HASH=141be5c999e56166
CYCLE=0 PAIR=37 BUFFER=1 SUBPAGES=0/1 GAP_MS=64.364 HASH=2fd61c8592a69bc8
CYCLE=0 PAIR=38 BUFFER=2 SUBPAGES=0/1 GAP_MS=64.487 HASH=328f63218ba8823b
CYCLE=0 PAIR=39 BUFFER=3 SUBPAGES=0/1 GAP_MS=63.661 HASH=bf23646aba4a6df5
CYCLE=0 PAIR=40 BUFFER=0 SUBPAGES=0/1 GAP_MS=63.699 HASH=141fd3ef7701de91
CYCLE=0 PAIR=41 BUFFER=1 SUBPAGES=0/1 GAP_MS=63.391 HASH=fa490f3fa7cae219
CYCLE=0 PAIR=42 BUFFER=2 SUBPAGES=0/1 GAP_MS=64.259 HASH=f68079858493f248
CYCLE=0 PAIR=43 BUFFER=3 SUBPAGES=0/1 GAP_MS=63.271 HASH=59f9533b5ea08645
CYCLE=0 PAIR=44 BUFFER=0 SUBPAGES=0/1 GAP_MS=64.296 HASH=b5b0f43c946a3c8d
CYCLE=0 PAIR=45 BUFFER=1 SUBPAGES=0/1 GAP_MS=64.081 HASH=1f6a214298227532
CYCLE=0 PAIR=46 BUFFER=2 SUBPAGES=0/1 GAP_MS=63.392 HASH=8e596883baee30ae
CYCLE=0 PAIR=47 BUFFER=3 SUBPAGES=0/1 GAP_MS=63.939 HASH=1bf5d68fc95105c7
CYCLE=0 PAIR=48 BUFFER=0 SUBPAGES=0/1 GAP_MS=64.621 HASH=68b442ce2dfb0706
CYCLE=0 PAIR=49 BUFFER=1 SUBPAGES=0/1 GAP_MS=64.847 HASH=894b07bdf74b2610
CYCLE=0 PAIR=50 BUFFER=2 SUBPAGES=0/1 GAP_MS=63.660 HASH=faa1e89098a96d02
CYCLE=0 PAIR=51 BUFFER=3 SUBPAGES=0/1 GAP_MS=63.858 HASH=204de9f513004f1f
CYCLE=0 PAIR=52 BUFFER=0 SUBPAGES=0/1 GAP_MS=63.056 HASH=b9e79863267ad723
CYCLE=0 PAIR=53 BUFFER=1 SUBPAGES=0/1 GAP_MS=64.587 HASH=ba4751a41a1ee672
CYCLE=0 PAIR=54 BUFFER=2 SUBPAGES=0/1 GAP_MS=63.658 HASH=1bda720057c41e17
CYCLE=0 PAIR=55 BUFFER=3 SUBPAGES=0/1 GAP_MS=65.352 HASH=6ec4fab965a0454e
CYCLE=0 PAIR=56 BUFFER=0 SUBPAGES=0/1 GAP_MS=63.765 HASH=ac116d050476c8db
CYCLE=0 PAIR=57 BUFFER=1 SUBPAGES=0/1 GAP_MS=63.721 HASH=1a109eed15d7f835
CYCLE=0 PAIR=58 BUFFER=2 SUBPAGES=0/1 GAP_MS=64.039 HASH=66fc0a9c8ecf5df6
CYCLE=0 PAIR=59 BUFFER=3 SUBPAGES=0/1 GAP_MS=63.242 HASH=f41da89ff31ca581
CYCLE=0 PAIR=60 BUFFER=0 SUBPAGES=0/1 GAP_MS=62.446 HASH=c4e78a25a2f7556c
CYCLE=0 PAIR=61 BUFFER=1 SUBPAGES=0/1 GAP_MS=62.975 HASH=16179df7739e0cec
CYCLE=0 PAIR=62 BUFFER=2 SUBPAGES=0/1 GAP_MS=64.297 HASH=d0bb75fe9157037b
CYCLE=0 PAIR=63 BUFFER=3 SUBPAGES=0/1 GAP_MS=63.806 HASH=2198934fc9966f5f
CYCLE=0 PAIR=64 BUFFER=0 SUBPAGES=0/1 GAP_MS=64.597 HASH=28500cc685e69ca4
CYCLE=0 PAIR=65 BUFFER=1 SUBPAGES=0/1 GAP_MS=63.773 HASH=699aa6a59fa56dcb
CYCLE=0 PAIR=66 BUFFER=2 SUBPAGES=0/1 GAP_MS=65.536 HASH=d9cb41849776b8bb
CYCLE=0 PAIR=67 BUFFER=3 SUBPAGES=0/1 GAP_MS=64.560 HASH=27ecb3cd27d6ce8f
CYCLE=0 PAIR=68 BUFFER=0 SUBPAGES=0/1 GAP_MS=64.058 HASH=21994c07208be21f
CYCLE=0 PAIR=69 BUFFER=1 SUBPAGES=0/1 GAP_MS=65.207 HASH=f45846c830c6a9b2
CYCLE=0 PAIR=70 BUFFER=2 SUBPAGES=0/1 GAP_MS=63.668 HASH=715087b9992ec31f
CYCLE=0 PAIR=71 BUFFER=3 SUBPAGES=0/1 GAP_MS=63.942 HASH=dd2fe8569a9c0e8f
CYCLE=0 PAIR=72 BUFFER=0 SUBPAGES=0/1 GAP_MS=63.344 HASH=7da9193b6752eaa3
CYCLE=0 PAIR=73 BUFFER=1 SUBPAGES=0/1 GAP_MS=64.924 HASH=942a69b6eed8c819
CYCLE=0 PAIR=74 BUFFER=2 SUBPAGES=0/1 GAP_MS=63.587 HASH=1ceb05ea658e32b8
CYCLE=0 PAIR=75 BUFFER=3 SUBPAGES=0/1 GAP_MS=64.893 HASH=58267bec917b2219
CYCLE=0 PAIR=76 BUFFER=0 SUBPAGES=0/1 GAP_MS=64.071 HASH=579c7b034f5f20a0
CYCLE=0 PAIR=77 BUFFER=1 SUBPAGES=0/1 GAP_MS=65.428 HASH=008d88c81300204d
CYCLE=0 PAIR=78 BUFFER=2 SUBPAGES=0/1 GAP_MS=63.467 HASH=f92a7c6ed308bfb9
CYCLE=0 PAIR=79 BUFFER=3 SUBPAGES=0/1 GAP_MS=64.033 HASH=3bce285c38830ab0
CYCLE=0 PAIR=80 BUFFER=0 SUBPAGES=0/1 GAP_MS=63.483 HASH=eeadbe36eed396ce
CYCLE=0 PAIR=81 BUFFER=1 SUBPAGES=0/1 GAP_MS=62.658 HASH=8379c6d941efe2b8
CYCLE=0 PAIR=82 BUFFER=2 SUBPAGES=0/1 GAP_MS=65.078 HASH=1f591a2a8d7ce53f
CYCLE=0 PAIR=83 BUFFER=3 SUBPAGES=0/1 GAP_MS=63.095 HASH=b69a9155db96eb64
CYCLE=0 PAIR=84 BUFFER=0 SUBPAGES=0/1 GAP_MS=62.964 HASH=f92c69c40d98fff1
CYCLE=0 PAIR=85 BUFFER=1 SUBPAGES=0/1 GAP_MS=63.939 HASH=4260e422ad88415a
CYCLE=0 PAIR=86 BUFFER=2 SUBPAGES=0/1 GAP_MS=63.835 HASH=d3f23a9a97d6f54f
CYCLE=0 PAIR=87 BUFFER=3 SUBPAGES=0/1 GAP_MS=61.958 HASH=584b55becf6b0a40
CYCLE=0 PAIR=88 BUFFER=0 SUBPAGES=0/1 GAP_MS=63.820 HASH=9851ad336078f2ec
CYCLE=0 PAIR=89 BUFFER=1 SUBPAGES=0/1 GAP_MS=63.133 HASH=2115465076fee963
CYCLE=0 PAIR=90 BUFFER=2 SUBPAGES=0/1 GAP_MS=63.138 HASH=bca8b16ee590f674
CYCLE=0 PAIR=91 BUFFER=3 SUBPAGES=0/1 GAP_MS=64.761 HASH=2a7abf3bfc35adde
CYCLE=0 PAIR=92 BUFFER=0 SUBPAGES=0/1 GAP_MS=64.576 HASH=c64548c1e9045771
CYCLE=0 PAIR=93 BUFFER=1 SUBPAGES=0/1 GAP_MS=64.401 HASH=a06eeecf53114b9e
CYCLE=0 PAIR=94 BUFFER=2 SUBPAGES=0/1 GAP_MS=64.910 HASH=81cae7dfa71327de
CYCLE=0 PAIR=95 BUFFER=3 SUBPAGES=0/1 GAP_MS=63.629 HASH=eaf0d2c7ed21d753
CYCLE=0 PAIR=96 BUFFER=0 SUBPAGES=0/1 GAP_MS=63.795 HASH=9d99b257c58d66d9
CYCLE=0 PAIR=97 BUFFER=1 SUBPAGES=0/1 GAP_MS=63.399 HASH=57ab60f1c27a20ce
CYCLE=0 PAIR=98 BUFFER=2 SUBPAGES=0/1 GAP_MS=64.422 HASH=835d9ac6299ffddd
CYCLE=0 PAIR=99 BUFFER=3 SUBPAGES=0/1 GAP_MS=64.036 HASH=8af0dfc842ee6888
CYCLE=0 PAIR=100 BUFFER=0 SUBPAGES=0/1 GAP_MS=63.563 HASH=8aa3f9e14c44802a
CYCLE=0 PAIR=101 BUFFER=1 SUBPAGES=0/1 GAP_MS=63.887 HASH=444f3e63b477504e
CYCLE=0 PAIR=102 BUFFER=2 SUBPAGES=0/1 GAP_MS=63.261 HASH=14d5ad8b569ed4a1
CYCLE=0 PAIR=103 BUFFER=3 SUBPAGES=0/1 GAP_MS=64.332 HASH=10fce4b8e8328579
CYCLE=0 PAIR=104 BUFFER=0 SUBPAGES=0/1 GAP_MS=62.551 HASH=f38416137edfe7d4
CYCLE=0 PAIR=105 BUFFER=1 SUBPAGES=0/1 GAP_MS=63.325 HASH=22f11feb3f839e18
CYCLE=0 PAIR=106 BUFFER=2 SUBPAGES=0/1 GAP_MS=63.981 HASH=4c6a16c20d32f387
CYCLE=0 PAIR=107 BUFFER=3 SUBPAGES=0/1 GAP_MS=63.911 HASH=176ffbc0ec0db8ee
CYCLE=0 PAIR=108 BUFFER=0 SUBPAGES=0/1 GAP_MS=63.890 HASH=40d35c4b06e9e93e
CYCLE=0 PAIR=109 BUFFER=1 SUBPAGES=0/1 GAP_MS=63.361 HASH=39a43160b24456af
CYCLE=0 PAIR=110 BUFFER=2 SUBPAGES=0/1 GAP_MS=64.625 HASH=758d0839589d6d9c
CYCLE=0 PAIR=111 BUFFER=3 SUBPAGES=0/1 GAP_MS=60.155 HASH=12ff0cdb5c17eff7
CYCLE=0 PAIR=112 BUFFER=0 SUBPAGES=0/1 GAP_MS=62.347 HASH=e32a2950fbbf9ffa
CYCLE=0 PAIR=113 BUFFER=1 SUBPAGES=0/1 GAP_MS=62.617 HASH=dadda65fe5cc934c
CYCLE=0 PAIR=114 BUFFER=2 SUBPAGES=0/1 GAP_MS=64.765 HASH=b4d88751917fd352
CYCLE=0 PAIR=115 BUFFER=3 SUBPAGES=0/1 GAP_MS=65.631 HASH=a0af78ecab9223a1
CYCLE=0 PAIR=116 BUFFER=0 SUBPAGES=0/1 GAP_MS=63.840 HASH=e1658691395d5267
CYCLE=0 PAIR=117 BUFFER=1 SUBPAGES=0/1 GAP_MS=64.866 HASH=0031de5135d07e99
CYCLE=0 PAIR=118 BUFFER=2 SUBPAGES=0/1 GAP_MS=63.469 HASH=826bb06eb7e96423
CYCLE=0 PAIR=119 BUFFER=3 SUBPAGES=0/1 GAP_MS=65.018 HASH=ba27d36b47ce4092
CYCLE=0 PAIR=120 BUFFER=0 SUBPAGES=0/1 GAP_MS=64.654 HASH=eaf1d5beb857bc64
CYCLE=0 PAIR=121 BUFFER=1 SUBPAGES=0/1 GAP_MS=63.303 HASH=e17a20e827977d1a
CYCLE=0 PAIR=122 BUFFER=2 SUBPAGES=0/1 GAP_MS=63.751 HASH=5dc241de84458c81
CYCLE=0 PAIR=123 BUFFER=3 SUBPAGES=0/1 GAP_MS=64.408 HASH=06d883be7997958b
CYCLE=0 PAIR=124 BUFFER=0 SUBPAGES=0/1 GAP_MS=63.646 HASH=3424969f85f03550
CYCLE=0 PAIR=125 BUFFER=1 SUBPAGES=0/1 GAP_MS=64.092 HASH=74c5c8d50f441a36
CYCLE=0 PAIR=126 BUFFER=2 SUBPAGES=0/1 GAP_MS=63.032 HASH=a93f89719d76fa5d
CYCLE=0 PAIR=127 BUFFER=3 SUBPAGES=0/1 GAP_MS=64.172 HASH=c5d606b8326dc9ae
CYCLE=0 PAIR=128 BUFFER=0 SUBPAGES=0/1 GAP_MS=63.630 HASH=487fce39e43c1360
CYCLE=0 PAIR=129 BUFFER=1 SUBPAGES=0/1 GAP_MS=64.461 HASH=42c450cc9f1d462f
CYCLE=0 PAIR=130 BUFFER=2 SUBPAGES=0/1 GAP_MS=63.047 HASH=fe14d07f75fe2923
CYCLE=0 PAIR=131 BUFFER=3 SUBPAGES=0/1 GAP_MS=64.315 HASH=8f2fa7dd2874565a
CYCLE=0 PAIR=132 BUFFER=0 SUBPAGES=0/1 GAP_MS=64.334 HASH=888deeed5353bf48
CYCLE=0 PAIR=133 BUFFER=1 SUBPAGES=0/1 GAP_MS=63.851 HASH=0a6fe9d1991e7fb1
CYCLE=0 PAIR=134 BUFFER=2 SUBPAGES=0/1 GAP_MS=62.968 HASH=7e43e8e843169a98
CYCLE=0 PAIR=135 BUFFER=3 SUBPAGES=0/1 GAP_MS=63.963 HASH=d2c3af4dced353a3
CYCLE=0 PAIR=136 BUFFER=0 SUBPAGES=0/1 GAP_MS=63.657 HASH=d5cc45e122117a06
CYCLE=0 PAIR=137 BUFFER=1 SUBPAGES=0/1 GAP_MS=64.946 HASH=e1031a8819268c81
CYCLE=0 PAIR=138 BUFFER=2 SUBPAGES=0/1 GAP_MS=65.008 HASH=eeaa6d65ddbc3c39
CYCLE=0 PAIR=139 BUFFER=3 SUBPAGES=0/1 GAP_MS=63.052 HASH=6cdca1b29f73baf0
CYCLE=0 PAIR=140 BUFFER=0 SUBPAGES=0/1 GAP_MS=65.294 HASH=ed554c9dbd0787dc
CYCLE=0 PAIR=141 BUFFER=1 SUBPAGES=0/1 GAP_MS=62.409 HASH=aad78ae479ab0d52
CYCLE=0 PAIR=142 BUFFER=2 SUBPAGES=0/1 GAP_MS=62.849 HASH=a183ceb51ed64331
CYCLE=0 PAIR=143 BUFFER=3 SUBPAGES=0/1 GAP_MS=65.722 HASH=a7eca5f54adcc37e
CYCLE=0 PAIR=144 BUFFER=0 SUBPAGES=0/1 GAP_MS=63.780 HASH=f7a4e50d42f4d542
CYCLE=0 PAIR=145 BUFFER=1 SUBPAGES=0/1 GAP_MS=63.426 HASH=9bdd819a271e05a4
CYCLE=0 PAIR=146 BUFFER=2 SUBPAGES=0/1 GAP_MS=63.902 HASH=bf6b75512b597411
CYCLE=0 PAIR=147 BUFFER=3 SUBPAGES=0/1 GAP_MS=62.586 HASH=ea0e14c70abfffd7
CYCLE=0 PAIR=148 BUFFER=0 SUBPAGES=0/1 GAP_MS=63.428 HASH=c22e4dd6b26d7ebd
CYCLE=0 PAIR=149 BUFFER=1 SUBPAGES=0/1 GAP_MS=62.894 HASH=512b35bd290a7418
CYCLE=0 PAIR=150 BUFFER=2 SUBPAGES=0/1 GAP_MS=63.720 HASH=4d93271865bf6560
CYCLE=0 PAIR=151 BUFFER=3 SUBPAGES=0/1 GAP_MS=63.433 HASH=bd61df3103d36e54
CYCLE=0 PAIR=152 BUFFER=0 SUBPAGES=0/1 GAP_MS=64.338 HASH=ae481fc2b10431e1
CYCLE=0 PAIR=153 BUFFER=1 SUBPAGES=0/1 GAP_MS=62.930 HASH=3e1e5bc78192eaa5
CYCLE=0 PAIR=154 BUFFER=2 SUBPAGES=0/1 GAP_MS=64.370 HASH=6d875d1473b364a6
CYCLE=0 PAIR=155 BUFFER=3 SUBPAGES=0/1 GAP_MS=63.065 HASH=934406a7f0ae5f07
CYCLE=0 PAIR=156 BUFFER=0 SUBPAGES=0/1 GAP_MS=64.119 HASH=1d3ce9a8fba412ac
CYCLE=0 PAIR=157 BUFFER=1 SUBPAGES=0/1 GAP_MS=64.540 HASH=67f2fb8903969a33
CYCLE=0 PAIR=158 BUFFER=2 SUBPAGES=0/1 GAP_MS=63.580 HASH=88d6471fc6e3293e
CYCLE=0 PAIR=159 BUFFER=3 SUBPAGES=0/1 GAP_MS=65.460 HASH=ce188cd8c6d346b7
CYCLE=0 PAIR=160 BUFFER=0 SUBPAGES=0/1 GAP_MS=64.623 HASH=42adb424c5204fad
CYCLE=0 PAIR=161 BUFFER=1 SUBPAGES=0/1 GAP_MS=63.615 HASH=f0defafacdd852a3
CYCLE=0 PAIR=162 BUFFER=2 SUBPAGES=0/1 GAP_MS=63.255 HASH=c5e6e685a2b12d5a
CYCLE=0 PAIR=163 BUFFER=3 SUBPAGES=0/1 GAP_MS=64.361 HASH=64b24fdc6c7805d4
CYCLE=0 PAIR=164 BUFFER=0 SUBPAGES=0/1 GAP_MS=63.806 HASH=84a4e45d99ab3c7a
CYCLE=0 PAIR=165 BUFFER=1 SUBPAGES=0/1 GAP_MS=63.957 HASH=255d0e1777668e25
CYCLE=0 PAIR=166 BUFFER=2 SUBPAGES=0/1 GAP_MS=64.492 HASH=38e613f10ddce6f2
CYCLE=0 PAIR=167 BUFFER=3 SUBPAGES=0/1 GAP_MS=63.689 HASH=756f699fb0a5febd
CYCLE=0 PAIR=168 BUFFER=0 SUBPAGES=0/1 GAP_MS=65.454 HASH=c2b52240b8a7cafe
CYCLE=0 PAIR=169 BUFFER=1 SUBPAGES=0/1 GAP_MS=63.711 HASH=6adcb32f53a3b965
CYCLE=0 PAIR=170 BUFFER=2 SUBPAGES=0/1 GAP_MS=63.890 HASH=b52f45a16e84c199
CYCLE=0 PAIR=171 BUFFER=3 SUBPAGES=0/1 GAP_MS=64.722 HASH=5ff43d55b21c3254
CYCLE=0 PAIR=172 BUFFER=0 SUBPAGES=0/1 GAP_MS=63.334 HASH=2e2dfc883eed6c25
CYCLE=0 PAIR=173 BUFFER=1 SUBPAGES=0/1 GAP_MS=63.837 HASH=ae4edd34793aeb8c
CYCLE=0 PAIR=174 BUFFER=2 SUBPAGES=0/1 GAP_MS=63.713 HASH=932b7e5897265d37
CYCLE=0 PAIR=175 BUFFER=3 SUBPAGES=0/1 GAP_MS=64.584 HASH=606e5f1fa00646b4
CYCLE=0 PAIR=176 BUFFER=0 SUBPAGES=0/1 GAP_MS=63.491 HASH=908b490a159fc322
CYCLE=0 PAIR=177 BUFFER=1 SUBPAGES=0/1 GAP_MS=63.895 HASH=99d38d9f3622e5a8
CYCLE=0 PAIR=178 BUFFER=2 SUBPAGES=0/1 GAP_MS=64.156 HASH=63bd404d826eff20
CYCLE=0 PAIR=179 BUFFER=3 SUBPAGES=0/1 GAP_MS=63.049 HASH=e28159e5d89f8b3b
CYCLE=0 PAIR=180 BUFFER=0 SUBPAGES=0/1 GAP_MS=63.955 HASH=fa87f0356d919d73
CYCLE=0 PAIR=181 BUFFER=1 SUBPAGES=0/1 GAP_MS=64.902 HASH=da5b46e06817df07
CYCLE=0 PAIR=182 BUFFER=2 SUBPAGES=0/1 GAP_MS=64.632 HASH=9af2a0753dfa306a
CYCLE=0 PAIR=183 BUFFER=3 SUBPAGES=0/1 GAP_MS=64.369 HASH=7fc301be97b632db
CYCLE=0 PAIR=184 BUFFER=0 SUBPAGES=0/1 GAP_MS=65.374 HASH=3c53a3fc51d8c06d
CYCLE=0 PAIR=185 BUFFER=1 SUBPAGES=0/1 GAP_MS=63.435 HASH=3dc12528119d0811
CYCLE=0 PAIR=186 BUFFER=2 SUBPAGES=0/1 GAP_MS=63.983 HASH=a5751ec1c7144cd8
CYCLE=0 PAIR=187 BUFFER=3 SUBPAGES=0/1 GAP_MS=64.156 HASH=e6d2c8438b716704
CYCLE=0 PAIR=188 BUFFER=0 SUBPAGES=0/1 GAP_MS=64.070 HASH=1a6fd0c9ff675d20
CYCLE=0 PAIR=189 BUFFER=1 SUBPAGES=0/1 GAP_MS=63.863 HASH=f9c394294a227e02
CYCLE=0 PAIR=190 BUFFER=2 SUBPAGES=0/1 GAP_MS=63.722 HASH=790ed8a605f35cc0
CYCLE=0 PAIR=191 BUFFER=3 SUBPAGES=0/1 GAP_MS=64.325 HASH=864385e19695ac7a
CYCLE=0 PAIR=192 BUFFER=0 SUBPAGES=0/1 GAP_MS=63.875 HASH=a0bff8a0a05e8a6c
CYCLE=0 PAIR=193 BUFFER=1 SUBPAGES=0/1 GAP_MS=63.446 HASH=a848edac701283f8
CYCLE=0 PAIR=194 BUFFER=2 SUBPAGES=0/1 GAP_MS=63.635 HASH=a40fa5ef01e5bf74
CYCLE=0 PAIR=195 BUFFER=3 SUBPAGES=0/1 GAP_MS=64.577 HASH=2702f6dd5f7a056c
CYCLE=0 PAIR=196 BUFFER=0 SUBPAGES=0/1 GAP_MS=64.275 HASH=839f6244d1bc1834
CYCLE=0 PAIR=197 BUFFER=1 SUBPAGES=0/1 GAP_MS=64.018 HASH=dec78a53b2c2c175
CYCLE=0 PAIR=198 BUFFER=2 SUBPAGES=0/1 GAP_MS=63.137 HASH=58c5e0383eaca9d8
CYCLE=0 PAIR=199 BUFFER=3 SUBPAGES=0/1 GAP_MS=63.205 HASH=06b55df075559558
CYCLE=0 PAIR=200 BUFFER=0 SUBPAGES=0/1 GAP_MS=62.823 HASH=5c4bb37ec88963d1
CYCLE=0 PAIR=201 BUFFER=1 SUBPAGES=0/1 GAP_MS=63.068 HASH=1994fc18c7652db6
CYCLE=0 PAIR=202 BUFFER=2 SUBPAGES=0/1 GAP_MS=64.167 HASH=6e3827890190faa4
CYCLE=0 PAIR=203 BUFFER=3 SUBPAGES=0/1 GAP_MS=63.860 HASH=4c0d1575c86b6763
CYCLE=0 PAIR=204 BUFFER=0 SUBPAGES=0/1 GAP_MS=65.172 HASH=238214cff4ca8be5
CYCLE=0 PAIR=205 BUFFER=1 SUBPAGES=0/1 GAP_MS=64.352 HASH=6a6d9a83cd765911
CYCLE=0 PAIR=206 BUFFER=2 SUBPAGES=0/1 GAP_MS=64.603 HASH=e36b7d608efee31b
CYCLE=0 PAIR=207 BUFFER=3 SUBPAGES=0/1 GAP_MS=63.630 HASH=0ef4908cf1a23ebb
CYCLE=0 PAIR=208 BUFFER=0 SUBPAGES=0/1 GAP_MS=64.860 HASH=e8951418cbc9956f
CYCLE=0 PAIR=209 BUFFER=1 SUBPAGES=0/1 GAP_MS=63.557 HASH=ef5dd7a99ad506b1
CYCLE=0 PAIR=210 BUFFER=2 SUBPAGES=0/1 GAP_MS=64.588 HASH=aad13fbeb1039857
CYCLE=0 PAIR=211 BUFFER=3 SUBPAGES=0/1 GAP_MS=62.517 HASH=8b16499da9a3af9c
CYCLE=0 PAIR=212 BUFFER=0 SUBPAGES=0/1 GAP_MS=64.133 HASH=ebcfba0c3ab436d2
CYCLE=0 PAIR=213 BUFFER=1 SUBPAGES=0/1 GAP_MS=63.310 HASH=7cfe6a3a30023062
CYCLE=0 PAIR=214 BUFFER=2 SUBPAGES=0/1 GAP_MS=64.745 HASH=95bd4da62636f845
CYCLE=0 PAIR=215 BUFFER=3 SUBPAGES=0/1 GAP_MS=62.500 HASH=12270a331ca8450e
CYCLE=0 PAIR=216 BUFFER=0 SUBPAGES=0/1 GAP_MS=63.437 HASH=a5a2c68b95332d3c
CYCLE=0 PAIR=217 BUFFER=1 SUBPAGES=0/1 GAP_MS=63.491 HASH=34fc705b487a77d6
CYCLE=0 PAIR=218 BUFFER=2 SUBPAGES=0/1 GAP_MS=63.765 HASH=892311e4d7e9cbb3
CYCLE=0 PAIR=219 BUFFER=3 SUBPAGES=0/1 GAP_MS=63.949 HASH=668103888b652556
CYCLE=0 PAIR=220 BUFFER=0 SUBPAGES=0/1 GAP_MS=63.131 HASH=702148680b7f2b2b
CYCLE=0 PAIR=221 BUFFER=1 SUBPAGES=0/1 GAP_MS=64.268 HASH=35d3d6a4859d6619
CYCLE=0 PAIR=222 BUFFER=2 SUBPAGES=0/1 GAP_MS=63.834 HASH=d76d94731db209c7
CYCLE=0 PAIR=223 BUFFER=3 SUBPAGES=0/1 GAP_MS=62.867 HASH=ffb7c49d6a00bf39
CYCLE=0 PAIR=224 BUFFER=0 SUBPAGES=0/1 GAP_MS=63.985 HASH=d6f19b469011c77f
CYCLE=0 PAIR=225 BUFFER=1 SUBPAGES=0/1 GAP_MS=65.064 HASH=c22de17121ecb361
CYCLE=0 PAIR=226 BUFFER=2 SUBPAGES=0/1 GAP_MS=63.159 HASH=86db310efbe113f4
CYCLE=0 PAIR=227 BUFFER=3 SUBPAGES=0/1 GAP_MS=64.454 HASH=82230939c3b62eac
CYCLE=0 PAIR=228 BUFFER=0 SUBPAGES=0/1 GAP_MS=62.506 HASH=8cc8f73ad50053c2
CYCLE=0 PAIR=229 BUFFER=1 SUBPAGES=0/1 GAP_MS=62.811 HASH=0ccc3556667420e3
CYCLE=0 PAIR=230 BUFFER=2 SUBPAGES=0/1 GAP_MS=63.663 HASH=98cb6ae6cf9ba28d
CYCLE=0 PAIR=231 BUFFER=3 SUBPAGES=0/1 GAP_MS=65.275 HASH=4142b58e7e820fe2
CYCLE=0 PAIR=232 BUFFER=0 SUBPAGES=0/1 GAP_MS=64.908 HASH=e1dd151c5c76f71e
CYCLE=0 PAIR=233 BUFFER=1 SUBPAGES=0/1 GAP_MS=65.563 HASH=ca24b7688c9dbfe3
CYCLE=0 PAIR=234 BUFFER=2 SUBPAGES=0/1 GAP_MS=63.331 HASH=c36356cdfc48d766
CYCLE=0 PAIR=235 BUFFER=3 SUBPAGES=0/1 GAP_MS=64.042 HASH=90bb4c9c69aeb45d
CYCLE=0 PAIR=236 BUFFER=0 SUBPAGES=0/1 GAP_MS=63.927 HASH=eb3dc7163c4785e2
CYCLE=0 PAIR=237 BUFFER=1 SUBPAGES=0/1 GAP_MS=64.085 HASH=619ebfb1fcd1d3df
CYCLE=0 PAIR=238 BUFFER=2 SUBPAGES=0/1 GAP_MS=62.893 HASH=d455f1fa8a4f90f6
CYCLE=0 PAIR=239 BUFFER=3 SUBPAGES=0/1 GAP_MS=64.182 HASH=4b6cb574f822a303
CYCLE=0 PAIR=240 BUFFER=0 SUBPAGES=0/1 GAP_MS=64.542 HASH=ae3927e1052e4cd4
CYCLE=0 PAIR=241 BUFFER=1 SUBPAGES=0/1 GAP_MS=64.539 HASH=fc6463552a1cdce0
CYCLE=0 PAIR=242 BUFFER=2 SUBPAGES=0/1 GAP_MS=64.516 HASH=c91b39fc92cc9699
CYCLE=0 PAIR=243 BUFFER=3 SUBPAGES=0/1 GAP_MS=64.026 HASH=3a43435bdd8fe153
CYCLE=0 PAIR=244 BUFFER=0 SUBPAGES=0/1 GAP_MS=63.041 HASH=c7ce6d4ac2ac4a16
CYCLE=0 PAIR=245 BUFFER=1 SUBPAGES=0/1 GAP_MS=63.556 HASH=6b4084e24ff4e746
CYCLE=0 PAIR=246 BUFFER=2 SUBPAGES=0/1 GAP_MS=63.375 HASH=e540c13e0d4aeb2a
CYCLE=0 PAIR=247 BUFFER=3 SUBPAGES=0/1 GAP_MS=64.214 HASH=c0213992c7e3048b
CYCLE=0 PAIR=248 BUFFER=0 SUBPAGES=0/1 GAP_MS=64.885 HASH=852035e7d78d2092
CYCLE=0 PAIR=249 BUFFER=1 SUBPAGES=0/1 GAP_MS=63.852 HASH=23c885ec9a2eb715
CYCLE=0 PAIR=250 BUFFER=2 SUBPAGES=0/1 GAP_MS=63.493 HASH=244218908accc3b4
CYCLE=0 PAIR=251 BUFFER=3 SUBPAGES=0/1 GAP_MS=63.382 HASH=ba96cfd7ebdc7e3b
CYCLE=0 PAIR=252 BUFFER=0 SUBPAGES=0/1 GAP_MS=63.911 HASH=17f9e11ddbdcc86e
CYCLE=0 PAIR=253 BUFFER=1 SUBPAGES=0/1 GAP_MS=64.037 HASH=f6343b4443deed3a
CYCLE=0 PAIR=254 BUFFER=2 SUBPAGES=0/1 GAP_MS=65.345 HASH=ddc2d755a68627f8
CYCLE=0 PAIR=255 BUFFER=3 SUBPAGES=0/1 GAP_MS=65.858 HASH=32e35ad25a3903ee
CYCLE=0 PAIR=256 BUFFER=0 SUBPAGES=0/1 GAP_MS=63.172 HASH=359653075cb88456
CYCLE=0 PAIR=257 BUFFER=1 SUBPAGES=0/1 GAP_MS=63.340 HASH=c298f2d813c46c16
CYCLE=0 PAIR=258 BUFFER=2 SUBPAGES=0/1 GAP_MS=64.632 HASH=8879ebc2f45c2aab
CYCLE=0 PAIR=259 BUFFER=3 SUBPAGES=0/1 GAP_MS=64.833 HASH=77701e4c17ff17fa
CYCLE=0 PAIR=260 BUFFER=0 SUBPAGES=0/1 GAP_MS=65.427 HASH=8e60b786173c2152
CYCLE=0 PAIR=261 BUFFER=1 SUBPAGES=0/1 GAP_MS=63.902 HASH=eadfddb65b637962
CYCLE=0 PAIR=262 BUFFER=2 SUBPAGES=0/1 GAP_MS=63.019 HASH=529fbf9535f3c8d7
CYCLE=0 PAIR=263 BUFFER=3 SUBPAGES=0/1 GAP_MS=64.810 HASH=6d1cd15d39bb8f76
CYCLE=0 PAIR=264 BUFFER=0 SUBPAGES=0/1 GAP_MS=63.383 HASH=e468b30ec6fbf4da
CYCLE=0 PAIR=265 BUFFER=1 SUBPAGES=0/1 GAP_MS=63.340 HASH=fafb976dc1f14469
CYCLE=0 PAIR=266 BUFFER=2 SUBPAGES=0/1 GAP_MS=64.722 HASH=908e61ea22c0e927
CYCLE=0 PAIR=267 BUFFER=3 SUBPAGES=0/1 GAP_MS=61.268 HASH=933fbdf1a3d08203
CYCLE=0 PAIR=268 BUFFER=0 SUBPAGES=0/1 GAP_MS=63.759 HASH=d4bfede480e87b8b
CYCLE=0 PAIR=269 BUFFER=1 SUBPAGES=0/1 GAP_MS=62.296 HASH=026c3fe78a175c4c
CYCLE=0 PAIR=270 BUFFER=2 SUBPAGES=0/1 GAP_MS=63.126 HASH=7ceb0ad06dd1a245
CYCLE=0 PAIR=271 BUFFER=3 SUBPAGES=0/1 GAP_MS=64.268 HASH=68b3ccb0effcc654
CYCLE=0 PAIR=272 BUFFER=0 SUBPAGES=0/1 GAP_MS=65.198 HASH=fecc48afdb544513
CYCLE=0 PAIR=273 BUFFER=1 SUBPAGES=0/1 GAP_MS=64.018 HASH=0e0abc1a88fb487a
CYCLE=0 PAIR=274 BUFFER=2 SUBPAGES=0/1 GAP_MS=64.957 HASH=794661aee4fb8729
CYCLE=0 PAIR=275 BUFFER=3 SUBPAGES=0/1 GAP_MS=63.136 HASH=6d5e9f0963cc4926
CYCLE=0 PAIR=276 BUFFER=0 SUBPAGES=0/1 GAP_MS=63.754 HASH=bb7385389e358eed
CYCLE=0 PAIR=277 BUFFER=1 SUBPAGES=0/1 GAP_MS=65.066 HASH=e57b8f64f6548ab9
CYCLE=0 PAIR=278 BUFFER=2 SUBPAGES=0/1 GAP_MS=63.202 HASH=92eb5d4ca4f5df10
CYCLE=0 PAIR=279 BUFFER=3 SUBPAGES=0/1 GAP_MS=63.731 HASH=2bba7da9d4203164
CYCLE=0 PAIR=280 BUFFER=0 SUBPAGES=0/1 GAP_MS=63.207 HASH=3852ad78a12e30e1
CYCLE=0 PAIR=281 BUFFER=1 SUBPAGES=0/1 GAP_MS=64.438 HASH=c1151d5a4b8bf550
CYCLE=0 PAIR=282 BUFFER=2 SUBPAGES=0/1 GAP_MS=64.163 HASH=483b019c9a768025
CYCLE=0 PAIR=283 BUFFER=3 SUBPAGES=0/1 GAP_MS=64.415 HASH=34d3fcddae59b342
CYCLE=0 PAIR=284 BUFFER=0 SUBPAGES=0/1 GAP_MS=64.907 HASH=97df84634ac5886c
CYCLE=0 PAIR=285 BUFFER=1 SUBPAGES=0/1 GAP_MS=64.220 HASH=fd03871c566d6fd5
CYCLE=0 PAIR=286 BUFFER=2 SUBPAGES=0/1 GAP_MS=63.552 HASH=4c1da30687b8ae96
CYCLE=0 PAIR=287 BUFFER=3 SUBPAGES=0/1 GAP_MS=65.006 HASH=3389dde9dab80c42
CYCLE=0 PAIR=288 BUFFER=0 SUBPAGES=0/1 GAP_MS=64.539 HASH=b296cc545fbaeb34
CYCLE=0 PAIR=289 BUFFER=1 SUBPAGES=0/1 GAP_MS=64.141 HASH=3899404e47332d4d
CYCLE=0 PAIR=290 BUFFER=2 SUBPAGES=0/1 GAP_MS=64.119 HASH=c9391d5a94dd9d47
CYCLE=0 PAIR=291 BUFFER=3 SUBPAGES=0/1 GAP_MS=64.153 HASH=4127f168a86af401
CYCLE=0 PAIR=292 BUFFER=0 SUBPAGES=0/1 GAP_MS=63.738 HASH=95b1f69f4a220416
CYCLE=0 PAIR=293 BUFFER=1 SUBPAGES=0/1 GAP_MS=64.772 HASH=2e9dd68075bd31f4
CYCLE=0 PAIR=294 BUFFER=2 SUBPAGES=0/1 GAP_MS=62.615 HASH=411289bdaef138a1
CYCLE=0 PAIR=295 BUFFER=3 SUBPAGES=0/1 GAP_MS=64.385 HASH=5685a2cec0230c04
CYCLE=0 PAIR=296 BUFFER=0 SUBPAGES=0/1 GAP_MS=63.791 HASH=594265b765fb55f3
CYCLE=0 PAIR=297 BUFFER=1 SUBPAGES=0/1 GAP_MS=65.308 HASH=2531db78500b3e0c
CYCLE=0 PAIR=298 BUFFER=2 SUBPAGES=0/1 GAP_MS=64.920 HASH=207dcc5368c8d098
CYCLE=0 PAIR=299 BUFFER=3 SUBPAGES=0/1 GAP_MS=64.795 HASH=782de5d998c9cb62
CYCLE=0 PAIR=300 BUFFER=0 SUBPAGES=0/1 GAP_MS=63.511 HASH=3a2f0dcbd92e0ad8
CYCLE=0 PAIR=301 BUFFER=1 SUBPAGES=0/1 GAP_MS=64.100 HASH=6735629aac50cd28
CYCLE=0 PAIR=302 BUFFER=2 SUBPAGES=0/1 GAP_MS=64.010 HASH=b110fa31fbe2994d
CYCLE=0 PAIR=303 BUFFER=3 SUBPAGES=0/1 GAP_MS=64.481 HASH=de1644fad871a3c0
CYCLE=0 PAIR=304 BUFFER=0 SUBPAGES=0/1 GAP_MS=64.013 HASH=736d03b65786ef27
CYCLE=0 PAIR=305 BUFFER=1 SUBPAGES=0/1 GAP_MS=62.425 HASH=fbe9abaa43cb3d50
CYCLE=0 PAIR=306 BUFFER=2 SUBPAGES=0/1 GAP_MS=62.859 HASH=0e13118a38c37ae2
CYCLE=0 PAIR=307 BUFFER=3 SUBPAGES=0/1 GAP_MS=62.620 HASH=8f797051bb1a1c97
CYCLE=0 PAIR=308 BUFFER=0 SUBPAGES=0/1 GAP_MS=62.908 HASH=d5f11f94daf990e6
CYCLE=0 PAIR=309 BUFFER=1 SUBPAGES=0/1 GAP_MS=63.924 HASH=668014da560d5133
CYCLE=0 PAIR=310 BUFFER=2 SUBPAGES=0/1 GAP_MS=64.109 HASH=8a6b3613dedca7fe
CYCLE=0 PAIR=311 BUFFER=3 SUBPAGES=0/1 GAP_MS=64.407 HASH=d1906fecbcf74511
CYCLE=0 PAIR=312 BUFFER=0 SUBPAGES=0/1 GAP_MS=65.024 HASH=f13a047468918a37
CYCLE=0 PAIR=313 BUFFER=1 SUBPAGES=0/1 GAP_MS=64.864 HASH=48ec1ce3c43b371d
CYCLE=0 PAIR=314 BUFFER=2 SUBPAGES=0/1 GAP_MS=64.296 HASH=9868c3f9c6136b79
CYCLE=0 PAIR=315 BUFFER=3 SUBPAGES=0/1 GAP_MS=64.953 HASH=7ccfbf6c4ed03ad5
CYCLE=0 PAIR=316 BUFFER=0 SUBPAGES=0/1 GAP_MS=63.071 HASH=723b21f8b0c6b8f3
CYCLE=0 PAIR=317 BUFFER=1 SUBPAGES=0/1 GAP_MS=62.999 HASH=d3bcd58ab3497edb
CYCLE=0 PAIR=318 BUFFER=2 SUBPAGES=0/1 GAP_MS=63.411 HASH=6c688f04e34ee3d7
CYCLE=0 PAIR=319 BUFFER=3 SUBPAGES=0/1 GAP_MS=63.847 HASH=e28e13d7bdd443ff
CYCLE=0 PAIR=320 BUFFER=0 SUBPAGES=0/1 GAP_MS=62.612 HASH=0cc772e079fcb69a
CYCLE=0 PAIR=321 BUFFER=1 SUBPAGES=0/1 GAP_MS=63.704 HASH=b92dfe1d610c9c32
CYCLE=0 PAIR=322 BUFFER=2 SUBPAGES=0/1 GAP_MS=63.995 HASH=b6abfb25770f6c5a
CYCLE=0 PAIR=323 BUFFER=3 SUBPAGES=0/1 GAP_MS=63.601 HASH=1eb4a94cf7076e71
CYCLE=0 PAIR=324 BUFFER=0 SUBPAGES=0/1 GAP_MS=64.911 HASH=d6ebea170775185f
CYCLE=0 PAIR=325 BUFFER=1 SUBPAGES=0/1 GAP_MS=65.162 HASH=f6d8c43e5dc92c92
CYCLE=0 PAIR=326 BUFFER=2 SUBPAGES=0/1 GAP_MS=63.705 HASH=d4357432e8bc0f02
CYCLE=0 PAIR=327 BUFFER=3 SUBPAGES=0/1 GAP_MS=62.531 HASH=526de128d711e573
CYCLE=0 PAIR=328 BUFFER=0 SUBPAGES=0/1 GAP_MS=63.573 HASH=2ff5392b306267b4
CYCLE=0 PAIR=329 BUFFER=1 SUBPAGES=0/1 GAP_MS=62.348 HASH=6379097fbf9d52a3
CYCLE=0 PAIR=330 BUFFER=2 SUBPAGES=0/1 GAP_MS=64.495 HASH=933d3873f937013c
CYCLE=0 PAIR=331 BUFFER=3 SUBPAGES=0/1 GAP_MS=65.784 HASH=2e56430925827518
CYCLE=0 PAIR=332 BUFFER=0 SUBPAGES=0/1 GAP_MS=65.001 HASH=40b221ce4a123d8e
CYCLE=0 PAIR=333 BUFFER=1 SUBPAGES=0/1 GAP_MS=63.566 HASH=452447fb91c8453a
CYCLE=0 PAIR=334 BUFFER=2 SUBPAGES=0/1 GAP_MS=63.579 HASH=156b61753afe7e97
CYCLE=0 PAIR=335 BUFFER=3 SUBPAGES=0/1 GAP_MS=64.722 HASH=b5f334f2aceaed34
CYCLE=0 PAIR=336 BUFFER=0 SUBPAGES=0/1 GAP_MS=64.738 HASH=32bed459a7db8d71
CYCLE=0 PAIR=337 BUFFER=1 SUBPAGES=0/1 GAP_MS=64.200 HASH=57914cfbbbc994a5
CYCLE=0 PAIR=338 BUFFER=2 SUBPAGES=0/1 GAP_MS=64.669 HASH=ab24591163d248be
CYCLE=0 PAIR=339 BUFFER=3 SUBPAGES=0/1 GAP_MS=63.800 HASH=d860938fbf4dfc2e
CYCLE=0 PAIR=340 BUFFER=0 SUBPAGES=0/1 GAP_MS=64.137 HASH=bb6420346ab7bb23
CYCLE=0 PAIR=341 BUFFER=1 SUBPAGES=0/1 GAP_MS=63.536 HASH=ee7d34e9cd6a3484
CYCLE=0 PAIR=342 BUFFER=2 SUBPAGES=0/1 GAP_MS=64.991 HASH=8d74178740d3d97d
CYCLE=0 PAIR=343 BUFFER=3 SUBPAGES=0/1 GAP_MS=63.259 HASH=2d4329243c4639b7
CYCLE=0 PAIR=344 BUFFER=0 SUBPAGES=0/1 GAP_MS=64.839 HASH=ddcbc12606b6e17f
CYCLE=0 PAIR=345 BUFFER=1 SUBPAGES=0/1 GAP_MS=63.607 HASH=ca2e9b8f9ef02c1b
CYCLE=0 PAIR=346 BUFFER=2 SUBPAGES=0/1 GAP_MS=63.515 HASH=ae5593316a4cd086
CYCLE=0 PAIR=347 BUFFER=3 SUBPAGES=0/1 GAP_MS=63.062 HASH=a38d1dd361ef9c48
CYCLE=0 PAIR=348 BUFFER=0 SUBPAGES=0/1 GAP_MS=63.335 HASH=bfd42ff27e07fb80
CYCLE=0 PAIR=349 BUFFER=1 SUBPAGES=0/1 GAP_MS=63.893 HASH=25eaf6de4b81b961
CYCLE=0 PAIR=350 BUFFER=2 SUBPAGES=0/1 GAP_MS=63.643 HASH=a171857691251711
CYCLE=0 PAIR=351 BUFFER=3 SUBPAGES=0/1 GAP_MS=63.117 HASH=4e1fcd746351b875
CYCLE=0 PAIR=352 BUFFER=0 SUBPAGES=0/1 GAP_MS=63.299 HASH=d4acea3f6a6f02d5
CYCLE=0 PAIR=353 BUFFER=1 SUBPAGES=0/1 GAP_MS=63.366 HASH=936e5654bd2c1eb1
CYCLE=0 PAIR=354 BUFFER=2 SUBPAGES=0/1 GAP_MS=63.325 HASH=1cdd5832cadd37a9
CYCLE=0 PAIR=355 BUFFER=3 SUBPAGES=0/1 GAP_MS=65.077 HASH=66226c3face37660
CYCLE=0 PAIR=356 BUFFER=0 SUBPAGES=0/1 GAP_MS=63.978 HASH=1bb203b24fe7dcc2
CYCLE=0 PAIR=357 BUFFER=1 SUBPAGES=0/1 GAP_MS=63.387 HASH=b14648757b2107b5
CYCLE=0 PAIR=358 BUFFER=2 SUBPAGES=0/1 GAP_MS=64.302 HASH=52f416b871076120
CYCLE=0 PAIR=359 BUFFER=3 SUBPAGES=0/1 GAP_MS=62.953 HASH=bee32fc6da9a30d6
CYCLE=0 PAIR=360 BUFFER=0 SUBPAGES=0/1 GAP_MS=65.842 HASH=9539b5fb540a196f
CYCLE=0 PAIR=361 BUFFER=1 SUBPAGES=0/1 GAP_MS=62.090 HASH=5695246e27e9ecae
CYCLE=0 PAIR=362 BUFFER=2 SUBPAGES=0/1 GAP_MS=64.092 HASH=a972d55b01a12cb1
CYCLE=0 PAIR=363 BUFFER=3 SUBPAGES=0/1 GAP_MS=64.864 HASH=7df9f9d00f765f5f
CYCLE=0 PAIR=364 BUFFER=0 SUBPAGES=0/1 GAP_MS=65.078 HASH=82eb29a2e42f4ab6
CYCLE=0 PAIR=365 BUFFER=1 SUBPAGES=0/1 GAP_MS=64.683 HASH=c1574e3d90c1b258
CYCLE=0 PAIR=366 BUFFER=2 SUBPAGES=0/1 GAP_MS=63.385 HASH=f0befa13d48b8044
CYCLE=0 PAIR=367 BUFFER=3 SUBPAGES=0/1 GAP_MS=63.552 HASH=a91d6aff48c9fe11
CYCLE=0 PAIR=368 BUFFER=0 SUBPAGES=0/1 GAP_MS=62.867 HASH=d14449ec1da4013b
CYCLE=0 PAIR=369 BUFFER=1 SUBPAGES=0/1 GAP_MS=60.508 HASH=893f9f0d2a19116a
CYCLE=0 PAIR=370 BUFFER=2 SUBPAGES=0/1 GAP_MS=63.422 HASH=0300d44841376c31
CYCLE=0 PAIR=371 BUFFER=3 SUBPAGES=0/1 GAP_MS=64.270 HASH=df87c5094ba348a7
CYCLE=0 PAIR=372 BUFFER=0 SUBPAGES=0/1 GAP_MS=64.607 HASH=4dc49e83c3370158
CYCLE=0 PAIR=373 BUFFER=1 SUBPAGES=0/1 GAP_MS=63.724 HASH=5e6dbcaa68902320
CYCLE=0 PAIR=374 BUFFER=2 SUBPAGES=0/1 GAP_MS=63.127 HASH=23bdd2439f905aed
CYCLE=0 PAIR=375 BUFFER=3 SUBPAGES=0/1 GAP_MS=63.042 HASH=1befaa12ba6f48cb
CYCLE=0 PAIR=376 BUFFER=0 SUBPAGES=0/1 GAP_MS=63.074 HASH=ff0d9c997484d620
CYCLE=0 PAIR=377 BUFFER=1 SUBPAGES=0/1 GAP_MS=62.277 HASH=72e11efd227b3f06
CYCLE=0 PAIR=378 BUFFER=2 SUBPAGES=0/1 GAP_MS=64.382 HASH=94805a6187f64a95
CYCLE=0 PAIR=379 BUFFER=3 SUBPAGES=0/1 GAP_MS=63.601 HASH=40e764708fd541ca
CYCLE=0 PAIR=380 BUFFER=0 SUBPAGES=0/1 GAP_MS=64.737 HASH=77b2ce7a3a4e9dd3
CYCLE=0 PAIR=381 BUFFER=1 SUBPAGES=0/1 GAP_MS=64.900 HASH=9b707637a6a08c44
CYCLE=0 PAIR=382 BUFFER=2 SUBPAGES=0/1 GAP_MS=63.762 HASH=514e36a30edc53c2
CYCLE=0 PAIR=383 BUFFER=3 SUBPAGES=0/1 GAP_MS=64.213 HASH=645abe869e0123c9
CYCLE=0 PAIR=384 BUFFER=0 SUBPAGES=0/1 GAP_MS=63.373 HASH=ec37d2a30d0d466b
CYCLE=0 PAIR=385 BUFFER=1 SUBPAGES=0/1 GAP_MS=63.136 HASH=a319b0bb3d9dee27
CYCLE=0 PAIR=386 BUFFER=2 SUBPAGES=0/1 GAP_MS=63.209 HASH=987a755bce4a0f72
CYCLE=0 PAIR=387 BUFFER=3 SUBPAGES=0/1 GAP_MS=63.400 HASH=7dfcf714c2159635
CYCLE=0 PAIR=388 BUFFER=0 SUBPAGES=0/1 GAP_MS=63.615 HASH=1e9e3796b56da140
CYCLE=0 PAIR=389 BUFFER=1 SUBPAGES=0/1 GAP_MS=64.420 HASH=3a9713c2a94f089e
CYCLE=0 PAIR=390 BUFFER=2 SUBPAGES=0/1 GAP_MS=64.233 HASH=52c2243e29d7de26
CYCLE=0 PAIR=391 BUFFER=3 SUBPAGES=0/1 GAP_MS=65.239 HASH=5564260f051bccfa
CYCLE=0 PAIR=392 BUFFER=0 SUBPAGES=0/1 GAP_MS=63.190 HASH=e39ae0441979d78d
CYCLE=0 PAIR=393 BUFFER=1 SUBPAGES=0/1 GAP_MS=63.776 HASH=1528e3162e0a1a41
CYCLE=0 PAIR=394 BUFFER=2 SUBPAGES=0/1 GAP_MS=64.388 HASH=f0c94c7e3e209d51
CYCLE=0 PAIR=395 BUFFER=3 SUBPAGES=0/1 GAP_MS=64.868 HASH=64da57095ef1635e
CYCLE=0 PAIR=396 BUFFER=0 SUBPAGES=0/1 GAP_MS=63.368 HASH=8b808cbd63fd9461
CYCLE=0 PAIR=397 BUFFER=1 SUBPAGES=0/1 GAP_MS=65.476 HASH=ec4e86c8907abff3
CYCLE=0 PAIR=398 BUFFER=2 SUBPAGES=0/1 GAP_MS=64.626 HASH=f41212518aa6b2c0
CYCLE=0 PAIR=399 BUFFER=3 SUBPAGES=0/1 GAP_MS=63.155 HASH=69807abf457d612b
CYCLE=0 PAIR=400 BUFFER=0 SUBPAGES=0/1 GAP_MS=64.432 HASH=97192a481aa0a3c7
CYCLE=0 PAIR=401 BUFFER=1 SUBPAGES=0/1 GAP_MS=63.051 HASH=612f949dac9a3e52
CYCLE=0 PAIR=402 BUFFER=2 SUBPAGES=0/1 GAP_MS=64.467 HASH=4a2836c16a230553
CYCLE=0 PAIR=403 BUFFER=3 SUBPAGES=0/1 GAP_MS=64.384 HASH=08e8e5dda2ece032
CYCLE=0 PAIR=404 BUFFER=0 SUBPAGES=0/1 GAP_MS=63.089 HASH=8a855dbc4c84ee52
CYCLE=0 PAIR=405 BUFFER=1 SUBPAGES=0/1 GAP_MS=64.082 HASH=d09c1e6deac05f80
CYCLE=0 PAIR=406 BUFFER=2 SUBPAGES=0/1 GAP_MS=63.383 HASH=10c5191c4727e172
CYCLE=0 PAIR=407 BUFFER=3 SUBPAGES=0/1 GAP_MS=63.164 HASH=e30e9f7c2431c986
CYCLE=0 PAIR=408 BUFFER=0 SUBPAGES=0/1 GAP_MS=63.578 HASH=d6d38a786256591a
CYCLE=0 PAIR=409 BUFFER=1 SUBPAGES=0/1 GAP_MS=64.852 HASH=e45f4d8639d28803
CYCLE=0 PAIR=410 BUFFER=2 SUBPAGES=0/1 GAP_MS=63.774 HASH=b47c84dc7c081e55
CYCLE=0 PAIR=411 BUFFER=3 SUBPAGES=0/1 GAP_MS=64.284 HASH=8c55d6c279957e05
CYCLE=0 PAIR=412 BUFFER=0 SUBPAGES=0/1 GAP_MS=63.351 HASH=c6fd2bae442ec8e9
CYCLE=0 PAIR=413 BUFFER=1 SUBPAGES=0/1 GAP_MS=62.988 HASH=b78f7684a09ce923
CYCLE=0 PAIR=414 BUFFER=2 SUBPAGES=0/1 GAP_MS=63.784 HASH=817b637012438e85
CYCLE=0 PAIR=415 BUFFER=3 SUBPAGES=0/1 GAP_MS=63.182 HASH=3443129d04c8f059
CYCLE=0 PAIR=416 BUFFER=0 SUBPAGES=0/1 GAP_MS=63.869 HASH=a961174e90f3cebd
CYCLE=0 PAIR=417 BUFFER=1 SUBPAGES=0/1 GAP_MS=62.482 HASH=7398bb710f1198c7
CYCLE=0 PAIR=418 BUFFER=2 SUBPAGES=0/1 GAP_MS=64.477 HASH=2b249536d993ac48
CYCLE=0 PAIR=419 BUFFER=3 SUBPAGES=0/1 GAP_MS=62.731 HASH=5e83a355e408b804
CYCLE=0 PAIR=420 BUFFER=0 SUBPAGES=0/1 GAP_MS=64.194 HASH=0d39912e37190610
CYCLE=0 PAIR=421 BUFFER=1 SUBPAGES=0/1 GAP_MS=64.523 HASH=b9290f2afd656ece
CYCLE=0 PAIR=422 BUFFER=2 SUBPAGES=0/1 GAP_MS=64.015 HASH=feee1dfc8d17a405
CYCLE=0 PAIR=423 BUFFER=3 SUBPAGES=0/1 GAP_MS=62.663 HASH=b04d91b8a3bd397b
CYCLE=0 PAIR=424 BUFFER=0 SUBPAGES=0/1 GAP_MS=64.723 HASH=0fd6b71f32b65c49
CYCLE=0 PAIR=425 BUFFER=1 SUBPAGES=0/1 GAP_MS=64.777 HASH=c9091597afaca926
CYCLE=0 PAIR=426 BUFFER=2 SUBPAGES=0/1 GAP_MS=62.821 HASH=daa36729591b7448
CYCLE=0 PAIR=427 BUFFER=3 SUBPAGES=0/1 GAP_MS=63.126 HASH=4cd1f79993c97410
CYCLE=0 PAIR=428 BUFFER=0 SUBPAGES=0/1 GAP_MS=62.152 HASH=d4bad88a29bd8964
CYCLE=0 PAIR=429 BUFFER=1 SUBPAGES=0/1 GAP_MS=65.269 HASH=bde08046e1c44628
CYCLE=0 PAIR=430 BUFFER=2 SUBPAGES=0/1 GAP_MS=63.270 HASH=0196997a88b599a0
CYCLE=0 PAIR=431 BUFFER=3 SUBPAGES=0/1 GAP_MS=63.587 HASH=a502e8f9112d7ba3
CYCLE=0 PAIR=432 BUFFER=0 SUBPAGES=0/1 GAP_MS=64.322 HASH=21c2e27ff49be84a
CYCLE=0 PAIR=433 BUFFER=1 SUBPAGES=0/1 GAP_MS=63.249 HASH=9f0b18ff08d82977
CYCLE=0 PAIR=434 BUFFER=2 SUBPAGES=0/1 GAP_MS=65.062 HASH=2c4db173bbbd19ea
CYCLE=0 PAIR=435 BUFFER=3 SUBPAGES=0/1 GAP_MS=63.439 HASH=4b52c2eb64a6d8de
CYCLE=0 PAIR=436 BUFFER=0 SUBPAGES=0/1 GAP_MS=64.891 HASH=61a38cff354fb977
CYCLE=0 PAIR=437 BUFFER=1 SUBPAGES=0/1 GAP_MS=63.377 HASH=942125e28b8541c1
CYCLE=0 PAIR=438 BUFFER=2 SUBPAGES=0/1 GAP_MS=65.015 HASH=bc1191fc43b02cfe
CYCLE=0 PAIR=439 BUFFER=3 SUBPAGES=0/1 GAP_MS=63.787 HASH=24dd61a5afec73b4
CYCLE=0 PAIR=440 BUFFER=0 SUBPAGES=0/1 GAP_MS=63.138 HASH=dcc3815c00dc63ae
CYCLE=0 PAIR=441 BUFFER=1 SUBPAGES=0/1 GAP_MS=63.022 HASH=e7c5d40eae29406e
CYCLE=0 PAIR=442 BUFFER=2 SUBPAGES=0/1 GAP_MS=65.634 HASH=29312c2611e184a0
CYCLE=0 PAIR=443 BUFFER=3 SUBPAGES=0/1 GAP_MS=63.553 HASH=9957741e163c105a
CYCLE=0 PAIR=444 BUFFER=0 SUBPAGES=0/1 GAP_MS=62.316 HASH=913d0a7dfb5125fd
CYCLE=0 PAIR=445 BUFFER=1 SUBPAGES=0/1 GAP_MS=64.248 HASH=d1abc3913d103ecb
CYCLE=0 PAIR=446 BUFFER=2 SUBPAGES=0/1 GAP_MS=63.480 HASH=3ab974cd14f05483
CYCLE=0 PAIR=447 BUFFER=3 SUBPAGES=0/1 GAP_MS=67.105 HASH=0b3db9d6ef77ddff
CYCLE=0 PAIR=448 BUFFER=0 SUBPAGES=0/1 GAP_MS=64.403 HASH=d7dbfb1f5374595c
CYCLE=0 PAIR=449 BUFFER=1 SUBPAGES=0/1 GAP_MS=63.701 HASH=204484b7e8fcf839
CYCLE=0 PAIR=450 BUFFER=2 SUBPAGES=0/1 GAP_MS=64.348 HASH=521de969f409d805
CYCLE=0 PAIR=451 BUFFER=3 SUBPAGES=0/1 GAP_MS=63.827 HASH=d45b16177caf59e4
CYCLE=0 PAIR=452 BUFFER=0 SUBPAGES=0/1 GAP_MS=63.124 HASH=5322f1f0173d03b0
CYCLE=0 PAIR=453 BUFFER=1 SUBPAGES=0/1 GAP_MS=64.545 HASH=a8dbbad6fbd9cc80
CYCLE=0 PAIR=454 BUFFER=2 SUBPAGES=0/1 GAP_MS=64.152 HASH=94a3f73453386bef
CYCLE=0 PAIR=455 BUFFER=3 SUBPAGES=0/1 GAP_MS=65.733 HASH=8758f035b100c6f4
CYCLE=0 PAIR=456 BUFFER=0 SUBPAGES=0/1 GAP_MS=63.752 HASH=2cc0d6cc1f69244b
CYCLE=0 PAIR=457 BUFFER=1 SUBPAGES=0/1 GAP_MS=63.182 HASH=fcaef82f3d06ad7f
CYCLE=0 PAIR=458 BUFFER=2 SUBPAGES=0/1 GAP_MS=64.159 HASH=6867a588723b604f
CYCLE=0 PAIR=459 BUFFER=3 SUBPAGES=0/1 GAP_MS=64.609 HASH=b5d9b4fce2b0a84b
CYCLE=0 PAIR=460 BUFFER=0 SUBPAGES=0/1 GAP_MS=62.994 HASH=dfb770c991b05946
CYCLE=0 PAIR=461 BUFFER=1 SUBPAGES=0/1 GAP_MS=63.519 HASH=b59e06c02d07cc57
CYCLE=0 PAIR=462 BUFFER=2 SUBPAGES=0/1 GAP_MS=64.289 HASH=c42cc3c2c099b939
CYCLE=0 PAIR=463 BUFFER=3 SUBPAGES=0/1 GAP_MS=63.185 HASH=debf417d8ff2eeab
CYCLE=0 PAIR=464 BUFFER=0 SUBPAGES=0/1 GAP_MS=62.227 HASH=2ba0f4fb51344246
CYCLE=0 PAIR=465 BUFFER=1 SUBPAGES=0/1 GAP_MS=64.271 HASH=f5deab7340a4896c
CYCLE=0 PAIR=466 BUFFER=2 SUBPAGES=0/1 GAP_MS=63.446 HASH=29b3b40f65cb8050
CYCLE=0 PAIR=467 BUFFER=3 SUBPAGES=0/1 GAP_MS=64.711 HASH=84a23a36a1317d8a
CYCLE=0 PAIR=468 BUFFER=0 SUBPAGES=0/1 GAP_MS=63.754 HASH=0c73884d7af6b9ff
CYCLE=0 PAIR=469 BUFFER=1 SUBPAGES=0/1 GAP_MS=62.533 HASH=52c9c240bcfca2a3
CYCLE=0 PAIR=470 BUFFER=2 SUBPAGES=0/1 GAP_MS=63.639 HASH=870236d49dbaf086
CYCLE=0 PAIR=471 BUFFER=3 SUBPAGES=0/1 GAP_MS=64.015 HASH=291c8d7bc2874998
CYCLE=0 PAIR=472 BUFFER=0 SUBPAGES=0/1 GAP_MS=64.483 HASH=787da491a2038d1c
CYCLE=0 PAIR=473 BUFFER=1 SUBPAGES=0/1 GAP_MS=64.313 HASH=ba3a827e335dab11
CYCLE=0 PAIR=474 BUFFER=2 SUBPAGES=0/1 GAP_MS=63.162 HASH=8644facede9cbe20
CYCLE=0 PAIR=475 BUFFER=3 SUBPAGES=0/1 GAP_MS=64.375 HASH=585e5a2a3989298e
CYCLE=0 PAIR=476 BUFFER=0 SUBPAGES=0/1 GAP_MS=63.600 HASH=d064a43339dd8d69
CYCLE=0 PAIR=477 BUFFER=1 SUBPAGES=0/1 GAP_MS=64.687 HASH=aa845b6c0d8d2056
CYCLE=0 PAIR=478 BUFFER=2 SUBPAGES=0/1 GAP_MS=63.170 HASH=70650fc2d7b47639
CYCLE=0 PAIR=479 BUFFER=3 SUBPAGES=0/1 GAP_MS=64.440 HASH=f57935e92a9306ab
CYCLE=0 PAIR=480 BUFFER=0 SUBPAGES=0/1 GAP_MS=63.945 HASH=412ca93e77c9a34d
CYCLE=0 PAIR=481 BUFFER=1 SUBPAGES=0/1 GAP_MS=63.586 HASH=f91fdbd10d3777b7
CYCLE=0 PAIR=482 BUFFER=2 SUBPAGES=0/1 GAP_MS=62.584 HASH=dbb7ed810a8a7226
CYCLE=0 PAIR=483 BUFFER=3 SUBPAGES=0/1 GAP_MS=64.147 HASH=963ba1e5bf4915a2
CYCLE=0 PAIR=484 BUFFER=0 SUBPAGES=0/1 GAP_MS=64.337 HASH=5f6ff76b6c71e61d
CYCLE=0 PAIR=485 BUFFER=1 SUBPAGES=0/1 GAP_MS=64.266 HASH=2cfedd694b0d028d
CYCLE=0 PAIR=486 BUFFER=2 SUBPAGES=0/1 GAP_MS=64.500 HASH=5cc7cc2b5b51f2e7
CYCLE=0 PAIR=487 BUFFER=3 SUBPAGES=0/1 GAP_MS=61.925 HASH=42e338ccab52bf85
CYCLE=0 PAIR=488 BUFFER=0 SUBPAGES=0/1 GAP_MS=63.175 HASH=c2051ec138e95a0b
CYCLE=0 PAIR=489 BUFFER=1 SUBPAGES=0/1 GAP_MS=65.069 HASH=e0fb9842cbe33e8b
CYCLE=0 PAIR=490 BUFFER=2 SUBPAGES=0/1 GAP_MS=64.175 HASH=64e83dfc29170015
CYCLE=0 PAIR=491 BUFFER=3 SUBPAGES=0/1 GAP_MS=62.655 HASH=5afb8b6049b0806a
CYCLE=0 PAIR=492 BUFFER=0 SUBPAGES=0/1 GAP_MS=62.047 HASH=1dd3f2ee7fe37f83
CYCLE=0 PAIR=493 BUFFER=1 SUBPAGES=0/1 GAP_MS=63.498 HASH=f782141479ab54b4
CYCLE=0 PAIR=494 BUFFER=2 SUBPAGES=0/1 GAP_MS=64.221 HASH=1904bf78973d0fa3
CYCLE=0 PAIR=495 BUFFER=3 SUBPAGES=0/1 GAP_MS=63.905 HASH=0f9e5f264eb52b77
CYCLE=0 PAIR=496 BUFFER=0 SUBPAGES=0/1 GAP_MS=64.246 HASH=c7e990c7d67d1959
CYCLE=0 PAIR=497 BUFFER=1 SUBPAGES=0/1 GAP_MS=63.023 HASH=8c25484af4bc9952
CYCLE=0 PAIR=498 BUFFER=2 SUBPAGES=0/1 GAP_MS=63.344 HASH=8d6a56ee0ac8fb22
CYCLE=0 PAIR=499 BUFFER=3 SUBPAGES=0/1 GAP_MS=62.947 HASH=d2a9b5c54dbb5535
CYCLE=0 PAIR=500 BUFFER=0 SUBPAGES=0/1 GAP_MS=64.537 HASH=ff8ff6a75c060631
CYCLE=0 PAIR=501 BUFFER=1 SUBPAGES=0/1 GAP_MS=62.901 HASH=3b5c605ac4051c1d
CYCLE=0 PAIR=502 BUFFER=2 SUBPAGES=0/1 GAP_MS=62.676 HASH=65c29c14aa321253
CYCLE=0 PAIR=503 BUFFER=3 SUBPAGES=0/1 GAP_MS=65.122 HASH=9343f65b341191c9
CYCLE=0 PAIR=504 BUFFER=0 SUBPAGES=0/1 GAP_MS=63.347 HASH=fb7fcc1a0ab5eb22
CYCLE=0 PAIR=505 BUFFER=1 SUBPAGES=0/1 GAP_MS=63.209 HASH=a4bd68d8e188c9aa
CYCLE=0 PAIR=506 BUFFER=2 SUBPAGES=0/1 GAP_MS=63.513 HASH=3029b35657662e69
CYCLE=0 PAIR=507 BUFFER=3 SUBPAGES=0/1 GAP_MS=63.798 HASH=38e74c63f1d3eb31
CYCLE=0 PAIR=508 BUFFER=0 SUBPAGES=0/1 GAP_MS=64.649 HASH=d288a6cfb8a32f21
CYCLE=0 PAIR=509 BUFFER=1 SUBPAGES=0/1 GAP_MS=63.972 HASH=05761621814088d0
CYCLE=0 PAIR=510 BUFFER=2 SUBPAGES=0/1 GAP_MS=65.575 HASH=d0da35a7f6a52a05
CYCLE=0 PAIR=511 BUFFER=3 SUBPAGES=0/1 GAP_MS=64.484 HASH=2c7222d8e0fba19d
CYCLE=0 PAIR=512 BUFFER=0 SUBPAGES=0/1 GAP_MS=64.126 HASH=74c8e0dfdd483067
CYCLE=0 PAIR=513 BUFFER=1 SUBPAGES=0/1 GAP_MS=63.847 HASH=4cc903533e607d58
CYCLE=0 PAIR=514 BUFFER=2 SUBPAGES=0/1 GAP_MS=64.464 HASH=e7ec15363bc956e4
CYCLE=0 PAIR=515 BUFFER=3 SUBPAGES=0/1 GAP_MS=65.434 HASH=a6f7b2182d471a44
CYCLE=0 PAIR=516 BUFFER=0 SUBPAGES=0/1 GAP_MS=64.537 HASH=4192f307afa18387
CYCLE=0 PAIR=517 BUFFER=1 SUBPAGES=0/1 GAP_MS=64.550 HASH=55e396ceb30f1bfe
CYCLE=0 PAIR=518 BUFFER=2 SUBPAGES=0/1 GAP_MS=64.271 HASH=0e0fe45795cafe12
CYCLE=0 PAIR=519 BUFFER=3 SUBPAGES=0/1 GAP_MS=64.971 HASH=216023a01cddc0fb
CYCLE=0 PAIR=520 BUFFER=0 SUBPAGES=0/1 GAP_MS=63.335 HASH=df24f971e8a2082b
CYCLE=0 PAIR=521 BUFFER=1 SUBPAGES=0/1 GAP_MS=63.955 HASH=e49bc21f37daaf9b
CYCLE=0 PAIR=522 BUFFER=2 SUBPAGES=0/1 GAP_MS=63.536 HASH=2e1e41eb7b8ae2c3
CYCLE=0 PAIR=523 BUFFER=3 SUBPAGES=0/1 GAP_MS=63.131 HASH=edd1fc67608a4129
CYCLE=0 PAIR=524 BUFFER=0 SUBPAGES=0/1 GAP_MS=64.187 HASH=2656108d2220c73e
CYCLE=0 PAIR=525 BUFFER=1 SUBPAGES=0/1 GAP_MS=63.652 HASH=af6a10aedb80b86c
CYCLE=0 PAIR=526 BUFFER=2 SUBPAGES=0/1 GAP_MS=63.407 HASH=9ebb5da9c0108745
CYCLE=0 PAIR=527 BUFFER=3 SUBPAGES=0/1 GAP_MS=63.843 HASH=0f9e709389761194
CYCLE=0 PAIR=528 BUFFER=0 SUBPAGES=0/1 GAP_MS=63.260 HASH=d0018cad14d5f867
CYCLE=0 PAIR=529 BUFFER=1 SUBPAGES=0/1 GAP_MS=64.824 HASH=4ae036f34bc3259e
CYCLE=0 PAIR=530 BUFFER=2 SUBPAGES=0/1 GAP_MS=64.809 HASH=030fbed5778fd139
CYCLE=0 PAIR=531 BUFFER=3 SUBPAGES=0/1 GAP_MS=64.375 HASH=3be513d89d6ea4cc
CYCLE=0 PAIR=532 BUFFER=0 SUBPAGES=0/1 GAP_MS=63.271 HASH=eac6e34071a9cebc
CYCLE=0 PAIR=533 BUFFER=1 SUBPAGES=0/1 GAP_MS=63.721 HASH=e091984b0190e8bc
CYCLE=0 PAIR=534 BUFFER=2 SUBPAGES=0/1 GAP_MS=65.072 HASH=fde33b424926b3e0
CYCLE=0 PAIR=535 BUFFER=3 SUBPAGES=0/1 GAP_MS=64.030 HASH=62043e12f4088357
CYCLE=0 PAIR=536 BUFFER=0 SUBPAGES=0/1 GAP_MS=64.061 HASH=c10410bd49d6c213
CYCLE=0 PAIR=537 BUFFER=1 SUBPAGES=0/1 GAP_MS=63.901 HASH=2e7493d2466660a1
CYCLE=0 PAIR=538 BUFFER=2 SUBPAGES=0/1 GAP_MS=65.350 HASH=0ebf60b08cbd88b8
CYCLE=0 PAIR=539 BUFFER=3 SUBPAGES=0/1 GAP_MS=64.182 HASH=3950e144dc91ab46
CYCLE=0 PAIR=540 BUFFER=0 SUBPAGES=0/1 GAP_MS=64.393 HASH=b4388c9240134c30
CYCLE=0 PAIR=541 BUFFER=1 SUBPAGES=0/1 GAP_MS=63.814 HASH=0aab935922dbe305
CYCLE=0 PAIR=542 BUFFER=2 SUBPAGES=0/1 GAP_MS=63.631 HASH=6fe2fadba70eacec
CYCLE=0 PAIR=543 BUFFER=3 SUBPAGES=0/1 GAP_MS=64.534 HASH=d393cb36562c81c6
CYCLE=0 PAIR=544 BUFFER=0 SUBPAGES=0/1 GAP_MS=64.769 HASH=78ef4751995d45b8
CYCLE=0 PAIR=545 BUFFER=1 SUBPAGES=0/1 GAP_MS=62.201 HASH=3fef0d86883b1641
CYCLE=0 PAIR=546 BUFFER=2 SUBPAGES=0/1 GAP_MS=63.802 HASH=e6b924a651659f35
CYCLE=0 PAIR=547 BUFFER=3 SUBPAGES=0/1 GAP_MS=62.528 HASH=4b01a78a47ac9bfa
CYCLE=0 PAIR=548 BUFFER=0 SUBPAGES=0/1 GAP_MS=62.799 HASH=305d052c63e67fc4
CYCLE=0 PAIR=549 BUFFER=1 SUBPAGES=0/1 GAP_MS=63.824 HASH=ea9e2fbc7e0e6d8a
CYCLE=0 PAIR=550 BUFFER=2 SUBPAGES=0/1 GAP_MS=62.360 HASH=34138b2ba5d1d8e5
CYCLE=0 PAIR=551 BUFFER=3 SUBPAGES=0/1 GAP_MS=63.178 HASH=af61e160b0a445bd
CYCLE=0 PAIR=552 BUFFER=0 SUBPAGES=0/1 GAP_MS=63.983 HASH=c483e1a0f9207ee5
CYCLE=0 PAIR=553 BUFFER=1 SUBPAGES=0/1 GAP_MS=64.390 HASH=44bb7dde6e2f19dc
CYCLE=0 PAIR=554 BUFFER=2 SUBPAGES=0/1 GAP_MS=63.299 HASH=4449b65fd8add09f
CYCLE=0 PAIR=555 BUFFER=3 SUBPAGES=0/1 GAP_MS=64.742 HASH=6dd1486defdec55e
CYCLE=0 PAIR=556 BUFFER=0 SUBPAGES=0/1 GAP_MS=63.577 HASH=ef77318c7d8d922f
CYCLE=0 PAIR=557 BUFFER=1 SUBPAGES=0/1 GAP_MS=64.452 HASH=bcd4a32bac831636
CYCLE=0 PAIR=558 BUFFER=2 SUBPAGES=0/1 GAP_MS=64.027 HASH=29669a93a2f4cb6e
CYCLE=0 PAIR=559 BUFFER=3 SUBPAGES=0/1 GAP_MS=63.420 HASH=0c757ad6e234b8ff
CYCLE=0 PAIR=560 BUFFER=0 SUBPAGES=0/1 GAP_MS=63.004 HASH=6eb80e365b1e20ab
CYCLE=0 PAIR=561 BUFFER=1 SUBPAGES=0/1 GAP_MS=63.503 HASH=11f80b29a3261737
CYCLE=0 PAIR=562 BUFFER=2 SUBPAGES=0/1 GAP_MS=63.378 HASH=31e71a76f63471ca
CYCLE=0 PAIR=563 BUFFER=3 SUBPAGES=0/1 GAP_MS=64.254 HASH=99d9d4357282e6c6
CYCLE=0 PAIR=564 BUFFER=0 SUBPAGES=0/1 GAP_MS=63.847 HASH=35288cf0ad5be065
CYCLE=0 PAIR=565 BUFFER=1 SUBPAGES=0/1 GAP_MS=62.957 HASH=7defaab10dce62c1
CYCLE=0 PAIR=566 BUFFER=2 SUBPAGES=0/1 GAP_MS=64.664 HASH=542fc57757e29a4f
CYCLE=0 PAIR=567 BUFFER=3 SUBPAGES=0/1 GAP_MS=62.330 HASH=6093480ca467908a
CYCLE=0 PAIR=568 BUFFER=0 SUBPAGES=0/1 GAP_MS=62.961 HASH=e03738fa293c4bc3
CYCLE=0 PAIR=569 BUFFER=1 SUBPAGES=0/1 GAP_MS=63.837 HASH=5e56d26d63359a88
CYCLE=0 PAIR=570 BUFFER=2 SUBPAGES=0/1 GAP_MS=62.875 HASH=d3163a8e704e1b93
CYCLE=0 PAIR=571 BUFFER=3 SUBPAGES=0/1 GAP_MS=65.062 HASH=357af43be1fadd69
CYCLE=0 PAIR=572 BUFFER=0 SUBPAGES=0/1 GAP_MS=64.001 HASH=f54f2f104a9f03af
CYCLE=0 PAIR=573 BUFFER=1 SUBPAGES=0/1 GAP_MS=62.859 HASH=19189034d836725c
CYCLE=0 PAIR=574 BUFFER=2 SUBPAGES=0/1 GAP_MS=65.167 HASH=c4b8eb60a8531b43
CYCLE=0 PAIR=575 BUFFER=3 SUBPAGES=0/1 GAP_MS=64.528 HASH=1d865f33a58f3f74
CYCLE=0 PAIR=576 BUFFER=0 SUBPAGES=0/1 GAP_MS=64.142 HASH=83abfa227081f8e0
CYCLE=0 PAIR=577 BUFFER=1 SUBPAGES=0/1 GAP_MS=63.937 HASH=6db4b72865bf75d1
CYCLE=0 PAIR=578 BUFFER=2 SUBPAGES=0/1 GAP_MS=64.743 HASH=0a1d503440bc4ada
CYCLE=0 PAIR=579 BUFFER=3 SUBPAGES=0/1 GAP_MS=65.022 HASH=455635d12632c4d1
CYCLE=0 PAIR=580 BUFFER=0 SUBPAGES=0/1 GAP_MS=64.884 HASH=928325c7f25043c0
CYCLE=0 PAIR=581 BUFFER=1 SUBPAGES=0/1 GAP_MS=64.884 HASH=b1b432effc75e347
CYCLE=0 PAIR=582 BUFFER=2 SUBPAGES=0/1 GAP_MS=62.586 HASH=a69d22081036d231
CYCLE=0 PAIR=583 BUFFER=3 SUBPAGES=0/1 GAP_MS=65.639 HASH=2936b3e01bd48342
CYCLE=0 PAIR=584 BUFFER=0 SUBPAGES=0/1 GAP_MS=63.767 HASH=2643ae3953d98c2e
CYCLE=0 PAIR=585 BUFFER=1 SUBPAGES=0/1 GAP_MS=65.339 HASH=0c3dfe96f579c2ad
CYCLE=0 PAIR=586 BUFFER=2 SUBPAGES=0/1 GAP_MS=65.259 HASH=0f352d40c5297b8c
CYCLE=0 PAIR=587 BUFFER=3 SUBPAGES=0/1 GAP_MS=64.300 HASH=aeb6bb4dd9b4e3fb
CYCLE=0 PAIR=588 BUFFER=0 SUBPAGES=0/1 GAP_MS=65.137 HASH=80a8dbc6b4602a62
CYCLE=0 PAIR=589 BUFFER=1 SUBPAGES=0/1 GAP_MS=63.536 HASH=c2ccdcdc4bf079b2
CYCLE=0 PAIR=590 BUFFER=2 SUBPAGES=0/1 GAP_MS=65.066 HASH=bbf2fc7377ac7c43
CYCLE=0 PAIR=591 BUFFER=3 SUBPAGES=0/1 GAP_MS=63.139 HASH=de3485010f4760da
CYCLE=0 PAIR=592 BUFFER=0 SUBPAGES=0/1 GAP_MS=65.256 HASH=6e059be6e52d1274
CYCLE=0 PAIR=593 BUFFER=1 SUBPAGES=0/1 GAP_MS=64.087 HASH=1fe89ee17c0e59d0
CYCLE=0 PAIR=594 BUFFER=2 SUBPAGES=0/1 GAP_MS=64.828 HASH=3e58159e3e30b630
CYCLE=0 PAIR=595 BUFFER=3 SUBPAGES=0/1 GAP_MS=64.661 HASH=7ba95f05826ff891
CYCLE=0 PAIR=596 BUFFER=0 SUBPAGES=0/1 GAP_MS=64.400 HASH=7ed1c2bba2301009
CYCLE=0 PAIR=597 BUFFER=1 SUBPAGES=0/1 GAP_MS=62.452 HASH=c65e1e3b48b05f3d
CYCLE=0 PAIR=598 BUFFER=2 SUBPAGES=0/1 GAP_MS=62.917 HASH=f92b588284ac227c
CYCLE=0 PAIR=599 BUFFER=3 SUBPAGES=0/1 GAP_MS=62.804 HASH=70a999e52d9b7ed6
CYCLE=0 PAIR=600 BUFFER=0 SUBPAGES=0/1 GAP_MS=62.919 HASH=2bb7127c46636876
CYCLE=0 PAIR=601 BUFFER=1 SUBPAGES=0/1 GAP_MS=64.638 HASH=ec406ecda561367d
CYCLE=0 PAIR=602 BUFFER=2 SUBPAGES=0/1 GAP_MS=63.136 HASH=b42fd30ac9b33973
CYCLE=0 PAIR=603 BUFFER=3 SUBPAGES=0/1 GAP_MS=64.562 HASH=3032488282616a9c
CYCLE=0 PAIR=604 BUFFER=0 SUBPAGES=0/1 GAP_MS=64.080 HASH=a6bd1ee54eec658c
CYCLE=0 PAIR=605 BUFFER=1 SUBPAGES=0/1 GAP_MS=62.905 HASH=5cd5f1545833a22e
CYCLE=0 PAIR=606 BUFFER=2 SUBPAGES=0/1 GAP_MS=64.982 HASH=e79927d59b1d621e
CYCLE=0 PAIR=607 BUFFER=3 SUBPAGES=0/1 GAP_MS=64.133 HASH=aba611e0a089f025
CYCLE=0 PAIR=608 BUFFER=0 SUBPAGES=0/1 GAP_MS=64.113 HASH=b3eadfce9f3295ac
CYCLE=0 PAIR=609 BUFFER=1 SUBPAGES=0/1 GAP_MS=64.835 HASH=bcc7ea0a47b85e91
CYCLE=0 PAIR=610 BUFFER=2 SUBPAGES=0/1 GAP_MS=63.723 HASH=39e5edbefebdc34e
CYCLE=0 PAIR=611 BUFFER=3 SUBPAGES=0/1 GAP_MS=63.026 HASH=19f5bba9b30d1fc4
CYCLE=0 PAIR=612 BUFFER=0 SUBPAGES=0/1 GAP_MS=63.441 HASH=6c128802a7ea735b
CYCLE=0 PAIR=613 BUFFER=1 SUBPAGES=0/1 GAP_MS=65.829 HASH=8c74c2127a7b953c
CYCLE=0 PAIR=614 BUFFER=2 SUBPAGES=0/1 GAP_MS=64.957 HASH=c1b9b14fb61497ae
CYCLE=0 PAIR=615 BUFFER=3 SUBPAGES=0/1 GAP_MS=65.037 HASH=783028d696b18ac7
CYCLE=0 PAIR=616 BUFFER=0 SUBPAGES=0/1 GAP_MS=64.995 HASH=e03bae89bb981f47
CYCLE=0 PAIR=617 BUFFER=1 SUBPAGES=0/1 GAP_MS=63.522 HASH=bfce24b9731410ca
CYCLE=0 PAIR=618 BUFFER=2 SUBPAGES=0/1 GAP_MS=64.721 HASH=f2f00a25397d8669
CYCLE=0 PAIR=619 BUFFER=3 SUBPAGES=0/1 GAP_MS=63.646 HASH=a8369267ce1f2cdd
CYCLE=0 PAIR=620 BUFFER=0 SUBPAGES=0/1 GAP_MS=63.154 HASH=603f5f8f1a2e2794
CYCLE=0 PAIR=621 BUFFER=1 SUBPAGES=0/1 GAP_MS=64.337 HASH=d9cc2725718943a2
CYCLE=0 PAIR=622 BUFFER=2 SUBPAGES=0/1 GAP_MS=64.668 HASH=85893f02889885a1
CYCLE=0 PAIR=623 BUFFER=3 SUBPAGES=0/1 GAP_MS=64.577 HASH=c953b725f3692c1c
CYCLE=0 PAIR=624 BUFFER=0 SUBPAGES=0/1 GAP_MS=63.961 HASH=c9a27672ad9fba85
CYCLE=0 PAIR=625 BUFFER=1 SUBPAGES=0/1 GAP_MS=63.530 HASH=3a5cb55c3fd274fe
CYCLE=0 PAIR=626 BUFFER=2 SUBPAGES=0/1 GAP_MS=62.651 HASH=c11bb033089aa046
CYCLE=0 PAIR=627 BUFFER=3 SUBPAGES=0/1 GAP_MS=64.759 HASH=736dbea167c71c8d
CYCLE=0 PAIR=628 BUFFER=0 SUBPAGES=0/1 GAP_MS=63.855 HASH=82d807ddb83eab3a
CYCLE=0 PAIR=629 BUFFER=1 SUBPAGES=0/1 GAP_MS=63.095 HASH=0db0e488942be1ce
CYCLE=0 PAIR=630 BUFFER=2 SUBPAGES=0/1 GAP_MS=64.083 HASH=3156672c126ffc33
CYCLE=0 PAIR=631 BUFFER=3 SUBPAGES=0/1 GAP_MS=62.277 HASH=6f1db5634cac86c8
CYCLE=0 PAIR=632 BUFFER=0 SUBPAGES=0/1 GAP_MS=64.176 HASH=7bd2a8c9e3a2dec3
CYCLE=0 PAIR=633 BUFFER=1 SUBPAGES=0/1 GAP_MS=64.880 HASH=ee163482253e1061
CYCLE=0 PAIR=634 BUFFER=2 SUBPAGES=0/1 GAP_MS=64.998 HASH=35075bb1c863fec6
CYCLE=0 PAIR=635 BUFFER=3 SUBPAGES=0/1 GAP_MS=63.081 HASH=8efad3ce8faa55fd
CYCLE=0 PAIR=636 BUFFER=0 SUBPAGES=0/1 GAP_MS=63.361 HASH=7dec2689775829be
CYCLE=0 PAIR=637 BUFFER=1 SUBPAGES=0/1 GAP_MS=64.242 HASH=4f8ff9e582904b4b
CYCLE=0 PAIR=638 BUFFER=2 SUBPAGES=0/1 GAP_MS=64.623 HASH=317543d39e6946f4
CYCLE=0 PAIR=639 BUFFER=3 SUBPAGES=0/1 GAP_MS=63.458 HASH=1130d7ef55e7b241
CYCLE=0 PAIR=640 BUFFER=0 SUBPAGES=0/1 GAP_MS=63.799 HASH=b174a89b2c49241c
CYCLE=0 PAIR=641 BUFFER=1 SUBPAGES=0/1 GAP_MS=65.015 HASH=5e964dbb0759dba9
CYCLE=0 PAIR=642 BUFFER=2 SUBPAGES=0/1 GAP_MS=64.323 HASH=fb0e4fb1ea9d99b4
CYCLE=0 PAIR=643 BUFFER=3 SUBPAGES=0/1 GAP_MS=63.736 HASH=6bb696273095fe37
CYCLE=0 PAIR=644 BUFFER=0 SUBPAGES=0/1 GAP_MS=63.856 HASH=acd70fcc8d9011c6
CYCLE=0 PAIR=645 BUFFER=1 SUBPAGES=0/1 GAP_MS=64.916 HASH=a6562a1785361ac0
CYCLE=0 PAIR=646 BUFFER=2 SUBPAGES=0/1 GAP_MS=63.937 HASH=3fda973811dad7af
CYCLE=0 PAIR=647 BUFFER=3 SUBPAGES=0/1 GAP_MS=62.701 HASH=7b17cf2e9d2d4a65
CYCLE=0 PAIR=648 BUFFER=0 SUBPAGES=0/1 GAP_MS=63.210 HASH=86df95dc9db7b540
CYCLE=0 PAIR=649 BUFFER=1 SUBPAGES=0/1 GAP_MS=65.067 HASH=5054e44d20c6671a
CYCLE=0 PAIR=650 BUFFER=2 SUBPAGES=0/1 GAP_MS=63.447 HASH=0b359c8d3e0f38e4
CYCLE=0 PAIR=651 BUFFER=3 SUBPAGES=0/1 GAP_MS=63.715 HASH=b7bc2695aa88dfc5
CYCLE=0 PAIR=652 BUFFER=0 SUBPAGES=0/1 GAP_MS=62.577 HASH=f58d4e6cd1d2007a
CYCLE=0 PAIR=653 BUFFER=1 SUBPAGES=0/1 GAP_MS=64.176 HASH=2a5fa1aeb5ba587a
CYCLE=0 PAIR=654 BUFFER=2 SUBPAGES=0/1 GAP_MS=62.528 HASH=0d58cfd005f1ff01
CYCLE=0 PAIR=655 BUFFER=3 SUBPAGES=0/1 GAP_MS=64.255 HASH=4e044481c45681bf
CYCLE=0 PAIR=656 BUFFER=0 SUBPAGES=0/1 GAP_MS=64.674 HASH=cfd6d6378619751f
CYCLE=0 PAIR=657 BUFFER=1 SUBPAGES=0/1 GAP_MS=63.770 HASH=9852e764e1fa73ff
CYCLE=0 PAIR=658 BUFFER=2 SUBPAGES=0/1 GAP_MS=63.491 HASH=ac4b0caaf8d4db8e
CYCLE=0 PAIR=659 BUFFER=3 SUBPAGES=0/1 GAP_MS=63.518 HASH=17bdc8f7fa188a0f
CYCLE=0 PAIR=660 BUFFER=0 SUBPAGES=0/1 GAP_MS=64.096 HASH=c413b2682f10ea2a
CYCLE=0 PAIR=661 BUFFER=1 SUBPAGES=0/1 GAP_MS=64.560 HASH=6ef484e034f9e008
CYCLE=0 PAIR=662 BUFFER=2 SUBPAGES=0/1 GAP_MS=64.388 HASH=e7308fd59cb1b843
CYCLE=0 PAIR=663 BUFFER=3 SUBPAGES=0/1 GAP_MS=62.871 HASH=39c094d55e8f5601
CYCLE=0 PAIR=664 BUFFER=0 SUBPAGES=0/1 GAP_MS=64.487 HASH=c1c2aab27270e64b
CYCLE=0 PAIR=665 BUFFER=1 SUBPAGES=0/1 GAP_MS=65.047 HASH=67daa8049bd1abf7
CYCLE=0 PAIR=666 BUFFER=2 SUBPAGES=0/1 GAP_MS=62.609 HASH=af10978655280ff3
CYCLE=0 PAIR=667 BUFFER=3 SUBPAGES=0/1 GAP_MS=64.611 HASH=aa5b688ebe53aafd
CYCLE=0 PAIR=668 BUFFER=0 SUBPAGES=0/1 GAP_MS=64.821 HASH=9f98f8b3467bddf9
CYCLE=0 PAIR=669 BUFFER=1 SUBPAGES=0/1 GAP_MS=63.463 HASH=8d1151841690f0af
CYCLE=0 PAIR=670 BUFFER=2 SUBPAGES=0/1 GAP_MS=62.540 HASH=0aff2ad1a57f8c10
CYCLE=0 PAIR=671 BUFFER=3 SUBPAGES=0/1 GAP_MS=63.599 HASH=73e97c0c37f85138
CYCLE=0 PAIR=672 BUFFER=0 SUBPAGES=0/1 GAP_MS=63.396 HASH=d1d99e46b012161c
CYCLE=0 PAIR=673 BUFFER=1 SUBPAGES=0/1 GAP_MS=64.419 HASH=37279cf7dd09aaae
CYCLE=0 PAIR=674 BUFFER=2 SUBPAGES=0/1 GAP_MS=63.440 HASH=8cdcfb7076f2467d
CYCLE=0 PAIR=675 BUFFER=3 SUBPAGES=0/1 GAP_MS=63.795 HASH=8d0db7d7f7730b30
CYCLE=0 PAIR=676 BUFFER=0 SUBPAGES=0/1 GAP_MS=63.636 HASH=adda9e1ff8edee51
CYCLE=0 PAIR=677 BUFFER=1 SUBPAGES=0/1 GAP_MS=64.185 HASH=1f82e978114789f1
CYCLE=0 PAIR=678 BUFFER=2 SUBPAGES=0/1 GAP_MS=65.039 HASH=791e1d430b476bf0
CYCLE=0 PAIR=679 BUFFER=3 SUBPAGES=0/1 GAP_MS=62.393 HASH=ed488eceba847aad
CYCLE=0 PAIR=680 BUFFER=0 SUBPAGES=0/1 GAP_MS=64.584 HASH=e54cf355ef81108e
CYCLE=0 PAIR=681 BUFFER=1 SUBPAGES=0/1 GAP_MS=63.601 HASH=6c5076a36546819c
CYCLE=0 PAIR=682 BUFFER=2 SUBPAGES=0/1 GAP_MS=65.292 HASH=6d37242ffc411443
CYCLE=0 PAIR=683 BUFFER=3 SUBPAGES=0/1 GAP_MS=63.708 HASH=700c2e6e4aeea93c
CYCLE=0 PAIR=684 BUFFER=0 SUBPAGES=0/1 GAP_MS=63.980 HASH=d93f9afce2b47478
CYCLE=0 PAIR=685 BUFFER=1 SUBPAGES=0/1 GAP_MS=64.034 HASH=8f2d118d7f816795
CYCLE=0 PAIR=686 BUFFER=2 SUBPAGES=0/1 GAP_MS=64.450 HASH=f82d342fe8c4c1d1
CYCLE=0 PAIR=687 BUFFER=3 SUBPAGES=0/1 GAP_MS=63.446 HASH=0054edf7566c9e56
CYCLE=0 PAIR=688 BUFFER=0 SUBPAGES=0/1 GAP_MS=65.398 HASH=329b0c361e535074
CYCLE=0 PAIR=689 BUFFER=1 SUBPAGES=0/1 GAP_MS=64.609 HASH=c019c0289f658792
CYCLE=0 PAIR=690 BUFFER=2 SUBPAGES=0/1 GAP_MS=63.291 HASH=be34509508dc96b2
CYCLE=0 PAIR=691 BUFFER=3 SUBPAGES=0/1 GAP_MS=63.679 HASH=43bfd00a1ff8d8f7
CYCLE=0 PAIR=692 BUFFER=0 SUBPAGES=0/1 GAP_MS=64.134 HASH=46fcfff817c079f9
CYCLE=0 PAIR=693 BUFFER=1 SUBPAGES=0/1 GAP_MS=64.168 HASH=31b6cd5a5ab4f5a7
CYCLE=0 PAIR=694 BUFFER=2 SUBPAGES=0/1 GAP_MS=64.188 HASH=7e74eafcbfd09488
CYCLE=0 PAIR=695 BUFFER=3 SUBPAGES=0/1 GAP_MS=63.365 HASH=bf807e21114a2e6e
CYCLE=0 PAIR=696 BUFFER=0 SUBPAGES=0/1 GAP_MS=64.053 HASH=c9fc175e1523943d
CYCLE=0 PAIR=697 BUFFER=1 SUBPAGES=0/1 GAP_MS=62.508 HASH=f156914227457e0a
CYCLE=0 PAIR=698 BUFFER=2 SUBPAGES=0/1 GAP_MS=63.511 HASH=7dfb3a6f7fe7e265
CYCLE=0 PAIR=699 BUFFER=3 SUBPAGES=0/1 GAP_MS=63.953 HASH=b1e0031d696fda71
CYCLE=0 PAIR=700 BUFFER=0 SUBPAGES=0/1 GAP_MS=63.614 HASH=063aef0c540289b0
CYCLE=0 PAIR=701 BUFFER=1 SUBPAGES=0/1 GAP_MS=65.131 HASH=006c33c5cc1a6da3
CYCLE=0 PAIR=702 BUFFER=2 SUBPAGES=0/1 GAP_MS=64.623 HASH=88dfb3c1a9bc0aaf
CYCLE=0 PAIR=703 BUFFER=3 SUBPAGES=0/1 GAP_MS=64.336 HASH=ebb645658f728191
CYCLE=0 PAIR=704 BUFFER=0 SUBPAGES=0/1 GAP_MS=62.682 HASH=95ad12d5007c76e7
CYCLE=0 PAIR=705 BUFFER=1 SUBPAGES=0/1 GAP_MS=65.205 HASH=af3bfd7ea6741973
CYCLE=0 PAIR=706 BUFFER=2 SUBPAGES=0/1 GAP_MS=62.857 HASH=883f9357946f633e
CYCLE=0 PAIR=707 BUFFER=3 SUBPAGES=0/1 GAP_MS=64.812 HASH=cfabd21a25bae101
CYCLE=0 PAIR=708 BUFFER=0 SUBPAGES=0/1 GAP_MS=62.650 HASH=af52fb120424b566
CYCLE=0 PAIR=709 BUFFER=1 SUBPAGES=0/1 GAP_MS=62.470 HASH=6b1a1eed3cfa01b4
CYCLE=0 PAIR=710 BUFFER=2 SUBPAGES=0/1 GAP_MS=63.625 HASH=7295754a479064d9
CYCLE=0 PAIR=711 BUFFER=3 SUBPAGES=0/1 GAP_MS=64.096 HASH=3429843d1197df6b
CYCLE=0 PAIR=712 BUFFER=0 SUBPAGES=0/1 GAP_MS=63.947 HASH=8077e47365afb761
CYCLE=0 PAIR=713 BUFFER=1 SUBPAGES=0/1 GAP_MS=62.816 HASH=b26743185bd9833a
CYCLE=0 PAIR=714 BUFFER=2 SUBPAGES=0/1 GAP_MS=63.803 HASH=b64d1aa62519cd8c
CYCLE=0 PAIR=715 BUFFER=3 SUBPAGES=0/1 GAP_MS=62.436 HASH=f0a0817a08d7ffe0
CYCLE=0 PAIR=716 BUFFER=0 SUBPAGES=0/1 GAP_MS=64.521 HASH=9a89236b53173edf
CYCLE=0 PAIR=717 BUFFER=1 SUBPAGES=0/1 GAP_MS=62.728 HASH=1bec246cb1f68612
CYCLE=0 PAIR=718 BUFFER=2 SUBPAGES=0/1 GAP_MS=64.508 HASH=002f3072c80353d7
CYCLE=0 PAIR=719 BUFFER=3 SUBPAGES=0/1 GAP_MS=64.450 HASH=44fd635bb1685ba4
CYCLE=0 PAIR=720 BUFFER=0 SUBPAGES=0/1 GAP_MS=63.914 HASH=4d3cd4dd4c317cbb
CYCLE=0 PAIR=721 BUFFER=1 SUBPAGES=0/1 GAP_MS=64.520 HASH=109d2c203842907b
CYCLE=0 PAIR=722 BUFFER=2 SUBPAGES=0/1 GAP_MS=64.270 HASH=3a3885938f048d41
CYCLE=0 PAIR=723 BUFFER=3 SUBPAGES=0/1 GAP_MS=62.742 HASH=9899126329c37c71
CYCLE=0 PAIR=724 BUFFER=0 SUBPAGES=0/1 GAP_MS=64.445 HASH=e9225c9d2043fcb0
CYCLE=0 PAIR=725 BUFFER=1 SUBPAGES=0/1 GAP_MS=63.989 HASH=e0129db759021e6b
CYCLE=0 PAIR=726 BUFFER=2 SUBPAGES=0/1 GAP_MS=64.215 HASH=b23c2ea3e1bc659f
CYCLE=0 PAIR=727 BUFFER=3 SUBPAGES=0/1 GAP_MS=64.384 HASH=3102a8101bed0a3e
CYCLE=0 PAIR=728 BUFFER=0 SUBPAGES=0/1 GAP_MS=64.293 HASH=04b3029d52905fbf
CYCLE=0 PAIR=729 BUFFER=1 SUBPAGES=0/1 GAP_MS=64.839 HASH=e0ba3c246985f053
CYCLE=0 PAIR=730 BUFFER=2 SUBPAGES=0/1 GAP_MS=63.079 HASH=aab71212347e1b57
CYCLE=0 PAIR=731 BUFFER=3 SUBPAGES=0/1 GAP_MS=63.913 HASH=2122ebb38197fd7a
CYCLE=0 PAIR=732 BUFFER=0 SUBPAGES=0/1 GAP_MS=62.894 HASH=d6faf483eeb6dffe
CYCLE=0 PAIR=733 BUFFER=1 SUBPAGES=0/1 GAP_MS=64.781 HASH=d998076bad07e459
CYCLE=0 PAIR=734 BUFFER=2 SUBPAGES=0/1 GAP_MS=63.215 HASH=232e3a6c327b16a5
CYCLE=0 PAIR=735 BUFFER=3 SUBPAGES=0/1 GAP_MS=65.377 HASH=3741400bd17461db
CYCLE=0 PAIR=736 BUFFER=0 SUBPAGES=0/1 GAP_MS=64.003 HASH=bf25ad72aa4db851
CYCLE=0 PAIR=737 BUFFER=1 SUBPAGES=0/1 GAP_MS=64.231 HASH=d426cd0e01af48e4
CYCLE=0 PAIR=738 BUFFER=2 SUBPAGES=0/1 GAP_MS=64.241 HASH=a693a755651a7550
CYCLE=0 PAIR=739 BUFFER=3 SUBPAGES=0/1 GAP_MS=63.489 HASH=42f9135c346a59ab
CYCLE=0 PAIR=740 BUFFER=0 SUBPAGES=0/1 GAP_MS=64.483 HASH=90e1db3e141c9696
CYCLE=0 PAIR=741 BUFFER=1 SUBPAGES=0/1 GAP_MS=63.673 HASH=6aa628cab1bfda2f
CYCLE=0 PAIR=742 BUFFER=2 SUBPAGES=0/1 GAP_MS=63.983 HASH=44e2573123203455
CYCLE=0 PAIR=743 BUFFER=3 SUBPAGES=0/1 GAP_MS=62.625 HASH=1523613f1ae4c471
CYCLE=0 PAIR=744 BUFFER=0 SUBPAGES=0/1 GAP_MS=63.937 HASH=b29b6abcc68fbc40
CYCLE=0 PAIR=745 BUFFER=1 SUBPAGES=0/1 GAP_MS=64.529 HASH=d2a77d43285feb2b
CYCLE=0 PAIR=746 BUFFER=2 SUBPAGES=0/1 GAP_MS=63.344 HASH=6362c0fbc230af5a
CYCLE=0 PAIR=747 BUFFER=3 SUBPAGES=0/1 GAP_MS=63.757 HASH=dc2edced1f0d0b80
CYCLE=0 PAIR=748 BUFFER=0 SUBPAGES=0/1 GAP_MS=63.515 HASH=170735dac128e48c
CYCLE=0 PAIR=749 BUFFER=1 SUBPAGES=0/1 GAP_MS=62.984 HASH=f6ea8bca7dec91d7
CYCLE=0 PAIR=750 BUFFER=2 SUBPAGES=0/1 GAP_MS=63.013 HASH=0e1eb679521893e2
CYCLE=0 PAIR=751 BUFFER=3 SUBPAGES=0/1 GAP_MS=64.107 HASH=0e73fd789ec4587f
CYCLE=0 PAIR=752 BUFFER=0 SUBPAGES=0/1 GAP_MS=64.271 HASH=433d4d09cc62dc22
CYCLE=0 PAIR=753 BUFFER=1 SUBPAGES=0/1 GAP_MS=63.444 HASH=926c6fde67e84571
CYCLE=0 PAIR=754 BUFFER=2 SUBPAGES=0/1 GAP_MS=63.818 HASH=dcf498fbe70ed345
CYCLE=0 PAIR=755 BUFFER=3 SUBPAGES=0/1 GAP_MS=63.464 HASH=2818890241a1212a
CYCLE=0 PAIR=756 BUFFER=0 SUBPAGES=0/1 GAP_MS=62.880 HASH=6ea3ac0275a8efbb
CYCLE=0 PAIR=757 BUFFER=1 SUBPAGES=0/1 GAP_MS=63.844 HASH=c7706d6937056b2e
CYCLE=0 PAIR=758 BUFFER=2 SUBPAGES=0/1 GAP_MS=63.521 HASH=a74a223cd13415ec
CYCLE=0 PAIR=759 BUFFER=3 SUBPAGES=0/1 GAP_MS=64.598 HASH=5e32779ef5ecb463
CYCLE=0 PAIR=760 BUFFER=0 SUBPAGES=0/1 GAP_MS=64.469 HASH=46e1df43bd0f419d
CYCLE=0 PAIR=761 BUFFER=1 SUBPAGES=0/1 GAP_MS=64.585 HASH=95b2a2fb6fd8358b
CYCLE=0 PAIR=762 BUFFER=2 SUBPAGES=0/1 GAP_MS=65.234 HASH=7389169a1f980b61
CYCLE=0 PAIR=763 BUFFER=3 SUBPAGES=0/1 GAP_MS=64.543 HASH=a42461b37c2867f5
CYCLE=0 PAIR=764 BUFFER=0 SUBPAGES=0/1 GAP_MS=64.124 HASH=3c8915a756f100f5
CYCLE=0 PAIR=765 BUFFER=1 SUBPAGES=0/1 GAP_MS=64.230 HASH=64b710606b1597d5
CYCLE=0 PAIR=766 BUFFER=2 SUBPAGES=0/1 GAP_MS=63.994 HASH=4d90837309545950
CYCLE=0 PAIR=767 BUFFER=3 SUBPAGES=0/1 GAP_MS=65.362 HASH=7ff34340b7b483cd
CYCLE=0 PAIR=768 BUFFER=0 SUBPAGES=0/1 GAP_MS=63.300 HASH=b92409533cfb227c
CYCLE=0 PAIR=769 BUFFER=1 SUBPAGES=0/1 GAP_MS=63.915 HASH=c8f40f2223517977
CYCLE=0 PAIR=770 BUFFER=2 SUBPAGES=0/1 GAP_MS=63.713 HASH=3a5d37f0cfac4b54
CYCLE=0 PAIR=771 BUFFER=3 SUBPAGES=0/1 GAP_MS=64.363 HASH=ad6379e78ce325dc
CYCLE=0 PAIR=772 BUFFER=0 SUBPAGES=0/1 GAP_MS=63.997 HASH=77091bf935c91ed4
CYCLE=0 PAIR=773 BUFFER=1 SUBPAGES=0/1 GAP_MS=62.838 HASH=d599157dd474515e
CYCLE=0 PAIR=774 BUFFER=2 SUBPAGES=0/1 GAP_MS=63.991 HASH=96435c56b86245dc
CYCLE=0 PAIR=775 BUFFER=3 SUBPAGES=0/1 GAP_MS=64.873 HASH=18e8533f5438490e
CYCLE=0 PAIR=776 BUFFER=0 SUBPAGES=0/1 GAP_MS=63.543 HASH=c313f29733acee58
CYCLE=0 PAIR=777 BUFFER=1 SUBPAGES=0/1 GAP_MS=63.726 HASH=d36489dd69806086
CYCLE=0 PAIR=778 BUFFER=2 SUBPAGES=0/1 GAP_MS=63.110 HASH=90b70576706519ee
CYCLE=0 PAIR=779 BUFFER=3 SUBPAGES=0/1 GAP_MS=62.572 HASH=ab561cdfd248f821
CYCLE=0 PAIR=780 BUFFER=0 SUBPAGES=0/1 GAP_MS=65.017 HASH=0c463f961ddaef9e
CYCLE=0 PAIR=781 BUFFER=1 SUBPAGES=0/1 GAP_MS=65.129 HASH=8fc6ae1c4b27efaf
CYCLE=0 PAIR=782 BUFFER=2 SUBPAGES=0/1 GAP_MS=64.600 HASH=faf14a7785a59086
CYCLE=0 PAIR=783 BUFFER=3 SUBPAGES=0/1 GAP_MS=64.348 HASH=d98780a65e3de2a5
CYCLE=0 PAIR=784 BUFFER=0 SUBPAGES=0/1 GAP_MS=63.952 HASH=6420c533922f5ed5
CYCLE=0 PAIR=785 BUFFER=1 SUBPAGES=0/1 GAP_MS=64.367 HASH=1e5239354b04f28b
CYCLE=0 PAIR=786 BUFFER=2 SUBPAGES=0/1 GAP_MS=64.943 HASH=075e750ff588fed6
CYCLE=0 PAIR=787 BUFFER=3 SUBPAGES=0/1 GAP_MS=64.306 HASH=4d64d1db6f615962
CYCLE=0 PAIR=788 BUFFER=0 SUBPAGES=0/1 GAP_MS=63.815 HASH=d8ebcff1356f1233
CYCLE=0 PAIR=789 BUFFER=1 SUBPAGES=0/1 GAP_MS=63.756 HASH=676079be1960c3cb
CYCLE=0 PAIR=790 BUFFER=2 SUBPAGES=0/1 GAP_MS=64.507 HASH=f7ec4a81d19fd7b6
CYCLE=0 PAIR=791 BUFFER=3 SUBPAGES=0/1 GAP_MS=63.808 HASH=eefe5f9711bcbdaa
CYCLE=0 PAIR=792 BUFFER=0 SUBPAGES=0/1 GAP_MS=63.488 HASH=cbf3eba1a1654cf4
CYCLE=0 PAIR=793 BUFFER=1 SUBPAGES=0/1 GAP_MS=63.581 HASH=2964fa53d60378c3
CYCLE=0 PAIR=794 BUFFER=2 SUBPAGES=0/1 GAP_MS=63.725 HASH=f7b16cc570494ded
CYCLE=0 PAIR=795 BUFFER=3 SUBPAGES=0/1 GAP_MS=65.032 HASH=77c9dffa244191f2
CYCLE=0 PAIR=796 BUFFER=0 SUBPAGES=0/1 GAP_MS=62.894 HASH=844d755fef2c56fa
CYCLE=0 PAIR=797 BUFFER=1 SUBPAGES=0/1 GAP_MS=64.124 HASH=dce99110a9d027ec
CYCLE=0 PAIR=798 BUFFER=2 SUBPAGES=0/1 GAP_MS=62.263 HASH=828148a3a48a11c9
CYCLE=0 PAIR=799 BUFFER=3 SUBPAGES=0/1 GAP_MS=63.465 HASH=77b082ed486c3992
CYCLE=0 PAIR=800 BUFFER=0 SUBPAGES=0/1 GAP_MS=64.740 HASH=57626f83d4de0dc1
CYCLE=0 PAIR=801 BUFFER=1 SUBPAGES=0/1 GAP_MS=62.946 HASH=a33072bca3269a57
CYCLE=0 PAIR=802 BUFFER=2 SUBPAGES=0/1 GAP_MS=64.862 HASH=760c2679e8786ec6
CYCLE=0 PAIR=803 BUFFER=3 SUBPAGES=0/1 GAP_MS=64.115 HASH=29599f1f2d37ad4f
CYCLE=0 PAIR=804 BUFFER=0 SUBPAGES=0/1 GAP_MS=62.531 HASH=3dcb444dabc4d8bb
CYCLE=0 PAIR=805 BUFFER=1 SUBPAGES=0/1 GAP_MS=63.132 HASH=c146f0b7f8e98450
CYCLE=0 PAIR=806 BUFFER=2 SUBPAGES=0/1 GAP_MS=64.866 HASH=57a4898c37e8a323
CYCLE=0 PAIR=807 BUFFER=3 SUBPAGES=0/1 GAP_MS=62.927 HASH=8919b7c1de8520e8
CYCLE=0 PAIR=808 BUFFER=0 SUBPAGES=0/1 GAP_MS=63.065 HASH=2154538e9c167451
CYCLE=0 PAIR=809 BUFFER=1 SUBPAGES=0/1 GAP_MS=64.194 HASH=a7347cc1299cecb5
CYCLE=0 PAIR=810 BUFFER=2 SUBPAGES=0/1 GAP_MS=63.486 HASH=49b53a9edac72450
CYCLE=0 PAIR=811 BUFFER=3 SUBPAGES=0/1 GAP_MS=63.243 HASH=f5ce464b0a4cf494
CYCLE=0 PAIR=812 BUFFER=0 SUBPAGES=0/1 GAP_MS=61.991 HASH=79f630be1a794e17
CYCLE=0 PAIR=813 BUFFER=1 SUBPAGES=0/1 GAP_MS=63.823 HASH=77c78c37fb288813
CYCLE=0 PAIR=814 BUFFER=2 SUBPAGES=0/1 GAP_MS=62.235 HASH=60e1bd5d7fea4426
CYCLE=0 PAIR=815 BUFFER=3 SUBPAGES=0/1 GAP_MS=64.643 HASH=2788c390b2b8b946
CYCLE=0 PAIR=816 BUFFER=0 SUBPAGES=0/1 GAP_MS=63.594 HASH=152c9efaa935eca6
CYCLE=0 PAIR=817 BUFFER=1 SUBPAGES=0/1 GAP_MS=63.991 HASH=1606dfadc96babad
CYCLE=0 PAIR=818 BUFFER=2 SUBPAGES=0/1 GAP_MS=64.203 HASH=ac0b9f89bd2baf2b
CYCLE=0 PAIR=819 BUFFER=3 SUBPAGES=0/1 GAP_MS=63.466 HASH=3f03fa0bcfc65b5f
CYCLE=0 PAIR=820 BUFFER=0 SUBPAGES=0/1 GAP_MS=62.444 HASH=14698bd30b437bf9
CYCLE=0 PAIR=821 BUFFER=1 SUBPAGES=0/1 GAP_MS=65.056 HASH=b07907423732f98d
CYCLE=0 PAIR=822 BUFFER=2 SUBPAGES=0/1 GAP_MS=63.425 HASH=b3d4668df3c0ea77
CYCLE=0 PAIR=823 BUFFER=3 SUBPAGES=0/1 GAP_MS=64.113 HASH=62e8fe5ccbae4c79
CYCLE=0 PAIR=824 BUFFER=0 SUBPAGES=0/1 GAP_MS=63.040 HASH=0f7e99334f2d3f68
CYCLE=0 PAIR=825 BUFFER=1 SUBPAGES=0/1 GAP_MS=64.648 HASH=c2a2a7505a0b7e9b
CYCLE=0 PAIR=826 BUFFER=2 SUBPAGES=0/1 GAP_MS=63.152 HASH=76cd53e229e51c28
CYCLE=0 PAIR=827 BUFFER=3 SUBPAGES=0/1 GAP_MS=63.967 HASH=acdcccf23771018b
CYCLE=0 PAIR=828 BUFFER=0 SUBPAGES=0/1 GAP_MS=65.186 HASH=8cd052ac47c94b79
CYCLE=0 PAIR=829 BUFFER=1 SUBPAGES=0/1 GAP_MS=63.556 HASH=2ff8c0f78dc35997
CYCLE=0 PAIR=830 BUFFER=2 SUBPAGES=0/1 GAP_MS=63.690 HASH=1cf313ed490f7359
CYCLE=0 PAIR=831 BUFFER=3 SUBPAGES=0/1 GAP_MS=63.871 HASH=5240a4c7e92a9611
CYCLE=0 PAIR=832 BUFFER=0 SUBPAGES=0/1 GAP_MS=63.822 HASH=43991ba47c7a1164
CYCLE=0 PAIR=833 BUFFER=1 SUBPAGES=0/1 GAP_MS=65.336 HASH=c119fb8e27bf12b6
CYCLE=0 PAIR=834 BUFFER=2 SUBPAGES=0/1 GAP_MS=64.474 HASH=42c409d765a630dc
CYCLE=0 PAIR=835 BUFFER=3 SUBPAGES=0/1 GAP_MS=64.506 HASH=e834bc2d9bee1b80
CYCLE=0 PAIR=836 BUFFER=0 SUBPAGES=0/1 GAP_MS=64.427 HASH=765336618333ecc9
CYCLE=0 PAIR=837 BUFFER=1 SUBPAGES=0/1 GAP_MS=63.516 HASH=cfc1e8bb228a2736
CYCLE=0 PAIR=838 BUFFER=2 SUBPAGES=0/1 GAP_MS=62.597 HASH=2c48d4d38d46486b
CYCLE=0 PAIR=839 BUFFER=3 SUBPAGES=0/1 GAP_MS=64.266 HASH=a4398d7e6a06b538
CYCLE=0 PAIR=840 BUFFER=0 SUBPAGES=0/1 GAP_MS=62.696 HASH=8f02d03f45adf658
CYCLE=0 PAIR=841 BUFFER=1 SUBPAGES=0/1 GAP_MS=64.660 HASH=4a1e5a37d20fb4c0
CYCLE=0 PAIR=842 BUFFER=2 SUBPAGES=0/1 GAP_MS=65.699 HASH=71573e00aa1da0ff
CYCLE=0 PAIR=843 BUFFER=3 SUBPAGES=0/1 GAP_MS=64.125 HASH=cbac62572b1a545c
CYCLE=0 PAIR=844 BUFFER=0 SUBPAGES=0/1 GAP_MS=63.731 HASH=f3105198deacd469
CYCLE=0 PAIR=845 BUFFER=1 SUBPAGES=0/1 GAP_MS=63.337 HASH=01a2119a0779b18d
CYCLE=0 PAIR=846 BUFFER=2 SUBPAGES=0/1 GAP_MS=64.165 HASH=fe8f2086e91a2f08
CYCLE=0 PAIR=847 BUFFER=3 SUBPAGES=0/1 GAP_MS=62.900 HASH=71a43e84e1abe40c
CYCLE=0 PAIR=848 BUFFER=0 SUBPAGES=0/1 GAP_MS=63.860 HASH=73478b59e358329c
CYCLE=0 PAIR=849 BUFFER=1 SUBPAGES=0/1 GAP_MS=62.984 HASH=b656976815091fe6
CYCLE=0 PAIR=850 BUFFER=2 SUBPAGES=0/1 GAP_MS=62.812 HASH=f629bce3c3ebbf95
CYCLE=0 PAIR=851 BUFFER=3 SUBPAGES=0/1 GAP_MS=63.664 HASH=fa975e9c21d78f92
CYCLE=0 PAIR=852 BUFFER=0 SUBPAGES=0/1 GAP_MS=64.789 HASH=f4f6a853e94b183e
CYCLE=0 PAIR=853 BUFFER=1 SUBPAGES=0/1 GAP_MS=63.149 HASH=6817c6212bf149c4
CYCLE=0 PAIR=854 BUFFER=2 SUBPAGES=0/1 GAP_MS=63.018 HASH=4860c7bba19eebcc
CYCLE=0 PAIR=855 BUFFER=3 SUBPAGES=0/1 GAP_MS=63.513 HASH=8d574b52dbf81de0
CYCLE=0 PAIR=856 BUFFER=0 SUBPAGES=0/1 GAP_MS=63.990 HASH=8c8569b21ca53077
CYCLE=0 PAIR=857 BUFFER=1 SUBPAGES=0/1 GAP_MS=62.375 HASH=07a0ac71c244c9f0
CYCLE=0 PAIR=858 BUFFER=2 SUBPAGES=0/1 GAP_MS=63.882 HASH=079d806cdea2238a
CYCLE=0 PAIR=859 BUFFER=3 SUBPAGES=0/1 GAP_MS=65.401 HASH=341527e54f8d54e9
CYCLE=0 PAIR=860 BUFFER=0 SUBPAGES=0/1 GAP_MS=64.475 HASH=870e66b86e8a76dd
CYCLE=0 PAIR=861 BUFFER=1 SUBPAGES=0/1 GAP_MS=63.593 HASH=2f0610e3b4f0c22e
CYCLE=0 PAIR=862 BUFFER=2 SUBPAGES=0/1 GAP_MS=64.295 HASH=bf5e3ececc3c2348
CYCLE=0 PAIR=863 BUFFER=3 SUBPAGES=0/1 GAP_MS=62.990 HASH=c5623334f2332f52
CYCLE=0 PAIR=864 BUFFER=0 SUBPAGES=0/1 GAP_MS=64.726 HASH=39588ff014400a1c
CYCLE=0 PAIR=865 BUFFER=1 SUBPAGES=0/1 GAP_MS=64.605 HASH=5899b72d5e086a7a
CYCLE=0 PAIR=866 BUFFER=2 SUBPAGES=0/1 GAP_MS=63.703 HASH=7df41cad732564b3
CYCLE=0 PAIR=867 BUFFER=3 SUBPAGES=0/1 GAP_MS=64.167 HASH=1aa29969645dad8c
CYCLE=0 PAIR=868 BUFFER=0 SUBPAGES=0/1 GAP_MS=64.822 HASH=89aeaca5fc558857
CYCLE=0 PAIR=869 BUFFER=1 SUBPAGES=0/1 GAP_MS=63.334 HASH=8ad984a57d8e9047
CYCLE=0 PAIR=870 BUFFER=2 SUBPAGES=0/1 GAP_MS=65.290 HASH=25f033fb6246c242
CYCLE=0 PAIR=871 BUFFER=3 SUBPAGES=0/1 GAP_MS=63.512 HASH=61ee8329afa95434
CYCLE=0 PAIR=872 BUFFER=0 SUBPAGES=0/1 GAP_MS=63.131 HASH=4f6569c122b9e634
CYCLE=0 PAIR=873 BUFFER=1 SUBPAGES=0/1 GAP_MS=62.375 HASH=def44b0758be208a
CYCLE=0 PAIR=874 BUFFER=2 SUBPAGES=0/1 GAP_MS=64.087 HASH=34acc08a83599fdc
CYCLE=0 PAIR=875 BUFFER=3 SUBPAGES=0/1 GAP_MS=64.837 HASH=09909f2b30d25d96
CYCLE=0 PAIR=876 BUFFER=0 SUBPAGES=0/1 GAP_MS=64.255 HASH=ad496a76907e85b0
CYCLE=0 PAIR=877 BUFFER=1 SUBPAGES=0/1 GAP_MS=62.835 HASH=23c5a1a395c6d965
CYCLE=0 PAIR=878 BUFFER=2 SUBPAGES=0/1 GAP_MS=63.043 HASH=22dda30623c934b0
CYCLE=0 PAIR=879 BUFFER=3 SUBPAGES=0/1 GAP_MS=65.591 HASH=f2c84931f7b68665
CYCLE=0 PAIR=880 BUFFER=0 SUBPAGES=0/1 GAP_MS=65.351 HASH=283742d8e5a00115
CYCLE=0 PAIR=881 BUFFER=1 SUBPAGES=0/1 GAP_MS=64.779 HASH=78e11f91d66b7df8
CYCLE=0 PAIR=882 BUFFER=2 SUBPAGES=0/1 GAP_MS=63.646 HASH=856e679a5eae0979
CYCLE=0 PAIR=883 BUFFER=3 SUBPAGES=0/1 GAP_MS=64.103 HASH=519050c50a8cb3ca
CYCLE=0 PAIR=884 BUFFER=0 SUBPAGES=0/1 GAP_MS=63.609 HASH=859d008ffcdf908b
CYCLE=0 PAIR=885 BUFFER=1 SUBPAGES=0/1 GAP_MS=62.858 HASH=c31e298ebfab10e4
CYCLE=0 PAIR=886 BUFFER=2 SUBPAGES=0/1 GAP_MS=64.936 HASH=03d9d8e05cb5e73e
CYCLE=0 PAIR=887 BUFFER=3 SUBPAGES=0/1 GAP_MS=62.578 HASH=c0bfe4b98263d541
CYCLE=0 PAIR=888 BUFFER=0 SUBPAGES=0/1 GAP_MS=64.865 HASH=290d46d4727c8e70
CYCLE=0 PAIR=889 BUFFER=1 SUBPAGES=0/1 GAP_MS=63.774 HASH=5a183fbf63e35845
CYCLE=0 PAIR=890 BUFFER=2 SUBPAGES=0/1 GAP_MS=63.572 HASH=f381680183a005f1
CYCLE=0 PAIR=891 BUFFER=3 SUBPAGES=0/1 GAP_MS=62.713 HASH=8dcdb1dbb52ec348
CYCLE=0 PAIR=892 BUFFER=0 SUBPAGES=0/1 GAP_MS=62.566 HASH=69a64e69990b3b66
CYCLE=0 PAIR=893 BUFFER=1 SUBPAGES=0/1 GAP_MS=63.741 HASH=da6cd18b88c15b55
CYCLE=0 PAIR=894 BUFFER=2 SUBPAGES=0/1 GAP_MS=64.016 HASH=adc5ad3bba816787
CYCLE=0 PAIR=895 BUFFER=3 SUBPAGES=0/1 GAP_MS=63.891 HASH=c7e9a0cad13aa709
CYCLE=0 PAIR=896 BUFFER=0 SUBPAGES=0/1 GAP_MS=63.988 HASH=297bea29e4421f87
CYCLE=0 PAIR=897 BUFFER=1 SUBPAGES=0/1 GAP_MS=64.501 HASH=54e581b5550a0f3f
CYCLE=0 PAIR=898 BUFFER=2 SUBPAGES=0/1 GAP_MS=64.758 HASH=905779dd8349e87f
CYCLE=0 PAIR=899 BUFFER=3 SUBPAGES=0/1 GAP_MS=63.907 HASH=9202b38701614def
CYCLE=0 PAIR=900 BUFFER=0 SUBPAGES=0/1 GAP_MS=64.636 HASH=b7d65151fb981925
CYCLE=0 PAIR=901 BUFFER=1 SUBPAGES=0/1 GAP_MS=64.599 HASH=3b7395f93ae0e498
CYCLE=0 PAIR=902 BUFFER=2 SUBPAGES=0/1 GAP_MS=62.236 HASH=647fed75534897fb
CYCLE=0 PAIR=903 BUFFER=3 SUBPAGES=0/1 GAP_MS=63.977 HASH=6f160de05f46f6f6
CYCLE=0 PAIR=904 BUFFER=0 SUBPAGES=0/1 GAP_MS=63.275 HASH=d625f8ca495986bb
CYCLE=0 PAIR=905 BUFFER=1 SUBPAGES=0/1 GAP_MS=63.305 HASH=74d8e5fffbc47a57
CYCLE=0 PAIR=906 BUFFER=2 SUBPAGES=0/1 GAP_MS=64.275 HASH=47f70443b072ef67
CYCLE=0 PAIR=907 BUFFER=3 SUBPAGES=0/1 GAP_MS=62.515 HASH=c3ca0111a5a3f957
CYCLE=0 PAIR=908 BUFFER=0 SUBPAGES=0/1 GAP_MS=64.866 HASH=45f9cf00a962c2a5
CYCLE=0 PAIR=909 BUFFER=1 SUBPAGES=0/1 GAP_MS=63.749 HASH=c4407f100440a50f
CYCLE=0 PAIR=910 BUFFER=2 SUBPAGES=0/1 GAP_MS=63.242 HASH=1a4ce069e58c4883
CYCLE=0 PAIR=911 BUFFER=3 SUBPAGES=0/1 GAP_MS=62.655 HASH=28677a5cab4d7be8
CYCLE=0 PAIR=912 BUFFER=0 SUBPAGES=0/1 GAP_MS=63.889 HASH=2971878a5899944e
CYCLE=0 PAIR=913 BUFFER=1 SUBPAGES=0/1 GAP_MS=65.027 HASH=8318fc1d6455a88f
CYCLE=0 PAIR=914 BUFFER=2 SUBPAGES=0/1 GAP_MS=64.224 HASH=e63d03a5eea188be
CYCLE=0 PAIR=915 BUFFER=3 SUBPAGES=0/1 GAP_MS=63.594 HASH=d600697ddb6b457f
CYCLE=0 PAIR=916 BUFFER=0 SUBPAGES=0/1 GAP_MS=63.624 HASH=f5fdb004f0b96965
CYCLE=0 PAIR=917 BUFFER=1 SUBPAGES=0/1 GAP_MS=64.155 HASH=9e663193f9672ba4
CYCLE=0 PAIR=918 BUFFER=2 SUBPAGES=0/1 GAP_MS=63.609 HASH=8a5b2ee7bfe32dfc
CYCLE=0 PAIR=919 BUFFER=3 SUBPAGES=0/1 GAP_MS=64.262 HASH=82ce85e1cc43e168
CYCLE=0 PAIR=920 BUFFER=0 SUBPAGES=0/1 GAP_MS=65.095 HASH=a18c4d44f5b27668
CYCLE=0 PAIR=921 BUFFER=1 SUBPAGES=0/1 GAP_MS=62.902 HASH=e34ae607643e5515
CYCLE=0 PAIR=922 BUFFER=2 SUBPAGES=0/1 GAP_MS=65.360 HASH=426e9db9179b82f2
CYCLE=0 PAIR=923 BUFFER=3 SUBPAGES=0/1 GAP_MS=63.933 HASH=d9dd13d1b1ccd9a4
CYCLE=0 PAIR=924 BUFFER=0 SUBPAGES=0/1 GAP_MS=62.861 HASH=c617299e76106806
CYCLE=0 PAIR=925 BUFFER=1 SUBPAGES=0/1 GAP_MS=63.474 HASH=f333e1034543d798
CYCLE=0 PAIR=926 BUFFER=2 SUBPAGES=0/1 GAP_MS=62.818 HASH=6f9666f7d4c0d440
CYCLE=0 PAIR=927 BUFFER=3 SUBPAGES=0/1 GAP_MS=63.574 HASH=7e8909decc3c6093
CYCLE=0 PAIR=928 BUFFER=0 SUBPAGES=0/1 GAP_MS=64.306 HASH=de60665284605149
CYCLE=0 PAIR=929 BUFFER=1 SUBPAGES=0/1 GAP_MS=62.799 HASH=464052a7b0e9f02c
CYCLE=0 PAIR=930 BUFFER=2 SUBPAGES=0/1 GAP_MS=63.771 HASH=747742fd811d9127
CYCLE=0 PAIR=931 BUFFER=3 SUBPAGES=0/1 GAP_MS=65.089 HASH=aa36ff717c9a7abb
CYCLE=0 PAIR=932 BUFFER=0 SUBPAGES=0/1 GAP_MS=64.378 HASH=f5f8bcbb8b85adad
CYCLE=0 PAIR=933 BUFFER=1 SUBPAGES=0/1 GAP_MS=63.461 HASH=d37acf613d0a496e
CYCLE=0 PAIR=934 BUFFER=2 SUBPAGES=0/1 GAP_MS=63.985 HASH=3fe831e961b16463
CYCLE=0 PAIR=935 BUFFER=3 SUBPAGES=0/1 GAP_MS=64.885 HASH=d8cca505afad366e
CYCLE=0 PAIR=936 BUFFER=0 SUBPAGES=0/1 GAP_MS=62.836 HASH=0d39ab464b6d8180
CYCLE=0 PAIR=937 BUFFER=1 SUBPAGES=0/1 GAP_MS=64.002 HASH=9d0309b7b361d196
CYCLE=0 PAIR=938 BUFFER=2 SUBPAGES=0/1 GAP_MS=64.439 HASH=32f4500bc2fbdf6c
CYCLE=0 PAIR=939 BUFFER=3 SUBPAGES=0/1 GAP_MS=63.675 HASH=93ca8d085c6002e7
CYCLE=0 PAIR=940 BUFFER=0 SUBPAGES=0/1 GAP_MS=62.973 HASH=6ab5067d3210fd41
CYCLE=0 PAIR=941 BUFFER=1 SUBPAGES=0/1 GAP_MS=63.205 HASH=e76a60a3811294db
CYCLE=0 PAIR=942 BUFFER=2 SUBPAGES=0/1 GAP_MS=63.643 HASH=b882a8897a20820c
CYCLE=0 PAIR=943 BUFFER=3 SUBPAGES=0/1 GAP_MS=63.960 HASH=749a6be55af8797b
CYCLE=0 PAIR=944 BUFFER=0 SUBPAGES=0/1 GAP_MS=63.083 HASH=3a2921809aad8f6b
CYCLE=0 PAIR=945 BUFFER=1 SUBPAGES=0/1 GAP_MS=65.240 HASH=900d7eae003bd05a
CYCLE=0 PAIR=946 BUFFER=2 SUBPAGES=0/1 GAP_MS=63.758 HASH=cc91c4312180831a
CYCLE=0 PAIR=947 BUFFER=3 SUBPAGES=0/1 GAP_MS=63.411 HASH=3e7e990207d81365
CYCLE=0 PAIR=948 BUFFER=0 SUBPAGES=0/1 GAP_MS=64.597 HASH=8be365e1de1fc52e
CYCLE=0 PAIR=949 BUFFER=1 SUBPAGES=0/1 GAP_MS=63.692 HASH=4c91345ba9e84663
CYCLE=0 PAIR=950 BUFFER=2 SUBPAGES=0/1 GAP_MS=62.683 HASH=c996cfebca24ff78
CYCLE=0 PAIR=951 BUFFER=3 SUBPAGES=0/1 GAP_MS=64.278 HASH=78a2da7498ee923e
CYCLE=0 PAIR=952 BUFFER=0 SUBPAGES=0/1 GAP_MS=64.918 HASH=5f93de7d51d46a13
CYCLE=0 PAIR=953 BUFFER=1 SUBPAGES=0/1 GAP_MS=64.483 HASH=50606652fde9c4cc
CYCLE=0 PAIR=954 BUFFER=2 SUBPAGES=0/1 GAP_MS=63.889 HASH=24d1ca299e61c93b
CYCLE=0 PAIR=955 BUFFER=3 SUBPAGES=0/1 GAP_MS=64.565 HASH=44326576a7145c8f
CYCLE=0 PAIR=956 BUFFER=0 SUBPAGES=0/1 GAP_MS=64.623 HASH=d2643e5c25eea7ac
CYCLE=0 PAIR=957 BUFFER=1 SUBPAGES=0/1 GAP_MS=63.359 HASH=33ecac81be0e759c
CYCLE=0 PAIR=958 BUFFER=2 SUBPAGES=0/1 GAP_MS=64.631 HASH=23d6cb6cca33020e
CYCLE=0 PAIR=959 BUFFER=3 SUBPAGES=0/1 GAP_MS=63.866 HASH=8d8c3d6fe3e21dd0
CYCLE=0 PAIR=960 BUFFER=0 SUBPAGES=0/1 GAP_MS=63.267 HASH=4fccd0d6253e8e39
CYCLE=0 PAIR=961 BUFFER=1 SUBPAGES=0/1 GAP_MS=63.272 HASH=0099a1b32f8d2b21
CYCLE=0 PAIR=962 BUFFER=2 SUBPAGES=0/1 GAP_MS=62.577 HASH=7953a72304406576
CYCLE=0 PAIR=963 BUFFER=3 SUBPAGES=0/1 GAP_MS=64.004 HASH=85187d660eb77946
CYCLE=0 PAIR=964 BUFFER=0 SUBPAGES=0/1 GAP_MS=64.390 HASH=b8a708ff7d7224df
CYCLE=0 PAIR=965 BUFFER=1 SUBPAGES=0/1 GAP_MS=64.637 HASH=52929301ae9ca9db
CYCLE=0 PAIR=966 BUFFER=2 SUBPAGES=0/1 GAP_MS=64.656 HASH=5bc6fcdcf2e73868
CYCLE=0 PAIR=967 BUFFER=3 SUBPAGES=0/1 GAP_MS=63.852 HASH=8e7d48538b069a85
CYCLE=0 PAIR=968 BUFFER=0 SUBPAGES=0/1 GAP_MS=64.296 HASH=67d0af609352a3ed
CYCLE=0 PAIR=969 BUFFER=1 SUBPAGES=0/1 GAP_MS=63.000 HASH=dfc402b67d17d716
CYCLE=0 PAIR=970 BUFFER=2 SUBPAGES=0/1 GAP_MS=63.416 HASH=1780835bb6b24e0d
CYCLE=0 PAIR=971 BUFFER=3 SUBPAGES=0/1 GAP_MS=65.174 HASH=35100f1f9f65ea23
CYCLE=0 PAIR=972 BUFFER=0 SUBPAGES=0/1 GAP_MS=63.542 HASH=513fe79cb8ad951e
CYCLE=0 PAIR=973 BUFFER=1 SUBPAGES=0/1 GAP_MS=62.363 HASH=b9dfce6f1633f0b4
CYCLE=0 PAIR=974 BUFFER=2 SUBPAGES=0/1 GAP_MS=64.553 HASH=6a52bb3429ff3f82
CYCLE=0 PAIR=975 BUFFER=3 SUBPAGES=0/1 GAP_MS=63.869 HASH=556cdcf1f0f49f84
CYCLE=0 PAIR=976 BUFFER=0 SUBPAGES=0/1 GAP_MS=64.127 HASH=fc6002340ee380c8
CYCLE=0 PAIR=977 BUFFER=1 SUBPAGES=0/1 GAP_MS=64.590 HASH=f94d18c71449e263
CYCLE=0 PAIR=978 BUFFER=2 SUBPAGES=0/1 GAP_MS=64.055 HASH=77a7b2ad9b2a70df
CYCLE=0 PAIR=979 BUFFER=3 SUBPAGES=0/1 GAP_MS=62.980 HASH=a5b3dc3e4d7cee43
CYCLE=0 PAIR=980 BUFFER=0 SUBPAGES=0/1 GAP_MS=63.537 HASH=39da9f7d338d3948
CYCLE=0 PAIR=981 BUFFER=1 SUBPAGES=0/1 GAP_MS=62.595 HASH=76c9a6f2caf6bb8e
CYCLE=0 PAIR=982 BUFFER=2 SUBPAGES=0/1 GAP_MS=65.569 HASH=8e8c2e7917d2141e
CYCLE=0 PAIR=983 BUFFER=3 SUBPAGES=0/1 GAP_MS=63.909 HASH=0d9fb3ec4d7c81aa
CYCLE=0 PAIR=984 BUFFER=0 SUBPAGES=0/1 GAP_MS=64.274 HASH=0dcf2868be0df8e7
CYCLE=0 PAIR=985 BUFFER=1 SUBPAGES=0/1 GAP_MS=63.367 HASH=fabaa49976b1fa3c
CYCLE=0 PAIR=986 BUFFER=2 SUBPAGES=0/1 GAP_MS=64.208 HASH=514370948bb006fc
CYCLE=0 PAIR=987 BUFFER=3 SUBPAGES=0/1 GAP_MS=63.828 HASH=3f16fb72dc941335
CYCLE=0 PAIR=988 BUFFER=0 SUBPAGES=0/1 GAP_MS=62.914 HASH=d93b4424e3af19bb
CYCLE=0 PAIR=989 BUFFER=1 SUBPAGES=0/1 GAP_MS=63.887 HASH=29dd6f65eed9b773
CYCLE=0 PAIR=990 BUFFER=2 SUBPAGES=0/1 GAP_MS=64.379 HASH=31eae06cf50a2041
CYCLE=0 PAIR=991 BUFFER=3 SUBPAGES=0/1 GAP_MS=63.734 HASH=c8cb4ebcabf00faf
CYCLE=0 PAIR=992 BUFFER=0 SUBPAGES=0/1 GAP_MS=64.305 HASH=5bf5208967621584
CYCLE=0 PAIR=993 BUFFER=1 SUBPAGES=0/1 GAP_MS=64.268 HASH=9ad7ef3389d7634e
CYCLE=0 PAIR=994 BUFFER=2 SUBPAGES=0/1 GAP_MS=66.536 HASH=74f3b52765fd6af3
CYCLE=0 PAIR=995 BUFFER=3 SUBPAGES=0/1 GAP_MS=64.176 HASH=977b70db19a4681b
CYCLE=0 PAIR=996 BUFFER=0 SUBPAGES=0/1 GAP_MS=64.572 HASH=93957aaed35bc49b
CYCLE=0 PAIR=997 BUFFER=1 SUBPAGES=0/1 GAP_MS=64.933 HASH=c61d0e3c1e22b7ca
CYCLE=0 PAIR=998 BUFFER=2 SUBPAGES=0/1 GAP_MS=63.770 HASH=a519c25c050f4a05
CYCLE=0 PAIR=999 BUFFER=3 SUBPAGES=0/1 GAP_MS=63.990 HASH=6f81b159a2026300
CYCLE=0 PAIR=1000 BUFFER=0 SUBPAGES=0/1 GAP_MS=64.882 HASH=add79350064012c7
CYCLE=0 PAIR=1001 BUFFER=1 SUBPAGES=0/1 GAP_MS=64.121 HASH=00a3697f38554678
CYCLE=0 PAIR=1002 BUFFER=2 SUBPAGES=0/1 GAP_MS=65.360 HASH=e4f90e916cde6761
CYCLE=0 PAIR=1003 BUFFER=3 SUBPAGES=0/1 GAP_MS=64.236 HASH=a8eb2f6d0686aa6f
CYCLE=0 PAIR=1004 BUFFER=0 SUBPAGES=0/1 GAP_MS=63.184 HASH=58931c38fff1d4cc
CYCLE=0 PAIR=1005 BUFFER=1 SUBPAGES=0/1 GAP_MS=63.230 HASH=d28a393ad46bb101
CYCLE=0 PAIR=1006 BUFFER=2 SUBPAGES=0/1 GAP_MS=62.640 HASH=dbd90a871156c7be
CYCLE=0 PAIR=1007 BUFFER=3 SUBPAGES=0/1 GAP_MS=64.284 HASH=fb3cb5e847e5822f
CYCLE=0 PAIR=1008 BUFFER=0 SUBPAGES=0/1 GAP_MS=63.423 HASH=0d306e6fe0806b1d
CYCLE=0 PAIR=1009 BUFFER=1 SUBPAGES=0/1 GAP_MS=63.635 HASH=b914e2252fa6c99b
CYCLE=0 PAIR=1010 BUFFER=2 SUBPAGES=0/1 GAP_MS=65.048 HASH=80a4bdcaef5d8984
CYCLE=0 PAIR=1011 BUFFER=3 SUBPAGES=0/1 GAP_MS=62.327 HASH=c3f0cfc6e7b40f44
CYCLE=0 PAIR=1012 BUFFER=0 SUBPAGES=0/1 GAP_MS=64.485 HASH=4f754831c6f755ac
CYCLE=0 PAIR=1013 BUFFER=1 SUBPAGES=0/1 GAP_MS=64.106 HASH=d47c36099eb66a3e
CYCLE=0 PAIR=1014 BUFFER=2 SUBPAGES=0/1 GAP_MS=65.061 HASH=cb79119800656b95
CYCLE=0 PAIR=1015 BUFFER=3 SUBPAGES=0/1 GAP_MS=63.610 HASH=c80e071e449a3b3a
CYCLE=0 PAIR=1016 BUFFER=0 SUBPAGES=0/1 GAP_MS=63.475 HASH=bc5e3380d1fc95f1
CYCLE=0 PAIR=1017 BUFFER=1 SUBPAGES=0/1 GAP_MS=64.446 HASH=80a4206cf72054f5
CYCLE=0 PAIR=1018 BUFFER=2 SUBPAGES=0/1 GAP_MS=63.848 HASH=4731c9e5a22ff763
CYCLE=0 PAIR=1019 BUFFER=3 SUBPAGES=0/1 GAP_MS=64.644 HASH=47fe6aa93dd71f00
CYCLE=0 PAIR=1020 BUFFER=0 SUBPAGES=0/1 GAP_MS=62.574 HASH=c02142fc6859e441
CYCLE=0 PAIR=1021 BUFFER=1 SUBPAGES=0/1 GAP_MS=63.424 HASH=f1c43626baaf45db
CYCLE=0 PAIR=1022 BUFFER=2 SUBPAGES=0/1 GAP_MS=63.715 HASH=197fd6954a349c4e
CYCLE=0 PAIR=1023 BUFFER=3 SUBPAGES=0/1 GAP_MS=63.329 HASH=f7201022eac14708
CYCLE=0 PAIR=1024 BUFFER=0 SUBPAGES=0/1 GAP_MS=64.899 HASH=bfef1fcd36aaf5f0
CYCLE=0 PAIR=1025 BUFFER=1 SUBPAGES=0/1 GAP_MS=64.706 HASH=7a1d86f4abe86607
CYCLE=0 PAIR=1026 BUFFER=2 SUBPAGES=0/1 GAP_MS=64.520 HASH=9aecbf53e3acc61a
CYCLE=0 PAIR=1027 BUFFER=3 SUBPAGES=0/1 GAP_MS=62.992 HASH=3336824cdd6fd523
CYCLE=0 PAIR=1028 BUFFER=0 SUBPAGES=0/1 GAP_MS=64.321 HASH=5c2f4435e4c5a288
CYCLE=0 PAIR=1029 BUFFER=1 SUBPAGES=0/1 GAP_MS=63.102 HASH=b0d349fd8e23af8c
CYCLE=0 PAIR=1030 BUFFER=2 SUBPAGES=0/1 GAP_MS=64.555 HASH=fdd5f9fac10af938
CYCLE=0 PAIR=1031 BUFFER=3 SUBPAGES=0/1 GAP_MS=62.496 HASH=1ca20f49f4f60dcf
CYCLE=0 PAIR=1032 BUFFER=0 SUBPAGES=0/1 GAP_MS=65.773 HASH=4592ae90d0635f6f
CYCLE=0 PAIR=1033 BUFFER=1 SUBPAGES=0/1 GAP_MS=62.993 HASH=6b441001a043e3ee
CYCLE=0 PAIR=1034 BUFFER=2 SUBPAGES=0/1 GAP_MS=61.905 HASH=99f99ce8cfe4db97
CYCLE=0 PAIR=1035 BUFFER=3 SUBPAGES=0/1 GAP_MS=64.244 HASH=88397b654ef76a5d
CYCLE=0 PAIR=1036 BUFFER=0 SUBPAGES=0/1 GAP_MS=64.142 HASH=ae090c735570cefa
CYCLE=0 PAIR=1037 BUFFER=1 SUBPAGES=0/1 GAP_MS=63.438 HASH=c008249fd4478c90
CYCLE=0 PAIR=1038 BUFFER=2 SUBPAGES=0/1 GAP_MS=65.016 HASH=9b38b764b6f697a2
CYCLE=0 PAIR=1039 BUFFER=3 SUBPAGES=0/1 GAP_MS=63.687 HASH=6dbb9cd1e96f3207
CYCLE=0 PAIR=1040 BUFFER=0 SUBPAGES=0/1 GAP_MS=64.308 HASH=1114df5bffe5ac2b
CYCLE=0 PAIR=1041 BUFFER=1 SUBPAGES=0/1 GAP_MS=65.091 HASH=a3de86976bface28
CYCLE=0 PAIR=1042 BUFFER=2 SUBPAGES=0/1 GAP_MS=64.084 HASH=4e07a7f6471496bc
CYCLE=0 PAIR=1043 BUFFER=3 SUBPAGES=0/1 GAP_MS=64.270 HASH=a3e05df2fdf512b0
CYCLE=0 PAIR=1044 BUFFER=0 SUBPAGES=0/1 GAP_MS=62.349 HASH=91b033fc2299c5ed
CYCLE=0 PAIR=1045 BUFFER=1 SUBPAGES=0/1 GAP_MS=63.192 HASH=3e922e3448cbb6dc
CYCLE=0 PAIR=1046 BUFFER=2 SUBPAGES=0/1 GAP_MS=65.342 HASH=1ca6274780db2c90
CYCLE=0 PAIR=1047 BUFFER=3 SUBPAGES=0/1 GAP_MS=62.962 HASH=3bc07ccdd11d0568
CYCLE=0 PAIR=1048 BUFFER=0 SUBPAGES=0/1 GAP_MS=62.679 HASH=f16ff2860fda28ee
CYCLE=0 PAIR=1049 BUFFER=1 SUBPAGES=0/1 GAP_MS=65.056 HASH=c4d4e4a8bcd8eb8b
CYCLE=0 PAIR=1050 BUFFER=2 SUBPAGES=0/1 GAP_MS=64.539 HASH=b70c4b3ed1a51791
CYCLE=0 PAIR=1051 BUFFER=3 SUBPAGES=0/1 GAP_MS=63.689 HASH=80037f89ae2b8adb
CYCLE=0 PAIR=1052 BUFFER=0 SUBPAGES=0/1 GAP_MS=63.127 HASH=3ab3eec907068f27
CYCLE=0 PAIR=1053 BUFFER=1 SUBPAGES=0/1 GAP_MS=64.398 HASH=fe50f1c7ae6b1c5c
CYCLE=0 PAIR=1054 BUFFER=2 SUBPAGES=0/1 GAP_MS=63.778 HASH=bfdf52b23bfeb8cd
CYCLE=0 PAIR=1055 BUFFER=3 SUBPAGES=0/1 GAP_MS=63.048 HASH=287e5b29ae2f1186
CYCLE=0 PAIR=1056 BUFFER=0 SUBPAGES=0/1 GAP_MS=62.578 HASH=49ae978798b12bca
CYCLE=0 PAIR=1057 BUFFER=1 SUBPAGES=0/1 GAP_MS=62.999 HASH=54ec8bef4b0a3513
CYCLE=0 PAIR=1058 BUFFER=2 SUBPAGES=0/1 GAP_MS=63.504 HASH=9953312374e64760
CYCLE=0 PAIR=1059 BUFFER=3 SUBPAGES=0/1 GAP_MS=63.707 HASH=4571ed164f484e74
CYCLE=0 PAIR=1060 BUFFER=0 SUBPAGES=0/1 GAP_MS=65.060 HASH=11d957d691278e53
CYCLE=0 PAIR=1061 BUFFER=1 SUBPAGES=0/1 GAP_MS=62.404 HASH=5335e1d98b21c7c3
CYCLE=0 PAIR=1062 BUFFER=2 SUBPAGES=0/1 GAP_MS=64.919 HASH=09e79be5cd3bcc20
CYCLE=0 PAIR=1063 BUFFER=3 SUBPAGES=0/1 GAP_MS=63.174 HASH=b823ba3996683b0f
CYCLE=0 PAIR=1064 BUFFER=0 SUBPAGES=0/1 GAP_MS=64.826 HASH=f874a2ddb82ebb81
CYCLE=0 PAIR=1065 BUFFER=1 SUBPAGES=0/1 GAP_MS=62.761 HASH=a00f72f43a1e6744
CYCLE=0 PAIR=1066 BUFFER=2 SUBPAGES=0/1 GAP_MS=63.959 HASH=4f87e59831c0f9d5
CYCLE=0 PAIR=1067 BUFFER=3 SUBPAGES=0/1 GAP_MS=62.732 HASH=9eb03683d991053c
CYCLE=0 PAIR=1068 BUFFER=0 SUBPAGES=0/1 GAP_MS=65.232 HASH=b678cf24020347bd
CYCLE=0 PAIR=1069 BUFFER=1 SUBPAGES=0/1 GAP_MS=62.741 HASH=2cafa7ac6127838e
CYCLE=0 PAIR=1070 BUFFER=2 SUBPAGES=0/1 GAP_MS=63.501 HASH=9d85409ab0cc7a80
CYCLE=0 PAIR=1071 BUFFER=3 SUBPAGES=0/1 GAP_MS=64.725 HASH=36ad7e4c3fb626d6
CYCLE=0 PAIR=1072 BUFFER=0 SUBPAGES=0/1 GAP_MS=64.040 HASH=cb2080f9d15548c8
CYCLE=0 PAIR=1073 BUFFER=1 SUBPAGES=0/1 GAP_MS=64.277 HASH=572ced4a63f0377a
CYCLE=0 PAIR=1074 BUFFER=2 SUBPAGES=0/1 GAP_MS=63.394 HASH=ecbaef47fec3ca32
CYCLE=0 PAIR=1075 BUFFER=3 SUBPAGES=0/1 GAP_MS=62.269 HASH=ad218aef7d828d8a
CYCLE=0 PAIR=1076 BUFFER=0 SUBPAGES=0/1 GAP_MS=64.962 HASH=d715f86023cee705
CYCLE=0 PAIR=1077 BUFFER=1 SUBPAGES=0/1 GAP_MS=64.613 HASH=128a0e48decbf2f5
CYCLE=0 PAIR=1078 BUFFER=2 SUBPAGES=0/1 GAP_MS=63.922 HASH=d837e0c96716f8a5
CYCLE=0 PAIR=1079 BUFFER=3 SUBPAGES=0/1 GAP_MS=62.739 HASH=905b820da24cf9fa
CYCLE=0 PAIR=1080 BUFFER=0 SUBPAGES=0/1 GAP_MS=63.120 HASH=39a0b4fa97b9c8b8
CYCLE=0 PAIR=1081 BUFFER=1 SUBPAGES=0/1 GAP_MS=63.676 HASH=ce014292d6fc63ba
CYCLE=0 PAIR=1082 BUFFER=2 SUBPAGES=0/1 GAP_MS=65.286 HASH=91a8f457beb44de3
CYCLE=0 PAIR=1083 BUFFER=3 SUBPAGES=0/1 GAP_MS=64.396 HASH=8ef53c8370cc187e
CYCLE=0 PAIR=1084 BUFFER=0 SUBPAGES=0/1 GAP_MS=64.217 HASH=b46f6f050f7a5239
CYCLE=0 PAIR=1085 BUFFER=1 SUBPAGES=0/1 GAP_MS=64.317 HASH=f2d64eb04360b8b0
CYCLE=0 PAIR=1086 BUFFER=2 SUBPAGES=0/1 GAP_MS=64.442 HASH=a4a8f4f881064dd8
CYCLE=0 PAIR=1087 BUFFER=3 SUBPAGES=0/1 GAP_MS=63.903 HASH=b6fb6f7466f11877
CYCLE=0 PAIR=1088 BUFFER=0 SUBPAGES=0/1 GAP_MS=64.276 HASH=a2e0b27e787aa31c
CYCLE=0 PAIR=1089 BUFFER=1 SUBPAGES=0/1 GAP_MS=63.434 HASH=32e7d670d190fbbe
CYCLE=0 PAIR=1090 BUFFER=2 SUBPAGES=0/1 GAP_MS=63.113 HASH=8b31b9bdff9ffec6
CYCLE=0 PAIR=1091 BUFFER=3 SUBPAGES=0/1 GAP_MS=63.533 HASH=ae5a9dae966cd4a5
CYCLE=0 PAIR=1092 BUFFER=0 SUBPAGES=0/1 GAP_MS=62.353 HASH=35fea7134f3ec838
CYCLE=0 PAIR=1093 BUFFER=1 SUBPAGES=0/1 GAP_MS=63.624 HASH=036840e1b0b06fb0
CYCLE=0 PAIR=1094 BUFFER=2 SUBPAGES=0/1 GAP_MS=64.252 HASH=fb90b8a1fa773837
CYCLE=0 PAIR=1095 BUFFER=3 SUBPAGES=0/1 GAP_MS=63.799 HASH=bccca99cb151261d
CYCLE=0 PAIR=1096 BUFFER=0 SUBPAGES=0/1 GAP_MS=63.978 HASH=3b417ca6bb14c2dc
CYCLE=0 PAIR=1097 BUFFER=1 SUBPAGES=0/1 GAP_MS=62.438 HASH=1940fb2394582aad
CYCLE=0 PAIR=1098 BUFFER=2 SUBPAGES=0/1 GAP_MS=64.547 HASH=f84b60f3272f6bb5
CYCLE=0 PAIR=1099 BUFFER=3 SUBPAGES=0/1 GAP_MS=63.508 HASH=4d435cda1fe365b1
CYCLE=0 PAIR=1100 BUFFER=0 SUBPAGES=0/1 GAP_MS=63.827 HASH=41608ea54bd82550
CYCLE=0 PAIR=1101 BUFFER=1 SUBPAGES=0/1 GAP_MS=62.934 HASH=583add96f7f3b89c
CYCLE=0 PAIR=1102 BUFFER=2 SUBPAGES=0/1 GAP_MS=63.156 HASH=7c8580f0ebeb39f0
CYCLE=0 PAIR=1103 BUFFER=3 SUBPAGES=0/1 GAP_MS=63.384 HASH=5d1ce5f067aeef7c
CYCLE=0 PAIR=1104 BUFFER=0 SUBPAGES=0/1 GAP_MS=64.255 HASH=0fb5c15f27ca64fe
CYCLE=0 PAIR=1105 BUFFER=1 SUBPAGES=0/1 GAP_MS=64.554 HASH=143de535c2cee0a5
CYCLE=0 PAIR=1106 BUFFER=2 SUBPAGES=0/1 GAP_MS=63.006 HASH=5747024226f37de1
CYCLE=0 PAIR=1107 BUFFER=3 SUBPAGES=0/1 GAP_MS=64.821 HASH=91edefad51bfc5af
CYCLE=0 PAIR=1108 BUFFER=0 SUBPAGES=0/1 GAP_MS=64.079 HASH=f3e7c38cfb3f1deb
CYCLE=0 PAIR=1109 BUFFER=1 SUBPAGES=0/1 GAP_MS=63.361 HASH=57c548aaa144d6f1
CYCLE=0 PAIR=1110 BUFFER=2 SUBPAGES=0/1 GAP_MS=63.360 HASH=bf7e56787c8b9b49
CYCLE=0 PAIR=1111 BUFFER=3 SUBPAGES=0/1 GAP_MS=63.831 HASH=972b79356fb836b0
CYCLE=0 PAIR=1112 BUFFER=0 SUBPAGES=0/1 GAP_MS=63.130 HASH=2f128f14019f39f9
CYCLE=0 PAIR=1113 BUFFER=1 SUBPAGES=0/1 GAP_MS=62.439 HASH=a0debe80c3f41944
CYCLE=0 PAIR=1114 BUFFER=2 SUBPAGES=0/1 GAP_MS=65.517 HASH=a632c7e6f72f2d6a
CYCLE=0 PAIR=1115 BUFFER=3 SUBPAGES=0/1 GAP_MS=62.096 HASH=f6ab054f353b4f61
CYCLE=0 PAIR=1116 BUFFER=0 SUBPAGES=0/1 GAP_MS=64.406 HASH=a4eee0c5ae9b3853
CYCLE=0 PAIR=1117 BUFFER=1 SUBPAGES=0/1 GAP_MS=65.561 HASH=70f7ca7e1386423f
CYCLE=0 PAIR=1118 BUFFER=2 SUBPAGES=0/1 GAP_MS=62.941 HASH=876c189e3b42a7ff
CYCLE=0 PAIR=1119 BUFFER=3 SUBPAGES=0/1 GAP_MS=63.908 HASH=4755b02050ab640c
CYCLE=0 PAIR=1120 BUFFER=0 SUBPAGES=0/1 GAP_MS=63.806 HASH=348dd7a1c6fddab2
CYCLE=0 PAIR=1121 BUFFER=1 SUBPAGES=0/1 GAP_MS=64.651 HASH=bf1e6cdb64f08c80
CYCLE=0 PAIR=1122 BUFFER=2 SUBPAGES=0/1 GAP_MS=62.908 HASH=0b902afcd833f00b
CYCLE=0 PAIR=1123 BUFFER=3 SUBPAGES=0/1 GAP_MS=62.376 HASH=14e6b9468e856589
CYCLE=0 PAIR=1124 BUFFER=0 SUBPAGES=0/1 GAP_MS=62.626 HASH=7e5c54e175c9e17a
CYCLE=0 PAIR=1125 BUFFER=1 SUBPAGES=0/1 GAP_MS=63.895 HASH=2e8951b32a3da4f2
CYCLE=0 PAIR=1126 BUFFER=2 SUBPAGES=0/1 GAP_MS=65.292 HASH=4d972484cc280d7c
CYCLE=0 PAIR=1127 BUFFER=3 SUBPAGES=0/1 GAP_MS=65.160 HASH=7ae8be500288a2ad
CYCLE=0 PAIR=1128 BUFFER=0 SUBPAGES=0/1 GAP_MS=63.720 HASH=0aa59725dbe6f0f7
CYCLE=0 PAIR=1129 BUFFER=1 SUBPAGES=0/1 GAP_MS=64.546 HASH=97f0dd8b233d4c6e
CYCLE=0 PAIR=1130 BUFFER=2 SUBPAGES=0/1 GAP_MS=63.000 HASH=25517167dcfbb00b
CYCLE=0 PAIR=1131 BUFFER=3 SUBPAGES=0/1 GAP_MS=64.191 HASH=bfb48c654fbb5185
CYCLE=0 PAIR=1132 BUFFER=0 SUBPAGES=0/1 GAP_MS=63.249 HASH=252063d2c10e8a25
CYCLE=0 PAIR=1133 BUFFER=1 SUBPAGES=0/1 GAP_MS=64.491 HASH=99970c234d3a2b8e
CYCLE=0 PAIR=1134 BUFFER=2 SUBPAGES=0/1 GAP_MS=63.365 HASH=4b8581dfc279468d
CYCLE=0 PAIR=1135 BUFFER=3 SUBPAGES=0/1 GAP_MS=65.325 HASH=4e943a7c7ce2c6ca
CYCLE=0 PAIR=1136 BUFFER=0 SUBPAGES=0/1 GAP_MS=64.072 HASH=507918fe0838857f
CYCLE=0 PAIR=1137 BUFFER=1 SUBPAGES=0/1 GAP_MS=63.421 HASH=5bd090fb5281a74b
CYCLE=0 PAIR=1138 BUFFER=2 SUBPAGES=0/1 GAP_MS=63.968 HASH=ba71a640de01ea72
CYCLE=0 PAIR=1139 BUFFER=3 SUBPAGES=0/1 GAP_MS=63.712 HASH=aabdb50c3d51d6a9
CYCLE=0 PAIR=1140 BUFFER=0 SUBPAGES=0/1 GAP_MS=62.871 HASH=4340b2cf0ee960f6
CYCLE=0 PAIR=1141 BUFFER=1 SUBPAGES=0/1 GAP_MS=63.028 HASH=e13d76582c87190d
CYCLE=0 PAIR=1142 BUFFER=2 SUBPAGES=0/1 GAP_MS=63.901 HASH=639037f27215b0d4
CYCLE=0 PAIR=1143 BUFFER=3 SUBPAGES=0/1 GAP_MS=62.794 HASH=07cd8e10b5238de8
CYCLE=0 PAIR=1144 BUFFER=0 SUBPAGES=0/1 GAP_MS=64.019 HASH=250c33e16de906fc
CYCLE=0 PAIR=1145 BUFFER=1 SUBPAGES=0/1 GAP_MS=62.754 HASH=e96677bc757dfb3e
CYCLE=0 PAIR=1146 BUFFER=2 SUBPAGES=0/1 GAP_MS=63.535 HASH=976dc91ac0abb281
CYCLE=0 PAIR=1147 BUFFER=3 SUBPAGES=0/1 GAP_MS=63.968 HASH=e422eb6d6af88468
CYCLE=0 PAIR=1148 BUFFER=0 SUBPAGES=0/1 GAP_MS=62.312 HASH=79c94a4b65990c47
CYCLE=0 PAIR=1149 BUFFER=1 SUBPAGES=0/1 GAP_MS=63.883 HASH=d70ac13245c126cd
CYCLE=0 PAIR=1150 BUFFER=2 SUBPAGES=0/1 GAP_MS=64.040 HASH=c88cecd8db660ded
CYCLE=0 PAIR=1151 BUFFER=3 SUBPAGES=0/1 GAP_MS=63.758 HASH=c02aa30ffe00be91
CYCLE=0 PAIR=1152 BUFFER=0 SUBPAGES=0/1 GAP_MS=64.964 HASH=77b8f2457dfdab2c
CYCLE=0 PAIR=1153 BUFFER=1 SUBPAGES=0/1 GAP_MS=64.543 HASH=89694aa1668da316
CYCLE=0 PAIR=1154 BUFFER=2 SUBPAGES=0/1 GAP_MS=63.521 HASH=7dbd86647710ae4d
CYCLE=0 PAIR=1155 BUFFER=3 SUBPAGES=0/1 GAP_MS=63.987 HASH=042aed3dd2815c7e
CYCLE=0 PAIR=1156 BUFFER=0 SUBPAGES=0/1 GAP_MS=64.767 HASH=6efe95062a61531d
CYCLE=0 PAIR=1157 BUFFER=1 SUBPAGES=0/1 GAP_MS=64.135 HASH=dc898dbee6152b68
CYCLE=0 PAIR=1158 BUFFER=2 SUBPAGES=0/1 GAP_MS=64.180 HASH=9b7d4d15a50cc808
CYCLE=0 PAIR=1159 BUFFER=3 SUBPAGES=0/1 GAP_MS=65.262 HASH=224a6404eb06599d
CYCLE=0 PAIR=1160 BUFFER=0 SUBPAGES=0/1 GAP_MS=63.012 HASH=b016759fb58800d6
CYCLE=0 PAIR=1161 BUFFER=1 SUBPAGES=0/1 GAP_MS=63.313 HASH=ecce351c75878838
CYCLE=0 PAIR=1162 BUFFER=2 SUBPAGES=0/1 GAP_MS=64.216 HASH=7abfae783601531f
CYCLE=0 PAIR=1163 BUFFER=3 SUBPAGES=0/1 GAP_MS=62.994 HASH=60678a75624c0e4e
CYCLE=0 PAIR=1164 BUFFER=0 SUBPAGES=0/1 GAP_MS=62.589 HASH=506b1b4f5c2e3abb
CYCLE=0 PAIR=1165 BUFFER=1 SUBPAGES=0/1 GAP_MS=63.451 HASH=e57fc4201c44574e
CYCLE=0 PAIR=1166 BUFFER=2 SUBPAGES=0/1 GAP_MS=64.278 HASH=86c320ef6d877179
CYCLE=0 PAIR=1167 BUFFER=3 SUBPAGES=0/1 GAP_MS=63.282 HASH=65769471cc3ff786
CYCLE=0 PAIR=1168 BUFFER=0 SUBPAGES=0/1 GAP_MS=62.525 HASH=9a88a59081b151a1
CYCLE=0 PAIR=1169 BUFFER=1 SUBPAGES=0/1 GAP_MS=65.507 HASH=169be9161c377aa8
CYCLE=0 PAIR=1170 BUFFER=2 SUBPAGES=0/1 GAP_MS=63.938 HASH=af5332e96388bd3f
CYCLE=0 PAIR=1171 BUFFER=3 SUBPAGES=0/1 GAP_MS=63.168 HASH=04f725e03dff5387
CYCLE=0 PAIR=1172 BUFFER=0 SUBPAGES=0/1 GAP_MS=63.180 HASH=533a3738484972f3
CYCLE=0 PAIR=1173 BUFFER=1 SUBPAGES=0/1 GAP_MS=62.294 HASH=29ab5d31b71b0e98
CYCLE=0 PAIR=1174 BUFFER=2 SUBPAGES=0/1 GAP_MS=63.074 HASH=8f673dc203fd6b8c
CYCLE=0 PAIR=1175 BUFFER=3 SUBPAGES=0/1 GAP_MS=63.093 HASH=52dc8130723fe497
CYCLE=0 PAIR=1176 BUFFER=0 SUBPAGES=0/1 GAP_MS=63.653 HASH=d3a5c8826d06833e
CYCLE=0 PAIR=1177 BUFFER=1 SUBPAGES=0/1 GAP_MS=63.069 HASH=ef7e9b596bdd9501
CYCLE=0 PAIR=1178 BUFFER=2 SUBPAGES=0/1 GAP_MS=62.797 HASH=990ea68e296d362d
CYCLE=0 PAIR=1179 BUFFER=3 SUBPAGES=0/1 GAP_MS=62.616 HASH=335b6e6d066eb5fa
CYCLE=0 PAIR=1180 BUFFER=0 SUBPAGES=0/1 GAP_MS=63.924 HASH=21f67fa7ce384746
CYCLE=0 PAIR=1181 BUFFER=1 SUBPAGES=0/1 GAP_MS=63.361 HASH=d41c5fef331cafe8
CYCLE=0 PAIR=1182 BUFFER=2 SUBPAGES=0/1 GAP_MS=63.639 HASH=6977f80d8be10214
CYCLE=0 PAIR=1183 BUFFER=3 SUBPAGES=0/1 GAP_MS=63.910 HASH=5d09c9355a2cb404
CYCLE=0 PAIR=1184 BUFFER=0 SUBPAGES=0/1 GAP_MS=64.154 HASH=de9da87b80330368
CYCLE=0 PAIR=1185 BUFFER=1 SUBPAGES=0/1 GAP_MS=63.367 HASH=1e12e0bce617819a
CYCLE=0 PAIR=1186 BUFFER=2 SUBPAGES=0/1 GAP_MS=63.724 HASH=a9625955b7446f5e
CYCLE=0 PAIR=1187 BUFFER=3 SUBPAGES=0/1 GAP_MS=65.138 HASH=754396bf29d9fdba
CYCLE=0 PAIR=1188 BUFFER=0 SUBPAGES=0/1 GAP_MS=65.081 HASH=139ba89786b80396
CYCLE=0 PAIR=1189 BUFFER=1 SUBPAGES=0/1 GAP_MS=62.259 HASH=f783e48bbcd37205
CYCLE=0 PAIR=1190 BUFFER=2 SUBPAGES=0/1 GAP_MS=63.600 HASH=8c54e6b07c59f8af
CYCLE=0 PAIR=1191 BUFFER=3 SUBPAGES=0/1 GAP_MS=62.924 HASH=ad68856236b4eaf6
CYCLE=0 PAIR=1192 BUFFER=0 SUBPAGES=0/1 GAP_MS=63.301 HASH=15cd782f5c675ee4
CYCLE=0 PAIR=1193 BUFFER=1 SUBPAGES=0/1 GAP_MS=64.656 HASH=9bc674335171a2e4
CYCLE=0 PAIR=1194 BUFFER=2 SUBPAGES=0/1 GAP_MS=63.937 HASH=32a59cc8227d5496
CYCLE=0 PAIR=1195 BUFFER=3 SUBPAGES=0/1 GAP_MS=64.399 HASH=1ec6469f7cbc0701
CYCLE=0 PAIR=1196 BUFFER=0 SUBPAGES=0/1 GAP_MS=63.809 HASH=8ab589ffa25de962
CYCLE=0 PAIR=1197 BUFFER=1 SUBPAGES=0/1 GAP_MS=65.061 HASH=048db04d7123e711
CYCLE=0 PAIR=1198 BUFFER=2 SUBPAGES=0/1 GAP_MS=63.465 HASH=24d27bf35d0314d8
CYCLE=0 PAIR=1199 BUFFER=3 SUBPAGES=0/1 GAP_MS=64.653 HASH=93adf8d47c13dab0
CYCLE=0 PAIR=1200 BUFFER=0 SUBPAGES=0/1 GAP_MS=63.634 HASH=0b21bbd01278e26f
CYCLE=0 PAIR=1201 BUFFER=1 SUBPAGES=0/1 GAP_MS=64.267 HASH=057f706bc405d6d1
CYCLE=0 PAIR=1202 BUFFER=2 SUBPAGES=0/1 GAP_MS=65.290 HASH=011d05cbbf5aacff
CYCLE=0 PAIR=1203 BUFFER=3 SUBPAGES=0/1 GAP_MS=65.339 HASH=135a5f98b9991382
CYCLE=0 PAIR=1204 BUFFER=0 SUBPAGES=0/1 GAP_MS=64.635 HASH=a8f19a26484c46e8
CYCLE=0 PAIR=1205 BUFFER=1 SUBPAGES=0/1 GAP_MS=63.721 HASH=8f6b7f1415a00aa4
CYCLE=0 PAIR=1206 BUFFER=2 SUBPAGES=0/1 GAP_MS=64.709 HASH=203d693167226920
CYCLE=0 PAIR=1207 BUFFER=3 SUBPAGES=0/1 GAP_MS=64.257 HASH=5b6204da48f72c82
CYCLE=0 PAIR=1208 BUFFER=0 SUBPAGES=0/1 GAP_MS=63.952 HASH=3403bd27094651af
CYCLE=0 PAIR=1209 BUFFER=1 SUBPAGES=0/1 GAP_MS=62.838 HASH=99402d64415f97ba
CYCLE=0 PAIR=1210 BUFFER=2 SUBPAGES=0/1 GAP_MS=62.798 HASH=8b75c96b2a3a4b50
CYCLE=0 PAIR=1211 BUFFER=3 SUBPAGES=0/1 GAP_MS=62.716 HASH=666274f299a6f025
CYCLE=0 PAIR=1212 BUFFER=0 SUBPAGES=0/1 GAP_MS=64.615 HASH=5cc453f31735ffe0
CYCLE=0 PAIR=1213 BUFFER=1 SUBPAGES=0/1 GAP_MS=64.411 HASH=7c99530afe09eaa4
CYCLE=0 PAIR=1214 BUFFER=2 SUBPAGES=0/1 GAP_MS=63.081 HASH=30ed5ca4b385fdcd
CYCLE=0 PAIR=1215 BUFFER=3 SUBPAGES=0/1 GAP_MS=64.699 HASH=5a6a985544a21728
CYCLE=0 PAIR=1216 BUFFER=0 SUBPAGES=0/1 GAP_MS=64.699 HASH=4fe5017c3a0cf6f9
CYCLE=0 PAIR=1217 BUFFER=1 SUBPAGES=0/1 GAP_MS=64.339 HASH=f88692f6acbef89a
CYCLE=0 PAIR=1218 BUFFER=2 SUBPAGES=0/1 GAP_MS=64.155 HASH=44da09fa05e677bf
CYCLE=0 PAIR=1219 BUFFER=3 SUBPAGES=0/1 GAP_MS=64.361 HASH=a0ca9b4e9f8a31b1
CYCLE=0 PAIR=1220 BUFFER=0 SUBPAGES=0/1 GAP_MS=63.301 HASH=bc00301eae0b9afc
CYCLE=0 PAIR=1221 BUFFER=1 SUBPAGES=0/1 GAP_MS=62.882 HASH=8dee52b8b02709e0
CYCLE=0 PAIR=1222 BUFFER=2 SUBPAGES=0/1 GAP_MS=63.159 HASH=d1eaae295f298e99
CYCLE=0 PAIR=1223 BUFFER=3 SUBPAGES=0/1 GAP_MS=63.924 HASH=29467e761449e109
CYCLE=0 PAIR=1224 BUFFER=0 SUBPAGES=0/1 GAP_MS=62.769 HASH=de9542505a526f3a
CYCLE=0 PAIR=1225 BUFFER=1 SUBPAGES=0/1 GAP_MS=64.721 HASH=a6200e34a7a612a2
CYCLE=0 PAIR=1226 BUFFER=2 SUBPAGES=0/1 GAP_MS=64.623 HASH=a87d1955b9a55011
CYCLE=0 PAIR=1227 BUFFER=3 SUBPAGES=0/1 GAP_MS=64.419 HASH=86e751f106bceeed
CYCLE=0 PAIR=1228 BUFFER=0 SUBPAGES=0/1 GAP_MS=63.648 HASH=0ffb29fefa8a5343
CYCLE=0 PAIR=1229 BUFFER=1 SUBPAGES=0/1 GAP_MS=63.761 HASH=ac7d069353362983
CYCLE=0 PAIR=1230 BUFFER=2 SUBPAGES=0/1 GAP_MS=65.508 HASH=c3ba992d7c2f549f
CYCLE=0 PAIR=1231 BUFFER=3 SUBPAGES=0/1 GAP_MS=64.951 HASH=1be15c5b88945612
CYCLE=0 PAIR=1232 BUFFER=0 SUBPAGES=0/1 GAP_MS=63.693 HASH=7d3a58c2b27fd9c7
CYCLE=0 PAIR=1233 BUFFER=1 SUBPAGES=0/1 GAP_MS=62.971 HASH=8111e701c79e7470
CYCLE=0 PAIR=1234 BUFFER=2 SUBPAGES=0/1 GAP_MS=65.184 HASH=afdd23d1f4c70c05
CYCLE=0 PAIR=1235 BUFFER=3 SUBPAGES=0/1 GAP_MS=64.272 HASH=49086908d2d3970c
CYCLE=0 PAIR=1236 BUFFER=0 SUBPAGES=0/1 GAP_MS=62.510 HASH=37565d516d61cedf
CYCLE=0 PAIR=1237 BUFFER=1 SUBPAGES=0/1 GAP_MS=64.503 HASH=4aca123adce44f34
CYCLE=0 PAIR=1238 BUFFER=2 SUBPAGES=0/1 GAP_MS=63.967 HASH=96844c8e11f3f02a
CYCLE=0 PAIR=1239 BUFFER=3 SUBPAGES=0/1 GAP_MS=63.350 HASH=66ea1ee2eb8888c9
CYCLE=0 PAIR=1240 BUFFER=0 SUBPAGES=0/1 GAP_MS=64.128 HASH=45597e77bb73c3d6
CYCLE=0 PAIR=1241 BUFFER=1 SUBPAGES=0/1 GAP_MS=63.399 HASH=34409e1175878789
CYCLE=0 PAIR=1242 BUFFER=2 SUBPAGES=0/1 GAP_MS=64.114 HASH=8ed825f1a42bbf8d
CYCLE=0 PAIR=1243 BUFFER=3 SUBPAGES=0/1 GAP_MS=62.364 HASH=0be9b2c273c93fde
CYCLE=0 PAIR=1244 BUFFER=0 SUBPAGES=0/1 GAP_MS=62.910 HASH=c2a83cc19a9bfb8f
CYCLE=0 PAIR=1245 BUFFER=1 SUBPAGES=0/1 GAP_MS=62.685 HASH=c95c90437b9f621e
CYCLE=0 PAIR=1246 BUFFER=2 SUBPAGES=0/1 GAP_MS=64.500 HASH=5ab429326de10e81
CYCLE=0 PAIR=1247 BUFFER=3 SUBPAGES=0/1 GAP_MS=63.736 HASH=d4c2d1e8ec073baf
CYCLE=0 PAIR=1248 BUFFER=0 SUBPAGES=0/1 GAP_MS=63.662 HASH=27321f38f95f66ee
CYCLE=0 PAIR=1249 BUFFER=1 SUBPAGES=0/1 GAP_MS=64.790 HASH=01284a37700640ed
CYCLE=0 PAIR=1250 BUFFER=2 SUBPAGES=0/1 GAP_MS=63.389 HASH=e3fe7c98c6d70398
CYCLE=0 PAIR=1251 BUFFER=3 SUBPAGES=0/1 GAP_MS=64.077 HASH=f2f49a3d6e8566c1
CYCLE=0 PAIR=1252 BUFFER=0 SUBPAGES=0/1 GAP_MS=65.052 HASH=e6221009558d28ee
CYCLE=0 PAIR=12poll reported POLLERR
53 BUFFER=1 SUBPAGES=0/1 GAP_MS=65.231 HASH=8abae0a1ba547de1
CYCLE=0 PAIR=1254 BUFFER=2 SUBPAGES=0/1 GAP_MS=63.003 HASH=85ec12b95bd8c4b6
CYCLE=0 PAIR=1255 BUFFER=3 SUBPAGES=0/1 GAP_MS=65.023 HASH=4959cf6ff6a942f5
CYCLE=0 PAIR=1256 BUFFER=0 SUBPAGES=0/1 GAP_MS=63.104 HASH=d5dead4691cb4c57
CYCLE=0 PAIR=1257 BUFFER=1 SUBPAGES=0/1 GAP_MS=64.592 HASH=73cb8e7ed8217ae0
CYCLE=0 PAIR=1258 BUFFER=2 SUBPAGES=0/1 GAP_MS=64.105 HASH=4815361a1d7cf166
CYCLE=0 PAIR=1259 BUFFER=3 SUBPAGES=0/1 GAP_MS=63.820 HASH=cdbc14c0d899c27c
CYCLE=0 PAIR=1260 BUFFER=0 SUBPAGES=0/1 GAP_MS=64.133 HASH=59215d221c69c86a
CYCLE=0 PAIR=1261 BUFFER=1 SUBPAGES=0/1 GAP_MS=65.011 HASH=04e8091aca9c578c
CYCLE=0 PAIR=1262 BUFFER=2 SUBPAGES=0/1 GAP_MS=65.004 HASH=7a49972c45b22b38
CYCLE=0 PAIR=1263 BUFFER=3 SUBPAGES=0/1 GAP_MS=63.850 HASH=475d0170c010c8d2
CYCLE=0 PAIR=1264 BUFFER=0 SUBPAGES=0/1 GAP_MS=63.160 HASH=ee19cbf58506a80d
CYCLE=0 PAIR=1265 BUFFER=1 SUBPAGES=0/1 GAP_MS=65.290 HASH=e36e817b751814ff
CYCLE=0 PAIR=1266 BUFFER=2 SUBPAGES=0/1 GAP_MS=63.424 HASH=826411484d3b12fa
CYCLE=0 PAIR=1267 BUFFER=3 SUBPAGES=0/1 GAP_MS=64.280 HASH=59ce7f9d7ce7cd94
CYCLE=0 PAIR=1268 BUFFER=0 SUBPAGES=0/1 GAP_MS=64.237 HASH=a3ea5636c3b344b4
CYCLE=0 PAIR=1269 BUFFER=1 SUBPAGES=0/1 GAP_MS=63.450 HASH=3fc1836021e0a9be
CYCLE=0 PAIR=1270 BUFFER=2 SUBPAGES=0/1 GAP_MS=64.041 HASH=0c25a1a6ab5755fc
CYCLE=0 PAIR=1271 BUFFER=3 SUBPAGES=0/1 GAP_MS=62.967 HASH=d823de1c0647f72f
CYCLE=0 PAIR=1272 BUFFER=0 SUBPAGES=0/1 GAP_MS=63.731 HASH=663a9fd3cde31763
CYCLE=0 PAIR=1273 BUFFER=1 SUBPAGES=0/1 GAP_MS=63.968 HASH=826f240086fee375
CYCLE=0 PAIR=1274 BUFFER=2 SUBPAGES=0/1 GAP_MS=64.841 HASH=95c59ab7e2e405a7
CYCLE=0 PAIR=1275 BUFFER=3 SUBPAGES=0/1 GAP_MS=64.018 HASH=07c565af6d103ae6
CYCLE=0 PAIR=1276 BUFFER=0 SUBPAGES=0/1 GAP_MS=63.505 HASH=f86932aa9acf68e3
CYCLE=0 PAIR=1277 BUFFER=1 SUBPAGES=0/1 GAP_MS=62.936 HASH=3389bbd0486993c8
CYCLE=0 PAIR=1278 BUFFER=2 SUBPAGES=0/1 GAP_MS=64.403 HASH=209ca18951a683a0
CYCLE=0 PAIR=1279 BUFFER=3 SUBPAGES=0/1 GAP_MS=63.725 HASH=ce150d826ba5cfa5
CYCLE=0 PAIR=1280 BUFFER=0 SUBPAGES=0/1 GAP_MS=63.349 HASH=e99f7cef74d41f1e
CYCLE=0 PAIR=1281 BUFFER=1 SUBPAGES=0/1 GAP_MS=62.960 HASH=13beeeaafd7d31fe
CYCLE=0 PAIR=1282 BUFFER=2 SUBPAGES=0/1 GAP_MS=63.511 HASH=130594491ea711f1
CYCLE=0 PAIR=1283 BUFFER=3 SUBPAGES=0/1 GAP_MS=63.784 HASH=84ebfb15e850aeb3
CYCLE=0 PAIR=1284 BUFFER=0 SUBPAGES=0/1 GAP_MS=64.973 HASH=de6d0d1f00ddff24
CYCLE=0 PAIR=1285 BUFFER=1 SUBPAGES=0/1 GAP_MS=62.550 HASH=8e966554349190ea
CYCLE=0 PAIR=1286 BUFFER=2 SUBPAGES=0/1 GAP_MS=64.291 HASH=bef2f21653026b73
CYCLE=0 PAIR=1287 BUFFER=3 SUBPAGES=0/1 GAP_MS=64.453 HASH=a689423f9fe85675
CYCLE=0 PAIR=1288 BUFFER=0 SUBPAGES=0/1 GAP_MS=63.218 HASH=f329b80de77e0357
CYCLE=0 PAIR=1289 BUFFER=1 SUBPAGES=0/1 GAP_MS=64.513 HASH=c117b1bcfb6a0b7f
CYCLE=0 PAIR=1290 BUFFER=2 SUBPAGES=0/1 GAP_MS=65.487 HASH=e249064af277c76a
CYCLE=0 PAIR=1291 BUFFER=3 SUBPAGES=0/1 GAP_MS=63.716 HASH=fd65084896ebb734
