DEVICE=/dev/video0
META_SIZE=3400
PAIRS_PER_CYCLE=80
CYCLES=1
HOLD_MS=0
CYCLE=0 PAIR=0 BUFFER=0 SUBPAGES=1/0 GAP_MS=63.815 HASH=64a376f2e20ea8d2
CYCLE=0 PAIR=1 BUFFER=1 SUBPAGES=1/0 GAP_MS=64.556 HASH=d1e29ba332b534fe
CYCLE=0 PAIR=2 BUFFER=2 SUBPAGES=1/0 GAP_MS=63.569 HASH=62bfe56c28b632bf
CYCLE=0 PAIR=3 BUFFER=3 SUBPAGES=1/0 GAP_MS=64.494 HASH=8e12efd65bd56a45
CYCLE=0 PAIR=4 BUFFER=0 SUBPAGES=1/0 GAP_MS=64.506 HASH=038acc8a194c8a6b
CYCLE=0 PAIR=5 BUFFER=1 SUBPAGES=1/0 GAP_MS=62.928 HASH=9676ddb4d858dabe
CYCLE=0 PAIR=6 BUFFER=2 SUBPAGES=1/0 GAP_MS=62.894 HASH=364d2fbe0eac087f
CYCLE=0 PAIR=7 BUFFER=3 SUBPAGES=1/0 GAP_MS=64.225 HASH=6ff6971600c57064
CYCLE=0 PAIR=8 BUFFER=0 SUBPAGES=1/0 GAP_MS=62.369 HASH=da37c925564282a4
CYCLE=0 PAIR=9 BUFFER=1 SUBPAGES=1/0 GAP_MS=63.456 HASH=d27481e34be2b0a3
CYCLE=0 PAIR=10 BUFFER=2 SUBPAGES=1/0 GAP_MS=64.392 HASH=7fba09078772bad5
CYCLE=0 PAIR=11 BUFFER=3 SUBPAGES=1/0 GAP_MS=63.994 HASH=13e02e11367b8b9a
CYCLE=0 PAIR=12 BUFFER=0 SUBPAGES=1/0 GAP_MS=65.559 HASH=ed7b9c70a5de2750
CYCLE=0 PAIR=13 BUFFER=1 SUBPAGES=1/0 GAP_MS=62.824 HASH=2a770922b609726a
CYCLE=0 PAIR=14 BUFFER=2 SUBPAGES=1/0 GAP_MS=62.870 HASH=65e16387e74a0ced
CYCLE=0 PAIR=15 BUFFER=3 SUBPAGES=1/0 GAP_MS=63.529 HASH=0a5c32f6f547455e
CYCLE=0 PAIR=16 BUFFER=0 SUBPAGES=1/0 GAP_MS=64.081 HASH=3f58a792e134fa4a
CYCLE=0 PAIR=17 BUFFER=1 SUBPAGES=1/0 GAP_MS=64.184 HASH=df4477dd0410937b
CYCLE=0 PAIR=18 BUFFER=2 SUBPAGES=1/0 GAP_MS=64.116 HASH=2e8e8c778cbf8dab
CYCLE=0 PAIR=19 BUFFER=3 SUBPAGES=1/0 GAP_MS=64.117 HASH=f76f434e3db85dc7
CYCLE=0 PAIR=20 BUFFER=0 SUBPAGES=1/0 GAP_MS=63.146 HASH=95626a69f6a62c70
CYCLE=0 PAIR=21 BUFFER=1 SUBPAGES=1/0 GAP_MS=63.960 HASH=32022a73c45b27b6
CYCLE=0 PAIR=22 BUFFER=2 SUBPAGES=1/0 GAP_MS=62.598 HASH=e7def44c180097bc
CYCLE=0 PAIR=23 BUFFER=3 SUBPAGES=1/0 GAP_MS=63.686 HASH=3dfdd736abf14b33
CYCLE=0 PAIR=24 BUFFER=0 SUBPAGES=1/0 GAP_MS=62.973 HASH=f6e5e663fa38c47d
CYCLE=0 PAIR=25 BUFFER=1 SUBPAGES=1/0 GAP_MS=64.742 HASH=8fa6f64ae7eaa8bb
CYCLE=0 PAIR=26 BUFFER=2 SUBPAGES=1/0 GAP_MS=66.280 HASH=578d7d167173824e
CYCLE=0 PAIR=27 BUFFER=3 SUBPAGES=1/0 GAP_MS=63.403 HASH=77b52cb34b62b772
CYCLE=0 PAIR=28 BUFFER=0 SUBPAGES=1/0 GAP_MS=64.275 HASH=fb982b13f0492b6f
CYCLE=0 PAIR=29 BUFFER=1 SUBPAGES=1/0 GAP_MS=63.497 HASH=aa06b58358928dce
CYCLE=0 PAIR=30 BUFFER=2 SUBPAGES=1/0 GAP_MS=63.890 HASH=b9495b3a3e12647d
CYCLE=0 PAIR=31 BUFFER=3 SUBPAGES=1/0 GAP_MS=64.746 HASH=60720e838fbc00c9
CYCLE=0 PAIR=32 BUFFER=0 SUBPAGES=1/0 GAP_MS=64.720 HASH=35ba60f56dd51a29
CYCLE=0 PAIR=33 BUFFER=1 SUBPAGES=1/0 GAP_MS=63.801 HASH=0e98cc79272f17b0
CYCLE=0 PAIR=34 BUFFER=2 SUBPAGES=1/0 GAP_MS=62.955 HASH=01d4ec5cd51eccca
CYCLE=0 PAIR=35 BUFFER=3 SUBPAGES=1/0 GAP_MS=63.179 HASH=5e3554726bac941d
CYCLE=0 PAIR=36 BUFFER=0 SUBPAGES=1/0 GAP_MS=63.703 HASH=2edeac9d8c105fdf
CYCLE=0 PAIR=37 BUFFER=1 SUBPAGES=1/0 GAP_MS=62.534 HASH=b48ac55ce0ecaddb
CYCLE=0 PAIR=38 BUFFER=2 SUBPAGES=1/0 GAP_MS=64.554 HASH=39ded5cb4ccbfc74
CYCLE=0 PAIR=39 BUFFER=3 SUBPAGES=1/0 GAP_MS=61.367 HASH=77537a9fdeb9ee64
CYCLE=0 PAIR=40 BUFFER=0 SUBPAGES=1/0 GAP_MS=64.081 HASH=bc476661268dfbe0
CYCLE=0 PAIR=41 BUFFER=1 SUBPAGES=1/0 GAP_MS=63.296 HASH=5e3c814e6a8b4bb5
CYCLE=0 PAIR=42 BUFFER=2 SUBPAGES=1/0 GAP_MS=63.823 HASH=d7c3ff04e58f984f
CYCLE=0 PAIR=43 BUFFER=3 SUBPAGES=1/0 GAP_MS=63.165 HASH=3585bebc20f53855
CYCLE=0 PAIR=44 BUFFER=0 SUBPAGES=1/0 GAP_MS=64.730 HASH=dadbb2dfe7807f36
CYCLE=0 PAIR=45 BUFFER=1 SUBPAGES=1/0 GAP_MS=63.861 HASH=44bc2b5f306b446c
CYCLE=0 PAIR=46 BUFFER=2 SUBPAGES=1/0 GAP_MS=64.630 HASH=e40826d815fdaa69
CYCLE=0 PAIR=47 BUFFER=3 SUBPAGES=1/0 GAP_MS=63.600 HASH=054fdffd6d51ec34
CYCLE=0 PAIR=48 BUFFER=0 SUBPAGES=1/0 GAP_MS=64.943 HASH=d3217b0c90d2ba50
CYCLE=0 PAIR=49 BUFFER=1 SUBPAGES=1/0 GAP_MS=63.867 HASH=27c0963f4e953967
CYCLE=0 PAIR=50 BUFFER=2 SUBPAGES=1/0 GAP_MS=63.397 HASH=4d4deb33126dedf6
CYCLE=0 PAIR=51 BUFFER=3 SUBPAGES=1/0 GAP_MS=64.905 HASH=4fdb79d4d6aff694
CYCLE=0 PAIR=52 BUFFER=0 SUBPAGES=1/0 GAP_MS=64.171 HASH=5d2344f43344a31d
CYCLE=0 PAIR=53 BUFFER=1 SUBPAGES=1/0 GAP_MS=64.197 HASH=aac9f912b7d0e8e6
CYCLE=0 PAIR=54 BUFFER=2 SUBPAGES=1/0 GAP_MS=63.860 HASH=685794f9d0102800
CYCLE=0 PAIR=55 BUFFER=3 SUBPAGES=1/0 GAP_MS=64.121 HASH=fea5805ad36654eb
CYCLE=0 PAIR=56 BUFFER=0 SUBPAGES=1/0 GAP_MS=65.287 HASH=616c37ef85fddb07
CYCLE=0 PAIR=57 BUFFER=1 SUBPAGES=1/0 GAP_MS=65.256 HASH=0ccfece2d0584276
CYCLE=0 PAIR=58 BUFFER=2 SUBPAGES=1/0 GAP_MS=62.768 HASH=3506db326bc2a49c
CYCLE=0 PAIR=59 BUFFER=3 SUBPAGES=1/0 GAP_MS=64.691 HASH=bcbf174cb1df37b5
CYCLE=0 PAIR=60 BUFFER=0 SUBPAGES=1/0 GAP_MS=64.118 HASH=316488d09b71bf8b
CYCLE=0 PAIR=61 BUFFER=1 SUBPAGES=1/0 GAP_MS=63.113 HASH=53b265a72bdf0aea
CYCLE=0 PAIR=62 BUFFER=2 SUBPAGES=1/0 GAP_MS=63.539 HASH=f501f46f07f6114f
CYCLE=0 PAIR=63 BUFFER=3 SUBPAGES=1/0 GAP_MS=63.572 HASH=a565e1383ec2228b
CYCLE=0 PAIR=64 BUFFER=0 SUBPAGES=1/0 GAP_MS=64.346 HASH=5ca6d8bb0891fb12
CYCLE=0 PAIR=65 BUFFER=1 SUBPAGES=1/0 GAP_MS=63.865 HASH=4784f8f7cc56bb4e
CYCLE=0 PAIR=66 BUFFER=2 SUBPAGES=1/0 GAP_MS=64.092 HASH=5dddf9df0a74e0e0
CYCLE=0 PAIR=67 BUFFER=3 SUBPAGES=1/0 GAP_MS=64.548 HASH=7bd4fad781318b76
CYCLE=0 PAIR=68 BUFFER=0 SUBPAGES=1/0 GAP_MS=64.291 HASH=ddf07732a054fb8d
CYCLE=0 PAIR=69 BUFFER=1 SUBPAGES=1/0 GAP_MS=64.056 HASH=ada5eb6d80be4147
CYCLE=0 PAIR=70 BUFFER=2 SUBPAGES=1/0 GAP_MS=61.232 HASH=b71c1fd3e4f050a5
CYCLE=0 PAIR=71 BUFFER=3 SUBPAGES=1/0 GAP_MS=64.245 HASH=d63aa618374a7a6a
CYCLE=0 PAIR=72 BUFFER=0 SUBPAGES=1/0 GAP_MS=64.401 HASH=b6413d6ef910b30a
CYCLE=0 PAIR=73 BUFFER=1 SUBPAGES=1/0 GAP_MS=64.264 HASH=696e11e55e79105c
CYCLE=0 PAIR=74 BUFFER=2 SUBPAGES=1/0 GAP_MS=64.024 HASH=2ec93b6ab5a9a6a3
CYCLE=0 PAIR=75 BUFFER=3 SUBPAGES=1/0 GAP_MS=64.639 HASH=8e961ecb25d8dd51
CYCLE=0 PAIR=76 BUFFER=0 SUBPAGES=1/0 GAP_MS=65.569 HASH=2a37e278c266607a
CYCLE=0 PAIR=77 BUFFER=1 SUBPAGES=1/0 GAP_MS=64.904 HASH=88fe18ec24d8e1e8
CYCLE=0 PAIR=78 BUFFER=2 SUBPAGES=1/0 GAP_MS=63.530 HASH=935484cdcc40ad2e
CYCLE=0 PAIR=79 BUFFER=3 SUBPAGES=1/0 GAP_MS=64.214 HASH=48717f6e7ec4ace5
TOTAL_PAIRS=80
ELAPSED_SECONDS=10.441
STAGE5_RUNTIME_CHECK=PASS
