		VIDIOC_REQBUFS returned 0 (Success)
		VIDIOC_QUERYBUF returned 0 (Success)
		VIDIOC_QUERYBUF returned 0 (Success)
		VIDIOC_QUERYBUF returned 0 (Success)
		VIDIOC_QUERYBUF returned 0 (Success)
		VIDIOC_QBUF returned 0 (Success)
		VIDIOC_QBUF returned 0 (Success)
		VIDIOC_QBUF returned 0 (Success)
		VIDIOC_QBUF returned 0 (Success)
		VIDIOC_STREAMON returned 0 (Success)
cap dqbuf: 0 seq:      0 bytesused: 12441600 ts: 9727.720397 delta now: +34.433 ms (ts-monotonic, ts-src-eof)
cap dqbuf: 1 seq:      1 bytesused: 12441600 ts: 9727.753746 delta: 33.349 ms delta now: +32.812 ms (ts-monotonic, ts-src-eof)
cap dqbuf: 2 seq:      2 bytesused: 12441600 ts: 9727.787064 delta: 33.318 ms delta now: +32.570 ms (ts-monotonic, ts-src-eof)
cap dqbuf: 3 seq:      3 bytesused: 12441600 ts: 9727.820394 delta: 33.330 ms delta now: +34.442 ms (ts-monotonic, ts-src-eof)
cap dqbuf: 0 seq:      4 bytesused: 12441600 ts: 9727.853746 delta: 33.352 ms delta now: +32.915 ms fps: 30.00 (ts-monotonic, ts-src-eof)
cap dqbuf: 1 seq:      5 bytesused: 12441600 ts: 9727.887061 delta: 33.315 ms delta now: +34.367 ms fps: 30.00 (ts-monotonic, ts-src-eof)
cap dqbuf: 2 seq:      6 bytesused: 12441600 ts: 9727.920412 delta: 33.351 ms delta now: +34.437 ms fps: 30.00 (ts-monotonic, ts-src-eof)
cap dqbuf: 3 seq:      7 bytesused: 12441600 ts: 9727.953746 delta: 33.334 ms delta now: +34.396 ms fps: 30.00 (ts-monotonic, ts-src-eof)
cap dqbuf: 0 seq:      8 bytesused: 12441600 ts: 9727.987079 delta: 33.333 ms delta now: +32.490 ms fps: 30.00 (ts-monotonic, ts-src-eof)
cap dqbuf: 1 seq:      9 bytesused: 12441600 ts: 9728.020394 delta: 33.315 ms delta now: +32.560 ms fps: 30.00 (ts-monotonic, ts-src-eof)
cap dqbuf: 2 seq:     10 bytesused: 12441600 ts: 9728.053727 delta: 33.333 ms delta now: +32.507 ms fps: 30.00 (ts-monotonic, ts-src-eof)
cap dqbuf: 3 seq:     11 bytesused: 12441600 ts: 9728.087061 delta: 33.334 ms delta now: +32.560 ms fps: 30.00 (ts-monotonic, ts-src-eof)
cap dqbuf: 0 seq:     12 bytesused: 12441600 ts: 9728.120394 delta: 33.333 ms delta now: +34.206 ms fps: 30.00 (ts-monotonic, ts-src-eof)
cap dqbuf: 1 seq:     13 bytesused: 12441600 ts: 9728.153746 delta: 33.352 ms delta now: +34.468 ms fps: 30.00 (ts-monotonic, ts-src-eof)
cap dqbuf: 2 seq:     14 bytesused: 12441600 ts: 9728.187078 delta: 33.332 ms delta now: +32.535 ms fps: 30.00 (ts-monotonic, ts-src-eof)
cap dqbuf: 3 seq:     15 bytesused: 12441600 ts: 9728.220394 delta: 33.316 ms delta now: +34.496 ms fps: 30.00 (ts-monotonic, ts-src-eof)
cap dqbuf: 0 seq:     16 bytesused: 12441600 ts: 9728.253746 delta: 33.352 ms delta now: +32.491 ms fps: 30.00 (ts-monotonic, ts-src-eof)
cap dqbuf: 1 seq:     17 bytesused: 12441600 ts: 9728.287061 delta: 33.315 ms delta now: +32.527 ms fps: 30.00 (ts-monotonic, ts-src-eof)
cap dqbuf: 2 seq:     18 bytesused: 12441600 ts: 9728.320394 delta: 33.333 ms delta now: +34.443 ms fps: 30.00 (ts-monotonic, ts-src-eof)
cap dqbuf: 3 seq:     19 bytesused: 12441600 ts: 9728.353747 delta: 33.353 ms delta now: +32.493 ms fps: 30.00 (ts-monotonic, ts-src-eof)
cap dqbuf: 0 seq:     20 bytesused: 12441600 ts: 9728.387095 delta: 33.348 ms delta now: +34.451 ms fps: 30.00 (ts-monotonic, ts-src-eof)
cap dqbuf: 1 seq:     21 bytesused: 12441600 ts: 9728.420429 delta: 33.334 ms delta now: +34.415 ms fps: 30.00 (ts-monotonic, ts-src-eof)
cap dqbuf: 2 seq:     22 bytesused: 12441600 ts: 9728.453746 delta: 33.317 ms delta now: +32.533 ms fps: 30.00 (ts-monotonic, ts-src-eof)
cap dqbuf: 3 seq:     23 bytesused: 12441600 ts: 9728.487061 delta: 33.315 ms delta now: +34.487 ms fps: 30.00 (ts-monotonic, ts-src-eof)
cap dqbuf: 0 seq:     24 bytesused: 12441600 ts: 9728.520413 delta: 33.352 ms delta now: +32.861 ms fps: 30.00 (ts-monotonic, ts-src-eof)
cap dqbuf: 1 seq:     25 bytesused: 12441600 ts: 9728.553727 delta: 33.314 ms delta now: +33.567 ms fps: 30.00 (ts-monotonic, ts-src-eof)
cap dqbuf: 2 seq:     26 bytesused: 12441600 ts: 9728.587069 delta: 33.342 ms delta now: +32.529 ms fps: 30.00 (ts-monotonic, ts-src-eof)
cap dqbuf: 3 seq:     27 bytesused: 12441600 ts: 9728.620394 delta: 33.325 ms delta now: +34.482 ms fps: 30.00 (ts-monotonic, ts-src-eof)
cap dqbuf: 0 seq:     28 bytesused: 12441600 ts: 9728.653765 delta: 33.371 ms delta now: +32.492 ms fps: 30.00 (ts-monotonic, ts-src-eof)
cap dqbuf: 1 seq:     29 bytesused: 12441600 ts: 9728.687061 delta: 33.296 ms delta now: +34.389 ms fps: 30.00 (ts-monotonic, ts-src-eof)
cap dqbuf: 2 seq:     30 bytesused: 12441600 ts: 9728.720413 delta: 33.352 ms delta now: +34.509 ms fps: 30.00 (ts-monotonic, ts-src-eof)
cap dqbuf: 3 seq:     31 bytesused: 12441600 ts: 9728.753747 delta: 33.334 ms delta now: +32.929 ms fps: 30.00 (ts-monotonic, ts-src-eof)
cap dqbuf: 0 seq:     32 bytesused: 12441600 ts: 9728.787061 delta: 33.314 ms delta now: +34.372 ms fps: 30.00 (ts-monotonic, ts-src-eof)
cap dqbuf: 1 seq:     33 bytesused: 12441600 ts: 9728.820417 delta: 33.356 ms delta now: +34.438 ms fps: 30.00 (ts-monotonic, ts-src-eof)
cap dqbuf: 2 seq:     34 bytesused: 12441600 ts: 9728.853747 delta: 33.330 ms delta now: +32.543 ms fps: 30.00 (ts-monotonic, ts-src-eof)
cap dqbuf: 3 seq:     35 bytesused: 12441600 ts: 9728.887061 delta: 33.314 ms delta now: +32.509 ms fps: 30.00 (ts-monotonic, ts-src-eof)
cap dqbuf: 0 seq:     36 bytesused: 12441600 ts: 9728.920394 delta: 33.333 ms delta now: +34.475 ms fps: 30.00 (ts-monotonic, ts-src-eof)
cap dqbuf: 1 seq:     37 bytesused: 12441600 ts: 9728.953744 delta: 33.350 ms delta now: +32.493 ms fps: 30.00 (ts-monotonic, ts-src-eof)
cap dqbuf: 2 seq:     38 bytesused: 12441600 ts: 9728.987061 delta: 33.317 ms delta now: +34.428 ms fps: 30.00 (ts-monotonic, ts-src-eof)
cap dqbuf: 3 seq:     39 bytesused: 12441600 ts: 9729.020413 delta: 33.352 ms delta now: +33.283 ms fps: 30.00 (ts-monotonic, ts-src-eof)
cap dqbuf: 0 seq:     40 bytesused: 12441600 ts: 9729.053727 delta: 33.314 ms delta now: +32.562 ms fps: 30.00 (ts-monotonic, ts-src-eof)
cap dqbuf: 1 seq:     41 bytesused: 12441600 ts: 9729.087061 delta: 33.334 ms delta now: +34.494 ms fps: 30.00 (ts-monotonic, ts-src-eof)
cap dqbuf: 2 seq:     42 bytesused: 12441600 ts: 9729.120412 delta: 33.351 ms delta now: +34.529 ms fps: 30.00 (ts-monotonic, ts-src-eof)
cap dqbuf: 3 seq:     43 bytesused: 12441600 ts: 9729.153746 delta: 33.334 ms delta now: +32.542 ms fps: 30.00 (ts-monotonic, ts-src-eof)
cap dqbuf: 0 seq:     44 bytesused: 12441600 ts: 9729.187061 delta: 33.315 ms delta now: +34.425 ms fps: 30.00 (ts-monotonic, ts-src-eof)
cap dqbuf: 1 seq:     45 bytesused: 12441600 ts: 9729.220428 delta: 33.367 ms delta now: +32.853 ms fps: 30.00 (ts-monotonic, ts-src-eof)
cap dqbuf: 2 seq:     46 bytesused: 12441600 ts: 9729.253728 delta: 33.300 ms delta now: +32.519 ms fps: 30.00 (ts-monotonic, ts-src-eof)
cap dqbuf: 3 seq:     47 bytesused: 12441600 ts: 9729.287061 delta: 33.333 ms delta now: +34.344 ms fps: 30.00 (ts-monotonic, ts-src-eof)
cap dqbuf: 0 seq:     48 bytesused: 12441600 ts: 9729.320412 delta: 33.351 ms delta now: +32.541 ms fps: 30.00 (ts-monotonic, ts-src-eof)
cap dqbuf: 1 seq:     49 bytesused: 12441600 ts: 9729.353727 delta: 33.315 ms delta now: +32.509 ms fps: 30.00 (ts-monotonic, ts-src-eof)
cap dqbuf: 2 seq:     50 bytesused: 12441600 ts: 9729.387061 delta: 33.334 ms delta now: +34.390 ms fps: 30.00 (ts-monotonic, ts-src-eof)
cap dqbuf: 3 seq:     51 bytesused: 12441600 ts: 9729.420412 delta: 33.351 ms delta now: +34.533 ms fps: 30.00 (ts-monotonic, ts-src-eof)
cap dqbuf: 0 seq:     52 bytesused: 12441600 ts: 9729.453747 delta: 33.335 ms delta now: +34.409 ms fps: 30.00 (ts-monotonic, ts-src-eof)
cap dqbuf: 1 seq:     53 bytesused: 12441600 ts: 9729.487097 delta: 33.350 ms delta now: +32.474 ms fps: 30.00 (ts-monotonic, ts-src-eof)
cap dqbuf: 2 seq:     54 bytesused: 12441600 ts: 9729.520415 delta: 33.318 ms delta now: +34.538 ms fps: 30.00 (ts-monotonic, ts-src-eof)
cap dqbuf: 3 seq:     55 bytesused: 12441600 ts: 9729.553747 delta: 33.332 ms delta now: +34.513 ms fps: 30.00 (ts-monotonic, ts-src-eof)
cap dqbuf: 0 seq:     56 bytesused: 12441600 ts: 9729.587080 delta: 33.333 ms delta now: +32.557 ms fps: 30.00 (ts-monotonic, ts-src-eof)
cap dqbuf: 1 seq:     57 bytesused: 12441600 ts: 9729.620396 delta: 33.316 ms delta now: +33.024 ms fps: 30.00 (ts-monotonic, ts-src-eof)
cap dqbuf: 2 seq:     58 bytesused: 12441600 ts: 9729.653728 delta: 33.332 ms delta now: +34.511 ms fps: 30.00 (ts-monotonic, ts-src-eof)
cap dqbuf: 3 seq:     59 bytesused: 12441600 ts: 9729.687096 delta: 33.368 ms delta now: +32.525 ms fps: 30.00 (ts-monotonic, ts-src-eof)
cap dqbuf: 0 seq:     60 bytesused: 12441600 ts: 9729.720394 delta: 33.298 ms delta now: +32.510 ms fps: 30.00 (ts-monotonic, ts-src-eof)
cap dqbuf: 1 seq:     61 bytesused: 12441600 ts: 9729.753728 delta: 33.334 ms delta now: +32.523 ms fps: 30.00 (ts-monotonic, ts-src-eof)
cap dqbuf: 2 seq:     62 bytesused: 12441600 ts: 9729.787061 delta: 33.333 ms delta now: +34.390 ms fps: 30.00 (ts-monotonic, ts-src-eof)
cap dqbuf: 3 seq:     63 bytesused: 12441600 ts: 9729.820412 delta: 33.351 ms delta now: +32.503 ms fps: 30.00 (ts-monotonic, ts-src-eof)
cap dqbuf: 0 seq:     64 bytesused: 12441600 ts: 9729.853728 delta: 33.316 ms delta now: +34.470 ms fps: 30.00 (ts-monotonic, ts-src-eof)
cap dqbuf: 1 seq:     65 bytesused: 12441600 ts: 9729.887080 delta: 33.352 ms delta now: +32.490 ms fps: 30.00 (ts-monotonic, ts-src-eof)
cap dqbuf: 2 seq:     66 bytesused: 12441600 ts: 9729.920395 delta: 33.315 ms delta now: +32.506 ms fps: 30.00 (ts-monotonic, ts-src-eof)
cap dqbuf: 3 seq:     67 bytesused: 12441600 ts: 9729.953727 delta: 33.332 ms delta now: +32.508 ms fps: 30.00 (ts-monotonic, ts-src-eof)
cap dqbuf: 0 seq:     68 bytesused: 12441600 ts: 9729.987061 delta: 33.334 ms delta now: +34.484 ms fps: 30.00 (ts-monotonic, ts-src-eof)
cap dqbuf: 1 seq:     69 bytesused: 12441600 ts: 9730.020413 delta: 33.352 ms delta now: +32.543 ms fps: 30.00 (ts-monotonic, ts-src-eof)
cap dqbuf: 2 seq:     70 bytesused: 12441600 ts: 9730.053727 delta: 33.314 ms delta now: +34.321 ms fps: 30.00 (ts-monotonic, ts-src-eof)
cap dqbuf: 3 seq:     71 bytesused: 12441600 ts: 9730.087080 delta: 33.353 ms delta now: +32.502 ms fps: 30.00 (ts-monotonic, ts-src-eof)
cap dqbuf: 0 seq:     72 bytesused: 12441600 ts: 9730.120394 delta: 33.314 ms delta now: +34.403 ms fps: 30.00 (ts-monotonic, ts-src-eof)
cap dqbuf: 1 seq:     73 bytesused: 12441600 ts: 9730.153749 delta: 33.355 ms delta now: +32.532 ms fps: 30.00 (ts-monotonic, ts-src-eof)
cap dqbuf: 2 seq:     74 bytesused: 12441600 ts: 9730.187061 delta: 33.312 ms delta now: +34.510 ms fps: 30.00 (ts-monotonic, ts-src-eof)
cap dqbuf: 3 seq:     75 bytesused: 12441600 ts: 9730.220418 delta: 33.357 ms delta now: +34.388 ms fps: 30.00 (ts-monotonic, ts-src-eof)
cap dqbuf: 0 seq:     76 bytesused: 12441600 ts: 9730.253745 delta: 33.327 ms delta now: +32.542 ms fps: 30.00 (ts-monotonic, ts-src-eof)
cap dqbuf: 1 seq:     77 bytesused: 12441600 ts: 9730.287061 delta: 33.316 ms delta now: +34.407 ms fps: 30.00 (ts-monotonic, ts-src-eof)
cap dqbuf: 2 seq:     78 bytesused: 12441600 ts: 9730.320412 delta: 33.351 ms delta now: +34.397 ms fps: 30.00 (ts-monotonic, ts-src-eof)
cap dqbuf: 3 seq:     79 bytesused: 12441600 ts: 9730.353747 delta: 33.335 ms delta now: +32.500 ms fps: 30.00 (ts-monotonic, ts-src-eof)
cap dqbuf: 0 seq:     80 bytesused: 12441600 ts: 9730.387061 delta: 33.314 ms delta now: +34.484 ms fps: 30.00 (ts-monotonic, ts-src-eof)
cap dqbuf: 1 seq:     81 bytesused: 12441600 ts: 9730.420413 delta: 33.352 ms delta now: +32.542 ms fps: 30.00 (ts-monotonic, ts-src-eof)
cap dqbuf: 2 seq:     82 bytesused: 12441600 ts: 9730.453728 delta: 33.315 ms delta now: +34.378 ms fps: 30.00 (ts-monotonic, ts-src-eof)
cap dqbuf: 3 seq:     83 bytesused: 12441600 ts: 9730.487080 delta: 33.352 ms delta now: +32.522 ms fps: 30.00 (ts-monotonic, ts-src-eof)
cap dqbuf: 0 seq:     84 bytesused: 12441600 ts: 9730.520394 delta: 33.314 ms delta now: +32.507 ms fps: 30.00 (ts-monotonic, ts-src-eof)
cap dqbuf: 1 seq:     85 bytesused: 12441600 ts: 9730.553728 delta: 33.334 ms delta now: +32.536 ms fps: 30.00 (ts-monotonic, ts-src-eof)
cap dqbuf: 2 seq:     86 bytesused: 12441600 ts: 9730.587062 delta: 33.334 ms delta now: +34.451 ms fps: 30.00 (ts-monotonic, ts-src-eof)
cap dqbuf: 3 seq:     87 bytesused: 12441600 ts: 9730.620412 delta: 33.350 ms delta now: +34.398 ms fps: 30.00 (ts-monotonic, ts-src-eof)
cap dqbuf: 0 seq:     88 bytesused: 12441600 ts: 9730.653747 delta: 33.335 ms delta now: +32.556 ms fps: 30.00 (ts-monotonic, ts-src-eof)
cap dqbuf: 1 seq:     89 bytesused: 12441600 ts: 9730.687062 delta: 33.315 ms delta now: +34.489 ms fps: 30.00 (ts-monotonic, ts-src-eof)
cap dqbuf: 2 seq:     90 bytesused: 12441600 ts: 9730.720413 delta: 33.351 ms delta now: +32.541 ms fps: 30.00 (ts-monotonic, ts-src-eof)
cap dqbuf: 3 seq:     91 bytesused: 12441600 ts: 9730.753728 delta: 33.315 ms delta now: +34.387 ms fps: 30.00 (ts-monotonic, ts-src-eof)
cap dqbuf: 0 seq:     92 bytesused: 12441600 ts: 9730.787087 delta: 33.359 ms delta now: +34.120 ms fps: 30.00 (ts-monotonic, ts-src-eof)
cap dqbuf: 1 seq:     93 bytesused: 12441600 ts: 9730.820412 delta: 33.325 ms delta now: +34.431 ms fps: 30.00 (ts-monotonic, ts-src-eof)
cap dqbuf: 2 seq:     94 bytesused: 12441600 ts: 9730.853747 delta: 33.335 ms delta now: +32.489 ms fps: 30.00 (ts-monotonic, ts-src-eof)
cap dqbuf: 3 seq:     95 bytesused: 12441600 ts: 9730.887061 delta: 33.314 ms delta now: +34.528 ms fps: 30.00 (ts-monotonic, ts-src-eof)
cap dqbuf: 0 seq:     96 bytesused: 12441600 ts: 9730.920413 delta: 33.352 ms delta now: +34.455 ms fps: 30.00 (ts-monotonic, ts-src-eof)
cap dqbuf: 1 seq:     97 bytesused: 12441600 ts: 9730.953747 delta: 33.334 ms delta now: +32.532 ms fps: 30.00 (ts-monotonic, ts-src-eof)
cap dqbuf: 2 seq:     98 bytesused: 12441600 ts: 9730.987061 delta: 33.314 ms delta now: +32.562 ms fps: 30.00 (ts-monotonic, ts-src-eof)
cap dqbuf: 3 seq:     99 bytesused: 12441600 ts: 9731.020414 delta: 33.353 ms delta now: +32.539 ms fps: 30.00 (ts-monotonic, ts-src-eof)
cap dqbuf: 0 seq:    100 bytesused: 12441600 ts: 9731.053727 delta: 33.313 ms delta now: +32.518 ms fps: 30.00 (ts-monotonic, ts-src-eof)
cap dqbuf: 1 seq:    101 bytesused: 12441600 ts: 9731.087060 delta: 33.333 ms delta now: +34.415 ms fps: 30.00 (ts-monotonic, ts-src-eof)
cap dqbuf: 2 seq:    102 bytesused: 12441600 ts: 9731.120416 delta: 33.356 ms delta now: +32.912 ms fps: 30.00 (ts-monotonic, ts-src-eof)
cap dqbuf: 3 seq:    103 bytesused: 12441600 ts: 9731.153728 delta: 33.312 ms delta now: +34.331 ms fps: 30.00 (ts-monotonic, ts-src-eof)
cap dqbuf: 0 seq:    104 bytesused: 12441600 ts: 9731.187082 delta: 33.354 ms delta now: +34.458 ms fps: 30.00 (ts-monotonic, ts-src-eof)
cap dqbuf: 1 seq:    105 bytesused: 12441600 ts: 9731.220413 delta: 33.331 ms delta now: +32.488 ms fps: 30.00 (ts-monotonic, ts-src-eof)
cap dqbuf: 2 seq:    106 bytesused: 12441600 ts: 9731.253727 delta: 33.314 ms delta now: +32.523 ms fps: 30.00 (ts-monotonic, ts-src-eof)
cap dqbuf: 3 seq:    107 bytesused: 12441600 ts: 9731.287061 delta: 33.334 ms delta now: +33.007 ms fps: 30.00 (ts-monotonic, ts-src-eof)
cap dqbuf: 0 seq:    108 bytesused: 12441600 ts: 9731.320394 delta: 33.333 ms delta now: +32.521 ms fps: 30.00 (ts-monotonic, ts-src-eof)
cap dqbuf: 1 seq:    109 bytesused: 12441600 ts: 9731.353728 delta: 33.334 ms delta now: +32.510 ms fps: 30.00 (ts-monotonic, ts-src-eof)
cap dqbuf: 2 seq:    110 bytesused: 12441600 ts: 9731.387082 delta: 33.354 ms delta now: +34.476 ms fps: 30.00 (ts-monotonic, ts-src-eof)
cap dqbuf: 3 seq:    111 bytesused: 12441600 ts: 9731.420413 delta: 33.331 ms delta now: +32.532 ms fps: 30.00 (ts-monotonic, ts-src-eof)
cap dqbuf: 0 seq:    112 bytesused: 12441600 ts: 9731.453727 delta: 33.314 ms delta now: +32.567 ms fps: 30.00 (ts-monotonic, ts-src-eof)
cap dqbuf: 1 seq:    113 bytesused: 12441600 ts: 9731.487061 delta: 33.334 ms delta now: +34.553 ms fps: 30.00 (ts-monotonic, ts-src-eof)
cap dqbuf: 2 seq:    114 bytesused: 12441600 ts: 9731.520428 delta: 33.367 ms delta now: +34.442 ms fps: 30.00 (ts-monotonic, ts-src-eof)
cap dqbuf: 3 seq:    115 bytesused: 12441600 ts: 9731.553750 delta: 33.322 ms delta now: +32.574 ms fps: 30.00 (ts-monotonic, ts-src-eof)
cap dqbuf: 0 seq:    116 bytesused: 12441600 ts: 9731.587061 delta: 33.311 ms delta now: +34.546 ms fps: 30.00 (ts-monotonic, ts-src-eof)
cap dqbuf: 1 seq:    117 bytesused: 12441600 ts: 9731.620413 delta: 33.352 ms delta now: +32.568 ms fps: 30.00 (ts-monotonic, ts-src-eof)
cap dqbuf: 2 seq:    118 bytesused: 12441600 ts: 9731.653728 delta: 33.315 ms delta now: +34.519 ms fps: 30.00 (ts-monotonic, ts-src-eof)
cap dqbuf: 3 seq:    119 bytesused: 12441600 ts: 9731.687081 delta: 33.353 ms delta now: +32.534 ms fps: 30.00 (ts-monotonic, ts-src-eof)
cap dqbuf: 0 seq:    120 bytesused: 12441600 ts: 9731.720394 delta: 33.313 ms delta now: +34.390 ms fps: 30.00 (ts-monotonic, ts-src-eof)
cap dqbuf: 1 seq:    121 bytesused: 12441600 ts: 9731.753746 delta: 33.352 ms delta now: +32.492 ms fps: 30.00 (ts-monotonic, ts-src-eof)
cap dqbuf: 2 seq:    122 bytesused: 12441600 ts: 9731.787061 delta: 33.315 ms delta now: +32.571 ms fps: 30.00 (ts-monotonic, ts-src-eof)
cap dqbuf: 3 seq:    123 bytesused: 12441600 ts: 9731.820394 delta: 33.333 ms delta now: +34.463 ms fps: 30.00 (ts-monotonic, ts-src-eof)
cap dqbuf: 0 seq:    124 bytesused: 12441600 ts: 9731.853747 delta: 33.353 ms delta now: +34.497 ms fps: 30.00 (ts-monotonic, ts-src-eof)
cap dqbuf: 1 seq:    125 bytesused: 12441600 ts: 9731.887080 delta: 33.333 ms delta now: +34.449 ms fps: 30.00 (ts-monotonic, ts-src-eof)
cap dqbuf: 2 seq:    126 bytesused: 12441600 ts: 9731.920429 delta: 33.349 ms delta now: +32.518 ms fps: 30.00 (ts-monotonic, ts-src-eof)
cap dqbuf: 3 seq:    127 bytesused: 12441600 ts: 9731.953728 delta: 33.299 ms delta now: +34.395 ms fps: 30.00 (ts-monotonic, ts-src-eof)
cap dqbuf: 0 seq:    128 bytesused: 12441600 ts: 9731.987080 delta: 33.352 ms delta now: +32.498 ms fps: 30.00 (ts-monotonic, ts-src-eof)
cap dqbuf: 1 seq:    129 bytesused: 12441600 ts: 9732.020395 delta: 33.315 ms delta now: +32.522 ms fps: 30.00 (ts-monotonic, ts-src-eof)
cap dqbuf: 2 seq:    130 bytesused: 12441600 ts: 9732.053728 delta: 33.333 ms delta now: +34.400 ms fps: 30.00 (ts-monotonic, ts-src-eof)
cap dqbuf: 3 seq:    131 bytesused: 12441600 ts: 9732.087079 delta: 33.351 ms delta now: +32.504 ms fps: 30.00 (ts-monotonic, ts-src-eof)
cap dqbuf: 0 seq:    132 bytesused: 12441600 ts: 9732.120395 delta: 33.316 ms delta now: +32.561 ms fps: 30.00 (ts-monotonic, ts-src-eof)
cap dqbuf: 1 seq:    133 bytesused: 12441600 ts: 9732.153728 delta: 33.333 ms delta now: +34.496 ms fps: 30.00 (ts-monotonic, ts-src-eof)
cap dqbuf: 2 seq:    134 bytesused: 12441600 ts: 9732.187079 delta: 33.351 ms delta now: +32.543 ms fps: 30.00 (ts-monotonic, ts-src-eof)
cap dqbuf: 3 seq:    135 bytesused: 12441600 ts: 9732.220395 delta: 33.316 ms delta now: +32.554 ms fps: 30.00 (ts-monotonic, ts-src-eof)
cap dqbuf: 0 seq:    136 bytesused: 12441600 ts: 9732.253728 delta: 33.333 ms delta now: +34.540 ms fps: 30.00 (ts-monotonic, ts-src-eof)
cap dqbuf: 1 seq:    137 bytesused: 12441600 ts: 9732.287079 delta: 33.351 ms delta now: +32.490 ms fps: 30.00 (ts-monotonic, ts-src-eof)
cap dqbuf: 2 seq:    138 bytesused: 12441600 ts: 9732.320395 delta: 33.316 ms delta now: +34.369 ms fps: 30.00 (ts-monotonic, ts-src-eof)
cap dqbuf: 3 seq:    139 bytesused: 12441600 ts: 9732.353745 delta: 33.350 ms delta now: +32.545 ms fps: 30.00 (ts-monotonic, ts-src-eof)
cap dqbuf: 0 seq:    140 bytesused: 12441600 ts: 9732.387061 delta: 33.316 ms delta now: +32.511 ms fps: 30.00 (ts-monotonic, ts-src-eof)
cap dqbuf: 1 seq:    141 bytesused: 12441600 ts: 9732.420395 delta: 33.334 ms delta now: +34.398 ms fps: 30.00 (ts-monotonic, ts-src-eof)
cap dqbuf: 2 seq:    142 bytesused: 12441600 ts: 9732.453745 delta: 33.350 ms delta now: +32.500 ms fps: 30.00 (ts-monotonic, ts-src-eof)
cap dqbuf: 3 seq:    143 bytesused: 12441600 ts: 9732.487061 delta: 33.316 ms delta now: +34.380 ms fps: 30.00 (ts-monotonic, ts-src-eof)
cap dqbuf: 0 seq:    144 bytesused: 12441600 ts: 9732.520414 delta: 33.353 ms delta now: +34.358 ms fps: 30.00 (ts-monotonic, ts-src-eof)
cap dqbuf: 1 seq:    145 bytesused: 12441600 ts: 9732.553755 delta: 33.341 ms delta now: +32.570 ms fps: 30.00 (ts-monotonic, ts-src-eof)
cap dqbuf: 2 seq:    146 bytesused: 12441600 ts: 9732.587061 delta: 33.306 ms delta now: +34.474 ms fps: 30.00 (ts-monotonic, ts-src-eof)
cap dqbuf: 3 seq:    147 bytesused: 12441600 ts: 9732.620413 delta: 33.352 ms delta now: +34.445 ms fps: 30.00 (ts-monotonic, ts-src-eof)
cap dqbuf: 0 seq:    148 bytesused: 12441600 ts: 9732.653747 delta: 33.334 ms delta now: +34.491 ms fps: 30.00 (ts-monotonic, ts-src-eof)
cap dqbuf: 1 seq:    149 bytesused: 12441600 ts: 9732.687079 delta: 33.332 ms delta now: +32.492 ms fps: 30.00 (ts-monotonic, ts-src-eof)
cap dqbuf: 2 seq:    150 bytesused: 12441600 ts: 9732.720396 delta: 33.317 ms delta now: +32.508 ms fps: 30.00 (ts-monotonic, ts-src-eof)
cap dqbuf: 3 seq:    151 bytesused: 12441600 ts: 9732.753727 delta: 33.331 ms delta now: +34.520 ms fps: 30.00 (ts-monotonic, ts-src-eof)
cap dqbuf: 0 seq:    152 bytesused: 12441600 ts: 9732.787079 delta: 33.352 ms delta now: +34.367 ms fps: 30.00 (ts-monotonic, ts-src-eof)
cap dqbuf: 1 seq:    153 bytesused: 12441600 ts: 9732.820412 delta: 33.333 ms delta now: +34.454 ms fps: 30.00 (ts-monotonic, ts-src-eof)
cap dqbuf: 2 seq:    154 bytesused: 12441600 ts: 9732.853746 delta: 33.334 ms delta now: +34.445 ms fps: 30.00 (ts-monotonic, ts-src-eof)
cap dqbuf: 3 seq:    155 bytesused: 12441600 ts: 9732.887079 delta: 33.333 ms delta now: +32.544 ms fps: 30.00 (ts-monotonic, ts-src-eof)
cap dqbuf: 0 seq:    156 bytesused: 12441600 ts: 9732.920395 delta: 33.316 ms delta now: +32.523 ms fps: 30.00 (ts-monotonic, ts-src-eof)
cap dqbuf: 1 seq:    157 bytesused: 12441600 ts: 9732.953747 delta: 33.352 ms delta now: +32.489 ms fps: 30.00 (ts-monotonic, ts-src-eof)
cap dqbuf: 2 seq:    158 bytesused: 12441600 ts: 9732.987061 delta: 33.314 ms delta now: +34.481 ms fps: 30.00 (ts-monotonic, ts-src-eof)
cap dqbuf: 3 seq:    159 bytesused: 12441600 ts: 9733.020414 delta: 33.353 ms delta now: +32.502 ms fps: 30.00 (ts-monotonic, ts-src-eof)
cap dqbuf: 0 seq:    160 bytesused: 12441600 ts: 9733.053728 delta: 33.314 ms delta now: +32.561 ms fps: 30.00 (ts-monotonic, ts-src-eof)
cap dqbuf: 1 seq:    161 bytesused: 12441600 ts: 9733.087061 delta: 33.333 ms delta now: +34.474 ms fps: 30.00 (ts-monotonic, ts-src-eof)
cap dqbuf: 2 seq:    162 bytesused: 12441600 ts: 9733.120430 delta: 33.369 ms delta now: +32.942 ms fps: 30.00 (ts-monotonic, ts-src-eof)
cap dqbuf: 3 seq:    163 bytesused: 12441600 ts: 9733.153728 delta: 33.298 ms delta now: +34.499 ms fps: 30.00 (ts-monotonic, ts-src-eof)
cap dqbuf: 0 seq:    164 bytesused: 12441600 ts: 9733.187080 delta: 33.352 ms delta now: +32.542 ms fps: 30.00 (ts-monotonic, ts-src-eof)
cap dqbuf: 1 seq:    165 bytesused: 12441600 ts: 9733.220394 delta: 33.314 ms delta now: +34.411 ms fps: 30.00 (ts-monotonic, ts-src-eof)
cap dqbuf: 2 seq:    166 bytesused: 12441600 ts: 9733.253764 delta: 33.370 ms delta now: +32.553 ms fps: 30.00 (ts-monotonic, ts-src-eof)
cap dqbuf: 3 seq:    167 bytesused: 12441600 ts: 9733.287061 delta: 33.297 ms delta now: +32.522 ms fps: 30.00 (ts-monotonic, ts-src-eof)
cap dqbuf: 0 seq:    168 bytesused: 12441600 ts: 9733.320395 delta: 33.334 ms delta now: +34.506 ms fps: 30.00 (ts-monotonic, ts-src-eof)
cap dqbuf: 1 seq:    169 bytesused: 12441600 ts: 9733.353748 delta: 33.353 ms delta now: +32.569 ms fps: 30.00 (ts-monotonic, ts-src-eof)
cap dqbuf: 2 seq:    170 bytesused: 12441600 ts: 9733.387061 delta: 33.313 ms delta now: +34.504 ms fps: 30.00 (ts-monotonic, ts-src-eof)
cap dqbuf: 3 seq:    171 bytesused: 12441600 ts: 9733.420413 delta: 33.352 ms delta now: +32.504 ms fps: 30.00 (ts-monotonic, ts-src-eof)
cap dqbuf: 0 seq:    172 bytesused: 12441600 ts: 9733.453728 delta: 33.315 ms delta now: +34.484 ms fps: 30.00 (ts-monotonic, ts-src-eof)
cap dqbuf: 1 seq:    173 bytesused: 12441600 ts: 9733.487079 delta: 33.351 ms delta now: +32.876 ms fps: 30.00 (ts-monotonic, ts-src-eof)
cap dqbuf: 2 seq:    174 bytesused: 12441600 ts: 9733.520394 delta: 33.315 ms delta now: +32.509 ms fps: 30.00 (ts-monotonic, ts-src-eof)
cap dqbuf: 3 seq:    175 bytesused: 12441600 ts: 9733.553728 delta: 33.334 ms delta now: +34.414 ms fps: 30.00 (ts-monotonic, ts-src-eof)
cap dqbuf: 0 seq:    176 bytesused: 12441600 ts: 9733.587079 delta: 33.351 ms delta now: +32.517 ms fps: 30.00 (ts-monotonic, ts-src-eof)
cap dqbuf: 1 seq:    177 bytesused: 12441600 ts: 9733.620395 delta: 33.316 ms delta now: +32.538 ms fps: 30.00 (ts-monotonic, ts-src-eof)
cap dqbuf: 2 seq:    178 bytesused: 12441600 ts: 9733.653728 delta: 33.333 ms delta now: +32.531 ms fps: 30.00 (ts-monotonic, ts-src-eof)
cap dqbuf: 3 seq:    179 bytesused: 12441600 ts: 9733.687096 delta: 33.368 ms delta now: +34.296 ms fps: 30.00 (ts-monotonic, ts-src-eof)
cap dqbuf: 0 seq:    180 bytesused: 12441600 ts: 9733.720412 delta: 33.316 ms delta now: +34.474 ms fps: 30.00 (ts-monotonic, ts-src-eof)
cap dqbuf: 1 seq:    181 bytesused: 12441600 ts: 9733.753746 delta: 33.334 ms delta now: +32.490 ms fps: 30.00 (ts-monotonic, ts-src-eof)
cap dqbuf: 2 seq:    182 bytesused: 12441600 ts: 9733.787061 delta: 33.315 ms delta now: +33.925 ms fps: 30.00 (ts-monotonic, ts-src-eof)
cap dqbuf: 3 seq:    183 bytesused: 12441600 ts: 9733.820412 delta: 33.351 ms delta now: +34.435 ms fps: 30.00 (ts-monotonic, ts-src-eof)
cap dqbuf: 0 seq:    184 bytesused: 12441600 ts: 9733.853761 delta: 33.349 ms delta now: +32.474 ms fps: 30.00 (ts-monotonic, ts-src-eof)
cap dqbuf: 1 seq:    185 bytesused: 12441600 ts: 9733.887061 delta: 33.300 ms delta now: +34.540 ms fps: 30.00 (ts-monotonic, ts-src-eof)
cap dqbuf: 2 seq:    186 bytesused: 12441600 ts: 9733.920413 delta: 33.352 ms delta now: +34.484 ms fps: 30.00 (ts-monotonic, ts-src-eof)
cap dqbuf: 3 seq:    187 bytesused: 12441600 ts: 9733.953746 delta: 33.333 ms delta now: +32.542 ms fps: 30.00 (ts-monotonic, ts-src-eof)
cap dqbuf: 0 seq:    188 bytesused: 12441600 ts: 9733.987061 delta: 33.315 ms delta now: +32.561 ms fps: 30.00 (ts-monotonic, ts-src-eof)
cap dqbuf: 1 seq:    189 bytesused: 12441600 ts: 9734.020395 delta: 33.334 ms delta now: +33.895 ms fps: 30.00 (ts-monotonic, ts-src-eof)
cap dqbuf: 2 seq:    190 bytesused: 12441600 ts: 9734.053746 delta: 33.351 ms delta now: +32.530 ms fps: 30.00 (ts-monotonic, ts-src-eof)
cap dqbuf: 3 seq:    191 bytesused: 12441600 ts: 9734.087061 delta: 33.315 ms delta now: +34.522 ms fps: 30.00 (ts-monotonic, ts-src-eof)
cap dqbuf: 0 seq:    192 bytesused: 12441600 ts: 9734.120414 delta: 33.353 ms delta now: +32.503 ms fps: 30.00 (ts-monotonic, ts-src-eof)
cap dqbuf: 1 seq:    193 bytesused: 12441600 ts: 9734.153728 delta: 33.314 ms delta now: +34.423 ms fps: 30.00 (ts-monotonic, ts-src-eof)
cap dqbuf: 2 seq:    194 bytesused: 12441600 ts: 9734.187080 delta: 33.352 ms delta now: +32.488 ms fps: 30.00 (ts-monotonic, ts-src-eof)
cap dqbuf: 3 seq:    195 bytesused: 12441600 ts: 9734.220395 delta: 33.315 ms delta now: +34.050 ms fps: 30.00 (ts-monotonic, ts-src-eof)
cap dqbuf: 0 seq:    196 bytesused: 12441600 ts: 9734.253746 delta: 33.351 ms delta now: +32.490 ms fps: 30.00 (ts-monotonic, ts-src-eof)
cap dqbuf: 1 seq:    197 bytesused: 12441600 ts: 9734.287061 delta: 33.315 ms delta now: +34.431 ms fps: 30.00 (ts-monotonic, ts-src-eof)
cap dqbuf: 2 seq:    198 bytesused: 12441600 ts: 9734.320421 delta: 33.360 ms delta now: +34.457 ms fps: 30.00 (ts-monotonic, ts-src-eof)
cap dqbuf: 3 seq:    199 bytesused: 12441600 ts: 9734.353764 delta: 33.343 ms delta now: +34.339 ms fps: 30.00 (ts-monotonic, ts-src-eof)
cap dqbuf: 0 seq:    200 bytesused: 12441600 ts: 9734.387086 delta: 33.322 ms delta now: +34.444 ms fps: 30.00 (ts-monotonic, ts-src-eof)
cap dqbuf: 1 seq:    201 bytesused: 12441600 ts: 9734.420429 delta: 33.343 ms delta now: +34.406 ms fps: 30.00 (ts-monotonic, ts-src-eof)
cap dqbuf: 2 seq:    202 bytesused: 12441600 ts: 9734.453747 delta: 33.318 ms delta now: +32.505 ms fps: 30.00 (ts-monotonic, ts-src-eof)
cap dqbuf: 3 seq:    203 bytesused: 12441600 ts: 9734.487061 delta: 33.314 ms delta now: +33.308 ms fps: 30.00 (ts-monotonic, ts-src-eof)
cap dqbuf: 0 seq:    204 bytesused: 12441600 ts: 9734.520395 delta: 33.334 ms delta now: +34.383 ms fps: 30.00 (ts-monotonic, ts-src-eof)
cap dqbuf: 1 seq:    205 bytesused: 12441600 ts: 9734.553747 delta: 33.352 ms delta now: +32.579 ms fps: 30.00 (ts-monotonic, ts-src-eof)
cap dqbuf: 2 seq:    206 bytesused: 12441600 ts: 9734.587062 delta: 33.315 ms delta now: +34.421 ms fps: 30.00 (ts-monotonic, ts-src-eof)
cap dqbuf: 3 seq:    207 bytesused: 12441600 ts: 9734.620412 delta: 33.350 ms delta now: +34.566 ms fps: 30.00 (ts-monotonic, ts-src-eof)
cap dqbuf: 0 seq:    208 bytesused: 12441600 ts: 9734.653747 delta: 33.335 ms delta now: +32.517 ms fps: 30.00 (ts-monotonic, ts-src-eof)
cap dqbuf: 1 seq:    209 bytesused: 12441600 ts: 9734.687062 delta: 33.315 ms delta now: +32.524 ms fps: 30.00 (ts-monotonic, ts-src-eof)
cap dqbuf: 2 seq:    210 bytesused: 12441600 ts: 9734.720395 delta: 33.333 ms delta now: +34.411 ms fps: 30.00 (ts-monotonic, ts-src-eof)
cap dqbuf: 3 seq:    211 bytesused: 12441600 ts: 9734.753764 delta: 33.369 ms delta now: +32.529 ms fps: 30.00 (ts-monotonic, ts-src-eof)
cap dqbuf: 0 seq:    212 bytesused: 12441600 ts: 9734.787062 delta: 33.298 ms delta now: +32.510 ms fps: 30.00 (ts-monotonic, ts-src-eof)
cap dqbuf: 1 seq:    213 bytesused: 12441600 ts: 9734.820424 delta: 33.362 ms delta now: +34.350 ms fps: 30.00 (ts-monotonic, ts-src-eof)
cap dqbuf: 2 seq:    214 bytesused: 12441600 ts: 9734.853746 delta: 33.322 ms delta now: +32.489 ms fps: 30.00 (ts-monotonic, ts-src-eof)
cap dqbuf: 3 seq:    215 bytesused: 12441600 ts: 9734.887061 delta: 33.315 ms delta now: +34.417 ms fps: 30.00 (ts-monotonic, ts-src-eof)
cap dqbuf: 0 seq:    216 bytesused: 12441600 ts: 9734.920414 delta: 33.353 ms delta now: +32.488 ms fps: 30.00 (ts-monotonic, ts-src-eof)
cap dqbuf: 1 seq:    217 bytesused: 12441600 ts: 9734.953728 delta: 33.314 ms delta now: +34.387 ms fps: 30.00 (ts-monotonic, ts-src-eof)
cap dqbuf: 2 seq:    218 bytesused: 12441600 ts: 9734.987080 delta: 33.352 ms delta now: +32.489 ms fps: 30.00 (ts-monotonic, ts-src-eof)
cap dqbuf: 3 seq:    219 bytesused: 12441600 ts: 9735.020395 delta: 33.315 ms delta now: +34.392 ms fps: 30.00 (ts-monotonic, ts-src-eof)
cap dqbuf: 0 seq:    220 bytesused: 12441600 ts: 9735.053745 delta: 33.350 ms delta now: +32.546 ms fps: 30.00 (ts-monotonic, ts-src-eof)
cap dqbuf: 1 seq:    221 bytesused: 12441600 ts: 9735.087061 delta: 33.316 ms delta now: +32.554 ms fps: 30.00 (ts-monotonic, ts-src-eof)
cap dqbuf: 2 seq:    222 bytesused: 12441600 ts: 9735.120395 delta: 33.334 ms delta now: +32.559 ms fps: 30.00 (ts-monotonic, ts-src-eof)
cap dqbuf: 3 seq:    223 bytesused: 12441600 ts: 9735.153728 delta: 33.333 ms delta now: +32.552 ms fps: 30.00 (ts-monotonic, ts-src-eof)
cap dqbuf: 0 seq:    224 bytesused: 12441600 ts: 9735.187062 delta: 33.334 ms delta now: +32.918 ms fps: 30.00 (ts-monotonic, ts-src-eof)
cap dqbuf: 1 seq:    225 bytesused: 12441600 ts: 9735.220395 delta: 33.333 ms delta now: +33.276 ms fps: 30.00 (ts-monotonic, ts-src-eof)
cap dqbuf: 2 seq:    226 bytesused: 12441600 ts: 9735.253749 delta: 33.354 ms delta now: +32.538 ms fps: 30.00 (ts-monotonic, ts-src-eof)
cap dqbuf: 3 seq:    227 bytesused: 12441600 ts: 9735.287061 delta: 33.312 ms delta now: +34.401 ms fps: 30.00 (ts-monotonic, ts-src-eof)
cap dqbuf: 0 seq:    228 bytesused: 12441600 ts: 9735.320413 delta: 33.352 ms delta now: +32.922 ms fps: 30.00 (ts-monotonic, ts-src-eof)
cap dqbuf: 1 seq:    229 bytesused: 12441600 ts: 9735.353728 delta: 33.315 ms delta now: +32.512 ms fps: 30.00 (ts-monotonic, ts-src-eof)
cap dqbuf: 2 seq:    230 bytesused: 12441600 ts: 9735.387062 delta: 33.334 ms delta now: +34.383 ms fps: 30.00 (ts-monotonic, ts-src-eof)
cap dqbuf: 3 seq:    231 bytesused: 12441600 ts: 9735.420415 delta: 33.353 ms delta now: +34.353 ms fps: 30.00 (ts-monotonic, ts-src-eof)
cap dqbuf: 0 seq:    232 bytesused: 12441600 ts: 9735.453747 delta: 33.332 ms delta now: +32.490 ms fps: 30.00 (ts-monotonic, ts-src-eof)
cap dqbuf: 1 seq:    233 bytesused: 12441600 ts: 9735.487062 delta: 33.315 ms delta now: +32.560 ms fps: 30.00 (ts-monotonic, ts-src-eof)
cap dqbuf: 2 seq:    234 bytesused: 12441600 ts: 9735.520394 delta: 33.332 ms delta now: +32.508 ms fps: 30.00 (ts-monotonic, ts-src-eof)
cap dqbuf: 3 seq:    235 bytesused: 12441600 ts: 9735.553728 delta: 33.334 ms delta now: +32.739 ms fps: 30.00 (ts-monotonic, ts-src-eof)
cap dqbuf: 0 seq:    236 bytesused: 12441600 ts: 9735.587062 delta: 33.334 ms delta now: +32.582 ms fps: 30.00 (ts-monotonic, ts-src-eof)
cap dqbuf: 1 seq:    237 bytesused: 12441600 ts: 9735.620395 delta: 33.333 ms delta now: +32.582 ms fps: 30.00 (ts-monotonic, ts-src-eof)
cap dqbuf: 2 seq:    238 bytesused: 12441600 ts: 9735.653728 delta: 33.333 ms delta now: +32.584 ms fps: 30.00 (ts-monotonic, ts-src-eof)
cap dqbuf: 3 seq:    239 bytesused: 12441600 ts: 9735.687062 delta: 33.334 ms delta now: +34.512 ms fps: 30.00 (ts-monotonic, ts-src-eof)
cap dqbuf: 0 seq:    240 bytesused: 12441600 ts: 9735.720413 delta: 33.351 ms delta now: +33.280 ms fps: 30.00 (ts-monotonic, ts-src-eof)
cap dqbuf: 1 seq:    241 bytesused: 12441600 ts: 9735.753728 delta: 33.315 ms delta now: +32.514 ms fps: 30.00 (ts-monotonic, ts-src-eof)
cap dqbuf: 2 seq:    242 bytesused: 12441600 ts: 9735.787062 delta: 33.334 ms delta now: +34.497 ms fps: 30.00 (ts-monotonic, ts-src-eof)
cap dqbuf: 3 seq:    243 bytesused: 12441600 ts: 9735.820414 delta: 33.352 ms delta now: +32.532 ms fps: 30.00 (ts-monotonic, ts-src-eof)
cap dqbuf: 0 seq:    244 bytesused: 12441600 ts: 9735.853728 delta: 33.314 ms delta now: +34.433 ms fps: 30.00 (ts-monotonic, ts-src-eof)
cap dqbuf: 1 seq:    245 bytesused: 12441600 ts: 9735.887081 delta: 33.353 ms delta now: +32.605 ms fps: 30.00 (ts-monotonic, ts-src-eof)
cap dqbuf: 2 seq:    246 bytesused: 12441600 ts: 9735.920395 delta: 33.314 ms delta now: +34.384 ms fps: 30.00 (ts-monotonic, ts-src-eof)
cap dqbuf: 3 seq:    247 bytesused: 12441600 ts: 9735.953746 delta: 33.351 ms delta now: +34.358 ms fps: 30.00 (ts-monotonic, ts-src-eof)
cap dqbuf: 0 seq:    248 bytesused: 12441600 ts: 9735.987079 delta: 33.333 ms delta now: +32.545 ms fps: 30.00 (ts-monotonic, ts-src-eof)
cap dqbuf: 1 seq:    249 bytesused: 12441600 ts: 9736.020395 delta: 33.316 ms delta now: +34.386 ms fps: 30.00 (ts-monotonic, ts-src-eof)
cap dqbuf: 2 seq:    250 bytesused: 12441600 ts: 9736.053746 delta: 33.351 ms delta now: +32.533 ms fps: 30.00 (ts-monotonic, ts-src-eof)
cap dqbuf: 3 seq:    251 bytesused: 12441600 ts: 9736.087062 delta: 33.316 ms delta now: +33.484 ms fps: 30.00 (ts-monotonic, ts-src-eof)
cap dqbuf: 0 seq:    252 bytesused: 12441600 ts: 9736.120395 delta: 33.333 ms delta now: +32.507 ms fps: 30.00 (ts-monotonic, ts-src-eof)
cap dqbuf: 1 seq:    253 bytesused: 12441600 ts: 9736.153728 delta: 33.333 ms delta now: +32.507 ms fps: 30.00 (ts-monotonic, ts-src-eof)
cap dqbuf: 2 seq:    254 bytesused: 12441600 ts: 9736.187061 delta: 33.333 ms delta now: +32.865 ms fps: 30.00 (ts-monotonic, ts-src-eof)
cap dqbuf: 3 seq:    255 bytesused: 12441600 ts: 9736.220395 delta: 33.334 ms delta now: +32.507 ms fps: 30.00 (ts-monotonic, ts-src-eof)
cap dqbuf: 0 seq:    256 bytesused: 12441600 ts: 9736.253728 delta: 33.333 ms delta now: +32.508 ms fps: 30.00 (ts-monotonic, ts-src-eof)
cap dqbuf: 1 seq:    257 bytesused: 12441600 ts: 9736.287087 delta: 33.359 ms delta now: +32.528 ms fps: 30.00 (ts-monotonic, ts-src-eof)
cap dqbuf: 2 seq:    258 bytesused: 12441600 ts: 9736.320395 delta: 33.308 ms delta now: +34.390 ms fps: 30.00 (ts-monotonic, ts-src-eof)
cap dqbuf: 3 seq:    259 bytesused: 12441600 ts: 9736.353764 delta: 33.369 ms delta now: +33.962 ms fps: 30.00 (ts-monotonic, ts-src-eof)
cap dqbuf: 0 seq:    260 bytesused: 12441600 ts: 9736.387081 delta: 33.317 ms delta now: +34.373 ms fps: 30.00 (ts-monotonic, ts-src-eof)
cap dqbuf: 1 seq:    261 bytesused: 12441600 ts: 9736.420430 delta: 33.349 ms delta now: +32.524 ms fps: 30.00 (ts-monotonic, ts-src-eof)
cap dqbuf: 2 seq:    262 bytesused: 12441600 ts: 9736.453728 delta: 33.298 ms delta now: +32.549 ms fps: 30.00 (ts-monotonic, ts-src-eof)
cap dqbuf: 3 seq:    263 bytesused: 12441600 ts: 9736.487062 delta: 33.334 ms delta now: +34.469 ms fps: 30.00 (ts-monotonic, ts-src-eof)
cap dqbuf: 0 seq:    264 bytesused: 12441600 ts: 9736.520431 delta: 33.369 ms delta now: +34.360 ms fps: 30.00 (ts-monotonic, ts-src-eof)
cap dqbuf: 1 seq:    265 bytesused: 12441600 ts: 9736.553746 delta: 33.315 ms delta now: +32.575 ms fps: 30.00 (ts-monotonic, ts-src-eof)
cap dqbuf: 2 seq:    266 bytesused: 12441600 ts: 9736.587062 delta: 33.316 ms delta now: +34.466 ms fps: 30.00 (ts-monotonic, ts-src-eof)
cap dqbuf: 3 seq:    267 bytesused: 12441600 ts: 9736.620412 delta: 33.350 ms delta now: +32.519 ms fps: 30.00 (ts-monotonic, ts-src-eof)
cap dqbuf: 0 seq:    268 bytesused: 12441600 ts: 9736.653729 delta: 33.317 ms delta now: +34.439 ms fps: 30.00 (ts-monotonic, ts-src-eof)
cap dqbuf: 1 seq:    269 bytesused: 12441600 ts: 9736.687096 delta: 33.367 ms delta now: +32.530 ms fps: 30.00 (ts-monotonic, ts-src-eof)
cap dqbuf: 2 seq:    270 bytesused: 12441600 ts: 9736.720395 delta: 33.299 ms delta now: +34.472 ms fps: 30.00 (ts-monotonic, ts-src-eof)
cap dqbuf: 3 seq:    271 bytesused: 12441600 ts: 9736.753762 delta: 33.367 ms delta now: +32.839 ms fps: 30.00 (ts-monotonic, ts-src-eof)
cap dqbuf: 0 seq:    272 bytesused: 12441600 ts: 9736.787062 delta: 33.300 ms delta now: +34.468 ms fps: 30.00 (ts-monotonic, ts-src-eof)
cap dqbuf: 1 seq:    273 bytesused: 12441600 ts: 9736.820414 delta: 33.352 ms delta now: +34.503 ms fps: 30.00 (ts-monotonic, ts-src-eof)
cap dqbuf: 2 seq:    274 bytesused: 12441600 ts: 9736.853747 delta: 33.333 ms delta now: +34.459 ms fps: 30.00 (ts-monotonic, ts-src-eof)
cap dqbuf: 3 seq:    275 bytesused: 12441600 ts: 9736.887081 delta: 33.334 ms delta now: +33.010 ms fps: 30.00 (ts-monotonic, ts-src-eof)
cap dqbuf: 0 seq:    276 bytesused: 12441600 ts: 9736.920395 delta: 33.314 ms delta now: +32.970 ms fps: 30.00 (ts-monotonic, ts-src-eof)
cap dqbuf: 1 seq:    277 bytesused: 12441600 ts: 9736.953728 delta: 33.333 ms delta now: +34.203 ms fps: 30.00 (ts-monotonic, ts-src-eof)
cap dqbuf: 2 seq:    278 bytesused: 12441600 ts: 9736.987096 delta: 33.368 ms delta now: +34.374 ms fps: 30.00 (ts-monotonic, ts-src-eof)
cap dqbuf: 3 seq:    279 bytesused: 12441600 ts: 9737.020413 delta: 33.317 ms delta now: +32.933 ms fps: 30.00 (ts-monotonic, ts-src-eof)
cap dqbuf: 0 seq:    280 bytesused: 12441600 ts: 9737.053728 delta: 33.315 ms delta now: +32.525 ms fps: 30.00 (ts-monotonic, ts-src-eof)
cap dqbuf: 1 seq:    281 bytesused: 12441600 ts: 9737.087061 delta: 33.333 ms delta now: +34.497 ms fps: 30.00 (ts-monotonic, ts-src-eof)
cap dqbuf: 2 seq:    282 bytesused: 12441600 ts: 9737.120414 delta: 33.353 ms delta now: +32.489 ms fps: 30.00 (ts-monotonic, ts-src-eof)
cap dqbuf: 3 seq:    283 bytesused: 12441600 ts: 9737.153728 delta: 33.314 ms delta now: +34.493 ms fps: 30.00 (ts-monotonic, ts-src-eof)
cap dqbuf: 0 seq:    284 bytesused: 12441600 ts: 9737.187079 delta: 33.351 ms delta now: +34.363 ms fps: 30.00 (ts-monotonic, ts-src-eof)
cap dqbuf: 1 seq:    285 bytesused: 12441600 ts: 9737.220429 delta: 33.350 ms delta now: +34.395 ms fps: 30.00 (ts-monotonic, ts-src-eof)
cap dqbuf: 2 seq:    286 bytesused: 12441600 ts: 9737.253746 delta: 33.317 ms delta now: +32.501 ms fps: 30.00 (ts-monotonic, ts-src-eof)
cap dqbuf: 3 seq:    287 bytesused: 12441600 ts: 9737.287062 delta: 33.316 ms delta now: +32.508 ms fps: 30.00 (ts-monotonic, ts-src-eof)
cap dqbuf: 0 seq:    288 bytesused: 12441600 ts: 9737.320395 delta: 33.333 ms delta now: +32.562 ms fps: 30.00 (ts-monotonic, ts-src-eof)
cap dqbuf: 1 seq:    289 bytesused: 12441600 ts: 9737.353729 delta: 33.334 ms delta now: +32.550 ms fps: 30.00 (ts-monotonic, ts-src-eof)
cap dqbuf: 2 seq:    290 bytesused: 12441600 ts: 9737.387062 delta: 33.333 ms delta now: +32.551 ms fps: 30.00 (ts-monotonic, ts-src-eof)
cap dqbuf: 3 seq:    291 bytesused: 12441600 ts: 9737.420395 delta: 33.333 ms delta now: +34.429 ms fps: 30.00 (ts-monotonic, ts-src-eof)
cap dqbuf: 0 seq:    292 bytesused: 12441600 ts: 9737.453747 delta: 33.352 ms delta now: +32.490 ms fps: 30.00 (ts-monotonic, ts-src-eof)
cap dqbuf: 1 seq:    293 bytesused: 12441600 ts: 9737.487062 delta: 33.315 ms delta now: +32.619 ms fps: 30.00 (ts-monotonic, ts-src-eof)
cap dqbuf: 2 seq:    294 bytesused: 12441600 ts: 9737.520415 delta: 33.353 ms delta now: +34.480 ms fps: 30.00 (ts-monotonic, ts-src-eof)
cap dqbuf: 3 seq:    295 bytesused: 12441600 ts: 9737.553746 delta: 33.331 ms delta now: +34.423 ms fps: 30.00 (ts-monotonic, ts-src-eof)
cap dqbuf: 0 seq:    296 bytesused: 12441600 ts: 9737.587080 delta: 33.334 ms delta now: +32.567 ms fps: 30.00 (ts-monotonic, ts-src-eof)
cap dqbuf: 1 seq:    297 bytesused: 12441600 ts: 9737.620395 delta: 33.315 ms delta now: +34.522 ms fps: 30.00 (ts-monotonic, ts-src-eof)
cap dqbuf: 2 seq:    298 bytesused: 12441600 ts: 9737.653752 delta: 33.357 ms delta now: +34.404 ms fps: 30.00 (ts-monotonic, ts-src-eof)
cap dqbuf: 3 seq:    299 bytesused: 12441600 ts: 9737.687081 delta: 33.329 ms delta now: +32.571 ms fps: 30.00 (ts-monotonic, ts-src-eof)
cap dqbuf: 0 seq:    300 bytesused: 12441600 ts: 9737.720396 delta: 33.315 ms delta now: +33.929 ms fps: 30.00 (ts-monotonic, ts-src-eof)
cap dqbuf: 1 seq:    301 bytesused: 12441600 ts: 9737.753746 delta: 33.350 ms delta now: +32.544 ms fps: 30.00 (ts-monotonic, ts-src-eof)
cap dqbuf: 2 seq:    302 bytesused: 12441600 ts: 9737.787061 delta: 33.315 ms delta now: +32.549 ms fps: 30.00 (ts-monotonic, ts-src-eof)
cap dqbuf: 3 seq:    303 bytesused: 12441600 ts: 9737.820395 delta: 33.334 ms delta now: +32.560 ms fps: 30.00 (ts-monotonic, ts-src-eof)
cap dqbuf: 0 seq:    304 bytesused: 12441600 ts: 9737.853729 delta: 33.334 ms delta now: +34.435 ms fps: 30.00 (ts-monotonic, ts-src-eof)
cap dqbuf: 1 seq:    305 bytesused: 12441600 ts: 9737.887081 delta: 33.352 ms delta now: +34.452 ms fps: 30.00 (ts-monotonic, ts-src-eof)
cap dqbuf: 2 seq:    306 bytesused: 12441600 ts: 9737.920417 delta: 33.336 ms delta now: +32.540 ms fps: 30.00 (ts-monotonic, ts-src-eof)
cap dqbuf: 3 seq:    307 bytesused: 12441600 ts: 9737.953729 delta: 33.312 ms delta now: +34.444 ms fps: 30.00 (ts-monotonic, ts-src-eof)

VIDIOC_QUERYCAP: ok
VIDIOC_G_FMT: ok
VIDIOC_S_FMT: ok
Format Video Capture Multiplanar:
	Width/Height      : 3840/2160
	Pixel Format      : 'NV12' (Y/CbCr 4:2:0)
	Field             : None
	Number of planes  : 1
	Flags             : 
	Colorspace        : Default
	Transfer Function : Default
	YCbCr/HSV Encoding: Default
	Quantization      : Full Range
	Plane 0           :
	   Bytes per Line : 3840
	   Size Image     : 12441600
